
> clubhub-backend@1.0.0 test
> jest --detectOpenHandles

npm : FAIL tests/full-flow.test.js
At line:1 char:1
+ npm test > test_report.txt 2>&1
+ ~~~~~~~~~~~~~~~~~~~~~~~~~~~~~~~
    + CategoryInfo          : NotSpecified: (FAIL tests/full-flow.test.js:String) [], RemoteException
    + FullyQualifiedErrorId : NativeCommandError
 
  ÔùÅ Console

    console.log
      ­ƒöî DB CONFIG DEBUG: {
        env_db_host: 'localhost',
        env_pghost: undefined,
        env_database_url: undefined,
        config_host: 'localhost'
      }

      at Object.log (config/database.js:4:9)

    console.log
      ­ƒöù Connection String (masked): postgresql://clubhub_dev_db_user:****@localhost:5432/clubhub_dev_db

      at Object.log (config/database.js:14:9)

    console.log
      ÔÜá´©Å  Payment processing is DISABLED. Set ENABLE_PAYMENT_PROCESSING=true in .env to enable.

      at Object.log (middleware/payment-guard.js:20:11)

    console.log
      ­ƒôì Route: /api/run-temp-migration

      at log (server.js:444:13)
          at Array.forEach (<anonymous>)

    console.log
      ­ƒôì Route: *

      at log (server.js:444:13)
          at Array.forEach (<anonymous>)

    console.log
      ­ƒôì Route: /api/test-now

      at log (server.js:444:13)
          at Array.forEach (<anonymous>)

    console.log
      ­ƒôì Route: /health

      at log (server.js:444:13)
          at Array.forEach (<anonymous>)

    console.log
      ­ƒôì Route: /api/health

      at log (server.js:444:13)
          at Array.forEach (<anonymous>)

    console.log
      ­ƒôì Route: /api/public-debug/:id

      at log (server.js:444:13)
          at Array.forEach (<anonymous>)

    console.log
      ­ƒôì Route: ^\/api\/auth\/?(?=\/|$)/register

      at log (server.js:448:17)
          at Array.forEach (<anonymous>)
          at Array.forEach (<anonymous>)

    console.log
      ­ƒôì Route: ^\/api\/auth\/?(?=\/|$)/login

      at log (server.js:448:17)
          at Array.forEach (<anonymous>)
          at Array.forEach (<anonymous>)

    console.log
      ­ƒôì Route: ^\/api\/auth\/?(?=\/|$)/logout

      at log (server.js:448:17)
          at Array.forEach (<anonymous>)
          at Array.forEach (<anonymous>)

    console.log
      ­ƒôì Route: ^\/api\/auth\/?(?=\/|$)/seed-demo-users

      at log (server.js:448:17)
          at Array.forEach (<anonymous>)
          at Array.forEach (<anonymous>)

    console.log
      ­ƒôì Route: ^\/api\/auth\/?(?=\/|$)/me

      at log (server.js:448:17)
          at Array.forEach (<anonymous>)
          at Array.forEach (<anonymous>)

    console.log
      ­ƒôì Route: ^\/api\/auth\/?(?=\/|$)/find-user

      at log (server.js:448:17)
          at Array.forEach (<anonymous>)
          at Array.forEach (<anonymous>)

    console.log
      ­ƒôì Route: ^\/api\/auth\/?(?=\/|$)/add-child

      at log (server.js:448:17)
          at Array.forEach (<anonymous>)
          at Array.forEach (<anonymous>)

    console.log
      ­ƒôì Route: ^\/api\/auth\/?(?=\/|$)/children

      at log (server.js:448:17)
          at Array.forEach (<anonymous>)
          at Array.forEach (<anonymous>)

    console.log
      ­ƒôì Route: ^\/api\/auth\/?(?=\/|$)/children/:childId

      at log (server.js:448:17)
          at Array.forEach (<anonymous>)
          at Array.forEach (<anonymous>)

    console.log
      ­ƒôì Route: ^\/api\/auth\/?(?=\/|$)/organizations

      at log (server.js:448:17)
          at Array.forEach (<anonymous>)
          at Array.forEach (<anonymous>)

    console.log
      ­ƒôì Route: ^\/api\/auth\/?(?=\/|$)/context

      at log (server.js:448:17)
          at Array.forEach (<anonymous>)
          at Array.forEach (<anonymous>)

    console.log
      ­ƒôì Route: ^\/api\/auth\/?(?=\/|$)/switch-organization

      at log (server.js:448:17)
          at Array.forEach (<anonymous>)
          at Array.forEach (<anonymous>)

    console.log
      ­ƒôì Route: ^\/api\/auth\/?(?=\/|$)/profile

      at log (server.js:448:17)
          at Array.forEach (<anonymous>)
          at Array.forEach (<anonymous>)

    console.log
      ­ƒôì Route: ^\/api\/auth\/?(?=\/|$)/profile

      at log (server.js:448:17)
          at Array.forEach (<anonymous>)
          at Array.forEach (<anonymous>)

    console.log
      ­ƒôì Route: ^\/api\/auth\/?(?=\/|$)/gdpr/export

      at log (server.js:448:17)
          at Array.forEach (<anonymous>)
          at Array.forEach (<anonymous>)

    console.log
      ­ƒôì Route: ^\/api\/auth\/?(?=\/|$)/gdpr/delete

      at log (server.js:448:17)
          at Array.forEach (<anonymous>)
          at Array.forEach (<anonymous>)

    console.log
      ­ƒôì Route: ^\/api\/auth\/?(?=\/|$)/forgot-password

      at log (server.js:448:17)
          at Array.forEach (<anonymous>)
          at Array.forEach (<anonymous>)

    console.log
      ­ƒôì Route: ^\/api\/auth\/?(?=\/|$)/reset-password

      at log (server.js:448:17)
          at Array.forEach (<anonymous>)
          at Array.forEach (<anonymous>)

    console.log
      ­ƒôì Route: ^\/api\/auth\/?(?=\/|$)/profile-personal

      at log (server.js:448:17)
          at Array.forEach (<anonymous>)
          at Array.forEach (<anonymous>)

    console.log
      ­ƒôì Route: ^\/api\/auth\/?(?=\/|$)/change-password

      at log (server.js:448:17)
          at Array.forEach (<anonymous>)
          at Array.forEach (<anonymous>)

    console.log
      ­ƒôì Route: ^\/api\/auth\/?(?=\/|$)/settings

      at log (server.js:448:17)
          at Array.forEach (<anonymous>)
          at Array.forEach (<anonymous>)

    console.log
      ­ƒôì Route: ^\/api\/auth\/?(?=\/|$)/settings

      at log (server.js:448:17)
          at Array.forEach (<anonymous>)
          at Array.forEach (<anonymous>)

    console.log
      ­ƒôì Route: ^\/api\/auth\/?(?=\/|$)/account

      at log (server.js:448:17)
          at Array.forEach (<anonymous>)
          at Array.forEach (<anonymous>)

    console.log
      ­ƒôì Route: ^\/api\/auth\/?(?=\/|$)/tours/complete

      at log (server.js:448:17)
          at Array.forEach (<anonymous>)
          at Array.forEach (<anonymous>)

    console.log
      ­ƒôì Route: ^\/api\/auth\/?(?=\/|$)/switch-organization

      at log (server.js:448:17)
          at Array.forEach (<anonymous>)
          at Array.forEach (<anonymous>)

    console.log
      ­ƒôì Route: ^\/api\/auth\/?(?=\/|$)/context

      at log (server.js:448:17)
          at Array.forEach (<anonymous>)
          at Array.forEach (<anonymous>)

    console.log
      ­ƒôì Route: ^\/api\/auth\/?(?=\/|$)/me

      at log (server.js:448:17)
          at Array.forEach (<anonymous>)
          at Array.forEach (<anonymous>)

    console.log
      ­ƒôì Route: ^\/api\/organizations\/?(?=\/|$)/

      at log (server.js:448:17)
          at Array.forEach (<anonymous>)
          at Array.forEach (<anonymous>)

    console.log
      ­ƒôì Route: ^\/api\/organizations\/?(?=\/|$)/:id

      at log (server.js:448:17)
          at Array.forEach (<anonymous>)
          at Array.forEach (<anonymous>)

    console.log
      ­ƒôì Route: ^\/api\/organizations\/?(?=\/|$)/super/:id

      at log (server.js:448:17)
          at Array.forEach (<anonymous>)
          at Array.forEach (<anonymous>)

    console.log
      ­ƒôì Route: ^\/api\/organizations\/?(?=\/|$)/

      at log (server.js:448:17)
          at Array.forEach (<anonymous>)
          at Array.forEach (<anonymous>)

    console.log
      ­ƒôì Route: ^\/api\/organizations\/?(?=\/|$)/:id

      at log (server.js:448:17)
          at Array.forEach (<anonymous>)
          at Array.forEach (<anonymous>)

    console.log
      ­ƒôì Route: ^\/api\/organizations\/?(?=\/|$)/:id

      at log (server.js:448:17)
          at Array.forEach (<anonymous>)
          at Array.forEach (<anonymous>)

    console.log
      ­ƒôì Route: ^\/api\/organizations\/?(?=\/|$)/:id/members

      at log (server.js:448:17)
          at Array.forEach (<anonymous>)
          at Array.forEach (<anonymous>)

    console.log
      ­ƒôì Route: ^\/api\/organizations\/?(?=\/|$)/:id/images

      at log (server.js:448:17)
          at Array.forEach (<anonymous>)
          at Array.forEach (<anonymous>)

    console.log
      ­ƒôì Route: ^\/api\/organizations\/?(?=\/|$)/:id/logo

      at log (server.js:448:17)
          at Array.forEach (<anonymous>)
          at Array.forEach (<anonymous>)

    console.log
      ­ƒôì Route: ^\/api\/organizations\/?(?=\/|$)/:id/images

      at log (server.js:448:17)
          at Array.forEach (<anonymous>)
          at Array.forEach (<anonymous>)

    console.log
      ­ƒôì Route: ^\/api\/invitations\/?(?=\/|$)/:orgId/invite

      at log (server.js:448:17)
          at Array.forEach (<anonymous>)
          at Array.forEach (<anonymous>)

    console.log
      ­ƒôì Route: ^\/api\/invitations\/?(?=\/|$)/:token

      at log (server.js:448:17)
          at Array.forEach (<anonymous>)
          at Array.forEach (<anonymous>)

    console.log
      ­ƒôì Route: ^\/api\/invitations\/?(?=\/|$)/:token/accept

      at log (server.js:448:17)
          at Array.forEach (<anonymous>)
          at Array.forEach (<anonymous>)

    console.log
      ­ƒôì Route: ^\/api\/invitations\/?(?=\/|$)/:token/decline

      at log (server.js:448:17)
          at Array.forEach (<anonymous>)
          at Array.forEach (<anonymous>)

    console.log
      ­ƒôì Route: ^\/api\/invitations\/?(?=\/|$)/:orgId/invitations

      at log (server.js:448:17)
          at Array.forEach (<anonymous>)
          at Array.forEach (<anonymous>)

    console.log
      ­ƒôì Route: ^\/api\/platform-admin\/?(?=\/|$)/stats

      at log (server.js:448:17)
          at Array.forEach (<anonymous>)
          at Array.forEach (<anonymous>)

    console.log
      ­ƒôì Route: ^\/api\/platform-admin\/?(?=\/|$)/organizations

      at log (server.js:448:17)
          at Array.forEach (<anonymous>)
          at Array.forEach (<anonymous>)

    console.log
      ­ƒôì Route: ^\/api\/platform-admin\/?(?=\/|$)/users

      at log (server.js:448:17)
          at Array.forEach (<anonymous>)
          at Array.forEach (<anonymous>)

    console.log
      ­ƒôì Route: ^\/api\/platform-admin\/?(?=\/|$)/stripe/overview

      at log (server.js:448:17)
          at Array.forEach (<anonymous>)
          at Array.forEach (<anonymous>)

    console.log
      ­ƒôì Route: ^\/api\/platform-admin\/?(?=\/|$)/organization/:id

      at log (server.js:448:17)
          at Array.forEach (<anonymous>)
          at Array.forEach (<anonymous>)

    console.log
      ­ƒôì Route: ^\/api\/platform-admin\/?(?=\/|$)/organizations/:id/status

      at log (server.js:448:17)
          at Array.forEach (<anonymous>)
          at Array.forEach (<anonymous>)

    console.log
      ­ƒôì Route: ^\/api\/platform-admin\/?(?=\/|$)/organizations/:id

      at log (server.js:448:17)
          at Array.forEach (<anonymous>)
          at Array.forEach (<anonymous>)

    console.log
      ­ƒôì Route: ^\/api\/platform-admin\/?(?=\/|$)/set-admin/:userId

      at log (server.js:448:17)
          at Array.forEach (<anonymous>)
          at Array.forEach (<anonymous>)

    console.log
      ­ƒôì Route: ^\/api\/platform-admin\/?(?=\/|$)/activity

      at log (server.js:448:17)
          at Array.forEach (<anonymous>)
          at Array.forEach (<anonymous>)

    console.log
      ­ƒôì Route: ^\/api\/platform-admin\/?(?=\/|$)/users

      at log (server.js:448:17)
          at Array.forEach (<anonymous>)
          at Array.forEach (<anonymous>)

    console.log
      ­ƒôì Route: ^\/api\/platform-admin\/?(?=\/|$)/users/:userId/status

      at log (server.js:448:17)
          at Array.forEach (<anonymous>)
          at Array.forEach (<anonymous>)

    console.log
      ­ƒôì Route: ^\/api\/platform-admin\/?(?=\/|$)/users/:userId

      at log (server.js:448:17)
          at Array.forEach (<anonymous>)
          at Array.forEach (<anonymous>)

    console.log
      ­ƒôì Route: ^\/api\/platform-admin\/?(?=\/|$)/generate-mock-data

      at log (server.js:448:17)
          at Array.forEach (<anonymous>)
          at Array.forEach (<anonymous>)

    console.log
      ­ƒôì Route: ^\/api\/platform-admin\/?(?=\/|$)/onboard-club

      at log (server.js:448:17)
          at Array.forEach (<anonymous>)
          at Array.forEach (<anonymous>)

    console.log
      ­ƒôì Route: ^\/api\/platform-admin\/?(?=\/|$)/scout-verifications

      at log (server.js:448:17)
          at Array.forEach (<anonymous>)
          at Array.forEach (<anonymous>)

    console.log
      ­ƒôì Route: ^\/api\/platform-admin\/?(?=\/|$)/scout-verifications/:id/resolve

      at log (server.js:448:17)
          at Array.forEach (<anonymous>)
          at Array.forEach (<anonymous>)

    console.log
      ­ƒôì Route: ^\/api\/clubs\/?(?=\/|$)/

      at log (server.js:448:17)
          at Array.forEach (<anonymous>)
          at Array.forEach (<anonymous>)

    console.log
      ­ƒôì Route: ^\/api\/clubs\/?(?=\/|$)/:id/public-listings

      at log (server.js:448:17)
          at Array.forEach (<anonymous>)
          at Array.forEach (<anonymous>)

    console.log
      ­ƒôì Route: ^\/api\/clubs\/?(?=\/|$)/:id

      at log (server.js:448:17)
          at Array.forEach (<anonymous>)
          at Array.forEach (<anonymous>)

    console.log
      ­ƒôì Route: ^\/api\/clubs\/?(?=\/|$)/:id/claim

      at log (server.js:448:17)
          at Array.forEach (<anonymous>)
          at Array.forEach (<anonymous>)

    console.log
      ­ƒôì Route: ^\/api\/clubs\/?(?=\/|$)/:id/teams

      at log (server.js:448:17)
          at Array.forEach (<anonymous>)
          at Array.forEach (<anonymous>)

    console.log
      ­ƒôì Route: ^\/api\/clubs\/?(?=\/|$)/

      at log (server.js:448:17)
          at Array.forEach (<anonymous>)
          at Array.forEach (<anonymous>)

    console.log
      ­ƒôì Route: ^\/api\/clubs\/?(?=\/|$)/:id

      at log (server.js:448:17)
          at Array.forEach (<anonymous>)
          at Array.forEach (<anonymous>)

    console.log
      ­ƒôì Route: ^\/api\/clubs\/?(?=\/|$)/:id

      at log (server.js:448:17)
          at Array.forEach (<anonymous>)
          at Array.forEach (<anonymous>)

    console.log
      ­ƒôì Route: ^\/api\/clubs\/?(?=\/|$)/:id/apply

      at log (server.js:448:17)
          at Array.forEach (<anonymous>)
          at Array.forEach (<anonymous>)

    console.log
      ­ƒôì Route: ^\/api\/clubs\/?(?=\/|$)/:id/applications

      at log (server.js:448:17)
          at Array.forEach (<anonymous>)
          at Array.forEach (<anonymous>)

    console.log
      ­ƒôì Route: ^\/api\/clubs\/?(?=\/|$)/applications/:applicationId/review

      at log (server.js:448:17)
          at Array.forEach (<anonymous>)
          at Array.forEach (<anonymous>)

    console.log
      ­ƒôì Route: ^\/api\/clubs\/?(?=\/|$)/:id/stats

      at log (server.js:448:17)
          at Array.forEach (<anonymous>)
          at Array.forEach (<anonymous>)

    console.log
      ­ƒôì Route: ^\/api\/clubs\/?(?=\/|$)/:id/images

      at log (server.js:448:17)
          at Array.forEach (<anonymous>)
          at Array.forEach (<anonymous>)

    console.log
      ­ƒôì Route: ^\/api\/clubs\/?(?=\/|$)/:id/images

      at log (server.js:448:17)
          at Array.forEach (<anonymous>)
          at Array.forEach (<anonymous>)

    console.log
      ­ƒôì Route: ^\/api\/clubs\/?(?=\/|$)/:id/reviews

      at log (server.js:448:17)
          at Array.forEach (<anonymous>)
          at Array.forEach (<anonymous>)

    console.log
      ­ƒôì Route: ^\/api\/clubs\/?(?=\/|$)/:id/reviews

      at log (server.js:448:17)
          at Array.forEach (<anonymous>)
          at Array.forEach (<anonymous>)

    console.log
      ­ƒôì Route: ^\/api\/players\/?(?=\/|$)/family

      at log (server.js:448:17)
          at Array.forEach (<anonymous>)
          at Array.forEach (<anonymous>)

    console.log
      ­ƒôì Route: ^\/api\/players\/?(?=\/|$)/

      at log (server.js:448:17)
          at Array.forEach (<anonymous>)
          at Array.forEach (<anonymous>)

    console.log
      ­ƒôì Route: ^\/api\/players\/?(?=\/|$)/filtered/:filter

      at log (server.js:448:17)
          at Array.forEach (<anonymous>)
          at Array.forEach (<anonymous>)

    console.log
      ­ƒôì Route: ^\/api\/players\/?(?=\/|$)/scout

      at log (server.js:448:17)
          at Array.forEach (<anonymous>)
          at Array.forEach (<anonymous>)

    console.log
      ­ƒôì Route: ^\/api\/players\/?(?=\/|$)/:id

      at log (server.js:448:17)
          at Array.forEach (<anonymous>)
          at Array.forEach (<anonymous>)

    console.log
      ­ƒôì Route: ^\/api\/players\/?(?=\/|$)/filtered/:filter

      at log (server.js:448:17)
          at Array.forEach (<anonymous>)
          at Array.forEach (<anonymous>)

    console.log
      ­ƒôì Route: ^\/api\/players\/?(?=\/|$)/

      at log (server.js:448:17)
          at Array.forEach (<anonymous>)
          at Array.forEach (<anonymous>)

    console.log
      ­ƒôì Route: ^\/api\/players\/?(?=\/|$)/:id

      at log (server.js:448:17)
          at Array.forEach (<anonymous>)
          at Array.forEach (<anonymous>)

    console.log
      ­ƒôì Route: ^\/api\/players\/?(?=\/|$)/:id

      at log (server.js:448:17)
          at Array.forEach (<anonymous>)
          at Array.forEach (<anonymous>)

    console.log
      ­ƒôì Route: ^\/api\/players\/?(?=\/|$)/:id/stats

      at log (server.js:448:17)
          at Array.forEach (<anonymous>)
          at Array.forEach (<anonymous>)

    console.log
      ­ƒôì Route: ^\/api\/players\/?(?=\/|$)/:id/payment-status

      at log (server.js:448:17)
          at Array.forEach (<anonymous>)
          at Array.forEach (<anonymous>)

    console.log
      ­ƒôì Route: ^\/api\/players\/?(?=\/|$)/child

      at log (server.js:448:17)
          at Array.forEach (<anonymous>)
          at Array.forEach (<anonymous>)

    console.log
      ­ƒôì Route: ^\/api\/players\/?(?=\/|$)/child/:id

      at log (server.js:448:17)
          at Array.forEach (<anonymous>)
          at Array.forEach (<anonymous>)

    console.log
      ­ƒôì Route: ^\/api\/players\/?(?=\/|$)/:id/history

      at log (server.js:448:17)
          at Array.forEach (<anonymous>)
          at Array.forEach (<anonymous>)

    console.log
      ­ƒôì Route: ^\/api\/players\/?(?=\/|$)/:id/history

      at log (server.js:448:17)
          at Array.forEach (<anonymous>)
          at Array.forEach (<anonymous>)

    console.log
      ­ƒôì Route: ^\/api\/players\/?(?=\/|$)/history/:historyId

      at log (server.js:448:17)
          at Array.forEach (<anonymous>)
          at Array.forEach (<anonymous>)

    console.log
      ­ƒôì Route: ^\/api\/players\/?(?=\/|$)/:id/history

      at log (server.js:448:17)
          at Array.forEach (<anonymous>)
          at Array.forEach (<anonymous>)

    console.log
      ­ƒôì Route: ^\/api\/players\/?(?=\/|$)/:id/history

      at log (server.js:448:17)
          at Array.forEach (<anonymous>)
          at Array.forEach (<anonymous>)

    console.log
      ­ƒôì Route: ^\/api\/players\/?(?=\/|$)/:id/history/:historyId

      at log (server.js:448:17)
          at Array.forEach (<anonymous>)
          at Array.forEach (<anonymous>)

    console.log
      ­ƒôì Route: ^\/api\/players\/?(?=\/|$)/:id/stats

      at log (server.js:448:17)
          at Array.forEach (<anonymous>)
          at Array.forEach (<anonymous>)

    console.log
      ­ƒôì Route: ^\/api\/players\/?(?=\/|$)/:id/activities

      at log (server.js:448:17)
          at Array.forEach (<anonymous>)
          at Array.forEach (<anonymous>)

    console.log
      ­ƒôì Route: ^\/api\/staff\/?(?=\/|$)/

      at log (server.js:448:17)
          at Array.forEach (<anonymous>)
          at Array.forEach (<anonymous>)

    console.log
      ­ƒôì Route: ^\/api\/staff\/?(?=\/|$)/:id

      at log (server.js:448:17)
          at Array.forEach (<anonymous>)
          at Array.forEach (<anonymous>)

    console.log
      ­ƒôì Route: ^\/api\/staff\/?(?=\/|$)/:id/performance

      at log (server.js:448:17)
          at Array.forEach (<anonymous>)
          at Array.forEach (<anonymous>)

    console.log
      ­ƒôì Route: ^\/api\/staff\/?(?=\/|$)/:id/role

      at log (server.js:448:17)
          at Array.forEach (<anonymous>)
          at Array.forEach (<anonymous>)

    console.log
      ­ƒôì Route: ^\/api\/staff\/?(?=\/|$)/:id/schedule

      at log (server.js:448:17)
          at Array.forEach (<anonymous>)
          at Array.forEach (<anonymous>)

    console.log
      ­ƒôì Route: ^\/api\/staff\/?(?=\/|$)/

      at log (server.js:448:17)
          at Array.forEach (<anonymous>)
          at Array.forEach (<anonymous>)

    console.log
      ­ƒôì Route: ^\/api\/staff\/?(?=\/|$)/:id

      at log (server.js:448:17)
          at Array.forEach (<anonymous>)
          at Array.forEach (<anonymous>)

    console.log
      ­ƒôì Route: ^\/api\/staff\/?(?=\/|$)/:id

      at log (server.js:448:17)
          at Array.forEach (<anonymous>)
          at Array.forEach (<anonymous>)

    console.log
      ­ƒôì Route: ^\/api\/staff\/?(?=\/|$)/club/:clubId

      at log (server.js:448:17)
          at Array.forEach (<anonymous>)
          at Array.forEach (<anonymous>)

    console.log
      ­ƒôì Route: ^\/api\/staff\/?(?=\/|$)/:id/permissions

      at log (server.js:448:17)
          at Array.forEach (<anonymous>)
          at Array.forEach (<anonymous>)

    console.log
      ­ƒôì Route: ^\/api\/staff\/?(?=\/|$)/:id/dashboard

      at log (server.js:448:17)
          at Array.forEach (<anonymous>)
          at Array.forEach (<anonymous>)

    console.log
      ­ƒôì Route: ^\/api\/staff\/?(?=\/|$)/:id/performance

      at log (server.js:448:17)
          at Array.forEach (<anonymous>)
          at Array.forEach (<anonymous>)

    console.log
      ­ƒôì Route: ^\/api\/staff\/?(?=\/|$)/:id/role

      at log (server.js:448:17)
          at Array.forEach (<anonymous>)
          at Array.forEach (<anonymous>)

    console.log
      ­ƒôì Route: ^\/api\/staff\/?(?=\/|$)/:id/schedule

      at log (server.js:448:17)
          at Array.forEach (<anonymous>)
          at Array.forEach (<anonymous>)

    console.log
      ­ƒôì Route: ^\/api\/staff\/?(?=\/|$)/:id/verify-scout

      at log (server.js:448:17)
          at Array.forEach (<anonymous>)
          at Array.forEach (<anonymous>)

    console.log
      ­ƒôì Route: ^\/api\/teams\/?(?=\/|$)/

      at log (server.js:448:17)
          at Array.forEach (<anonymous>)
          at Array.forEach (<anonymous>)

    console.log
      ­ƒôì Route: ^\/api\/teams\/?(?=\/|$)/player/:userId

      at log (server.js:448:17)
          at Array.forEach (<anonymous>)
          at Array.forEach (<anonymous>)

    console.log
      ­ƒôì Route: ^\/api\/teams\/?(?=\/|$)/:id

      at log (server.js:448:17)
          at Array.forEach (<anonymous>)
          at Array.forEach (<anonymous>)

    console.log
      ­ƒôì Route: ^\/api\/teams\/?(?=\/|$)/

      at log (server.js:448:17)
          at Array.forEach (<anonymous>)
          at Array.forEach (<anonymous>)

    console.log
      ­ƒôì Route: ^\/api\/teams\/?(?=\/|$)/:id

      at log (server.js:448:17)
          at Array.forEach (<anonymous>)
          at Array.forEach (<anonymous>)

    console.log
      ­ƒôì Route: ^\/api\/teams\/?(?=\/|$)/:id

      at log (server.js:448:17)
          at Array.forEach (<anonymous>)
          at Array.forEach (<anonymous>)

    console.log
      ­ƒôì Route: ^\/api\/teams\/?(?=\/|$)/:id/players

      at log (server.js:448:17)
          at Array.forEach (<anonymous>)
          at Array.forEach (<anonymous>)

    console.log
      ­ƒôì Route: ^\/api\/teams\/?(?=\/|$)/:id/players/:playerId

      at log (server.js:448:17)
          at Array.forEach (<anonymous>)
          at Array.forEach (<anonymous>)

    console.log
      ­ƒôì Route: ^\/api\/teams\/?(?=\/|$)/:id/stats

      at log (server.js:448:17)
          at Array.forEach (<anonymous>)
          at Array.forEach (<anonymous>)

    console.log
      ­ƒôì Route: ^\/api\/teams\/?(?=\/|$)/:id/availability

      at log (server.js:448:17)
          at Array.forEach (<anonymous>)
          at Array.forEach (<anonymous>)

    console.log
      ­ƒôì Route: ^\/api\/teams\/?(?=\/|$)/:id/dashboard

      at log (server.js:448:17)
          at Array.forEach (<anonymous>)
          at Array.forEach (<anonymous>)

    console.log
      ­ƒôì Route: ^\/api\/events\/?(?=\/|$)/

      at log (server.js:448:17)
          at Array.forEach (<anonymous>)
          at Array.forEach (<anonymous>)

    console.log
      ­ƒôì Route: ^\/api\/events\/?(?=\/|$)/:id

      at log (server.js:448:17)
          at Array.forEach (<anonymous>)
          at Array.forEach (<anonymous>)

    console.log
      ­ƒôì Route: ^\/api\/events\/?(?=\/|$)/

      at log (server.js:448:17)
          at Array.forEach (<anonymous>)
          at Array.forEach (<anonymous>)

    console.log
      ­ƒôì Route: ^\/api\/events\/?(?=\/|$)/:id

      at log (server.js:448:17)
          at Array.forEach (<anonymous>)
          at Array.forEach (<anonymous>)

    console.log
      ­ƒôì Route: ^\/api\/events\/?(?=\/|$)/:id

      at log (server.js:448:17)
          at Array.forEach (<anonymous>)
          at Array.forEach (<anonymous>)

    console.log
      ­ƒôì Route: ^\/api\/events\/?(?=\/|$)/:id/book

      at log (server.js:448:17)
          at Array.forEach (<anonymous>)
          at Array.forEach (<anonymous>)

    console.log
      ­ƒôì Route: ^\/api\/events\/?(?=\/|$)/bookings/:bookingId/cancel

      at log (server.js:448:17)
          at Array.forEach (<anonymous>)
          at Array.forEach (<anonymous>)

    console.log
      ­ƒôì Route: ^\/api\/events\/?(?=\/|$)/:id/bookings

      at log (server.js:448:17)
          at Array.forEach (<anonymous>)
          at Array.forEach (<anonymous>)

    console.log
      ­ƒôì Route: ^\/api\/events\/?(?=\/|$)/bookings/my-bookings

      at log (server.js:448:17)
          at Array.forEach (<anonymous>)
          at Array.forEach (<anonymous>)

    console.log
      ­ƒôì Route: ^\/api\/events\/?(?=\/|$)/:id/roster

      at log (server.js:448:17)
          at Array.forEach (<anonymous>)
          at Array.forEach (<anonymous>)

    console.log
      ­ƒôì Route: ^\/api\/events\/?(?=\/|$)/:id/nudge

      at log (server.js:448:17)
          at Array.forEach (<anonymous>)
          at Array.forEach (<anonymous>)

    console.log
      ­ƒôì Route: ^\/api\/events\/?(?=\/|$)/:id/availability

      at log (server.js:448:17)
          at Array.forEach (<anonymous>)
          at Array.forEach (<anonymous>)

    console.log
      ­ƒôì Route: ^\/api\/events\/?(?=\/|$)/:id/availability/override

      at log (server.js:448:17)
          at Array.forEach (<anonymous>)
          at Array.forEach (<anonymous>)

    console.log
      ­ƒôì Route: ^\/api\/events\/?(?=\/|$)/:id/availability

      at log (server.js:448:17)
          at Array.forEach (<anonymous>)
          at Array.forEach (<anonymous>)

    console.log
      ­ƒôì Route: ^\/api\/events\/?(?=\/|$)/:id/notify

      at log (server.js:448:17)
          at Array.forEach (<anonymous>)
          at Array.forEach (<anonymous>)

    console.log
      ­ƒôì Route: ^\/api\/events\/?(?=\/|$)/:id

      at log (server.js:448:17)
          at Array.forEach (<anonymous>)
          at Array.forEach (<anonymous>)

    console.log
      ­ƒôì Route: ^\/api\/events\/?(?=\/|$)/:id/checkin

      at log (server.js:448:17)
          at Array.forEach (<anonymous>)
          at Array.forEach (<anonymous>)

    console.log
      ­ƒôì Route: ^\/api\/events\/?(?=\/|$)/:id/checkins

      at log (server.js:448:17)
          at Array.forEach (<anonymous>)
          at Array.forEach (<anonymous>)

    console.log
      ­ƒôì Route: ^\/api\/events\/?(?=\/|$)/:id/result

      at log (server.js:448:17)
          at Array.forEach (<anonymous>)
          at Array.forEach (<anonymous>)

    console.log
      ­ƒôì Route: ^\/api\/events\/?(?=\/|$)/:id/groups

      at log (server.js:448:17)
          at Array.forEach (<anonymous>)
          at Array.forEach (<anonymous>)

    console.log
      ­ƒôì Route: ^\/api\/events\/?(?=\/|$)/:id/players

      at log (server.js:448:17)
          at Array.forEach (<anonymous>)
          at Array.forEach (<anonymous>)

    console.log
      ­ƒôì Route: ^\/api\/events\/?(?=\/|$)/:id/groups

      at log (server.js:448:17)
          at Array.forEach (<anonymous>)
          at Array.forEach (<anonymous>)

    console.log
      ­ƒôì Route: ^\/api\/events\/?(?=\/|$)/:id/assign-group

      at log (server.js:448:17)
          at Array.forEach (<anonymous>)
          at Array.forEach (<anonymous>)

    console.log
      ­ƒôì Route: ^\/api\/events\/?(?=\/|$)/:id/bibs

      at log (server.js:448:17)
          at Array.forEach (<anonymous>)
          at Array.forEach (<anonymous>)

    console.log
      ­ƒôì Route: ^\/api\/events\/?(?=\/|$)/:id/export

      at log (server.js:448:17)
          at Array.forEach (<anonymous>)
          at Array.forEach (<anonymous>)

    console.log
      ­ƒôì Route: ^\/api\/events\/?(?=\/|$)/:id/checkin

      at log (server.js:448:17)
          at Array.forEach (<anonymous>)
          at Array.forEach (<anonymous>)

    console.log
      ­ƒôì Route: ^\/api\/events\/?(?=\/|$)/:id/results

      at log (server.js:448:17)
          at Array.forEach (<anonymous>)
          at Array.forEach (<anonymous>)

    console.log
      ­ƒôì Route: ^\/api\/events\/?(?=\/|$)/:id/player-stats

      at log (server.js:448:17)
          at Array.forEach (<anonymous>)
          at Array.forEach (<anonymous>)

    console.log
      ­ƒôì Route: ^\/api\/payments\/?(?=\/|$)/config

      at log (server.js:448:17)
          at Array.forEach (<anonymous>)
          at Array.forEach (<anonymous>)

    console.log
      ­ƒôì Route: ^\/api\/payments\/?(?=\/|$)/stripe/connect/status

      at log (server.js:448:17)
          at Array.forEach (<anonymous>)
          at Array.forEach (<anonymous>)

    console.log
      ­ƒôì Route: ^\/api\/payments\/?(?=\/|$)/stripe/connect/onboard

      at log (server.js:448:17)
          at Array.forEach (<anonymous>)
          at Array.forEach (<anonymous>)

    console.log
      ­ƒôì Route: ^\/api\/payments\/?(?=\/|$)/stripe/connect/manage

      at log (server.js:448:17)
          at Array.forEach (<anonymous>)
          at Array.forEach (<anonymous>)

    console.log
      ­ƒôì Route: ^\/api\/payments\/?(?=\/|$)/health

      at log (server.js:448:17)
          at Array.forEach (<anonymous>)
          at Array.forEach (<anonymous>)

    console.log
      ­ƒôì Route: ^\/api\/payments\/?(?=\/|$)/plans

      at log (server.js:448:17)
          at Array.forEach (<anonymous>)
          at Array.forEach (<anonymous>)

    console.log
      ­ƒôì Route: ^\/api\/payments\/?(?=\/|$)/plans/import

      at log (server.js:448:17)
          at Array.forEach (<anonymous>)
          at Array.forEach (<anonymous>)

    console.log
      ­ƒôì Route: ^\/api\/payments\/?(?=\/|$)/plans

      at log (server.js:448:17)
          at Array.forEach (<anonymous>)
          at Array.forEach (<anonymous>)

    console.log
      ­ƒôì Route: ^\/api\/payments\/?(?=\/|$)/plans/:id

      at log (server.js:448:17)
          at Array.forEach (<anonymous>)
          at Array.forEach (<anonymous>)

    console.log
      ­ƒôì Route: ^\/api\/payments\/?(?=\/|$)/plans/:id

      at log (server.js:448:17)
          at Array.forEach (<anonymous>)
          at Array.forEach (<anonymous>)

    console.log
      ­ƒôì Route: ^\/api\/payments\/?(?=\/|$)/plan/current

      at log (server.js:448:17)
          at Array.forEach (<anonymous>)
          at Array.forEach (<anonymous>)

    console.log
      ­ƒôì Route: ^\/api\/payments\/?(?=\/|$)/plan/assign

      at log (server.js:448:17)
          at Array.forEach (<anonymous>)
          at Array.forEach (<anonymous>)

    console.log
      ­ƒôì Route: ^\/api\/payments\/?(?=\/|$)/bulk-assign-plan-legacy

      at log (server.js:448:17)
          at Array.forEach (<anonymous>)
          at Array.forEach (<anonymous>)

    console.log
      ­ƒôì Route: ^\/api\/payments\/?(?=\/|$)/plan/cancel

      at log (server.js:448:17)
          at Array.forEach (<anonymous>)
          at Array.forEach (<anonymous>)

    console.log
      ­ƒôì Route: ^\/api\/payments\/?(?=\/|$)/

      at log (server.js:448:17)
          at Array.forEach (<anonymous>)
          at Array.forEach (<anonymous>)

    console.log
      ­ƒôì Route: ^\/api\/payments\/?(?=\/|$)/create-intent

      at log (server.js:448:17)
          at Array.forEach (<anonymous>)
          at Array.forEach (<anonymous>)

    console.log
      ­ƒôì Route: ^\/api\/payments\/?(?=\/|$)/confirm-payment

      at log (server.js:448:17)
          at Array.forEach (<anonymous>)
          at Array.forEach (<anonymous>)

    console.log
      ­ƒôì Route: ^\/api\/payments\/?(?=\/|$)/public/:id

      at log (server.js:448:17)
          at Array.forEach (<anonymous>)
          at Array.forEach (<anonymous>)

    console.log
      ­ƒôì Route: ^\/api\/payments\/?(?=\/|$)/:id/payment-link

      at log (server.js:448:17)
          at Array.forEach (<anonymous>)
          at Array.forEach (<anonymous>)

    console.log
      ­ƒôì Route: ^\/api\/payments\/?(?=\/|$)/book-event

      at log (server.js:448:17)
          at Array.forEach (<anonymous>)
          at Array.forEach (<anonymous>)

    console.log
      ­ƒôì Route: ^\/api\/payments\/?(?=\/|$)/

      at log (server.js:448:17)
          at Array.forEach (<anonymous>)
          at Array.forEach (<anonymous>)

    console.log
      ­ƒôì Route: ^\/api\/payments\/?(?=\/|$)/assign-player-plan

      at log (server.js:448:17)
          at Array.forEach (<anonymous>)
          at Array.forEach (<anonymous>)

    console.log
      ­ƒôì Route: ^\/api\/payments\/?(?=\/|$)/bulk-assign-plan

      at log (server.js:448:17)
          at Array.forEach (<anonymous>)
          at Array.forEach (<anonymous>)

    console.log
      ­ƒôì Route: ^\/api\/payments\/?(?=\/|$)/cleanup

      at log (server.js:448:17)
          at Array.forEach (<anonymous>)
          at Array.forEach (<anonymous>)

    console.log
      ­ƒôì Route: ^\/api\/stripe-payouts\/?(?=\/|$)/configure-payout/:accountId

      at log (server.js:448:17)
          at Array.forEach (<anonymous>)
          at Array.forEach (<anonymous>)

    console.log
      ­ƒôì Route: ^\/api\/stripe-payouts\/?(?=\/|$)/payout-schedule/:accountId

      at log (server.js:448:17)
          at Array.forEach (<anonymous>)
          at Array.forEach (<anonymous>)

    console.log
      ­ƒôì Route: ^\/api\/stripe-payouts\/?(?=\/|$)/configure-all-payouts

      at log (server.js:448:17)
          at Array.forEach (<anonymous>)
          at Array.forEach (<anonymous>)

    console.log
      ­ƒôì Route: ^\/api\/stripe-payouts\/?(?=\/|$)/manual-payout/:accountId

      at log (server.js:448:17)
          at Array.forEach (<anonymous>)
          at Array.forEach (<anonymous>)

    console.log
      ­ƒôì Route: ^\/api\/dashboard\/?(?=\/|$)/admin

      at log (server.js:448:17)
          at Array.forEach (<anonymous>)
          at Array.forEach (<anonymous>)

    console.log
      ­ƒôì Route: ^\/api\/dashboard\/?(?=\/|$)/player

      at log (server.js:448:17)
          at Array.forEach (<anonymous>)
          at Array.forEach (<anonymous>)

    console.log
      ­ƒôì Route: ^\/api\/dashboard\/?(?=\/|$)/invitations/:orgId/accept

      at log (server.js:448:17)
          at Array.forEach (<anonymous>)
          at Array.forEach (<anonymous>)

    console.log
      ­ƒôì Route: ^\/api\/dashboard\/?(?=\/|$)/invitations/:orgId/decline

      at log (server.js:448:17)
          at Array.forEach (<anonymous>)
          at Array.forEach (<anonymous>)

    console.log
      ­ƒôì Route: ^\/api\/invites\/?(?=\/|$)/generate

      at log (server.js:448:17)
          at Array.forEach (<anonymous>)
          at Array.forEach (<anonymous>)

    console.log
      ­ƒôì Route: ^\/api\/invites\/?(?=\/|$)/details/:token

      at log (server.js:448:17)
          at Array.forEach (<anonymous>)
          at Array.forEach (<anonymous>)

    console.log
      ­ƒôì Route: ^\/api\/invites\/?(?=\/|$)/accept/:token

      at log (server.js:448:17)
          at Array.forEach (<anonymous>)
          at Array.forEach (<anonymous>)

    console.log
      ­ƒôì Route: ^\/api\/invites\/?(?=\/|$)/decline/:token

      at log (server.js:448:17)
          at Array.forEach (<anonymous>)
          at Array.forEach (<anonymous>)

    console.log
      ­ƒôì Route: ^\/api\/invites\/?(?=\/|$)/sent

      at log (server.js:448:17)
          at Array.forEach (<anonymous>)
          at Array.forEach (<anonymous>)

    console.log
      ­ƒôì Route: ^\/api\/products\/?(?=\/|$)/

      at log (server.js:448:17)
          at Array.forEach (<anonymous>)
          at Array.forEach (<anonymous>)

    console.log
      ­ƒôì Route: ^\/api\/products\/?(?=\/|$)/

      at log (server.js:448:17)
          at Array.forEach (<anonymous>)
          at Array.forEach (<anonymous>)

    console.log
      ­ƒôì Route: ^\/api\/products\/?(?=\/|$)/purchase

      at log (server.js:448:17)
          at Array.forEach (<anonymous>)
          at Array.forEach (<anonymous>)

    console.log
      ­ƒôì Route: ^\/api\/products\/?(?=\/|$)/:id

      at log (server.js:448:17)
          at Array.forEach (<anonymous>)
          at Array.forEach (<anonymous>)

    console.log
      ­ƒôì Route: ^\/api\/products\/?(?=\/|$)/:id

      at log (server.js:448:17)
          at Array.forEach (<anonymous>)
          at Array.forEach (<anonymous>)

    console.log
      ­ƒôì Route: ^\/api\/campaigns\/?(?=\/|$)/

      at log (server.js:448:17)
          at Array.forEach (<anonymous>)
          at Array.forEach (<anonymous>)

    console.log
      ­ƒôì Route: ^\/api\/campaigns\/?(?=\/|$)/

      at log (server.js:448:17)
          at Array.forEach (<anonymous>)
          at Array.forEach (<anonymous>)

    console.log
      ­ƒôì Route: ^\/api\/campaigns\/?(?=\/|$)/:id/send

      at log (server.js:448:17)
          at Array.forEach (<anonymous>)
          at Array.forEach (<anonymous>)

    console.log
      ­ƒôì Route: ^\/api\/listings\/?(?=\/|$)/

      at log (server.js:448:17)
          at Array.forEach (<anonymous>)
          at Array.forEach (<anonymous>)

    console.log
      ­ƒôì Route: ^\/api\/listings\/?(?=\/|$)/

      at log (server.js:448:17)
          at Array.forEach (<anonymous>)
          at Array.forEach (<anonymous>)

    console.log
      ­ƒôì Route: ^\/api\/listings\/?(?=\/|$)/:id/applications

      at log (server.js:448:17)
          at Array.forEach (<anonymous>)
          at Array.forEach (<anonymous>)

    console.log
      ­ƒôì Route: ^\/api\/listings\/?(?=\/|$)/applications/:id/status

      at log (server.js:448:17)
          at Array.forEach (<anonymous>)
          at Array.forEach (<anonymous>)

    console.log
      ­ƒôì Route: ^\/api\/listings\/?(?=\/|$)/applications/:id/invite

      at log (server.js:448:17)
          at Array.forEach (<anonymous>)
          at Array.forEach (<anonymous>)

    console.log
      ­ƒôì Route: ^\/api\/listings\/?(?=\/|$)/:id

      at log (server.js:448:17)
          at Array.forEach (<anonymous>)
          at Array.forEach (<anonymous>)

    console.log
      ­ƒôì Route: ^\/api\/notifications\/?(?=\/|$)/

      at log (server.js:448:17)
          at Array.forEach (<anonymous>)
          at Array.forEach (<anonymous>)

    console.log
      ­ƒôì Route: ^\/api\/notifications\/?(?=\/|$)/

      at log (server.js:448:17)
          at Array.forEach (<anonymous>)
          at Array.forEach (<anonymous>)

    console.log
      ­ƒôì Route: ^\/api\/notifications\/?(?=\/|$)/:id/read

      at log (server.js:448:17)
          at Array.forEach (<anonymous>)
          at Array.forEach (<anonymous>)

    console.log
      ­ƒôì Route: ^\/api\/notifications\/?(?=\/|$)/read-all

      at log (server.js:448:17)
          at Array.forEach (<anonymous>)
          at Array.forEach (<anonymous>)

    console.log
      ­ƒôì Route: ^\/api\/debug\/?(?=\/|$)/check-org/:id

      at log (server.js:448:17)
          at Array.forEach (<anonymous>)
          at Array.forEach (<anonymous>)

    console.log
      ­ƒôì Route: ^\/api\/talent-id\/?(?=\/|$)/register

      at log (server.js:448:17)
          at Array.forEach (<anonymous>)
          at Array.forEach (<anonymous>)

    console.log
      ­ƒôì Route: ^\/api\/talent-id\/?(?=\/|$)/events/:id/dashboard

      at log (server.js:448:17)
          at Array.forEach (<anonymous>)
          at Array.forEach (<anonymous>)

    console.log
      ­ƒôì Route: ^\/api\/talent-id\/?(?=\/|$)/events/:id/schedule

      at log (server.js:448:17)
          at Array.forEach (<anonymous>)
          at Array.forEach (<anonymous>)

    console.log
      ­ƒôì Route: ^\/api\/talent-id\/?(?=\/|$)/bibs/batch

      at log (server.js:448:17)
          at Array.forEach (<anonymous>)
          at Array.forEach (<anonymous>)

    console.log
      ­ƒôì Route: ^\/api\/talent-id\/?(?=\/|$)/events/:id/groups

      at log (server.js:448:17)
          at Array.forEach (<anonymous>)
          at Array.forEach (<anonymous>)

    console.log
      ­ƒôì Route: ^\/api\/talent-id\/?(?=\/|$)/events/:id/auto-assign

      at log (server.js:448:17)
          at Array.forEach (<anonymous>)
          at Array.forEach (<anonymous>)

    console.log
      ­ƒôì Route: ^\/api\/talent-id\/?(?=\/|$)/registrations/:id/checkin

      at log (server.js:448:17)
          at Array.forEach (<anonymous>)
          at Array.forEach (<anonymous>)

    console.log
      ­ƒôì Route: ^\/api\/scouting\/?(?=\/|$)/reports

      at log (server.js:448:17)
          at Array.forEach (<anonymous>)
          at Array.forEach (<anonymous>)

    console.log
      ­ƒôì Route: ^\/api\/scouting\/?(?=\/|$)/reports

      at log (server.js:448:17)
          at Array.forEach (<anonymous>)
          at Array.forEach (<anonymous>)

    console.log
      ­ƒôì Route: ^\/api\/scouting\/?(?=\/|$)/assignments

      at log (server.js:448:17)
          at Array.forEach (<anonymous>)
          at Array.forEach (<anonymous>)

    console.log
      ­ƒôì Route: ^\/api\/scouting\/?(?=\/|$)/contact-requests

      at log (server.js:448:17)
          at Array.forEach (<anonymous>)
          at Array.forEach (<anonymous>)

    console.log
      ­ƒôì Route: ^\/api\/scouting\/?(?=\/|$)/analytics

      at log (server.js:448:17)
          at Array.forEach (<anonymous>)
          at Array.forEach (<anonymous>)

    console.log
      ­ƒôì Route: ^\/api\/scouting\/?(?=\/|$)/verify-me

      at log (server.js:448:17)
          at Array.forEach (<anonymous>)
          at Array.forEach (<anonymous>)

    console.log
      ­ƒôì Route: ^\/api\/scouting\/?(?=\/|$)/watchlist

      at log (server.js:448:17)
          at Array.forEach (<anonymous>)
          at Array.forEach (<anonymous>)

    console.log
      ­ƒôì Route: ^\/api\/scouting\/?(?=\/|$)/watchlist

      at log (server.js:448:17)
          at Array.forEach (<anonymous>)
          at Array.forEach (<anonymous>)

    console.log
      ­ƒôì Route: ^\/api\/scouting\/?(?=\/|$)/watchlist/:playerId

      at log (server.js:448:17)
          at Array.forEach (<anonymous>)
          at Array.forEach (<anonymous>)

    console.log
      ­ƒôì Route: ^\/api\/scouting\/?(?=\/|$)/medical/:id

      at log (server.js:448:17)
          at Array.forEach (<anonymous>)
          at Array.forEach (<anonymous>)

    console.log
      ­ƒôì Route: ^\/api\/venues\/?(?=\/|$)/

      at log (server.js:448:17)
          at Array.forEach (<anonymous>)
          at Array.forEach (<anonymous>)

    console.log
      ­ƒôì Route: ^\/api\/venues\/?(?=\/|$)/:id

      at log (server.js:448:17)
          at Array.forEach (<anonymous>)
          at Array.forEach (<anonymous>)

    console.log
      ­ƒôì Route: ^\/api\/venues\/?(?=\/|$)/

      at log (server.js:448:17)
          at Array.forEach (<anonymous>)
          at Array.forEach (<anonymous>)

    console.log
      ­ƒôì Route: ^\/api\/venues\/?(?=\/|$)/:id/availability

      at log (server.js:448:17)
          at Array.forEach (<anonymous>)
          at Array.forEach (<anonymous>)

    console.log
      ­ƒôì Route: ^\/api\/venues\/?(?=\/|$)/:id/documents

      at log (server.js:448:17)
          at Array.forEach (<anonymous>)
          at Array.forEach (<anonymous>)

    console.log
      ­ƒôì Route: ^\/api\/venues\/?(?=\/|$)/:id/book

      at log (server.js:448:17)
          at Array.forEach (<anonymous>)
          at Array.forEach (<anonymous>)

    console.log
      ­ƒôì Route: ^\/api\/venues\/?(?=\/|$)/bookings/my

      at log (server.js:448:17)
          at Array.forEach (<anonymous>)
          at Array.forEach (<anonymous>)

    console.log
      ­ƒôì Route: ^\/api\/venues\/?(?=\/|$)/bookings/:id/status

      at log (server.js:448:17)
          at Array.forEach (<anonymous>)
          at Array.forEach (<anonymous>)

    console.log
      ­ƒôì Route: ^\/api\/leagues\/?(?=\/|$)/

      at log (server.js:448:17)
          at Array.forEach (<anonymous>)
          at Array.forEach (<anonymous>)

    console.log
      ­ƒôì Route: ^\/api\/leagues\/?(?=\/|$)/

      at log (server.js:448:17)
          at Array.forEach (<anonymous>)
          at Array.forEach (<anonymous>)

    console.log
      ­ƒôì Route: ^\/api\/leagues\/?(?=\/|$)/:id

      at log (server.js:448:17)
          at Array.forEach (<anonymous>)
          at Array.forEach (<anonymous>)

    console.log
      ­ƒôì Route: ^\/api\/leagues\/?(?=\/|$)/:id/standings

      at log (server.js:448:17)
          at Array.forEach (<anonymous>)
          at Array.forEach (<anonymous>)

    console.log
      ­ƒôì Route: ^\/api\/leagues\/?(?=\/|$)/:id/teams

      at log (server.js:448:17)
          at Array.forEach (<anonymous>)
          at Array.forEach (<anonymous>)

    console.log
      ­ƒôì Route: ^\/api\/leagues\/?(?=\/|$)/:id/fixtures/generate

      at log (server.js:448:17)
          at Array.forEach (<anonymous>)
          at Array.forEach (<anonymous>)

    console.log
      ­ƒôì Route: ^\/api\/leagues\/?(?=\/|$)/:id/fixtures

      at log (server.js:448:17)
          at Array.forEach (<anonymous>)
          at Array.forEach (<anonymous>)

    console.log
      ­ƒôì Route: ^\/api\/leagues\/?(?=\/|$)/fixtures/:id/score

      at log (server.js:448:17)
          at Array.forEach (<anonymous>)
          at Array.forEach (<anonymous>)

    console.log
      ­ƒôì Route: ^\/api\/leagues\/?(?=\/|$)/fixtures/:id/assign-referee

      at log (server.js:448:17)
          at Array.forEach (<anonymous>)
          at Array.forEach (<anonymous>)

    console.log
      ­ƒôì Route: ^\/api\/tournaments\/?(?=\/|$)/register

      at log (server.js:448:17)
          at Array.forEach (<anonymous>)
          at Array.forEach (<anonymous>)

    console.log
      ­ƒôì Route: ^\/api\/tournaments\/?(?=\/|$)/

      at log (server.js:448:17)
          at Array.forEach (<anonymous>)
          at Array.forEach (<anonymous>)

    console.log
      ­ƒôì Route: ^\/api\/tournaments\/?(?=\/|$)/:id/dashboard

      at log (server.js:448:17)
          at Array.forEach (<anonymous>)
          at Array.forEach (<anonymous>)

    console.log
      ­ƒôì Route: ^\/api\/tournaments\/?(?=\/|$)/:id/groups

      at log (server.js:448:17)
          at Array.forEach (<anonymous>)
          at Array.forEach (<anonymous>)

    console.log
      ­ƒôì Route: ^\/api\/tournaments\/?(?=\/|$)/:id/groups/assign

      at log (server.js:448:17)
          at Array.forEach (<anonymous>)
          at Array.forEach (<anonymous>)

    console.log
      ­ƒôì Route: ^\/api\/tournaments\/?(?=\/|$)/:id/generate-fixtures

      at log (server.js:448:17)
          at Array.forEach (<anonymous>)
          at Array.forEach (<anonymous>)

    console.log
      ­ƒôì Route: ^\/api\/tournaments\/?(?=\/|$)/matches/:id/lineups

      at log (server.js:448:17)
          at Array.forEach (<anonymous>)
          at Array.forEach (<anonymous>)

    console.log
      ­ƒôì Route: ^\/api\/tournaments\/?(?=\/|$)/matches/:id/result

      at log (server.js:448:17)
          at Array.forEach (<anonymous>)
          at Array.forEach (<anonymous>)

    console.log
      ­ƒôì Route: ^\/api\/tournaments\/?(?=\/|$)/:id/pitches

      at log (server.js:448:17)
          at Array.forEach (<anonymous>)
          at Array.forEach (<anonymous>)

    console.log
      ­ƒôì Route: ^\/api\/tournaments\/?(?=\/|$)/:id/pitches/bulk

      at log (server.js:448:17)
          at Array.forEach (<anonymous>)
          at Array.forEach (<anonymous>)

    console.log
      ­ƒôì Route: ^\/api\/tournaments\/?(?=\/|$)/:id/pitches

      at log (server.js:448:17)
          at Array.forEach (<anonymous>)
          at Array.forEach (<anonymous>)

    console.log
      ­ƒôì Route: ^\/api\/tournaments\/?(?=\/|$)/:id/auto-schedule

      at log (server.js:448:17)
          at Array.forEach (<anonymous>)
          at Array.forEach (<anonymous>)

    console.log
      ­ƒôì Route: ^\/api\/tournaments\/?(?=\/|$)/teams/:id/status

      at log (server.js:448:17)
          at Array.forEach (<anonymous>)
          at Array.forEach (<anonymous>)

    console.log
      ­ƒôì Route: ^\/api\/tournaments\/?(?=\/|$)/teams/:id/link

      at log (server.js:448:17)
          at Array.forEach (<anonymous>)
          at Array.forEach (<anonymous>)

    console.log
      ­ƒôì Route: ^\/api\/tournaments\/?(?=\/|$)/matches/:id/assign-team

      at log (server.js:448:17)
          at Array.forEach (<anonymous>)
          at Array.forEach (<anonymous>)

    console.log
      ­ƒôì Route: ^\/api\/tournaments\/?(?=\/|$)/:id/bracket

      at log (server.js:448:17)
          at Array.forEach (<anonymous>)
          at Array.forEach (<anonymous>)

    console.log
      ­ƒôì Route: ^\/api\/tournaments\/?(?=\/|$)/matches/:id/video

      at log (server.js:448:17)
          at Array.forEach (<anonymous>)
          at Array.forEach (<anonymous>)

    console.log
      ­ƒôì Route: ^\/api\/tournaments\/?(?=\/|$)/:id/invite-staff

      at log (server.js:448:17)
          at Array.forEach (<anonymous>)
          at Array.forEach (<anonymous>)

    console.log
      ­ƒôì Route: ^\/api\/tournaments\/?(?=\/|$)/:id/invite-team

      at log (server.js:448:17)
          at Array.forEach (<anonymous>)
          at Array.forEach (<anonymous>)

    console.log
      ­ƒôì Route: ^\/api\/tournaments\/?(?=\/|$)/pitches/:id

      at log (server.js:448:17)
          at Array.forEach (<anonymous>)
          at Array.forEach (<anonymous>)

    console.log
      ­ƒôì Route: ^\/api\/tournaments\/?(?=\/|$)/matches/:id/video

      at log (server.js:448:17)
          at Array.forEach (<anonymous>)
          at Array.forEach (<anonymous>)

    console.log
      ­ƒôì Route: ^\/api\/tournaments\/?(?=\/|$)/matches/:id/video

      at log (server.js:448:17)
          at Array.forEach (<anonymous>)
          at Array.forEach (<anonymous>)

    console.log
      ­ƒôì Route: ^\/api\/tournaments\/?(?=\/|$)/:id/layout

      at log (server.js:448:17)
          at Array.forEach (<anonymous>)
          at Array.forEach (<anonymous>)

    console.log
      ­ƒôì Route: ^\/api\/tournaments\/?(?=\/|$)/:id/invite

      at log (server.js:448:17)
          at Array.forEach (<anonymous>)
          at Array.forEach (<anonymous>)

    console.log
      ­ƒôì Route: ^\/api\/polls\/?(?=\/|$)/

      at log (server.js:448:17)
          at Array.forEach (<anonymous>)
          at Array.forEach (<anonymous>)

    console.log
      ­ƒôì Route: ^\/api\/polls\/?(?=\/|$)/

      at log (server.js:448:17)
          at Array.forEach (<anonymous>)
          at Array.forEach (<anonymous>)

    console.log
      ­ƒôì Route: ^\/api\/polls\/?(?=\/|$)/:id/vote

      at log (server.js:448:17)
          at Array.forEach (<anonymous>)
          at Array.forEach (<anonymous>)

    console.log
      ­ƒôì Route: ^\/api\/email\/?(?=\/|$)/send

      at log (server.js:448:17)
          at Array.forEach (<anonymous>)
          at Array.forEach (<anonymous>)

    console.log
      ­ƒôì Route: ^\/api\/email\/?(?=\/|$)/send-invite

      at log (server.js:448:17)
          at Array.forEach (<anonymous>)
          at Array.forEach (<anonymous>)

    console.log
      ­ƒôì Route: ^\/api\/tactical\/?(?=\/|$)/

      at log (server.js:448:17)
          at Array.forEach (<anonymous>)
          at Array.forEach (<anonymous>)

    console.log
      ­ƒôì Route: ^\/api\/tactical\/?(?=\/|$)/

      at log (server.js:448:17)
          at Array.forEach (<anonymous>)
          at Array.forEach (<anonymous>)

    console.log
      ­ƒôì Route: ^\/api\/tactical\/?(?=\/|$)/:id

      at log (server.js:448:17)
          at Array.forEach (<anonymous>)
          at Array.forEach (<anonymous>)

    console.log
      ­ƒôì Route: ^\/api\/forms\/?(?=\/|$)/

      at log (server.js:448:17)
          at Array.forEach (<anonymous>)
          at Array.forEach (<anonymous>)

    console.log
      ­ƒôì Route: ^\/api\/forms\/?(?=\/|$)/

      at log (server.js:448:17)
          at Array.forEach (<anonymous>)
          at Array.forEach (<anonymous>)

    console.log
      ­ƒôì Route: ^\/api\/forms\/?(?=\/|$)/:id

      at log (server.js:448:17)
          at Array.forEach (<anonymous>)
          at Array.forEach (<anonymous>)

    console.log
      ­ƒôì Route: ^\/api\/forms\/?(?=\/|$)/:id

      at log (server.js:448:17)
          at Array.forEach (<anonymous>)
          at Array.forEach (<anonymous>)

    console.log
      ­ƒôì Route: ^\/api\/forms\/?(?=\/|$)/:id

      at log (server.js:448:17)
          at Array.forEach (<anonymous>)
          at Array.forEach (<anonymous>)

    console.log
      ­ƒôì Route: ^\/api\/forms\/?(?=\/|$)/:id/submit

      at log (server.js:448:17)
          at Array.forEach (<anonymous>)
          at Array.forEach (<anonymous>)

    console.log
      ­ƒôì Route: ^\/api\/forms\/?(?=\/|$)/:id/responses

      at log (server.js:448:17)
          at Array.forEach (<anonymous>)
          at Array.forEach (<anonymous>)

    console.log
      ­ƒôì Route: ^\/api\/training\/?(?=\/|$)/drills

      at log (server.js:448:17)
          at Array.forEach (<anonymous>)
          at Array.forEach (<anonymous>)

    console.log
      ­ƒôì Route: ^\/api\/training\/?(?=\/|$)/drills

      at log (server.js:448:17)
          at Array.forEach (<anonymous>)
          at Array.forEach (<anonymous>)

    console.log
      ­ƒôì Route: ^\/api\/training\/?(?=\/|$)/drills/:id

      at log (server.js:448:17)
          at Array.forEach (<anonymous>)
          at Array.forEach (<anonymous>)

    console.log
      ­ƒôì Route: ^\/api\/training\/?(?=\/|$)/drills/:id

      at log (server.js:448:17)
          at Array.forEach (<anonymous>)
          at Array.forEach (<anonymous>)

    console.log
      ­ƒôì Route: ^\/api\/training\/?(?=\/|$)/drills/:id

      at log (server.js:448:17)
          at Array.forEach (<anonymous>)
          at Array.forEach (<anonymous>)

    console.log
      ­ƒôì Route: ^\/api\/training\/?(?=\/|$)/drills/:id/assign

      at log (server.js:448:17)
          at Array.forEach (<anonymous>)
          at Array.forEach (<anonymous>)

    console.log
      ­ƒôì Route: ^\/api\/training\/?(?=\/|$)/my-drills

      at log (server.js:448:17)
          at Array.forEach (<anonymous>)
          at Array.forEach (<anonymous>)

    console.log
      ­ƒôì Route: ^\/api\/training\/?(?=\/|$)/submissions

      at log (server.js:448:17)
          at Array.forEach (<anonymous>)
          at Array.forEach (<anonymous>)

    console.log
      ­ƒôì Route: ^\/api\/training\/?(?=\/|$)/submissions

      at log (server.js:448:17)
          at Array.forEach (<anonymous>)
          at Array.forEach (<anonymous>)

    console.log
      ­ƒôì Route: ^\/api\/training\/?(?=\/|$)/submissions/:id/review

      at log (server.js:448:17)
          at Array.forEach (<anonymous>)
          at Array.forEach (<anonymous>)

    console.log
      ­ƒôì Route: ^\/api\/training\/?(?=\/|$)/skills/:playerId

      at log (server.js:448:17)
          at Array.forEach (<anonymous>)
          at Array.forEach (<anonymous>)

    console.log
      ­ƒôì Route: ^\/api\/training\/?(?=\/|$)/team-progress/:teamId

      at log (server.js:448:17)
          at Array.forEach (<anonymous>)
          at Array.forEach (<anonymous>)

    console.error
      DB Connection Failed: error: password authentication failed for user "clubhub_dev_db_user"
          at C:\Users\Dell\Documents\elitepro\clubhub\backend\node_modules\pg-pool\index.js:45:11
          at processTicksAndRejections (node:internal/process/task_queues:95:5)
          at Object.<anonymous> (C:\Users\Dell\Documents\elitepro\clubhub\backend\tests\full-flow.test.js:28:7) {
        length: 115,
        severity: 'FATAL',
        code: '28P01',
        detail: undefined,
        hint: undefined,
        position: undefined,
        internalPosition: undefined,
        internalQuery: undefined,
        where: undefined,
        schema: undefined,
        table: undefined,
        column: undefined,
        dataType: undefined,
        constraint: undefined,
        file: 'auth.c',
        line: '320',
        routine: 'auth_failed'
      }

    [0m [90m 28 |[39m       [36mawait[39m pool[33m.[39mquery([32m"SELECT 1"[39m)[33m;[39m
     [90m 29 |[39m     } [36mcatch[39m (err) {
    [31m[1m>[22m[39m[90m 30 |[39m       console[33m.[39merror([32m"DB Connection Failed:"[39m[33m,[39m 
err)[33m;[39m
     [90m    |[39m               [31m[1m^[22m[39m
     [90m 31 |[39m       [36mthrow[39m err[33m;[39m
     [90m 32 |[39m     }
     [90m 33 |[39m[0m

      at Object.error (tests/full-flow.test.js:30:15)

  ÔùÅ Full System Integration Flow ÔÇ║ 1. Register Organization Admin

    error: password authentication failed for user "clubhub_dev_db_user"

    [0m [90m 26 |[39m     [90m// Ensure we are connected to the test database[39m
     [90m 27 |[39m     [36mtry[39m {
    [31m[1m>[22m[39m[90m 28 |[39m       [36mawait[39m pool[33m.[39mquery([32m"SELECT 1"[39m)[33m;[39m
     [90m    |[39m       [31m[1m^[22m[39m
     [90m 29 |[39m     } [36mcatch[39m (err) {
     [90m 30 |[39m       console[33m.[39merror([32m"DB Connection Failed:"[39m[33m,[39m err)[33m;[39m
     [90m 31 |[39m       [36mthrow[39m err[33m;[39m[0m

      at node_modules/pg-pool/index.js:45:11
      at Object.<anonymous> (tests/full-flow.test.js:28:7)

  ÔùÅ Full System Integration Flow ÔÇ║ 2. Create Club (Onboarding)

    error: password authentication failed for user "clubhub_dev_db_user"

    [0m [90m 26 |[39m     [90m// Ensure we are connected to the test database[39m
     [90m 27 |[39m     [36mtry[39m {
    [31m[1m>[22m[39m[90m 28 |[39m       [36mawait[39m pool[33m.[39mquery([32m"SELECT 1"[39m)[33m;[39m
     [90m    |[39m       [31m[1m^[22m[39m
     [90m 29 |[39m     } [36mcatch[39m (err) {
     [90m 30 |[39m       console[33m.[39merror([32m"DB Connection Failed:"[39m[33m,[39m err)[33m;[39m
     [90m 31 |[39m       [36mthrow[39m err[33m;[39m[0m

      at node_modules/pg-pool/index.js:45:11
      at Object.<anonymous> (tests/full-flow.test.js:28:7)

  ÔùÅ Full System Integration Flow ÔÇ║ 3. Create Team

    error: password authentication failed for user "clubhub_dev_db_user"

    [0m [90m 26 |[39m     [90m// Ensure we are connected to the test database[39m
     [90m 27 |[39m     [36mtry[39m {
    [31m[1m>[22m[39m[90m 28 |[39m       [36mawait[39m pool[33m.[39mquery([32m"SELECT 1"[39m)[33m;[39m
     [90m    |[39m       [31m[1m^[22m[39m
     [90m 29 |[39m     } [36mcatch[39m (err) {
     [90m 30 |[39m       console[33m.[39merror([32m"DB Connection Failed:"[39m[33m,[39m err)[33m;[39m
     [90m 31 |[39m       [36mthrow[39m err[33m;[39m[0m

      at node_modules/pg-pool/index.js:45:11
      at Object.<anonymous> (tests/full-flow.test.js:28:7)

  ÔùÅ Full System Integration Flow ÔÇ║ 4. Create Player

    error: password authentication failed for user "clubhub_dev_db_user"

    [0m [90m 26 |[39m     [90m// Ensure we are connected to the test database[39m
     [90m 27 |[39m     [36mtry[39m {
    [31m[1m>[22m[39m[90m 28 |[39m       [36mawait[39m pool[33m.[39mquery([32m"SELECT 1"[39m)[33m;[39m
     [90m    |[39m       [31m[1m^[22m[39m
     [90m 29 |[39m     } [36mcatch[39m (err) {
     [90m 30 |[39m       console[33m.[39merror([32m"DB Connection Failed:"[39m[33m,[39m err)[33m;[39m
     [90m 31 |[39m       [36mthrow[39m err[33m;[39m[0m

      at node_modules/pg-pool/index.js:45:11
      at Object.<anonymous> (tests/full-flow.test.js:28:7)

  ÔùÅ Full System Integration Flow ÔÇ║ 5. Assign Player to Team

    error: password authentication failed for user "clubhub_dev_db_user"

    [0m [90m 26 |[39m     [90m// Ensure we are connected to the test database[39m
     [90m 27 |[39m     [36mtry[39m {
    [31m[1m>[22m[39m[90m 28 |[39m       [36mawait[39m pool[33m.[39mquery([32m"SELECT 1"[39m)[33m;[39m
     [90m    |[39m       [31m[1m^[22m[39m
     [90m 29 |[39m     } [36mcatch[39m (err) {
     [90m 30 |[39m       console[33m.[39merror([32m"DB Connection Failed:"[39m[33m,[39m err)[33m;[39m
     [90m 31 |[39m       [36mthrow[39m err[33m;[39m[0m

      at node_modules/pg-pool/index.js:45:11
      at Object.<anonymous> (tests/full-flow.test.js:28:7)

  ÔùÅ Full System Integration Flow ÔÇ║ 6. Create Event (Match)

    error: password authentication failed for user "clubhub_dev_db_user"

    [0m [90m 26 |[39m     [90m// Ensure we are connected to the test database[39m
     [90m 27 |[39m     [36mtry[39m {
    [31m[1m>[22m[39m[90m 28 |[39m       [36mawait[39m pool[33m.[39mquery([32m"SELECT 1"[39m)[33m;[39m
     [90m    |[39m       [31m[1m^[22m[39m
     [90m 29 |[39m     } [36mcatch[39m (err) {
     [90m 30 |[39m       console[33m.[39merror([32m"DB Connection Failed:"[39m[33m,[39m err)[33m;[39m
     [90m 31 |[39m       [36mthrow[39m err[33m;[39m[0m

      at node_modules/pg-pool/index.js:45:11
      at Object.<anonymous> (tests/full-flow.test.js:28:7)

  ÔùÅ Full System Integration Flow ÔÇ║ 7. Super Admin Visibility (Activity Feed)

    error: password authentication failed for user "clubhub_dev_db_user"

    [0m [90m 26 |[39m     [90m// Ensure we are connected to the test database[39m
     [90m 27 |[39m     [36mtry[39m {
    [31m[1m>[22m[39m[90m 28 |[39m       [36mawait[39m pool[33m.[39mquery([32m"SELECT 1"[39m)[33m;[39m
     [90m    |[39m       [31m[1m^[22m[39m
     [90m 29 |[39m     } [36mcatch[39m (err) {
     [90m 30 |[39m       console[33m.[39merror([32m"DB Connection Failed:"[39m[33m,[39m err)[33m;[39m
     [90m 31 |[39m       [36mthrow[39m err[33m;[39m[0m

      at node_modules/pg-pool/index.js:45:11
      at Object.<anonymous> (tests/full-flow.test.js:28:7)

  ÔùÅ Full System Integration Flow ÔÇ║ 8. Stripe Connection Simulation

    error: password authentication failed for user "clubhub_dev_db_user"

    [0m [90m 26 |[39m     [90m// Ensure we are connected to the test database[39m
     [90m 27 |[39m     [36mtry[39m {
    [31m[1m>[22m[39m[90m 28 |[39m       [36mawait[39m pool[33m.[39mquery([32m"SELECT 1"[39m)[33m;[39m
     [90m    |[39m       [31m[1m^[22m[39m
     [90m 29 |[39m     } [36mcatch[39m (err) {
     [90m 30 |[39m       console[33m.[39merror([32m"DB Connection Failed:"[39m[33m,[39m err)[33m;[39m
     [90m 31 |[39m       [36mthrow[39m err[33m;[39m[0m

      at node_modules/pg-pool/index.js:45:11
      at Object.<anonymous> (tests/full-flow.test.js:28:7)

FAIL tests/auth-access.test.js
  ÔùÅ Console

    console.log
      ­ƒöî DB CONFIG DEBUG: {
        env_db_host: 'localhost',
        env_pghost: undefined,
        env_database_url: undefined,
        config_host: 'localhost'
      }

      at Object.log (config/database.js:4:9)

    console.log
      ­ƒöù Connection String (masked): postgresql://clubhub_dev_db_user:****@localhost:5432/clubhub_dev_db

      at Object.log (config/database.js:14:9)

    console.log
      ÔÜá´©Å  Payment processing is DISABLED. Set ENABLE_PAYMENT_PROCESSING=true in .env to enable.

      at Object.log (middleware/payment-guard.js:20:11)

    console.log
      ­ƒôì Route: /api/run-temp-migration

      at log (server.js:444:13)
          at Array.forEach (<anonymous>)

    console.log
      ­ƒôì Route: *

      at log (server.js:444:13)
          at Array.forEach (<anonymous>)

    console.log
      ­ƒôì Route: /api/test-now

      at log (server.js:444:13)
          at Array.forEach (<anonymous>)

    console.log
      ­ƒôì Route: /health

      at log (server.js:444:13)
          at Array.forEach (<anonymous>)

    console.log
      ­ƒôì Route: /api/health

      at log (server.js:444:13)
          at Array.forEach (<anonymous>)

    console.log
      ­ƒôì Route: /api/public-debug/:id

      at log (server.js:444:13)
          at Array.forEach (<anonymous>)

    console.log
      ­ƒôì Route: ^\/api\/auth\/?(?=\/|$)/register

      at log (server.js:448:17)
          at Array.forEach (<anonymous>)
          at Array.forEach (<anonymous>)

    console.log
      ­ƒôì Route: ^\/api\/auth\/?(?=\/|$)/login

      at log (server.js:448:17)
          at Array.forEach (<anonymous>)
          at Array.forEach (<anonymous>)

    console.log
      ­ƒôì Route: ^\/api\/auth\/?(?=\/|$)/logout

      at log (server.js:448:17)
          at Array.forEach (<anonymous>)
          at Array.forEach (<anonymous>)

    console.log
      ­ƒôì Route: ^\/api\/auth\/?(?=\/|$)/seed-demo-users

      at log (server.js:448:17)
          at Array.forEach (<anonymous>)
          at Array.forEach (<anonymous>)

    console.log
      ­ƒôì Route: ^\/api\/auth\/?(?=\/|$)/me

      at log (server.js:448:17)
          at Array.forEach (<anonymous>)
          at Array.forEach (<anonymous>)

    console.log
      ­ƒôì Route: ^\/api\/auth\/?(?=\/|$)/find-user

      at log (server.js:448:17)
          at Array.forEach (<anonymous>)
          at Array.forEach (<anonymous>)

    console.log
      ­ƒôì Route: ^\/api\/auth\/?(?=\/|$)/add-child

      at log (server.js:448:17)
          at Array.forEach (<anonymous>)
          at Array.forEach (<anonymous>)

    console.log
      ­ƒôì Route: ^\/api\/auth\/?(?=\/|$)/children

      at log (server.js:448:17)
          at Array.forEach (<anonymous>)
          at Array.forEach (<anonymous>)

    console.log
      ­ƒôì Route: ^\/api\/auth\/?(?=\/|$)/children/:childId

      at log (server.js:448:17)
          at Array.forEach (<anonymous>)
          at Array.forEach (<anonymous>)

    console.log
      ­ƒôì Route: ^\/api\/auth\/?(?=\/|$)/organizations

      at log (server.js:448:17)
          at Array.forEach (<anonymous>)
          at Array.forEach (<anonymous>)

    console.log
      ­ƒôì Route: ^\/api\/auth\/?(?=\/|$)/context

      at log (server.js:448:17)
          at Array.forEach (<anonymous>)
          at Array.forEach (<anonymous>)

    console.log
      ­ƒôì Route: ^\/api\/auth\/?(?=\/|$)/switch-organization

      at log (server.js:448:17)
          at Array.forEach (<anonymous>)
          at Array.forEach (<anonymous>)

    console.log
      ­ƒôì Route: ^\/api\/auth\/?(?=\/|$)/profile

      at log (server.js:448:17)
          at Array.forEach (<anonymous>)
          at Array.forEach (<anonymous>)

    console.log
      ­ƒôì Route: ^\/api\/auth\/?(?=\/|$)/profile

      at log (server.js:448:17)
          at Array.forEach (<anonymous>)
          at Array.forEach (<anonymous>)

    console.log
      ­ƒôì Route: ^\/api\/auth\/?(?=\/|$)/gdpr/export

      at log (server.js:448:17)
          at Array.forEach (<anonymous>)
          at Array.forEach (<anonymous>)

    console.log
      ­ƒôì Route: ^\/api\/auth\/?(?=\/|$)/gdpr/delete

      at log (server.js:448:17)
          at Array.forEach (<anonymous>)
          at Array.forEach (<anonymous>)

    console.log
      ­ƒôì Route: ^\/api\/auth\/?(?=\/|$)/forgot-password

      at log (server.js:448:17)
          at Array.forEach (<anonymous>)
          at Array.forEach (<anonymous>)

    console.log
      ­ƒôì Route: ^\/api\/auth\/?(?=\/|$)/reset-password

      at log (server.js:448:17)
          at Array.forEach (<anonymous>)
          at Array.forEach (<anonymous>)

    console.log
      ­ƒôì Route: ^\/api\/auth\/?(?=\/|$)/profile-personal

      at log (server.js:448:17)
          at Array.forEach (<anonymous>)
          at Array.forEach (<anonymous>)

    console.log
      ­ƒôì Route: ^\/api\/auth\/?(?=\/|$)/change-password

      at log (server.js:448:17)
          at Array.forEach (<anonymous>)
          at Array.forEach (<anonymous>)

    console.log
      ­ƒôì Route: ^\/api\/auth\/?(?=\/|$)/settings

      at log (server.js:448:17)
          at Array.forEach (<anonymous>)
          at Array.forEach (<anonymous>)

    console.log
      ­ƒôì Route: ^\/api\/auth\/?(?=\/|$)/settings

      at log (server.js:448:17)
          at Array.forEach (<anonymous>)
          at Array.forEach (<anonymous>)

    console.log
      ­ƒôì Route: ^\/api\/auth\/?(?=\/|$)/account

      at log (server.js:448:17)
          at Array.forEach (<anonymous>)
          at Array.forEach (<anonymous>)

    console.log
      ­ƒôì Route: ^\/api\/auth\/?(?=\/|$)/tours/complete

      at log (server.js:448:17)
          at Array.forEach (<anonymous>)
          at Array.forEach (<anonymous>)

    console.log
      ­ƒôì Route: ^\/api\/auth\/?(?=\/|$)/switch-organization

      at log (server.js:448:17)
          at Array.forEach (<anonymous>)
          at Array.forEach (<anonymous>)

    console.log
      ­ƒôì Route: ^\/api\/auth\/?(?=\/|$)/context

      at log (server.js:448:17)
          at Array.forEach (<anonymous>)
          at Array.forEach (<anonymous>)

    console.log
      ­ƒôì Route: ^\/api\/auth\/?(?=\/|$)/me

      at log (server.js:448:17)
          at Array.forEach (<anonymous>)
          at Array.forEach (<anonymous>)

    console.log
      ­ƒôì Route: ^\/api\/organizations\/?(?=\/|$)/

      at log (server.js:448:17)
          at Array.forEach (<anonymous>)
          at Array.forEach (<anonymous>)

    console.log
      ­ƒôì Route: ^\/api\/organizations\/?(?=\/|$)/:id

      at log (server.js:448:17)
          at Array.forEach (<anonymous>)
          at Array.forEach (<anonymous>)

    console.log
      ­ƒôì Route: ^\/api\/organizations\/?(?=\/|$)/super/:id

      at log (server.js:448:17)
          at Array.forEach (<anonymous>)
          at Array.forEach (<anonymous>)

    console.log
      ­ƒôì Route: ^\/api\/organizations\/?(?=\/|$)/

      at log (server.js:448:17)
          at Array.forEach (<anonymous>)
          at Array.forEach (<anonymous>)

    console.log
      ­ƒôì Route: ^\/api\/organizations\/?(?=\/|$)/:id

      at log (server.js:448:17)
          at Array.forEach (<anonymous>)
          at Array.forEach (<anonymous>)

    console.log
      ­ƒôì Route: ^\/api\/organizations\/?(?=\/|$)/:id

      at log (server.js:448:17)
          at Array.forEach (<anonymous>)
          at Array.forEach (<anonymous>)

    console.log
      ­ƒôì Route: ^\/api\/organizations\/?(?=\/|$)/:id/members

      at log (server.js:448:17)
          at Array.forEach (<anonymous>)
          at Array.forEach (<anonymous>)

    console.log
      ­ƒôì Route: ^\/api\/organizations\/?(?=\/|$)/:id/images

      at log (server.js:448:17)
          at Array.forEach (<anonymous>)
          at Array.forEach (<anonymous>)

    console.log
      ­ƒôì Route: ^\/api\/organizations\/?(?=\/|$)/:id/logo

      at log (server.js:448:17)
          at Array.forEach (<anonymous>)
          at Array.forEach (<anonymous>)

    console.log
      ­ƒôì Route: ^\/api\/organizations\/?(?=\/|$)/:id/images

      at log (server.js:448:17)
          at Array.forEach (<anonymous>)
          at Array.forEach (<anonymous>)

    console.log
      ­ƒôì Route: ^\/api\/invitations\/?(?=\/|$)/:orgId/invite

      at log (server.js:448:17)
          at Array.forEach (<anonymous>)
          at Array.forEach (<anonymous>)

    console.log
      ­ƒôì Route: ^\/api\/invitations\/?(?=\/|$)/:token

      at log (server.js:448:17)
          at Array.forEach (<anonymous>)
          at Array.forEach (<anonymous>)

    console.log
      ­ƒôì Route: ^\/api\/invitations\/?(?=\/|$)/:token/accept

      at log (server.js:448:17)
          at Array.forEach (<anonymous>)
          at Array.forEach (<anonymous>)

    console.log
      ­ƒôì Route: ^\/api\/invitations\/?(?=\/|$)/:token/decline

      at log (server.js:448:17)
          at Array.forEach (<anonymous>)
          at Array.forEach (<anonymous>)

    console.log
      ­ƒôì Route: ^\/api\/invitations\/?(?=\/|$)/:orgId/invitations

      at log (server.js:448:17)
          at Array.forEach (<anonymous>)
          at Array.forEach (<anonymous>)

    console.log
      ­ƒôì Route: ^\/api\/platform-admin\/?(?=\/|$)/stats

      at log (server.js:448:17)
          at Array.forEach (<anonymous>)
          at Array.forEach (<anonymous>)

    console.log
      ­ƒôì Route: ^\/api\/platform-admin\/?(?=\/|$)/organizations

      at log (server.js:448:17)
          at Array.forEach (<anonymous>)
          at Array.forEach (<anonymous>)

    console.log
      ­ƒôì Route: ^\/api\/platform-admin\/?(?=\/|$)/users

      at log (server.js:448:17)
          at Array.forEach (<anonymous>)
          at Array.forEach (<anonymous>)

    console.log
      ­ƒôì Route: ^\/api\/platform-admin\/?(?=\/|$)/stripe/overview

      at log (server.js:448:17)
          at Array.forEach (<anonymous>)
          at Array.forEach (<anonymous>)

    console.log
      ­ƒôì Route: ^\/api\/platform-admin\/?(?=\/|$)/organization/:id

      at log (server.js:448:17)
          at Array.forEach (<anonymous>)
          at Array.forEach (<anonymous>)

    console.log
      ­ƒôì Route: ^\/api\/platform-admin\/?(?=\/|$)/organizations/:id/status

      at log (server.js:448:17)
          at Array.forEach (<anonymous>)
          at Array.forEach (<anonymous>)

    console.log
      ­ƒôì Route: ^\/api\/platform-admin\/?(?=\/|$)/organizations/:id

      at log (server.js:448:17)
          at Array.forEach (<anonymous>)
          at Array.forEach (<anonymous>)

    console.log
      ­ƒôì Route: ^\/api\/platform-admin\/?(?=\/|$)/set-admin/:userId

      at log (server.js:448:17)
          at Array.forEach (<anonymous>)
          at Array.forEach (<anonymous>)

    console.log
      ­ƒôì Route: ^\/api\/platform-admin\/?(?=\/|$)/activity

      at log (server.js:448:17)
          at Array.forEach (<anonymous>)
          at Array.forEach (<anonymous>)

    console.log
      ­ƒôì Route: ^\/api\/platform-admin\/?(?=\/|$)/users

      at log (server.js:448:17)
          at Array.forEach (<anonymous>)
          at Array.forEach (<anonymous>)

    console.log
      ­ƒôì Route: ^\/api\/platform-admin\/?(?=\/|$)/users/:userId/status

      at log (server.js:448:17)
          at Array.forEach (<anonymous>)
          at Array.forEach (<anonymous>)

    console.log
      ­ƒôì Route: ^\/api\/platform-admin\/?(?=\/|$)/users/:userId

      at log (server.js:448:17)
          at Array.forEach (<anonymous>)
          at Array.forEach (<anonymous>)

    console.log
      ­ƒôì Route: ^\/api\/platform-admin\/?(?=\/|$)/generate-mock-data

      at log (server.js:448:17)
          at Array.forEach (<anonymous>)
          at Array.forEach (<anonymous>)

    console.log
      ­ƒôì Route: ^\/api\/platform-admin\/?(?=\/|$)/onboard-club

      at log (server.js:448:17)
          at Array.forEach (<anonymous>)
          at Array.forEach (<anonymous>)

    console.log
      ­ƒôì Route: ^\/api\/platform-admin\/?(?=\/|$)/scout-verifications

      at log (server.js:448:17)
          at Array.forEach (<anonymous>)
          at Array.forEach (<anonymous>)

    console.log
      ­ƒôì Route: ^\/api\/platform-admin\/?(?=\/|$)/scout-verifications/:id/resolve

      at log (server.js:448:17)
          at Array.forEach (<anonymous>)
          at Array.forEach (<anonymous>)

    console.log
      ­ƒôì Route: ^\/api\/clubs\/?(?=\/|$)/

      at log (server.js:448:17)
          at Array.forEach (<anonymous>)
          at Array.forEach (<anonymous>)

    console.log
      ­ƒôì Route: ^\/api\/clubs\/?(?=\/|$)/:id/public-listings

      at log (server.js:448:17)
          at Array.forEach (<anonymous>)
          at Array.forEach (<anonymous>)

    console.log
      ­ƒôì Route: ^\/api\/clubs\/?(?=\/|$)/:id

      at log (server.js:448:17)
          at Array.forEach (<anonymous>)
          at Array.forEach (<anonymous>)

    console.log
      ­ƒôì Route: ^\/api\/clubs\/?(?=\/|$)/:id/claim

      at log (server.js:448:17)
          at Array.forEach (<anonymous>)
          at Array.forEach (<anonymous>)

    console.log
      ­ƒôì Route: ^\/api\/clubs\/?(?=\/|$)/:id/teams

      at log (server.js:448:17)
          at Array.forEach (<anonymous>)
          at Array.forEach (<anonymous>)

    console.log
      ­ƒôì Route: ^\/api\/clubs\/?(?=\/|$)/

      at log (server.js:448:17)
          at Array.forEach (<anonymous>)
          at Array.forEach (<anonymous>)

    console.log
      ­ƒôì Route: ^\/api\/clubs\/?(?=\/|$)/:id

      at log (server.js:448:17)
          at Array.forEach (<anonymous>)
          at Array.forEach (<anonymous>)

    console.log
      ­ƒôì Route: ^\/api\/clubs\/?(?=\/|$)/:id

      at log (server.js:448:17)
          at Array.forEach (<anonymous>)
          at Array.forEach (<anonymous>)

    console.log
      ­ƒôì Route: ^\/api\/clubs\/?(?=\/|$)/:id/apply

      at log (server.js:448:17)
          at Array.forEach (<anonymous>)
          at Array.forEach (<anonymous>)

    console.log
      ­ƒôì Route: ^\/api\/clubs\/?(?=\/|$)/:id/applications

      at log (server.js:448:17)
          at Array.forEach (<anonymous>)
          at Array.forEach (<anonymous>)

    console.log
      ­ƒôì Route: ^\/api\/clubs\/?(?=\/|$)/applications/:applicationId/review

      at log (server.js:448:17)
          at Array.forEach (<anonymous>)
          at Array.forEach (<anonymous>)

    console.log
      ­ƒôì Route: ^\/api\/clubs\/?(?=\/|$)/:id/stats

      at log (server.js:448:17)
          at Array.forEach (<anonymous>)
          at Array.forEach (<anonymous>)

    console.log
      ­ƒôì Route: ^\/api\/clubs\/?(?=\/|$)/:id/images

      at log (server.js:448:17)
          at Array.forEach (<anonymous>)
          at Array.forEach (<anonymous>)

    console.log
      ­ƒôì Route: ^\/api\/clubs\/?(?=\/|$)/:id/images

      at log (server.js:448:17)
          at Array.forEach (<anonymous>)
          at Array.forEach (<anonymous>)

    console.log
      ­ƒôì Route: ^\/api\/clubs\/?(?=\/|$)/:id/reviews

      at log (server.js:448:17)
          at Array.forEach (<anonymous>)
          at Array.forEach (<anonymous>)

    console.log
      ­ƒôì Route: ^\/api\/clubs\/?(?=\/|$)/:id/reviews

      at log (server.js:448:17)
          at Array.forEach (<anonymous>)
          at Array.forEach (<anonymous>)

    console.log
      ­ƒôì Route: ^\/api\/players\/?(?=\/|$)/family

      at log (server.js:448:17)
          at Array.forEach (<anonymous>)
          at Array.forEach (<anonymous>)

    console.log
      ­ƒôì Route: ^\/api\/players\/?(?=\/|$)/

      at log (server.js:448:17)
          at Array.forEach (<anonymous>)
          at Array.forEach (<anonymous>)

    console.log
      ­ƒôì Route: ^\/api\/players\/?(?=\/|$)/filtered/:filter

      at log (server.js:448:17)
          at Array.forEach (<anonymous>)
          at Array.forEach (<anonymous>)

    console.log
      ­ƒôì Route: ^\/api\/players\/?(?=\/|$)/scout

      at log (server.js:448:17)
          at Array.forEach (<anonymous>)
          at Array.forEach (<anonymous>)

    console.log
      ­ƒôì Route: ^\/api\/players\/?(?=\/|$)/:id

      at log (server.js:448:17)
          at Array.forEach (<anonymous>)
          at Array.forEach (<anonymous>)

    console.log
      ­ƒôì Route: ^\/api\/players\/?(?=\/|$)/filtered/:filter

      at log (server.js:448:17)
          at Array.forEach (<anonymous>)
          at Array.forEach (<anonymous>)

    console.log
      ­ƒôì Route: ^\/api\/players\/?(?=\/|$)/

      at log (server.js:448:17)
          at Array.forEach (<anonymous>)
          at Array.forEach (<anonymous>)

    console.log
      ­ƒôì Route: ^\/api\/players\/?(?=\/|$)/:id

      at log (server.js:448:17)
          at Array.forEach (<anonymous>)
          at Array.forEach (<anonymous>)

    console.log
      ­ƒôì Route: ^\/api\/players\/?(?=\/|$)/:id

      at log (server.js:448:17)
          at Array.forEach (<anonymous>)
          at Array.forEach (<anonymous>)

    console.log
      ­ƒôì Route: ^\/api\/players\/?(?=\/|$)/:id/stats

      at log (server.js:448:17)
          at Array.forEach (<anonymous>)
          at Array.forEach (<anonymous>)

    console.log
      ­ƒôì Route: ^\/api\/players\/?(?=\/|$)/:id/payment-status

      at log (server.js:448:17)
          at Array.forEach (<anonymous>)
          at Array.forEach (<anonymous>)

    console.log
      ­ƒôì Route: ^\/api\/players\/?(?=\/|$)/child

      at log (server.js:448:17)
          at Array.forEach (<anonymous>)
          at Array.forEach (<anonymous>)

    console.log
      ­ƒôì Route: ^\/api\/players\/?(?=\/|$)/child/:id

      at log (server.js:448:17)
          at Array.forEach (<anonymous>)
          at Array.forEach (<anonymous>)

    console.log
      ­ƒôì Route: ^\/api\/players\/?(?=\/|$)/:id/history

      at log (server.js:448:17)
          at Array.forEach (<anonymous>)
          at Array.forEach (<anonymous>)

    console.log
      ­ƒôì Route: ^\/api\/players\/?(?=\/|$)/:id/history

      at log (server.js:448:17)
          at Array.forEach (<anonymous>)
          at Array.forEach (<anonymous>)

    console.log
      ­ƒôì Route: ^\/api\/players\/?(?=\/|$)/history/:historyId

      at log (server.js:448:17)
          at Array.forEach (<anonymous>)
          at Array.forEach (<anonymous>)

    console.log
      ­ƒôì Route: ^\/api\/players\/?(?=\/|$)/:id/history

      at log (server.js:448:17)
          at Array.forEach (<anonymous>)
          at Array.forEach (<anonymous>)

    console.log
      ­ƒôì Route: ^\/api\/players\/?(?=\/|$)/:id/history

      at log (server.js:448:17)
          at Array.forEach (<anonymous>)
          at Array.forEach (<anonymous>)

    console.log
      ­ƒôì Route: ^\/api\/players\/?(?=\/|$)/:id/history/:historyId

      at log (server.js:448:17)
          at Array.forEach (<anonymous>)
          at Array.forEach (<anonymous>)

    console.log
      ­ƒôì Route: ^\/api\/players\/?(?=\/|$)/:id/stats

      at log (server.js:448:17)
          at Array.forEach (<anonymous>)
          at Array.forEach (<anonymous>)

    console.log
      ­ƒôì Route: ^\/api\/players\/?(?=\/|$)/:id/activities

      at log (server.js:448:17)
          at Array.forEach (<anonymous>)
          at Array.forEach (<anonymous>)

    console.log
      ­ƒôì Route: ^\/api\/staff\/?(?=\/|$)/

      at log (server.js:448:17)
          at Array.forEach (<anonymous>)
          at Array.forEach (<anonymous>)

    console.log
      ­ƒôì Route: ^\/api\/staff\/?(?=\/|$)/:id

      at log (server.js:448:17)
          at Array.forEach (<anonymous>)
          at Array.forEach (<anonymous>)

    console.log
      ­ƒôì Route: ^\/api\/staff\/?(?=\/|$)/:id/performance

      at log (server.js:448:17)
          at Array.forEach (<anonymous>)
          at Array.forEach (<anonymous>)

    console.log
      ­ƒôì Route: ^\/api\/staff\/?(?=\/|$)/:id/role

      at log (server.js:448:17)
          at Array.forEach (<anonymous>)
          at Array.forEach (<anonymous>)

    console.log
      ­ƒôì Route: ^\/api\/staff\/?(?=\/|$)/:id/schedule

      at log (server.js:448:17)
          at Array.forEach (<anonymous>)
          at Array.forEach (<anonymous>)

    console.log
      ­ƒôì Route: ^\/api\/staff\/?(?=\/|$)/

      at log (server.js:448:17)
          at Array.forEach (<anonymous>)
          at Array.forEach (<anonymous>)

    console.log
      ­ƒôì Route: ^\/api\/staff\/?(?=\/|$)/:id

      at log (server.js:448:17)
          at Array.forEach (<anonymous>)
          at Array.forEach (<anonymous>)

    console.log
      ­ƒôì Route: ^\/api\/staff\/?(?=\/|$)/:id

      at log (server.js:448:17)
          at Array.forEach (<anonymous>)
          at Array.forEach (<anonymous>)

    console.log
      ­ƒôì Route: ^\/api\/staff\/?(?=\/|$)/club/:clubId

      at log (server.js:448:17)
          at Array.forEach (<anonymous>)
          at Array.forEach (<anonymous>)

    console.log
      ­ƒôì Route: ^\/api\/staff\/?(?=\/|$)/:id/permissions

      at log (server.js:448:17)
          at Array.forEach (<anonymous>)
          at Array.forEach (<anonymous>)

    console.log
      ­ƒôì Route: ^\/api\/staff\/?(?=\/|$)/:id/dashboard

      at log (server.js:448:17)
          at Array.forEach (<anonymous>)
          at Array.forEach (<anonymous>)

    console.log
      ­ƒôì Route: ^\/api\/staff\/?(?=\/|$)/:id/performance

      at log (server.js:448:17)
          at Array.forEach (<anonymous>)
          at Array.forEach (<anonymous>)

    console.log
      ­ƒôì Route: ^\/api\/staff\/?(?=\/|$)/:id/role

      at log (server.js:448:17)
          at Array.forEach (<anonymous>)
          at Array.forEach (<anonymous>)

    console.log
      ­ƒôì Route: ^\/api\/staff\/?(?=\/|$)/:id/schedule

      at log (server.js:448:17)
          at Array.forEach (<anonymous>)
          at Array.forEach (<anonymous>)

    console.log
      ­ƒôì Route: ^\/api\/staff\/?(?=\/|$)/:id/verify-scout

      at log (server.js:448:17)
          at Array.forEach (<anonymous>)
          at Array.forEach (<anonymous>)

    console.log
      ­ƒôì Route: ^\/api\/teams\/?(?=\/|$)/

      at log (server.js:448:17)
          at Array.forEach (<anonymous>)
          at Array.forEach (<anonymous>)

    console.log
      ­ƒôì Route: ^\/api\/teams\/?(?=\/|$)/player/:userId

      at log (server.js:448:17)
          at Array.forEach (<anonymous>)
          at Array.forEach (<anonymous>)

    console.log
      ­ƒôì Route: ^\/api\/teams\/?(?=\/|$)/:id

      at log (server.js:448:17)
          at Array.forEach (<anonymous>)
          at Array.forEach (<anonymous>)

    console.log
      ­ƒôì Route: ^\/api\/teams\/?(?=\/|$)/

      at log (server.js:448:17)
          at Array.forEach (<anonymous>)
          at Array.forEach (<anonymous>)

    console.log
      ­ƒôì Route: ^\/api\/teams\/?(?=\/|$)/:id

      at log (server.js:448:17)
          at Array.forEach (<anonymous>)
          at Array.forEach (<anonymous>)

    console.log
      ­ƒôì Route: ^\/api\/teams\/?(?=\/|$)/:id

      at log (server.js:448:17)
          at Array.forEach (<anonymous>)
          at Array.forEach (<anonymous>)

    console.log
      ­ƒôì Route: ^\/api\/teams\/?(?=\/|$)/:id/players

      at log (server.js:448:17)
          at Array.forEach (<anonymous>)
          at Array.forEach (<anonymous>)

    console.log
      ­ƒôì Route: ^\/api\/teams\/?(?=\/|$)/:id/players/:playerId

      at log (server.js:448:17)
          at Array.forEach (<anonymous>)
          at Array.forEach (<anonymous>)

    console.log
      ­ƒôì Route: ^\/api\/teams\/?(?=\/|$)/:id/stats

      at log (server.js:448:17)
          at Array.forEach (<anonymous>)
          at Array.forEach (<anonymous>)

    console.log
      ­ƒôì Route: ^\/api\/teams\/?(?=\/|$)/:id/availability

      at log (server.js:448:17)
          at Array.forEach (<anonymous>)
          at Array.forEach (<anonymous>)

    console.log
      ­ƒôì Route: ^\/api\/teams\/?(?=\/|$)/:id/dashboard

      at log (server.js:448:17)
          at Array.forEach (<anonymous>)
          at Array.forEach (<anonymous>)

    console.log
      ­ƒôì Route: ^\/api\/events\/?(?=\/|$)/

      at log (server.js:448:17)
          at Array.forEach (<anonymous>)
          at Array.forEach (<anonymous>)

    console.log
      ­ƒôì Route: ^\/api\/events\/?(?=\/|$)/:id

      at log (server.js:448:17)
          at Array.forEach (<anonymous>)
          at Array.forEach (<anonymous>)

    console.log
      ­ƒôì Route: ^\/api\/events\/?(?=\/|$)/

      at log (server.js:448:17)
          at Array.forEach (<anonymous>)
          at Array.forEach (<anonymous>)

    console.log
      ­ƒôì Route: ^\/api\/events\/?(?=\/|$)/:id

      at log (server.js:448:17)
          at Array.forEach (<anonymous>)
          at Array.forEach (<anonymous>)

    console.log
      ­ƒôì Route: ^\/api\/events\/?(?=\/|$)/:id

      at log (server.js:448:17)
          at Array.forEach (<anonymous>)
          at Array.forEach (<anonymous>)

    console.log
      ­ƒôì Route: ^\/api\/events\/?(?=\/|$)/:id/book

      at log (server.js:448:17)
          at Array.forEach (<anonymous>)
          at Array.forEach (<anonymous>)

    console.log
      ­ƒôì Route: ^\/api\/events\/?(?=\/|$)/bookings/:bookingId/cancel

      at log (server.js:448:17)
          at Array.forEach (<anonymous>)
          at Array.forEach (<anonymous>)

    console.log
      ­ƒôì Route: ^\/api\/events\/?(?=\/|$)/:id/bookings

      at log (server.js:448:17)
          at Array.forEach (<anonymous>)
          at Array.forEach (<anonymous>)

    console.log
      ­ƒôì Route: ^\/api\/events\/?(?=\/|$)/bookings/my-bookings

      at log (server.js:448:17)
          at Array.forEach (<anonymous>)
          at Array.forEach (<anonymous>)

    console.log
      ­ƒôì Route: ^\/api\/events\/?(?=\/|$)/:id/roster

      at log (server.js:448:17)
          at Array.forEach (<anonymous>)
          at Array.forEach (<anonymous>)

    console.log
      ­ƒôì Route: ^\/api\/events\/?(?=\/|$)/:id/nudge

      at log (server.js:448:17)
          at Array.forEach (<anonymous>)
          at Array.forEach (<anonymous>)

    console.log
      ­ƒôì Route: ^\/api\/events\/?(?=\/|$)/:id/availability

      at log (server.js:448:17)
          at Array.forEach (<anonymous>)
          at Array.forEach (<anonymous>)

    console.log
      ­ƒôì Route: ^\/api\/events\/?(?=\/|$)/:id/availability/override

      at log (server.js:448:17)
          at Array.forEach (<anonymous>)
          at Array.forEach (<anonymous>)

    console.log
      ­ƒôì Route: ^\/api\/events\/?(?=\/|$)/:id/availability

      at log (server.js:448:17)
          at Array.forEach (<anonymous>)
          at Array.forEach (<anonymous>)

    console.log
      ­ƒôì Route: ^\/api\/events\/?(?=\/|$)/:id/notify

      at log (server.js:448:17)
          at Array.forEach (<anonymous>)
          at Array.forEach (<anonymous>)

    console.log
      ­ƒôì Route: ^\/api\/events\/?(?=\/|$)/:id

      at log (server.js:448:17)
          at Array.forEach (<anonymous>)
          at Array.forEach (<anonymous>)

    console.log
      ­ƒôì Route: ^\/api\/events\/?(?=\/|$)/:id/checkin

      at log (server.js:448:17)
          at Array.forEach (<anonymous>)
          at Array.forEach (<anonymous>)

    console.log
      ­ƒôì Route: ^\/api\/events\/?(?=\/|$)/:id/checkins

      at log (server.js:448:17)
          at Array.forEach (<anonymous>)
          at Array.forEach (<anonymous>)

    console.log
      ­ƒôì Route: ^\/api\/events\/?(?=\/|$)/:id/result

      at log (server.js:448:17)
          at Array.forEach (<anonymous>)
          at Array.forEach (<anonymous>)

    console.log
      ­ƒôì Route: ^\/api\/events\/?(?=\/|$)/:id/groups

      at log (server.js:448:17)
          at Array.forEach (<anonymous>)
          at Array.forEach (<anonymous>)

    console.log
      ­ƒôì Route: ^\/api\/events\/?(?=\/|$)/:id/players

      at log (server.js:448:17)
          at Array.forEach (<anonymous>)
          at Array.forEach (<anonymous>)

    console.log
      ­ƒôì Route: ^\/api\/events\/?(?=\/|$)/:id/groups

      at log (server.js:448:17)
          at Array.forEach (<anonymous>)
          at Array.forEach (<anonymous>)

    console.log
      ­ƒôì Route: ^\/api\/events\/?(?=\/|$)/:id/assign-group

      at log (server.js:448:17)
          at Array.forEach (<anonymous>)
          at Array.forEach (<anonymous>)

    console.log
      ­ƒôì Route: ^\/api\/events\/?(?=\/|$)/:id/bibs

      at log (server.js:448:17)
          at Array.forEach (<anonymous>)
          at Array.forEach (<anonymous>)

    console.log
      ­ƒôì Route: ^\/api\/events\/?(?=\/|$)/:id/export

      at log (server.js:448:17)
          at Array.forEach (<anonymous>)
          at Array.forEach (<anonymous>)

    console.log
      ­ƒôì Route: ^\/api\/events\/?(?=\/|$)/:id/checkin

      at log (server.js:448:17)
          at Array.forEach (<anonymous>)
          at Array.forEach (<anonymous>)

    console.log
      ­ƒôì Route: ^\/api\/events\/?(?=\/|$)/:id/results

      at log (server.js:448:17)
          at Array.forEach (<anonymous>)
          at Array.forEach (<anonymous>)

    console.log
      ­ƒôì Route: ^\/api\/events\/?(?=\/|$)/:id/player-stats

      at log (server.js:448:17)
          at Array.forEach (<anonymous>)
          at Array.forEach (<anonymous>)

    console.log
      ­ƒôì Route: ^\/api\/payments\/?(?=\/|$)/config

      at log (server.js:448:17)
          at Array.forEach (<anonymous>)
          at Array.forEach (<anonymous>)

    console.log
      ­ƒôì Route: ^\/api\/payments\/?(?=\/|$)/stripe/connect/status

      at log (server.js:448:17)
          at Array.forEach (<anonymous>)
          at Array.forEach (<anonymous>)

    console.log
      ­ƒôì Route: ^\/api\/payments\/?(?=\/|$)/stripe/connect/onboard

      at log (server.js:448:17)
          at Array.forEach (<anonymous>)
          at Array.forEach (<anonymous>)

    console.log
      ­ƒôì Route: ^\/api\/payments\/?(?=\/|$)/stripe/connect/manage

      at log (server.js:448:17)
          at Array.forEach (<anonymous>)
          at Array.forEach (<anonymous>)

    console.log
      ­ƒôì Route: ^\/api\/payments\/?(?=\/|$)/health

      at log (server.js:448:17)
          at Array.forEach (<anonymous>)
          at Array.forEach (<anonymous>)

    console.log
      ­ƒôì Route: ^\/api\/payments\/?(?=\/|$)/plans

      at log (server.js:448:17)
          at Array.forEach (<anonymous>)
          at Array.forEach (<anonymous>)

    console.log
      ­ƒôì Route: ^\/api\/payments\/?(?=\/|$)/plans/import

      at log (server.js:448:17)
          at Array.forEach (<anonymous>)
          at Array.forEach (<anonymous>)

    console.log
      ­ƒôì Route: ^\/api\/payments\/?(?=\/|$)/plans

      at log (server.js:448:17)
          at Array.forEach (<anonymous>)
          at Array.forEach (<anonymous>)

    console.log
      ­ƒôì Route: ^\/api\/payments\/?(?=\/|$)/plans/:id

      at log (server.js:448:17)
          at Array.forEach (<anonymous>)
          at Array.forEach (<anonymous>)

    console.log
      ­ƒôì Route: ^\/api\/payments\/?(?=\/|$)/plans/:id

      at log (server.js:448:17)
          at Array.forEach (<anonymous>)
          at Array.forEach (<anonymous>)

    console.log
      ­ƒôì Route: ^\/api\/payments\/?(?=\/|$)/plan/current

      at log (server.js:448:17)
          at Array.forEach (<anonymous>)
          at Array.forEach (<anonymous>)

    console.log
      ­ƒôì Route: ^\/api\/payments\/?(?=\/|$)/plan/assign

      at log (server.js:448:17)
          at Array.forEach (<anonymous>)
          at Array.forEach (<anonymous>)

    console.log
      ­ƒôì Route: ^\/api\/payments\/?(?=\/|$)/bulk-assign-plan-legacy

      at log (server.js:448:17)
          at Array.forEach (<anonymous>)
          at Array.forEach (<anonymous>)

    console.log
      ­ƒôì Route: ^\/api\/payments\/?(?=\/|$)/plan/cancel

      at log (server.js:448:17)
          at Array.forEach (<anonymous>)
          at Array.forEach (<anonymous>)

    console.log
      ­ƒôì Route: ^\/api\/payments\/?(?=\/|$)/

      at log (server.js:448:17)
          at Array.forEach (<anonymous>)
          at Array.forEach (<anonymous>)

    console.log
      ­ƒôì Route: ^\/api\/payments\/?(?=\/|$)/create-intent

      at log (server.js:448:17)
          at Array.forEach (<anonymous>)
          at Array.forEach (<anonymous>)

    console.log
      ­ƒôì Route: ^\/api\/payments\/?(?=\/|$)/confirm-payment

      at log (server.js:448:17)
          at Array.forEach (<anonymous>)
          at Array.forEach (<anonymous>)

    console.log
      ­ƒôì Route: ^\/api\/payments\/?(?=\/|$)/public/:id

      at log (server.js:448:17)
          at Array.forEach (<anonymous>)
          at Array.forEach (<anonymous>)

    console.log
      ­ƒôì Route: ^\/api\/payments\/?(?=\/|$)/:id/payment-link

      at log (server.js:448:17)
          at Array.forEach (<anonymous>)
          at Array.forEach (<anonymous>)

    console.log
      ­ƒôì Route: ^\/api\/payments\/?(?=\/|$)/book-event

      at log (server.js:448:17)
          at Array.forEach (<anonymous>)
          at Array.forEach (<anonymous>)

    console.log
      ­ƒôì Route: ^\/api\/payments\/?(?=\/|$)/

      at log (server.js:448:17)
          at Array.forEach (<anonymous>)
          at Array.forEach (<anonymous>)

    console.log
      ­ƒôì Route: ^\/api\/payments\/?(?=\/|$)/assign-player-plan

      at log (server.js:448:17)
          at Array.forEach (<anonymous>)
          at Array.forEach (<anonymous>)

    console.log
      ­ƒôì Route: ^\/api\/payments\/?(?=\/|$)/bulk-assign-plan

      at log (server.js:448:17)
          at Array.forEach (<anonymous>)
          at Array.forEach (<anonymous>)

    console.log
      ­ƒôì Route: ^\/api\/payments\/?(?=\/|$)/cleanup

      at log (server.js:448:17)
          at Array.forEach (<anonymous>)
          at Array.forEach (<anonymous>)

    console.log
      ­ƒôì Route: ^\/api\/stripe-payouts\/?(?=\/|$)/configure-payout/:accountId

      at log (server.js:448:17)
          at Array.forEach (<anonymous>)
          at Array.forEach (<anonymous>)

    console.log
      ­ƒôì Route: ^\/api\/stripe-payouts\/?(?=\/|$)/payout-schedule/:accountId

      at log (server.js:448:17)
          at Array.forEach (<anonymous>)
          at Array.forEach (<anonymous>)

    console.log
      ­ƒôì Route: ^\/api\/stripe-payouts\/?(?=\/|$)/configure-all-payouts

      at log (server.js:448:17)
          at Array.forEach (<anonymous>)
          at Array.forEach (<anonymous>)

    console.log
      ­ƒôì Route: ^\/api\/stripe-payouts\/?(?=\/|$)/manual-payout/:accountId

      at log (server.js:448:17)
          at Array.forEach (<anonymous>)
          at Array.forEach (<anonymous>)

    console.log
      ­ƒôì Route: ^\/api\/dashboard\/?(?=\/|$)/admin

      at log (server.js:448:17)
          at Array.forEach (<anonymous>)
          at Array.forEach (<anonymous>)

    console.log
      ­ƒôì Route: ^\/api\/dashboard\/?(?=\/|$)/player

      at log (server.js:448:17)
          at Array.forEach (<anonymous>)
          at Array.forEach (<anonymous>)

    console.log
      ­ƒôì Route: ^\/api\/dashboard\/?(?=\/|$)/invitations/:orgId/accept

      at log (server.js:448:17)
          at Array.forEach (<anonymous>)
          at Array.forEach (<anonymous>)

    console.log
      ­ƒôì Route: ^\/api\/dashboard\/?(?=\/|$)/invitations/:orgId/decline

      at log (server.js:448:17)
          at Array.forEach (<anonymous>)
          at Array.forEach (<anonymous>)

    console.log
      ­ƒôì Route: ^\/api\/invites\/?(?=\/|$)/generate

      at log (server.js:448:17)
          at Array.forEach (<anonymous>)
          at Array.forEach (<anonymous>)

    console.log
      ­ƒôì Route: ^\/api\/invites\/?(?=\/|$)/details/:token

      at log (server.js:448:17)
          at Array.forEach (<anonymous>)
          at Array.forEach (<anonymous>)

    console.log
      ­ƒôì Route: ^\/api\/invites\/?(?=\/|$)/accept/:token

      at log (server.js:448:17)
          at Array.forEach (<anonymous>)
          at Array.forEach (<anonymous>)

    console.log
      ­ƒôì Route: ^\/api\/invites\/?(?=\/|$)/decline/:token

      at log (server.js:448:17)
          at Array.forEach (<anonymous>)
          at Array.forEach (<anonymous>)

    console.log
      ­ƒôì Route: ^\/api\/invites\/?(?=\/|$)/sent

      at log (server.js:448:17)
          at Array.forEach (<anonymous>)
          at Array.forEach (<anonymous>)

    console.log
      ­ƒôì Route: ^\/api\/products\/?(?=\/|$)/

      at log (server.js:448:17)
          at Array.forEach (<anonymous>)
          at Array.forEach (<anonymous>)

    console.log
      ­ƒôì Route: ^\/api\/products\/?(?=\/|$)/

      at log (server.js:448:17)
          at Array.forEach (<anonymous>)
          at Array.forEach (<anonymous>)

    console.log
      ­ƒôì Route: ^\/api\/products\/?(?=\/|$)/purchase

      at log (server.js:448:17)
          at Array.forEach (<anonymous>)
          at Array.forEach (<anonymous>)

    console.log
      ­ƒôì Route: ^\/api\/products\/?(?=\/|$)/:id

      at log (server.js:448:17)
          at Array.forEach (<anonymous>)
          at Array.forEach (<anonymous>)

    console.log
      ­ƒôì Route: ^\/api\/products\/?(?=\/|$)/:id

      at log (server.js:448:17)
          at Array.forEach (<anonymous>)
          at Array.forEach (<anonymous>)

    console.log
      ­ƒôì Route: ^\/api\/campaigns\/?(?=\/|$)/

      at log (server.js:448:17)
          at Array.forEach (<anonymous>)
          at Array.forEach (<anonymous>)

    console.log
      ­ƒôì Route: ^\/api\/campaigns\/?(?=\/|$)/

      at log (server.js:448:17)
          at Array.forEach (<anonymous>)
          at Array.forEach (<anonymous>)

    console.log
      ­ƒôì Route: ^\/api\/campaigns\/?(?=\/|$)/:id/send

      at log (server.js:448:17)
          at Array.forEach (<anonymous>)
          at Array.forEach (<anonymous>)

    console.log
      ­ƒôì Route: ^\/api\/listings\/?(?=\/|$)/

      at log (server.js:448:17)
          at Array.forEach (<anonymous>)
          at Array.forEach (<anonymous>)

    console.log
      ­ƒôì Route: ^\/api\/listings\/?(?=\/|$)/

      at log (server.js:448:17)
          at Array.forEach (<anonymous>)
          at Array.forEach (<anonymous>)

    console.log
      ­ƒôì Route: ^\/api\/listings\/?(?=\/|$)/:id/applications

      at log (server.js:448:17)
          at Array.forEach (<anonymous>)
          at Array.forEach (<anonymous>)

    console.log
      ­ƒôì Route: ^\/api\/listings\/?(?=\/|$)/applications/:id/status

      at log (server.js:448:17)
          at Array.forEach (<anonymous>)
          at Array.forEach (<anonymous>)

    console.log
      ­ƒôì Route: ^\/api\/listings\/?(?=\/|$)/applications/:id/invite

      at log (server.js:448:17)
          at Array.forEach (<anonymous>)
          at Array.forEach (<anonymous>)

    console.log
      ­ƒôì Route: ^\/api\/listings\/?(?=\/|$)/:id

      at log (server.js:448:17)
          at Array.forEach (<anonymous>)
          at Array.forEach (<anonymous>)

    console.log
      ­ƒôì Route: ^\/api\/notifications\/?(?=\/|$)/

      at log (server.js:448:17)
          at Array.forEach (<anonymous>)
          at Array.forEach (<anonymous>)

    console.log
      ­ƒôì Route: ^\/api\/notifications\/?(?=\/|$)/

      at log (server.js:448:17)
          at Array.forEach (<anonymous>)
          at Array.forEach (<anonymous>)

    console.log
      ­ƒôì Route: ^\/api\/notifications\/?(?=\/|$)/:id/read

      at log (server.js:448:17)
          at Array.forEach (<anonymous>)
          at Array.forEach (<anonymous>)

    console.log
      ­ƒôì Route: ^\/api\/notifications\/?(?=\/|$)/read-all

      at log (server.js:448:17)
          at Array.forEach (<anonymous>)
          at Array.forEach (<anonymous>)

    console.log
      ­ƒôì Route: ^\/api\/debug\/?(?=\/|$)/check-org/:id

      at log (server.js:448:17)
          at Array.forEach (<anonymous>)
          at Array.forEach (<anonymous>)

    console.log
      ­ƒôì Route: ^\/api\/talent-id\/?(?=\/|$)/register

      at log (server.js:448:17)
          at Array.forEach (<anonymous>)
          at Array.forEach (<anonymous>)

    console.log
      ­ƒôì Route: ^\/api\/talent-id\/?(?=\/|$)/events/:id/dashboard

      at log (server.js:448:17)
          at Array.forEach (<anonymous>)
          at Array.forEach (<anonymous>)

    console.log
      ­ƒôì Route: ^\/api\/talent-id\/?(?=\/|$)/events/:id/schedule

      at log (server.js:448:17)
          at Array.forEach (<anonymous>)
          at Array.forEach (<anonymous>)

    console.log
      ­ƒôì Route: ^\/api\/talent-id\/?(?=\/|$)/bibs/batch

      at log (server.js:448:17)
          at Array.forEach (<anonymous>)
          at Array.forEach (<anonymous>)

    console.log
      ­ƒôì Route: ^\/api\/talent-id\/?(?=\/|$)/events/:id/groups

      at log (server.js:448:17)
          at Array.forEach (<anonymous>)
          at Array.forEach (<anonymous>)

    console.log
      ­ƒôì Route: ^\/api\/talent-id\/?(?=\/|$)/events/:id/auto-assign

      at log (server.js:448:17)
          at Array.forEach (<anonymous>)
          at Array.forEach (<anonymous>)

    console.log
      ­ƒôì Route: ^\/api\/talent-id\/?(?=\/|$)/registrations/:id/checkin

      at log (server.js:448:17)
          at Array.forEach (<anonymous>)
          at Array.forEach (<anonymous>)

    console.log
      ­ƒôì Route: ^\/api\/scouting\/?(?=\/|$)/reports

      at log (server.js:448:17)
          at Array.forEach (<anonymous>)
          at Array.forEach (<anonymous>)

    console.log
      ­ƒôì Route: ^\/api\/scouting\/?(?=\/|$)/reports

      at log (server.js:448:17)
          at Array.forEach (<anonymous>)
          at Array.forEach (<anonymous>)

    console.log
      ­ƒôì Route: ^\/api\/scouting\/?(?=\/|$)/assignments

      at log (server.js:448:17)
          at Array.forEach (<anonymous>)
          at Array.forEach (<anonymous>)

    console.log
      ­ƒôì Route: ^\/api\/scouting\/?(?=\/|$)/contact-requests

      at log (server.js:448:17)
          at Array.forEach (<anonymous>)
          at Array.forEach (<anonymous>)

    console.log
      ­ƒôì Route: ^\/api\/scouting\/?(?=\/|$)/analytics

      at log (server.js:448:17)
          at Array.forEach (<anonymous>)
          at Array.forEach (<anonymous>)

    console.log
      ­ƒôì Route: ^\/api\/scouting\/?(?=\/|$)/verify-me

      at log (server.js:448:17)
          at Array.forEach (<anonymous>)
          at Array.forEach (<anonymous>)

    console.log
      ­ƒôì Route: ^\/api\/scouting\/?(?=\/|$)/watchlist

      at log (server.js:448:17)
          at Array.forEach (<anonymous>)
          at Array.forEach (<anonymous>)

    console.log
      ­ƒôì Route: ^\/api\/scouting\/?(?=\/|$)/watchlist

      at log (server.js:448:17)
          at Array.forEach (<anonymous>)
          at Array.forEach (<anonymous>)

    console.log
      ­ƒôì Route: ^\/api\/scouting\/?(?=\/|$)/watchlist/:playerId

      at log (server.js:448:17)
          at Array.forEach (<anonymous>)
          at Array.forEach (<anonymous>)

    console.log
      ­ƒôì Route: ^\/api\/scouting\/?(?=\/|$)/medical/:id

      at log (server.js:448:17)
          at Array.forEach (<anonymous>)
          at Array.forEach (<anonymous>)

    console.log
      ­ƒôì Route: ^\/api\/venues\/?(?=\/|$)/

      at log (server.js:448:17)
          at Array.forEach (<anonymous>)
          at Array.forEach (<anonymous>)

    console.log
      ­ƒôì Route: ^\/api\/venues\/?(?=\/|$)/:id

      at log (server.js:448:17)
          at Array.forEach (<anonymous>)
          at Array.forEach (<anonymous>)

    console.log
      ­ƒôì Route: ^\/api\/venues\/?(?=\/|$)/

      at log (server.js:448:17)
          at Array.forEach (<anonymous>)
          at Array.forEach (<anonymous>)

    console.log
      ­ƒôì Route: ^\/api\/venues\/?(?=\/|$)/:id/availability

      at log (server.js:448:17)
          at Array.forEach (<anonymous>)
          at Array.forEach (<anonymous>)

    console.log
      ­ƒôì Route: ^\/api\/venues\/?(?=\/|$)/:id/documents

      at log (server.js:448:17)
          at Array.forEach (<anonymous>)
          at Array.forEach (<anonymous>)

    console.log
      ­ƒôì Route: ^\/api\/venues\/?(?=\/|$)/:id/book

      at log (server.js:448:17)
          at Array.forEach (<anonymous>)
          at Array.forEach (<anonymous>)

    console.log
      ­ƒôì Route: ^\/api\/venues\/?(?=\/|$)/bookings/my

      at log (server.js:448:17)
          at Array.forEach (<anonymous>)
          at Array.forEach (<anonymous>)

    console.log
      ­ƒôì Route: ^\/api\/venues\/?(?=\/|$)/bookings/:id/status

      at log (server.js:448:17)
          at Array.forEach (<anonymous>)
          at Array.forEach (<anonymous>)

    console.log
      ­ƒôì Route: ^\/api\/leagues\/?(?=\/|$)/

      at log (server.js:448:17)
          at Array.forEach (<anonymous>)
          at Array.forEach (<anonymous>)

    console.log
      ­ƒôì Route: ^\/api\/leagues\/?(?=\/|$)/

      at log (server.js:448:17)
          at Array.forEach (<anonymous>)
          at Array.forEach (<anonymous>)

    console.log
      ­ƒôì Route: ^\/api\/leagues\/?(?=\/|$)/:id

      at log (server.js:448:17)
          at Array.forEach (<anonymous>)
          at Array.forEach (<anonymous>)

    console.log
      ­ƒôì Route: ^\/api\/leagues\/?(?=\/|$)/:id/standings

      at log (server.js:448:17)
          at Array.forEach (<anonymous>)
          at Array.forEach (<anonymous>)

    console.log
      ­ƒôì Route: ^\/api\/leagues\/?(?=\/|$)/:id/teams

      at log (server.js:448:17)
          at Array.forEach (<anonymous>)
          at Array.forEach (<anonymous>)

    console.log
      ­ƒôì Route: ^\/api\/leagues\/?(?=\/|$)/:id/fixtures/generate

      at log (server.js:448:17)
          at Array.forEach (<anonymous>)
          at Array.forEach (<anonymous>)

    console.log
      ­ƒôì Route: ^\/api\/leagues\/?(?=\/|$)/:id/fixtures

      at log (server.js:448:17)
          at Array.forEach (<anonymous>)
          at Array.forEach (<anonymous>)

    console.log
      ­ƒôì Route: ^\/api\/leagues\/?(?=\/|$)/fixtures/:id/score

      at log (server.js:448:17)
          at Array.forEach (<anonymous>)
          at Array.forEach (<anonymous>)

    console.log
      ­ƒôì Route: ^\/api\/leagues\/?(?=\/|$)/fixtures/:id/assign-referee

      at log (server.js:448:17)
          at Array.forEach (<anonymous>)
          at Array.forEach (<anonymous>)

    console.log
      ­ƒôì Route: ^\/api\/tournaments\/?(?=\/|$)/register

      at log (server.js:448:17)
          at Array.forEach (<anonymous>)
          at Array.forEach (<anonymous>)

    console.log
      ­ƒôì Route: ^\/api\/tournaments\/?(?=\/|$)/

      at log (server.js:448:17)
          at Array.forEach (<anonymous>)
          at Array.forEach (<anonymous>)

    console.log
      ­ƒôì Route: ^\/api\/tournaments\/?(?=\/|$)/:id/dashboard

      at log (server.js:448:17)
          at Array.forEach (<anonymous>)
          at Array.forEach (<anonymous>)

    console.log
      ­ƒôì Route: ^\/api\/tournaments\/?(?=\/|$)/:id/groups

      at log (server.js:448:17)
          at Array.forEach (<anonymous>)
          at Array.forEach (<anonymous>)

    console.log
      ­ƒôì Route: ^\/api\/tournaments\/?(?=\/|$)/:id/groups/assign

      at log (server.js:448:17)
          at Array.forEach (<anonymous>)
          at Array.forEach (<anonymous>)

    console.log
      ­ƒôì Route: ^\/api\/tournaments\/?(?=\/|$)/:id/generate-fixtures

      at log (server.js:448:17)
          at Array.forEach (<anonymous>)
          at Array.forEach (<anonymous>)

    console.log
      ­ƒôì Route: ^\/api\/tournaments\/?(?=\/|$)/matches/:id/lineups

      at log (server.js:448:17)
          at Array.forEach (<anonymous>)
          at Array.forEach (<anonymous>)

    console.log
      ­ƒôì Route: ^\/api\/tournaments\/?(?=\/|$)/matches/:id/result

      at log (server.js:448:17)
          at Array.forEach (<anonymous>)
          at Array.forEach (<anonymous>)

    console.log
      ­ƒôì Route: ^\/api\/tournaments\/?(?=\/|$)/:id/pitches

      at log (server.js:448:17)
          at Array.forEach (<anonymous>)
          at Array.forEach (<anonymous>)

    console.log
      ­ƒôì Route: ^\/api\/tournaments\/?(?=\/|$)/:id/pitches/bulk

      at log (server.js:448:17)
          at Array.forEach (<anonymous>)
          at Array.forEach (<anonymous>)

    console.log
      ­ƒôì Route: ^\/api\/tournaments\/?(?=\/|$)/:id/pitches

      at log (server.js:448:17)
          at Array.forEach (<anonymous>)
          at Array.forEach (<anonymous>)

    console.log
      ­ƒôì Route: ^\/api\/tournaments\/?(?=\/|$)/:id/auto-schedule

      at log (server.js:448:17)
          at Array.forEach (<anonymous>)
          at Array.forEach (<anonymous>)

    console.log
      ­ƒôì Route: ^\/api\/tournaments\/?(?=\/|$)/teams/:id/status

      at log (server.js:448:17)
          at Array.forEach (<anonymous>)
          at Array.forEach (<anonymous>)

    console.log
      ­ƒôì Route: ^\/api\/tournaments\/?(?=\/|$)/teams/:id/link

      at log (server.js:448:17)
          at Array.forEach (<anonymous>)
          at Array.forEach (<anonymous>)

    console.log
      ­ƒôì Route: ^\/api\/tournaments\/?(?=\/|$)/matches/:id/assign-team

      at log (server.js:448:17)
          at Array.forEach (<anonymous>)
          at Array.forEach (<anonymous>)

    console.log
      ­ƒôì Route: ^\/api\/tournaments\/?(?=\/|$)/:id/bracket

      at log (server.js:448:17)
          at Array.forEach (<anonymous>)
          at Array.forEach (<anonymous>)

    console.log
      ­ƒôì Route: ^\/api\/tournaments\/?(?=\/|$)/matches/:id/video

      at log (server.js:448:17)
          at Array.forEach (<anonymous>)
          at Array.forEach (<anonymous>)

    console.log
      ­ƒôì Route: ^\/api\/tournaments\/?(?=\/|$)/:id/invite-staff

      at log (server.js:448:17)
          at Array.forEach (<anonymous>)
          at Array.forEach (<anonymous>)

    console.log
      ­ƒôì Route: ^\/api\/tournaments\/?(?=\/|$)/:id/invite-team

      at log (server.js:448:17)
          at Array.forEach (<anonymous>)
          at Array.forEach (<anonymous>)

    console.log
      ­ƒôì Route: ^\/api\/tournaments\/?(?=\/|$)/pitches/:id

      at log (server.js:448:17)
          at Array.forEach (<anonymous>)
          at Array.forEach (<anonymous>)

    console.log
      ­ƒôì Route: ^\/api\/tournaments\/?(?=\/|$)/matches/:id/video

      at log (server.js:448:17)
          at Array.forEach (<anonymous>)
          at Array.forEach (<anonymous>)

    console.log
      ­ƒôì Route: ^\/api\/tournaments\/?(?=\/|$)/matches/:id/video

      at log (server.js:448:17)
          at Array.forEach (<anonymous>)
          at Array.forEach (<anonymous>)

    console.log
      ­ƒôì Route: ^\/api\/tournaments\/?(?=\/|$)/:id/layout

      at log (server.js:448:17)
          at Array.forEach (<anonymous>)
          at Array.forEach (<anonymous>)

    console.log
      ­ƒôì Route: ^\/api\/tournaments\/?(?=\/|$)/:id/invite

      at log (server.js:448:17)
          at Array.forEach (<anonymous>)
          at Array.forEach (<anonymous>)

    console.log
      ­ƒôì Route: ^\/api\/polls\/?(?=\/|$)/

      at log (server.js:448:17)
          at Array.forEach (<anonymous>)
          at Array.forEach (<anonymous>)

    console.log
      ­ƒôì Route: ^\/api\/polls\/?(?=\/|$)/

      at log (server.js:448:17)
          at Array.forEach (<anonymous>)
          at Array.forEach (<anonymous>)

    console.log
      ­ƒôì Route: ^\/api\/polls\/?(?=\/|$)/:id/vote

      at log (server.js:448:17)
          at Array.forEach (<anonymous>)
          at Array.forEach (<anonymous>)

    console.log
      ­ƒôì Route: ^\/api\/email\/?(?=\/|$)/send

      at log (server.js:448:17)
          at Array.forEach (<anonymous>)
          at Array.forEach (<anonymous>)

    console.log
      ­ƒôì Route: ^\/api\/email\/?(?=\/|$)/send-invite

      at log (server.js:448:17)
          at Array.forEach (<anonymous>)
          at Array.forEach (<anonymous>)

    console.log
      ­ƒôì Route: ^\/api\/tactical\/?(?=\/|$)/

      at log (server.js:448:17)
          at Array.forEach (<anonymous>)
          at Array.forEach (<anonymous>)

    console.log
      ­ƒôì Route: ^\/api\/tactical\/?(?=\/|$)/

      at log (server.js:448:17)
          at Array.forEach (<anonymous>)
          at Array.forEach (<anonymous>)

    console.log
      ­ƒôì Route: ^\/api\/tactical\/?(?=\/|$)/:id

      at log (server.js:448:17)
          at Array.forEach (<anonymous>)
          at Array.forEach (<anonymous>)

    console.log
      ­ƒôì Route: ^\/api\/forms\/?(?=\/|$)/

      at log (server.js:448:17)
          at Array.forEach (<anonymous>)
          at Array.forEach (<anonymous>)

    console.log
      ­ƒôì Route: ^\/api\/forms\/?(?=\/|$)/

      at log (server.js:448:17)
          at Array.forEach (<anonymous>)
          at Array.forEach (<anonymous>)

    console.log
      ­ƒôì Route: ^\/api\/forms\/?(?=\/|$)/:id

      at log (server.js:448:17)
          at Array.forEach (<anonymous>)
          at Array.forEach (<anonymous>)

    console.log
      ­ƒôì Route: ^\/api\/forms\/?(?=\/|$)/:id

      at log (server.js:448:17)
          at Array.forEach (<anonymous>)
          at Array.forEach (<anonymous>)

    console.log
      ­ƒôì Route: ^\/api\/forms\/?(?=\/|$)/:id

      at log (server.js:448:17)
          at Array.forEach (<anonymous>)
          at Array.forEach (<anonymous>)

    console.log
      ­ƒôì Route: ^\/api\/forms\/?(?=\/|$)/:id/submit

      at log (server.js:448:17)
          at Array.forEach (<anonymous>)
          at Array.forEach (<anonymous>)

    console.log
      ­ƒôì Route: ^\/api\/forms\/?(?=\/|$)/:id/responses

      at log (server.js:448:17)
          at Array.forEach (<anonymous>)
          at Array.forEach (<anonymous>)

    console.log
      ­ƒôì Route: ^\/api\/training\/?(?=\/|$)/drills

      at log (server.js:448:17)
          at Array.forEach (<anonymous>)
          at Array.forEach (<anonymous>)

    console.log
      ­ƒôì Route: ^\/api\/training\/?(?=\/|$)/drills

      at log (server.js:448:17)
          at Array.forEach (<anonymous>)
          at Array.forEach (<anonymous>)

    console.log
      ­ƒôì Route: ^\/api\/training\/?(?=\/|$)/drills/:id

      at log (server.js:448:17)
          at Array.forEach (<anonymous>)
          at Array.forEach (<anonymous>)

    console.log
      ­ƒôì Route: ^\/api\/training\/?(?=\/|$)/drills/:id

      at log (server.js:448:17)
          at Array.forEach (<anonymous>)
          at Array.forEach (<anonymous>)

    console.log
      ­ƒôì Route: ^\/api\/training\/?(?=\/|$)/drills/:id

      at log (server.js:448:17)
          at Array.forEach (<anonymous>)
          at Array.forEach (<anonymous>)

    console.log
      ­ƒôì Route: ^\/api\/training\/?(?=\/|$)/drills/:id/assign

      at log (server.js:448:17)
          at Array.forEach (<anonymous>)
          at Array.forEach (<anonymous>)

    console.log
      ­ƒôì Route: ^\/api\/training\/?(?=\/|$)/my-drills

      at log (server.js:448:17)
          at Array.forEach (<anonymous>)
          at Array.forEach (<anonymous>)

    console.log
      ­ƒôì Route: ^\/api\/training\/?(?=\/|$)/submissions

      at log (server.js:448:17)
          at Array.forEach (<anonymous>)
          at Array.forEach (<anonymous>)

    console.log
      ­ƒôì Route: ^\/api\/training\/?(?=\/|$)/submissions

      at log (server.js:448:17)
          at Array.forEach (<anonymous>)
          at Array.forEach (<anonymous>)

    console.log
      ­ƒôì Route: ^\/api\/training\/?(?=\/|$)/submissions/:id/review

      at log (server.js:448:17)
          at Array.forEach (<anonymous>)
          at Array.forEach (<anonymous>)

    console.log
      ­ƒôì Route: ^\/api\/training\/?(?=\/|$)/skills/:playerId

      at log (server.js:448:17)
          at Array.forEach (<anonymous>)
          at Array.forEach (<anonymous>)

    console.log
      ­ƒôì Route: ^\/api\/training\/?(?=\/|$)/team-progress/:teamId

      at log (server.js:448:17)
          at Array.forEach (<anonymous>)
          at Array.forEach (<anonymous>)

    console.log
      DEBUG TEST ENV: { host: 'localhost', port: '5432' }

      at log (tests/auth-access.test.js:9:11)

    console.log
      2026-04-11T15:19:46.020Z - POST /api/auth/register - ::ffff:127.0.0.1

      at log (server.js:227:11)

    console.error
      ÔØî Query failed: {
        text: 'SELECT * FROM users WHERE email = $1...',
        error: 'password authentication failed for user "clubhub_dev_db_user"'
      }

    [0m [90m 81 |[39m     [36mreturn[39m res[33m;[39m
     [90m 82 |[39m   } [36mcatch[39m (error) {
    [31m[1m>[22m[39m[90m 83 |[39m     console[33m.[39merror([32m"ÔØî Query failed:"[39m[33m,[39m {
     [90m    |[39m             [31m[1m^[22m[39m
     [90m 84 |[39m       text[33m:[39m text[33m.[39msubstring([35m0[39m[33m,[39m [35m50[39m) [33m+[39m 
[32m"..."[39m[33m,[39m
     [90m 85 |[39m       error[33m:[39m error[33m.[39mmessage[33m,[39m
     [90m 86 |[39m     })[33m;[39m[0m

      at error (config/database.js:83:13)
      at routes/auth.js:173:26

    console.error
      ÔØî Registration error: error: password authentication failed for user "clubhub_dev_db_user"
          at C:\Users\Dell\Documents\elitepro\clubhub\backend\node_modules\pg-pool\index.js:45:11
          at processTicksAndRejections (node:internal/process/task_queues:95:5)
          at query (C:\Users\Dell\Documents\elitepro\clubhub\backend\config\database.js:74:17)
          at C:\Users\Dell\Documents\elitepro\clubhub\backend\routes\auth.js:173:26 {
        length: 115,
        severity: 'FATAL',
        code: '28P01',
        detail: undefined,
        hint: undefined,
        position: undefined,
        internalPosition: undefined,
        internalQuery: undefined,
        where: undefined,
        schema: undefined,
        table: undefined,
        column: undefined,
        dataType: undefined,
        constraint: undefined,
        file: 'auth.c',
        line: '320',
        routine: 'auth_failed'
      }

    [0m [90m 330 |[39m     })[33m;[39m
     [90m 331 |[39m   } [36mcatch[39m (error) {
    [31m[1m>[22m[39m[90m 332 |[39m     console[33m.[39merror([32m"ÔØî Registration error:"[39m[33m,[39m 
error)[33m;[39m
     [90m     |[39m             [31m[1m^[22m[39m
     [90m 333 |[39m     console[33m.[39merror([32m"Error details:"[39m[33m,[39m {
     [90m 334 |[39m       message[33m:[39m error[33m.[39mmessage[33m,[39m
     [90m 335 |[39m       code[33m:[39m error[33m.[39mcode[33m,[39m[0m

      at error (routes/auth.js:332:13)

    console.error
      Error details: {
        message: 'password authentication failed for user "clubhub_dev_db_user"',
        code: '28P01',
        detail: undefined,
        table: undefined,
        column: undefined
      }

    [0m [90m 331 |[39m   } [36mcatch[39m (error) {
     [90m 332 |[39m     console[33m.[39merror([32m"ÔØî Registration error:"[39m[33m,[39m error)[33m;[39m
    [31m[1m>[22m[39m[90m 333 |[39m     console[33m.[39merror([32m"Error details:"[39m[33m,[39m {
     [90m     |[39m             [31m[1m^[22m[39m
     [90m 334 |[39m       message[33m:[39m error[33m.[39mmessage[33m,[39m
     [90m 335 |[39m       code[33m:[39m error[33m.[39mcode[33m,[39m
     [90m 336 |[39m       detail[33m:[39m error[33m.[39mdetail[33m,[39m[0m

      at error (routes/auth.js:333:13)

    console.error
      Setup failed: Could not register user {
        error: 'Registration failed',
        message: 'An error occurred while creating your account'
      }

    [0m [90m 27 |[39m
     [90m 28 |[39m     [36mif[39m (res[33m.[39mstatusCode [33m!==[39m [35m201[39m) {
    [31m[1m>[22m[39m[90m 29 |[39m       console[33m.[39merror([32m"Setup failed: Could not register 
user"[39m[33m,[39m res[33m.[39mbody)[33m;[39m
     [90m    |[39m               [31m[1m^[22m[39m
     [90m 30 |[39m       [36mthrow[39m [36mnew[39m [33mError[39m([32m"Setup failed"[39m)[33m;[39m
     [90m 31 |[39m     }
     [90m 32 |[39m     userId [33m=[39m res[33m.[39mbody[33m.[39muser[33m.[39mid[33m;[39m[0m

      at Object.error (tests/auth-access.test.js:29:15)

  ÔùÅ Auth Access Control ÔÇ║ should prevent login when user is deactivated

    Setup failed

    [0m [90m 28 |[39m     [36mif[39m (res[33m.[39mstatusCode [33m!==[39m [35m201[39m) {
     [90m 29 |[39m       console[33m.[39merror([32m"Setup failed: Could not register user"[39m[33m,[39m 
res[33m.[39mbody)[33m;[39m
    [31m[1m>[22m[39m[90m 30 |[39m       [36mthrow[39m [36mnew[39m [33mError[39m([32m"Setup 
failed"[39m)[33m;[39m
     [90m    |[39m             [31m[1m^[22m[39m
     [90m 31 |[39m     }
     [90m 32 |[39m     userId [33m=[39m res[33m.[39mbody[33m.[39muser[33m.[39mid[33m;[39m
     [90m 33 |[39m   })[33m;[39m[0m

      at Object.<anonymous> (tests/auth-access.test.js:30:13)

  ÔùÅ Auth Access Control ÔÇ║ should allow login when user is re-activated

    Setup failed

    [0m [90m 28 |[39m     [36mif[39m (res[33m.[39mstatusCode [33m!==[39m [35m201[39m) {
     [90m 29 |[39m       console[33m.[39merror([32m"Setup failed: Could not register user"[39m[33m,[39m 
res[33m.[39mbody)[33m;[39m
    [31m[1m>[22m[39m[90m 30 |[39m       [36mthrow[39m [36mnew[39m [33mError[39m([32m"Setup 
failed"[39m)[33m;[39m
     [90m    |[39m             [31m[1m^[22m[39m
     [90m 31 |[39m     }
     [90m 32 |[39m     userId [33m=[39m res[33m.[39mbody[33m.[39muser[33m.[39mid[33m;[39m
     [90m 33 |[39m   })[33m;[39m[0m

      at Object.<anonymous> (tests/auth-access.test.js:30:13)

FAIL tests/payments.test.js
  ÔùÅ Console

    console.log
      ­ƒöî DB CONFIG DEBUG: {
        env_db_host: 'localhost',
        env_pghost: undefined,
        env_database_url: undefined,
        config_host: 'localhost'
      }

      at Object.log (config/database.js:4:9)

    console.log
      ­ƒöù Connection String (masked): postgresql://clubhub_dev_db_user:****@localhost:5436/clubhub_dev_db

      at Object.log (config/database.js:14:9)

    console.log
      ÔÜá´©Å  Payment processing is DISABLED. Set ENABLE_PAYMENT_PROCESSING=true in .env to enable.

      at Object.log (middleware/payment-guard.js:20:11)

    console.log
      ­ƒôì Route: /api/run-temp-migration

      at log (server.js:444:13)
          at Array.forEach (<anonymous>)

    console.log
      ­ƒôì Route: *

      at log (server.js:444:13)
          at Array.forEach (<anonymous>)

    console.log
      ­ƒôì Route: /api/test-now

      at log (server.js:444:13)
          at Array.forEach (<anonymous>)

    console.log
      ­ƒôì Route: /health

      at log (server.js:444:13)
          at Array.forEach (<anonymous>)

    console.log
      ­ƒôì Route: /api/health

      at log (server.js:444:13)
          at Array.forEach (<anonymous>)

    console.log
      ­ƒôì Route: /api/public-debug/:id

      at log (server.js:444:13)
          at Array.forEach (<anonymous>)

    console.log
      ­ƒôì Route: ^\/api\/auth\/?(?=\/|$)/register

      at log (server.js:448:17)
          at Array.forEach (<anonymous>)
          at Array.forEach (<anonymous>)

    console.log
      ­ƒôì Route: ^\/api\/auth\/?(?=\/|$)/login

      at log (server.js:448:17)
          at Array.forEach (<anonymous>)
          at Array.forEach (<anonymous>)

    console.log
      ­ƒôì Route: ^\/api\/auth\/?(?=\/|$)/logout

      at log (server.js:448:17)
          at Array.forEach (<anonymous>)
          at Array.forEach (<anonymous>)

    console.log
      ­ƒôì Route: ^\/api\/auth\/?(?=\/|$)/seed-demo-users

      at log (server.js:448:17)
          at Array.forEach (<anonymous>)
          at Array.forEach (<anonymous>)

    console.log
      ­ƒôì Route: ^\/api\/auth\/?(?=\/|$)/me

      at log (server.js:448:17)
          at Array.forEach (<anonymous>)
          at Array.forEach (<anonymous>)

    console.log
      ­ƒôì Route: ^\/api\/auth\/?(?=\/|$)/find-user

      at log (server.js:448:17)
          at Array.forEach (<anonymous>)
          at Array.forEach (<anonymous>)

    console.log
      ­ƒôì Route: ^\/api\/auth\/?(?=\/|$)/add-child

      at log (server.js:448:17)
          at Array.forEach (<anonymous>)
          at Array.forEach (<anonymous>)

    console.log
      ­ƒôì Route: ^\/api\/auth\/?(?=\/|$)/children

      at log (server.js:448:17)
          at Array.forEach (<anonymous>)
          at Array.forEach (<anonymous>)

    console.log
      ­ƒôì Route: ^\/api\/auth\/?(?=\/|$)/children/:childId

      at log (server.js:448:17)
          at Array.forEach (<anonymous>)
          at Array.forEach (<anonymous>)

    console.log
      ­ƒôì Route: ^\/api\/auth\/?(?=\/|$)/organizations

      at log (server.js:448:17)
          at Array.forEach (<anonymous>)
          at Array.forEach (<anonymous>)

    console.log
      ­ƒôì Route: ^\/api\/auth\/?(?=\/|$)/context

      at log (server.js:448:17)
          at Array.forEach (<anonymous>)
          at Array.forEach (<anonymous>)

    console.log
      ­ƒôì Route: ^\/api\/auth\/?(?=\/|$)/switch-organization

      at log (server.js:448:17)
          at Array.forEach (<anonymous>)
          at Array.forEach (<anonymous>)

    console.log
      ­ƒôì Route: ^\/api\/auth\/?(?=\/|$)/profile

      at log (server.js:448:17)
          at Array.forEach (<anonymous>)
          at Array.forEach (<anonymous>)

    console.log
      ­ƒôì Route: ^\/api\/auth\/?(?=\/|$)/profile

      at log (server.js:448:17)
          at Array.forEach (<anonymous>)
          at Array.forEach (<anonymous>)

    console.log
      ­ƒôì Route: ^\/api\/auth\/?(?=\/|$)/gdpr/export

      at log (server.js:448:17)
          at Array.forEach (<anonymous>)
          at Array.forEach (<anonymous>)

    console.log
      ­ƒôì Route: ^\/api\/auth\/?(?=\/|$)/gdpr/delete

      at log (server.js:448:17)
          at Array.forEach (<anonymous>)
          at Array.forEach (<anonymous>)

    console.log
      ­ƒôì Route: ^\/api\/auth\/?(?=\/|$)/forgot-password

      at log (server.js:448:17)
          at Array.forEach (<anonymous>)
          at Array.forEach (<anonymous>)

    console.log
      ­ƒôì Route: ^\/api\/auth\/?(?=\/|$)/reset-password

      at log (server.js:448:17)
          at Array.forEach (<anonymous>)
          at Array.forEach (<anonymous>)

    console.log
      ­ƒôì Route: ^\/api\/auth\/?(?=\/|$)/profile-personal

      at log (server.js:448:17)
          at Array.forEach (<anonymous>)
          at Array.forEach (<anonymous>)

    console.log
      ­ƒôì Route: ^\/api\/auth\/?(?=\/|$)/change-password

      at log (server.js:448:17)
          at Array.forEach (<anonymous>)
          at Array.forEach (<anonymous>)

    console.log
      ­ƒôì Route: ^\/api\/auth\/?(?=\/|$)/settings

      at log (server.js:448:17)
          at Array.forEach (<anonymous>)
          at Array.forEach (<anonymous>)

    console.log
      ­ƒôì Route: ^\/api\/auth\/?(?=\/|$)/settings

      at log (server.js:448:17)
          at Array.forEach (<anonymous>)
          at Array.forEach (<anonymous>)

    console.log
      ­ƒôì Route: ^\/api\/auth\/?(?=\/|$)/account

      at log (server.js:448:17)
          at Array.forEach (<anonymous>)
          at Array.forEach (<anonymous>)

    console.log
      ­ƒôì Route: ^\/api\/auth\/?(?=\/|$)/tours/complete

      at log (server.js:448:17)
          at Array.forEach (<anonymous>)
          at Array.forEach (<anonymous>)

    console.log
      ­ƒôì Route: ^\/api\/auth\/?(?=\/|$)/switch-organization

      at log (server.js:448:17)
          at Array.forEach (<anonymous>)
          at Array.forEach (<anonymous>)

    console.log
      ­ƒôì Route: ^\/api\/auth\/?(?=\/|$)/context

      at log (server.js:448:17)
          at Array.forEach (<anonymous>)
          at Array.forEach (<anonymous>)

    console.log
      ­ƒôì Route: ^\/api\/auth\/?(?=\/|$)/me

      at log (server.js:448:17)
          at Array.forEach (<anonymous>)
          at Array.forEach (<anonymous>)

    console.log
      ­ƒôì Route: ^\/api\/organizations\/?(?=\/|$)/

      at log (server.js:448:17)
          at Array.forEach (<anonymous>)
          at Array.forEach (<anonymous>)

    console.log
      ­ƒôì Route: ^\/api\/organizations\/?(?=\/|$)/:id

      at log (server.js:448:17)
          at Array.forEach (<anonymous>)
          at Array.forEach (<anonymous>)

    console.log
      ­ƒôì Route: ^\/api\/organizations\/?(?=\/|$)/super/:id

      at log (server.js:448:17)
          at Array.forEach (<anonymous>)
          at Array.forEach (<anonymous>)

    console.log
      ­ƒôì Route: ^\/api\/organizations\/?(?=\/|$)/

      at log (server.js:448:17)
          at Array.forEach (<anonymous>)
          at Array.forEach (<anonymous>)

    console.log
      ­ƒôì Route: ^\/api\/organizations\/?(?=\/|$)/:id

      at log (server.js:448:17)
          at Array.forEach (<anonymous>)
          at Array.forEach (<anonymous>)

    console.log
      ­ƒôì Route: ^\/api\/organizations\/?(?=\/|$)/:id

      at log (server.js:448:17)
          at Array.forEach (<anonymous>)
          at Array.forEach (<anonymous>)

    console.log
      ­ƒôì Route: ^\/api\/organizations\/?(?=\/|$)/:id/members

      at log (server.js:448:17)
          at Array.forEach (<anonymous>)
          at Array.forEach (<anonymous>)

    console.log
      ­ƒôì Route: ^\/api\/organizations\/?(?=\/|$)/:id/images

      at log (server.js:448:17)
          at Array.forEach (<anonymous>)
          at Array.forEach (<anonymous>)

    console.log
      ­ƒôì Route: ^\/api\/organizations\/?(?=\/|$)/:id/logo

      at log (server.js:448:17)
          at Array.forEach (<anonymous>)
          at Array.forEach (<anonymous>)

    console.log
      ­ƒôì Route: ^\/api\/organizations\/?(?=\/|$)/:id/images

      at log (server.js:448:17)
          at Array.forEach (<anonymous>)
          at Array.forEach (<anonymous>)

    console.log
      ­ƒôì Route: ^\/api\/invitations\/?(?=\/|$)/:orgId/invite

      at log (server.js:448:17)
          at Array.forEach (<anonymous>)
          at Array.forEach (<anonymous>)

    console.log
      ­ƒôì Route: ^\/api\/invitations\/?(?=\/|$)/:token

      at log (server.js:448:17)
          at Array.forEach (<anonymous>)
          at Array.forEach (<anonymous>)

    console.log
      ­ƒôì Route: ^\/api\/invitations\/?(?=\/|$)/:token/accept

      at log (server.js:448:17)
          at Array.forEach (<anonymous>)
          at Array.forEach (<anonymous>)

    console.log
      ­ƒôì Route: ^\/api\/invitations\/?(?=\/|$)/:token/decline

      at log (server.js:448:17)
          at Array.forEach (<anonymous>)
          at Array.forEach (<anonymous>)

    console.log
      ­ƒôì Route: ^\/api\/invitations\/?(?=\/|$)/:orgId/invitations

      at log (server.js:448:17)
          at Array.forEach (<anonymous>)
          at Array.forEach (<anonymous>)

    console.log
      ­ƒôì Route: ^\/api\/platform-admin\/?(?=\/|$)/stats

      at log (server.js:448:17)
          at Array.forEach (<anonymous>)
          at Array.forEach (<anonymous>)

    console.log
      ­ƒôì Route: ^\/api\/platform-admin\/?(?=\/|$)/organizations

      at log (server.js:448:17)
          at Array.forEach (<anonymous>)
          at Array.forEach (<anonymous>)

    console.log
      ­ƒôì Route: ^\/api\/platform-admin\/?(?=\/|$)/users

      at log (server.js:448:17)
          at Array.forEach (<anonymous>)
          at Array.forEach (<anonymous>)

    console.log
      ­ƒôì Route: ^\/api\/platform-admin\/?(?=\/|$)/stripe/overview

      at log (server.js:448:17)
          at Array.forEach (<anonymous>)
          at Array.forEach (<anonymous>)

    console.log
      ­ƒôì Route: ^\/api\/platform-admin\/?(?=\/|$)/organization/:id

      at log (server.js:448:17)
          at Array.forEach (<anonymous>)
          at Array.forEach (<anonymous>)

    console.log
      ­ƒôì Route: ^\/api\/platform-admin\/?(?=\/|$)/organizations/:id/status

      at log (server.js:448:17)
          at Array.forEach (<anonymous>)
          at Array.forEach (<anonymous>)

    console.log
      ­ƒôì Route: ^\/api\/platform-admin\/?(?=\/|$)/organizations/:id

      at log (server.js:448:17)
          at Array.forEach (<anonymous>)
          at Array.forEach (<anonymous>)

    console.log
      ­ƒôì Route: ^\/api\/platform-admin\/?(?=\/|$)/set-admin/:userId

      at log (server.js:448:17)
          at Array.forEach (<anonymous>)
          at Array.forEach (<anonymous>)

    console.log
      ­ƒôì Route: ^\/api\/platform-admin\/?(?=\/|$)/activity

      at log (server.js:448:17)
          at Array.forEach (<anonymous>)
          at Array.forEach (<anonymous>)

    console.log
      ­ƒôì Route: ^\/api\/platform-admin\/?(?=\/|$)/users

      at log (server.js:448:17)
          at Array.forEach (<anonymous>)
          at Array.forEach (<anonymous>)

    console.log
      ­ƒôì Route: ^\/api\/platform-admin\/?(?=\/|$)/users/:userId/status

      at log (server.js:448:17)
          at Array.forEach (<anonymous>)
          at Array.forEach (<anonymous>)

    console.log
      ­ƒôì Route: ^\/api\/platform-admin\/?(?=\/|$)/users/:userId

      at log (server.js:448:17)
          at Array.forEach (<anonymous>)
          at Array.forEach (<anonymous>)

    console.log
      ­ƒôì Route: ^\/api\/platform-admin\/?(?=\/|$)/generate-mock-data

      at log (server.js:448:17)
          at Array.forEach (<anonymous>)
          at Array.forEach (<anonymous>)

    console.log
      ­ƒôì Route: ^\/api\/platform-admin\/?(?=\/|$)/onboard-club

      at log (server.js:448:17)
          at Array.forEach (<anonymous>)
          at Array.forEach (<anonymous>)

    console.log
      ­ƒôì Route: ^\/api\/platform-admin\/?(?=\/|$)/scout-verifications

      at log (server.js:448:17)
          at Array.forEach (<anonymous>)
          at Array.forEach (<anonymous>)

    console.log
      ­ƒôì Route: ^\/api\/platform-admin\/?(?=\/|$)/scout-verifications/:id/resolve

      at log (server.js:448:17)
          at Array.forEach (<anonymous>)
          at Array.forEach (<anonymous>)

    console.log
      ­ƒôì Route: ^\/api\/clubs\/?(?=\/|$)/

      at log (server.js:448:17)
          at Array.forEach (<anonymous>)
          at Array.forEach (<anonymous>)

    console.log
      ­ƒôì Route: ^\/api\/clubs\/?(?=\/|$)/:id/public-listings

      at log (server.js:448:17)
          at Array.forEach (<anonymous>)
          at Array.forEach (<anonymous>)

    console.log
      ­ƒôì Route: ^\/api\/clubs\/?(?=\/|$)/:id

      at log (server.js:448:17)
          at Array.forEach (<anonymous>)
          at Array.forEach (<anonymous>)

    console.log
      ­ƒôì Route: ^\/api\/clubs\/?(?=\/|$)/:id/claim

      at log (server.js:448:17)
          at Array.forEach (<anonymous>)
          at Array.forEach (<anonymous>)

    console.log
      ­ƒôì Route: ^\/api\/clubs\/?(?=\/|$)/:id/teams

      at log (server.js:448:17)
          at Array.forEach (<anonymous>)
          at Array.forEach (<anonymous>)

    console.log
      ­ƒôì Route: ^\/api\/clubs\/?(?=\/|$)/

      at log (server.js:448:17)
          at Array.forEach (<anonymous>)
          at Array.forEach (<anonymous>)

    console.log
      ­ƒôì Route: ^\/api\/clubs\/?(?=\/|$)/:id

      at log (server.js:448:17)
          at Array.forEach (<anonymous>)
          at Array.forEach (<anonymous>)

    console.log
      ­ƒôì Route: ^\/api\/clubs\/?(?=\/|$)/:id

      at log (server.js:448:17)
          at Array.forEach (<anonymous>)
          at Array.forEach (<anonymous>)

    console.log
      ­ƒôì Route: ^\/api\/clubs\/?(?=\/|$)/:id/apply

      at log (server.js:448:17)
          at Array.forEach (<anonymous>)
          at Array.forEach (<anonymous>)

    console.log
      ­ƒôì Route: ^\/api\/clubs\/?(?=\/|$)/:id/applications

      at log (server.js:448:17)
          at Array.forEach (<anonymous>)
          at Array.forEach (<anonymous>)

    console.log
      ­ƒôì Route: ^\/api\/clubs\/?(?=\/|$)/applications/:applicationId/review

      at log (server.js:448:17)
          at Array.forEach (<anonymous>)
          at Array.forEach (<anonymous>)

    console.log
      ­ƒôì Route: ^\/api\/clubs\/?(?=\/|$)/:id/stats

      at log (server.js:448:17)
          at Array.forEach (<anonymous>)
          at Array.forEach (<anonymous>)

    console.log
      ­ƒôì Route: ^\/api\/clubs\/?(?=\/|$)/:id/images

      at log (server.js:448:17)
          at Array.forEach (<anonymous>)
          at Array.forEach (<anonymous>)

    console.log
      ­ƒôì Route: ^\/api\/clubs\/?(?=\/|$)/:id/images

      at log (server.js:448:17)
          at Array.forEach (<anonymous>)
          at Array.forEach (<anonymous>)

    console.log
      ­ƒôì Route: ^\/api\/clubs\/?(?=\/|$)/:id/reviews

      at log (server.js:448:17)
          at Array.forEach (<anonymous>)
          at Array.forEach (<anonymous>)

    console.log
      ­ƒôì Route: ^\/api\/clubs\/?(?=\/|$)/:id/reviews

      at log (server.js:448:17)
          at Array.forEach (<anonymous>)
          at Array.forEach (<anonymous>)

    console.log
      ­ƒôì Route: ^\/api\/players\/?(?=\/|$)/family

      at log (server.js:448:17)
          at Array.forEach (<anonymous>)
          at Array.forEach (<anonymous>)

    console.log
      ­ƒôì Route: ^\/api\/players\/?(?=\/|$)/

      at log (server.js:448:17)
          at Array.forEach (<anonymous>)
          at Array.forEach (<anonymous>)

    console.log
      ­ƒôì Route: ^\/api\/players\/?(?=\/|$)/filtered/:filter

      at log (server.js:448:17)
          at Array.forEach (<anonymous>)
          at Array.forEach (<anonymous>)

    console.log
      ­ƒôì Route: ^\/api\/players\/?(?=\/|$)/scout

      at log (server.js:448:17)
          at Array.forEach (<anonymous>)
          at Array.forEach (<anonymous>)

    console.log
      ­ƒôì Route: ^\/api\/players\/?(?=\/|$)/:id

      at log (server.js:448:17)
          at Array.forEach (<anonymous>)
          at Array.forEach (<anonymous>)

    console.log
      ­ƒôì Route: ^\/api\/players\/?(?=\/|$)/filtered/:filter

      at log (server.js:448:17)
          at Array.forEach (<anonymous>)
          at Array.forEach (<anonymous>)

    console.log
      ­ƒôì Route: ^\/api\/players\/?(?=\/|$)/

      at log (server.js:448:17)
          at Array.forEach (<anonymous>)
          at Array.forEach (<anonymous>)

    console.log
      ­ƒôì Route: ^\/api\/players\/?(?=\/|$)/:id

      at log (server.js:448:17)
          at Array.forEach (<anonymous>)
          at Array.forEach (<anonymous>)

    console.log
      ­ƒôì Route: ^\/api\/players\/?(?=\/|$)/:id

      at log (server.js:448:17)
          at Array.forEach (<anonymous>)
          at Array.forEach (<anonymous>)

    console.log
      ­ƒôì Route: ^\/api\/players\/?(?=\/|$)/:id/stats

      at log (server.js:448:17)
          at Array.forEach (<anonymous>)
          at Array.forEach (<anonymous>)

    console.log
      ­ƒôì Route: ^\/api\/players\/?(?=\/|$)/:id/payment-status

      at log (server.js:448:17)
          at Array.forEach (<anonymous>)
          at Array.forEach (<anonymous>)

    console.log
      ­ƒôì Route: ^\/api\/players\/?(?=\/|$)/child

      at log (server.js:448:17)
          at Array.forEach (<anonymous>)
          at Array.forEach (<anonymous>)

    console.log
      ­ƒôì Route: ^\/api\/players\/?(?=\/|$)/child/:id

      at log (server.js:448:17)
          at Array.forEach (<anonymous>)
          at Array.forEach (<anonymous>)

    console.log
      ­ƒôì Route: ^\/api\/players\/?(?=\/|$)/:id/history

      at log (server.js:448:17)
          at Array.forEach (<anonymous>)
          at Array.forEach (<anonymous>)

    console.log
      ­ƒôì Route: ^\/api\/players\/?(?=\/|$)/:id/history

      at log (server.js:448:17)
          at Array.forEach (<anonymous>)
          at Array.forEach (<anonymous>)

    console.log
      ­ƒôì Route: ^\/api\/players\/?(?=\/|$)/history/:historyId

      at log (server.js:448:17)
          at Array.forEach (<anonymous>)
          at Array.forEach (<anonymous>)

    console.log
      ­ƒôì Route: ^\/api\/players\/?(?=\/|$)/:id/history

      at log (server.js:448:17)
          at Array.forEach (<anonymous>)
          at Array.forEach (<anonymous>)

    console.log
      ­ƒôì Route: ^\/api\/players\/?(?=\/|$)/:id/history

      at log (server.js:448:17)
          at Array.forEach (<anonymous>)
          at Array.forEach (<anonymous>)

    console.log
      ­ƒôì Route: ^\/api\/players\/?(?=\/|$)/:id/history/:historyId

      at log (server.js:448:17)
          at Array.forEach (<anonymous>)
          at Array.forEach (<anonymous>)

    console.log
      ­ƒôì Route: ^\/api\/players\/?(?=\/|$)/:id/stats

      at log (server.js:448:17)
          at Array.forEach (<anonymous>)
          at Array.forEach (<anonymous>)

    console.log
      ­ƒôì Route: ^\/api\/players\/?(?=\/|$)/:id/activities

      at log (server.js:448:17)
          at Array.forEach (<anonymous>)
          at Array.forEach (<anonymous>)

    console.log
      ­ƒôì Route: ^\/api\/staff\/?(?=\/|$)/

      at log (server.js:448:17)
          at Array.forEach (<anonymous>)
          at Array.forEach (<anonymous>)

    console.log
      ­ƒôì Route: ^\/api\/staff\/?(?=\/|$)/:id

      at log (server.js:448:17)
          at Array.forEach (<anonymous>)
          at Array.forEach (<anonymous>)

    console.log
      ­ƒôì Route: ^\/api\/staff\/?(?=\/|$)/:id/performance

      at log (server.js:448:17)
          at Array.forEach (<anonymous>)
          at Array.forEach (<anonymous>)

    console.log
      ­ƒôì Route: ^\/api\/staff\/?(?=\/|$)/:id/role

      at log (server.js:448:17)
          at Array.forEach (<anonymous>)
          at Array.forEach (<anonymous>)

    console.log
      ­ƒôì Route: ^\/api\/staff\/?(?=\/|$)/:id/schedule

      at log (server.js:448:17)
          at Array.forEach (<anonymous>)
          at Array.forEach (<anonymous>)

    console.log
      ­ƒôì Route: ^\/api\/staff\/?(?=\/|$)/

      at log (server.js:448:17)
          at Array.forEach (<anonymous>)
          at Array.forEach (<anonymous>)

    console.log
      ­ƒôì Route: ^\/api\/staff\/?(?=\/|$)/:id

      at log (server.js:448:17)
          at Array.forEach (<anonymous>)
          at Array.forEach (<anonymous>)

    console.log
      ­ƒôì Route: ^\/api\/staff\/?(?=\/|$)/:id

      at log (server.js:448:17)
          at Array.forEach (<anonymous>)
          at Array.forEach (<anonymous>)

    console.log
      ­ƒôì Route: ^\/api\/staff\/?(?=\/|$)/club/:clubId

      at log (server.js:448:17)
          at Array.forEach (<anonymous>)
          at Array.forEach (<anonymous>)

    console.log
      ­ƒôì Route: ^\/api\/staff\/?(?=\/|$)/:id/permissions

      at log (server.js:448:17)
          at Array.forEach (<anonymous>)
          at Array.forEach (<anonymous>)

    console.log
      ­ƒôì Route: ^\/api\/staff\/?(?=\/|$)/:id/dashboard

      at log (server.js:448:17)
          at Array.forEach (<anonymous>)
          at Array.forEach (<anonymous>)

    console.log
      ­ƒôì Route: ^\/api\/staff\/?(?=\/|$)/:id/performance

      at log (server.js:448:17)
          at Array.forEach (<anonymous>)
          at Array.forEach (<anonymous>)

    console.log
      ­ƒôì Route: ^\/api\/staff\/?(?=\/|$)/:id/role

      at log (server.js:448:17)
          at Array.forEach (<anonymous>)
          at Array.forEach (<anonymous>)

    console.log
      ­ƒôì Route: ^\/api\/staff\/?(?=\/|$)/:id/schedule

      at log (server.js:448:17)
          at Array.forEach (<anonymous>)
          at Array.forEach (<anonymous>)

    console.log
      ­ƒôì Route: ^\/api\/staff\/?(?=\/|$)/:id/verify-scout

      at log (server.js:448:17)
          at Array.forEach (<anonymous>)
          at Array.forEach (<anonymous>)

    console.log
      ­ƒôì Route: ^\/api\/teams\/?(?=\/|$)/

      at log (server.js:448:17)
          at Array.forEach (<anonymous>)
          at Array.forEach (<anonymous>)

    console.log
      ­ƒôì Route: ^\/api\/teams\/?(?=\/|$)/player/:userId

      at log (server.js:448:17)
          at Array.forEach (<anonymous>)
          at Array.forEach (<anonymous>)

    console.log
      ­ƒôì Route: ^\/api\/teams\/?(?=\/|$)/:id

      at log (server.js:448:17)
          at Array.forEach (<anonymous>)
          at Array.forEach (<anonymous>)

    console.log
      ­ƒôì Route: ^\/api\/teams\/?(?=\/|$)/

      at log (server.js:448:17)
          at Array.forEach (<anonymous>)
          at Array.forEach (<anonymous>)

    console.log
      ­ƒôì Route: ^\/api\/teams\/?(?=\/|$)/:id

      at log (server.js:448:17)
          at Array.forEach (<anonymous>)
          at Array.forEach (<anonymous>)

    console.log
      ­ƒôì Route: ^\/api\/teams\/?(?=\/|$)/:id

      at log (server.js:448:17)
          at Array.forEach (<anonymous>)
          at Array.forEach (<anonymous>)

    console.log
      ­ƒôì Route: ^\/api\/teams\/?(?=\/|$)/:id/players

      at log (server.js:448:17)
          at Array.forEach (<anonymous>)
          at Array.forEach (<anonymous>)

    console.log
      ­ƒôì Route: ^\/api\/teams\/?(?=\/|$)/:id/players/:playerId

      at log (server.js:448:17)
          at Array.forEach (<anonymous>)
          at Array.forEach (<anonymous>)

    console.log
      ­ƒôì Route: ^\/api\/teams\/?(?=\/|$)/:id/stats

      at log (server.js:448:17)
          at Array.forEach (<anonymous>)
          at Array.forEach (<anonymous>)

    console.log
      ­ƒôì Route: ^\/api\/teams\/?(?=\/|$)/:id/availability

      at log (server.js:448:17)
          at Array.forEach (<anonymous>)
          at Array.forEach (<anonymous>)

    console.log
      ­ƒôì Route: ^\/api\/teams\/?(?=\/|$)/:id/dashboard

      at log (server.js:448:17)
          at Array.forEach (<anonymous>)
          at Array.forEach (<anonymous>)

    console.log
      ­ƒôì Route: ^\/api\/events\/?(?=\/|$)/

      at log (server.js:448:17)
          at Array.forEach (<anonymous>)
          at Array.forEach (<anonymous>)

    console.log
      ­ƒôì Route: ^\/api\/events\/?(?=\/|$)/:id

      at log (server.js:448:17)
          at Array.forEach (<anonymous>)
          at Array.forEach (<anonymous>)

    console.log
      ­ƒôì Route: ^\/api\/events\/?(?=\/|$)/

      at log (server.js:448:17)
          at Array.forEach (<anonymous>)
          at Array.forEach (<anonymous>)

    console.log
      ­ƒôì Route: ^\/api\/events\/?(?=\/|$)/:id

      at log (server.js:448:17)
          at Array.forEach (<anonymous>)
          at Array.forEach (<anonymous>)

    console.log
      ­ƒôì Route: ^\/api\/events\/?(?=\/|$)/:id

      at log (server.js:448:17)
          at Array.forEach (<anonymous>)
          at Array.forEach (<anonymous>)

    console.log
      ­ƒôì Route: ^\/api\/events\/?(?=\/|$)/:id/book

      at log (server.js:448:17)
          at Array.forEach (<anonymous>)
          at Array.forEach (<anonymous>)

    console.log
      ­ƒôì Route: ^\/api\/events\/?(?=\/|$)/bookings/:bookingId/cancel

      at log (server.js:448:17)
          at Array.forEach (<anonymous>)
          at Array.forEach (<anonymous>)

    console.log
      ­ƒôì Route: ^\/api\/events\/?(?=\/|$)/:id/bookings

      at log (server.js:448:17)
          at Array.forEach (<anonymous>)
          at Array.forEach (<anonymous>)

    console.log
      ­ƒôì Route: ^\/api\/events\/?(?=\/|$)/bookings/my-bookings

      at log (server.js:448:17)
          at Array.forEach (<anonymous>)
          at Array.forEach (<anonymous>)

    console.log
      ­ƒôì Route: ^\/api\/events\/?(?=\/|$)/:id/roster

      at log (server.js:448:17)
          at Array.forEach (<anonymous>)
          at Array.forEach (<anonymous>)

    console.log
      ­ƒôì Route: ^\/api\/events\/?(?=\/|$)/:id/nudge

      at log (server.js:448:17)
          at Array.forEach (<anonymous>)
          at Array.forEach (<anonymous>)

    console.log
      ­ƒôì Route: ^\/api\/events\/?(?=\/|$)/:id/availability

      at log (server.js:448:17)
          at Array.forEach (<anonymous>)
          at Array.forEach (<anonymous>)

    console.log
      ­ƒôì Route: ^\/api\/events\/?(?=\/|$)/:id/availability/override

      at log (server.js:448:17)
          at Array.forEach (<anonymous>)
          at Array.forEach (<anonymous>)

    console.log
      ­ƒôì Route: ^\/api\/events\/?(?=\/|$)/:id/availability

      at log (server.js:448:17)
          at Array.forEach (<anonymous>)
          at Array.forEach (<anonymous>)

    console.log
      ­ƒôì Route: ^\/api\/events\/?(?=\/|$)/:id/notify

      at log (server.js:448:17)
          at Array.forEach (<anonymous>)
          at Array.forEach (<anonymous>)

    console.log
      ­ƒôì Route: ^\/api\/events\/?(?=\/|$)/:id

      at log (server.js:448:17)
          at Array.forEach (<anonymous>)
          at Array.forEach (<anonymous>)

    console.log
      ­ƒôì Route: ^\/api\/events\/?(?=\/|$)/:id/checkin

      at log (server.js:448:17)
          at Array.forEach (<anonymous>)
          at Array.forEach (<anonymous>)

    console.log
      ­ƒôì Route: ^\/api\/events\/?(?=\/|$)/:id/checkins

      at log (server.js:448:17)
          at Array.forEach (<anonymous>)
          at Array.forEach (<anonymous>)

    console.log
      ­ƒôì Route: ^\/api\/events\/?(?=\/|$)/:id/result

      at log (server.js:448:17)
          at Array.forEach (<anonymous>)
          at Array.forEach (<anonymous>)

    console.log
      ­ƒôì Route: ^\/api\/events\/?(?=\/|$)/:id/groups

      at log (server.js:448:17)
          at Array.forEach (<anonymous>)
          at Array.forEach (<anonymous>)

    console.log
      ­ƒôì Route: ^\/api\/events\/?(?=\/|$)/:id/players

      at log (server.js:448:17)
          at Array.forEach (<anonymous>)
          at Array.forEach (<anonymous>)

    console.log
      ­ƒôì Route: ^\/api\/events\/?(?=\/|$)/:id/groups

      at log (server.js:448:17)
          at Array.forEach (<anonymous>)
          at Array.forEach (<anonymous>)

    console.log
      ­ƒôì Route: ^\/api\/events\/?(?=\/|$)/:id/assign-group

      at log (server.js:448:17)
          at Array.forEach (<anonymous>)
          at Array.forEach (<anonymous>)

    console.log
      ­ƒôì Route: ^\/api\/events\/?(?=\/|$)/:id/bibs

      at log (server.js:448:17)
          at Array.forEach (<anonymous>)
          at Array.forEach (<anonymous>)

    console.log
      ­ƒôì Route: ^\/api\/events\/?(?=\/|$)/:id/export

      at log (server.js:448:17)
          at Array.forEach (<anonymous>)
          at Array.forEach (<anonymous>)

    console.log
      ­ƒôì Route: ^\/api\/events\/?(?=\/|$)/:id/checkin

      at log (server.js:448:17)
          at Array.forEach (<anonymous>)
          at Array.forEach (<anonymous>)

    console.log
      ­ƒôì Route: ^\/api\/events\/?(?=\/|$)/:id/results

      at log (server.js:448:17)
          at Array.forEach (<anonymous>)
          at Array.forEach (<anonymous>)

    console.log
      ­ƒôì Route: ^\/api\/events\/?(?=\/|$)/:id/player-stats

      at log (server.js:448:17)
          at Array.forEach (<anonymous>)
          at Array.forEach (<anonymous>)

    console.log
      ­ƒôì Route: ^\/api\/payments\/?(?=\/|$)/config

      at log (server.js:448:17)
          at Array.forEach (<anonymous>)
          at Array.forEach (<anonymous>)

    console.log
      ­ƒôì Route: ^\/api\/payments\/?(?=\/|$)/stripe/connect/status

      at log (server.js:448:17)
          at Array.forEach (<anonymous>)
          at Array.forEach (<anonymous>)

    console.log
      ­ƒôì Route: ^\/api\/payments\/?(?=\/|$)/stripe/connect/onboard

      at log (server.js:448:17)
          at Array.forEach (<anonymous>)
          at Array.forEach (<anonymous>)

    console.log
      ­ƒôì Route: ^\/api\/payments\/?(?=\/|$)/stripe/connect/manage

      at log (server.js:448:17)
          at Array.forEach (<anonymous>)
          at Array.forEach (<anonymous>)

    console.log
      ­ƒôì Route: ^\/api\/payments\/?(?=\/|$)/health

      at log (server.js:448:17)
          at Array.forEach (<anonymous>)
          at Array.forEach (<anonymous>)

    console.log
      ­ƒôì Route: ^\/api\/payments\/?(?=\/|$)/plans

      at log (server.js:448:17)
          at Array.forEach (<anonymous>)
          at Array.forEach (<anonymous>)

    console.log
      ­ƒôì Route: ^\/api\/payments\/?(?=\/|$)/plans/import

      at log (server.js:448:17)
          at Array.forEach (<anonymous>)
          at Array.forEach (<anonymous>)

    console.log
      ­ƒôì Route: ^\/api\/payments\/?(?=\/|$)/plans

      at log (server.js:448:17)
          at Array.forEach (<anonymous>)
          at Array.forEach (<anonymous>)

    console.log
      ­ƒôì Route: ^\/api\/payments\/?(?=\/|$)/plans/:id

      at log (server.js:448:17)
          at Array.forEach (<anonymous>)
          at Array.forEach (<anonymous>)

    console.log
      ­ƒôì Route: ^\/api\/payments\/?(?=\/|$)/plans/:id

      at log (server.js:448:17)
          at Array.forEach (<anonymous>)
          at Array.forEach (<anonymous>)

    console.log
      ­ƒôì Route: ^\/api\/payments\/?(?=\/|$)/plan/current

      at log (server.js:448:17)
          at Array.forEach (<anonymous>)
          at Array.forEach (<anonymous>)

    console.log
      ­ƒôì Route: ^\/api\/payments\/?(?=\/|$)/plan/assign

      at log (server.js:448:17)
          at Array.forEach (<anonymous>)
          at Array.forEach (<anonymous>)

    console.log
      ­ƒôì Route: ^\/api\/payments\/?(?=\/|$)/bulk-assign-plan-legacy

      at log (server.js:448:17)
          at Array.forEach (<anonymous>)
          at Array.forEach (<anonymous>)

    console.log
      ­ƒôì Route: ^\/api\/payments\/?(?=\/|$)/plan/cancel

      at log (server.js:448:17)
          at Array.forEach (<anonymous>)
          at Array.forEach (<anonymous>)

    console.log
      ­ƒôì Route: ^\/api\/payments\/?(?=\/|$)/

      at log (server.js:448:17)
          at Array.forEach (<anonymous>)
          at Array.forEach (<anonymous>)

    console.log
      ­ƒôì Route: ^\/api\/payments\/?(?=\/|$)/create-intent

      at log (server.js:448:17)
          at Array.forEach (<anonymous>)
          at Array.forEach (<anonymous>)

    console.log
      ­ƒôì Route: ^\/api\/payments\/?(?=\/|$)/confirm-payment

      at log (server.js:448:17)
          at Array.forEach (<anonymous>)
          at Array.forEach (<anonymous>)

    console.log
      ­ƒôì Route: ^\/api\/payments\/?(?=\/|$)/public/:id

      at log (server.js:448:17)
          at Array.forEach (<anonymous>)
          at Array.forEach (<anonymous>)

    console.log
      ­ƒôì Route: ^\/api\/payments\/?(?=\/|$)/:id/payment-link

      at log (server.js:448:17)
          at Array.forEach (<anonymous>)
          at Array.forEach (<anonymous>)

    console.log
      ­ƒôì Route: ^\/api\/payments\/?(?=\/|$)/book-event

      at log (server.js:448:17)
          at Array.forEach (<anonymous>)
          at Array.forEach (<anonymous>)

    console.log
      ­ƒôì Route: ^\/api\/payments\/?(?=\/|$)/

      at log (server.js:448:17)
          at Array.forEach (<anonymous>)
          at Array.forEach (<anonymous>)

    console.log
      ­ƒôì Route: ^\/api\/payments\/?(?=\/|$)/assign-player-plan

      at log (server.js:448:17)
          at Array.forEach (<anonymous>)
          at Array.forEach (<anonymous>)

    console.log
      ­ƒôì Route: ^\/api\/payments\/?(?=\/|$)/bulk-assign-plan

      at log (server.js:448:17)
          at Array.forEach (<anonymous>)
          at Array.forEach (<anonymous>)

    console.log
      ­ƒôì Route: ^\/api\/payments\/?(?=\/|$)/cleanup

      at log (server.js:448:17)
          at Array.forEach (<anonymous>)
          at Array.forEach (<anonymous>)

    console.log
      ­ƒôì Route: ^\/api\/stripe-payouts\/?(?=\/|$)/configure-payout/:accountId

      at log (server.js:448:17)
          at Array.forEach (<anonymous>)
          at Array.forEach (<anonymous>)

    console.log
      ­ƒôì Route: ^\/api\/stripe-payouts\/?(?=\/|$)/payout-schedule/:accountId

      at log (server.js:448:17)
          at Array.forEach (<anonymous>)
          at Array.forEach (<anonymous>)

    console.log
      ­ƒôì Route: ^\/api\/stripe-payouts\/?(?=\/|$)/configure-all-payouts

      at log (server.js:448:17)
          at Array.forEach (<anonymous>)
          at Array.forEach (<anonymous>)

    console.log
      ­ƒôì Route: ^\/api\/stripe-payouts\/?(?=\/|$)/manual-payout/:accountId

      at log (server.js:448:17)
          at Array.forEach (<anonymous>)
          at Array.forEach (<anonymous>)

    console.log
      ­ƒôì Route: ^\/api\/dashboard\/?(?=\/|$)/admin

      at log (server.js:448:17)
          at Array.forEach (<anonymous>)
          at Array.forEach (<anonymous>)

    console.log
      ­ƒôì Route: ^\/api\/dashboard\/?(?=\/|$)/player

      at log (server.js:448:17)
          at Array.forEach (<anonymous>)
          at Array.forEach (<anonymous>)

    console.log
      ­ƒôì Route: ^\/api\/dashboard\/?(?=\/|$)/invitations/:orgId/accept

      at log (server.js:448:17)
          at Array.forEach (<anonymous>)
          at Array.forEach (<anonymous>)

    console.log
      ­ƒôì Route: ^\/api\/dashboard\/?(?=\/|$)/invitations/:orgId/decline

      at log (server.js:448:17)
          at Array.forEach (<anonymous>)
          at Array.forEach (<anonymous>)

    console.log
      ­ƒôì Route: ^\/api\/invites\/?(?=\/|$)/generate

      at log (server.js:448:17)
          at Array.forEach (<anonymous>)
          at Array.forEach (<anonymous>)

    console.log
      ­ƒôì Route: ^\/api\/invites\/?(?=\/|$)/details/:token

      at log (server.js:448:17)
          at Array.forEach (<anonymous>)
          at Array.forEach (<anonymous>)

    console.log
      ­ƒôì Route: ^\/api\/invites\/?(?=\/|$)/accept/:token

      at log (server.js:448:17)
          at Array.forEach (<anonymous>)
          at Array.forEach (<anonymous>)

    console.log
      ­ƒôì Route: ^\/api\/invites\/?(?=\/|$)/decline/:token

      at log (server.js:448:17)
          at Array.forEach (<anonymous>)
          at Array.forEach (<anonymous>)

    console.log
      ­ƒôì Route: ^\/api\/invites\/?(?=\/|$)/sent

      at log (server.js:448:17)
          at Array.forEach (<anonymous>)
          at Array.forEach (<anonymous>)

    console.log
      ­ƒôì Route: ^\/api\/products\/?(?=\/|$)/

      at log (server.js:448:17)
          at Array.forEach (<anonymous>)
          at Array.forEach (<anonymous>)

    console.log
      ­ƒôì Route: ^\/api\/products\/?(?=\/|$)/

      at log (server.js:448:17)
          at Array.forEach (<anonymous>)
          at Array.forEach (<anonymous>)

    console.log
      ­ƒôì Route: ^\/api\/products\/?(?=\/|$)/purchase

      at log (server.js:448:17)
          at Array.forEach (<anonymous>)
          at Array.forEach (<anonymous>)

    console.log
      ­ƒôì Route: ^\/api\/products\/?(?=\/|$)/:id

      at log (server.js:448:17)
          at Array.forEach (<anonymous>)
          at Array.forEach (<anonymous>)

    console.log
      ­ƒôì Route: ^\/api\/products\/?(?=\/|$)/:id

      at log (server.js:448:17)
          at Array.forEach (<anonymous>)
          at Array.forEach (<anonymous>)

    console.log
      ­ƒôì Route: ^\/api\/campaigns\/?(?=\/|$)/

      at log (server.js:448:17)
          at Array.forEach (<anonymous>)
          at Array.forEach (<anonymous>)

    console.log
      ­ƒôì Route: ^\/api\/campaigns\/?(?=\/|$)/

      at log (server.js:448:17)
          at Array.forEach (<anonymous>)
          at Array.forEach (<anonymous>)

    console.log
      ­ƒôì Route: ^\/api\/campaigns\/?(?=\/|$)/:id/send

      at log (server.js:448:17)
          at Array.forEach (<anonymous>)
          at Array.forEach (<anonymous>)

    console.log
      ­ƒôì Route: ^\/api\/listings\/?(?=\/|$)/

      at log (server.js:448:17)
          at Array.forEach (<anonymous>)
          at Array.forEach (<anonymous>)

    console.log
      ­ƒôì Route: ^\/api\/listings\/?(?=\/|$)/

      at log (server.js:448:17)
          at Array.forEach (<anonymous>)
          at Array.forEach (<anonymous>)

    console.log
      ­ƒôì Route: ^\/api\/listings\/?(?=\/|$)/:id/applications

      at log (server.js:448:17)
          at Array.forEach (<anonymous>)
          at Array.forEach (<anonymous>)

    console.log
      ­ƒôì Route: ^\/api\/listings\/?(?=\/|$)/applications/:id/status

      at log (server.js:448:17)
          at Array.forEach (<anonymous>)
          at Array.forEach (<anonymous>)

    console.log
      ­ƒôì Route: ^\/api\/listings\/?(?=\/|$)/applications/:id/invite

      at log (server.js:448:17)
          at Array.forEach (<anonymous>)
          at Array.forEach (<anonymous>)

    console.log
      ­ƒôì Route: ^\/api\/listings\/?(?=\/|$)/:id

      at log (server.js:448:17)
          at Array.forEach (<anonymous>)
          at Array.forEach (<anonymous>)

    console.log
      ­ƒôì Route: ^\/api\/notifications\/?(?=\/|$)/

      at log (server.js:448:17)
          at Array.forEach (<anonymous>)
          at Array.forEach (<anonymous>)

    console.log
      ­ƒôì Route: ^\/api\/notifications\/?(?=\/|$)/

      at log (server.js:448:17)
          at Array.forEach (<anonymous>)
          at Array.forEach (<anonymous>)

    console.log
      ­ƒôì Route: ^\/api\/notifications\/?(?=\/|$)/:id/read

      at log (server.js:448:17)
          at Array.forEach (<anonymous>)
          at Array.forEach (<anonymous>)

    console.log
      ­ƒôì Route: ^\/api\/notifications\/?(?=\/|$)/read-all

      at log (server.js:448:17)
          at Array.forEach (<anonymous>)
          at Array.forEach (<anonymous>)

    console.log
      ­ƒôì Route: ^\/api\/debug\/?(?=\/|$)/check-org/:id

      at log (server.js:448:17)
          at Array.forEach (<anonymous>)
          at Array.forEach (<anonymous>)

    console.log
      ­ƒôì Route: ^\/api\/talent-id\/?(?=\/|$)/register

      at log (server.js:448:17)
          at Array.forEach (<anonymous>)
          at Array.forEach (<anonymous>)

    console.log
      ­ƒôì Route: ^\/api\/talent-id\/?(?=\/|$)/events/:id/dashboard

      at log (server.js:448:17)
          at Array.forEach (<anonymous>)
          at Array.forEach (<anonymous>)

    console.log
      ­ƒôì Route: ^\/api\/talent-id\/?(?=\/|$)/events/:id/schedule

      at log (server.js:448:17)
          at Array.forEach (<anonymous>)
          at Array.forEach (<anonymous>)

    console.log
      ­ƒôì Route: ^\/api\/talent-id\/?(?=\/|$)/bibs/batch

      at log (server.js:448:17)
          at Array.forEach (<anonymous>)
          at Array.forEach (<anonymous>)

    console.log
      ­ƒôì Route: ^\/api\/talent-id\/?(?=\/|$)/events/:id/groups

      at log (server.js:448:17)
          at Array.forEach (<anonymous>)
          at Array.forEach (<anonymous>)

    console.log
      ­ƒôì Route: ^\/api\/talent-id\/?(?=\/|$)/events/:id/auto-assign

      at log (server.js:448:17)
          at Array.forEach (<anonymous>)
          at Array.forEach (<anonymous>)

    console.log
      ­ƒôì Route: ^\/api\/talent-id\/?(?=\/|$)/registrations/:id/checkin

      at log (server.js:448:17)
          at Array.forEach (<anonymous>)
          at Array.forEach (<anonymous>)

    console.log
      ­ƒôì Route: ^\/api\/scouting\/?(?=\/|$)/reports

      at log (server.js:448:17)
          at Array.forEach (<anonymous>)
          at Array.forEach (<anonymous>)

    console.log
      ­ƒôì Route: ^\/api\/scouting\/?(?=\/|$)/reports

      at log (server.js:448:17)
          at Array.forEach (<anonymous>)
          at Array.forEach (<anonymous>)

    console.log
      ­ƒôì Route: ^\/api\/scouting\/?(?=\/|$)/assignments

      at log (server.js:448:17)
          at Array.forEach (<anonymous>)
          at Array.forEach (<anonymous>)

    console.log
      ­ƒôì Route: ^\/api\/scouting\/?(?=\/|$)/contact-requests

      at log (server.js:448:17)
          at Array.forEach (<anonymous>)
          at Array.forEach (<anonymous>)

    console.log
      ­ƒôì Route: ^\/api\/scouting\/?(?=\/|$)/analytics

      at log (server.js:448:17)
          at Array.forEach (<anonymous>)
          at Array.forEach (<anonymous>)

    console.log
      ­ƒôì Route: ^\/api\/scouting\/?(?=\/|$)/verify-me

      at log (server.js:448:17)
          at Array.forEach (<anonymous>)
          at Array.forEach (<anonymous>)

    console.log
      ­ƒôì Route: ^\/api\/scouting\/?(?=\/|$)/watchlist

      at log (server.js:448:17)
          at Array.forEach (<anonymous>)
          at Array.forEach (<anonymous>)

    console.log
      ­ƒôì Route: ^\/api\/scouting\/?(?=\/|$)/watchlist

      at log (server.js:448:17)
          at Array.forEach (<anonymous>)
          at Array.forEach (<anonymous>)

    console.log
      ­ƒôì Route: ^\/api\/scouting\/?(?=\/|$)/watchlist/:playerId

      at log (server.js:448:17)
          at Array.forEach (<anonymous>)
          at Array.forEach (<anonymous>)

    console.log
      ­ƒôì Route: ^\/api\/scouting\/?(?=\/|$)/medical/:id

      at log (server.js:448:17)
          at Array.forEach (<anonymous>)
          at Array.forEach (<anonymous>)

    console.log
      ­ƒôì Route: ^\/api\/venues\/?(?=\/|$)/

      at log (server.js:448:17)
          at Array.forEach (<anonymous>)
          at Array.forEach (<anonymous>)

    console.log
      ­ƒôì Route: ^\/api\/venues\/?(?=\/|$)/:id

      at log (server.js:448:17)
          at Array.forEach (<anonymous>)
          at Array.forEach (<anonymous>)

    console.log
      ­ƒôì Route: ^\/api\/venues\/?(?=\/|$)/

      at log (server.js:448:17)
          at Array.forEach (<anonymous>)
          at Array.forEach (<anonymous>)

    console.log
      ­ƒôì Route: ^\/api\/venues\/?(?=\/|$)/:id/availability

      at log (server.js:448:17)
          at Array.forEach (<anonymous>)
          at Array.forEach (<anonymous>)

    console.log
      ­ƒôì Route: ^\/api\/venues\/?(?=\/|$)/:id/documents

      at log (server.js:448:17)
          at Array.forEach (<anonymous>)
          at Array.forEach (<anonymous>)

    console.log
      ­ƒôì Route: ^\/api\/venues\/?(?=\/|$)/:id/book

      at log (server.js:448:17)
          at Array.forEach (<anonymous>)
          at Array.forEach (<anonymous>)

    console.log
      ­ƒôì Route: ^\/api\/venues\/?(?=\/|$)/bookings/my

      at log (server.js:448:17)
          at Array.forEach (<anonymous>)
          at Array.forEach (<anonymous>)

    console.log
      ­ƒôì Route: ^\/api\/venues\/?(?=\/|$)/bookings/:id/status

      at log (server.js:448:17)
          at Array.forEach (<anonymous>)
          at Array.forEach (<anonymous>)

    console.log
      ­ƒôì Route: ^\/api\/leagues\/?(?=\/|$)/

      at log (server.js:448:17)
          at Array.forEach (<anonymous>)
          at Array.forEach (<anonymous>)

    console.log
      ­ƒôì Route: ^\/api\/leagues\/?(?=\/|$)/

      at log (server.js:448:17)
          at Array.forEach (<anonymous>)
          at Array.forEach (<anonymous>)

    console.log
      ­ƒôì Route: ^\/api\/leagues\/?(?=\/|$)/:id

      at log (server.js:448:17)
          at Array.forEach (<anonymous>)
          at Array.forEach (<anonymous>)

    console.log
      ­ƒôì Route: ^\/api\/leagues\/?(?=\/|$)/:id/standings

      at log (server.js:448:17)
          at Array.forEach (<anonymous>)
          at Array.forEach (<anonymous>)

    console.log
      ­ƒôì Route: ^\/api\/leagues\/?(?=\/|$)/:id/teams

      at log (server.js:448:17)
          at Array.forEach (<anonymous>)
          at Array.forEach (<anonymous>)

    console.log
      ­ƒôì Route: ^\/api\/leagues\/?(?=\/|$)/:id/fixtures/generate

      at log (server.js:448:17)
          at Array.forEach (<anonymous>)
          at Array.forEach (<anonymous>)

    console.log
      ­ƒôì Route: ^\/api\/leagues\/?(?=\/|$)/:id/fixtures

      at log (server.js:448:17)
          at Array.forEach (<anonymous>)
          at Array.forEach (<anonymous>)

    console.log
      ­ƒôì Route: ^\/api\/leagues\/?(?=\/|$)/fixtures/:id/score

      at log (server.js:448:17)
          at Array.forEach (<anonymous>)
          at Array.forEach (<anonymous>)

    console.log
      ­ƒôì Route: ^\/api\/leagues\/?(?=\/|$)/fixtures/:id/assign-referee

      at log (server.js:448:17)
          at Array.forEach (<anonymous>)
          at Array.forEach (<anonymous>)

    console.log
      ­ƒôì Route: ^\/api\/tournaments\/?(?=\/|$)/register

      at log (server.js:448:17)
          at Array.forEach (<anonymous>)
          at Array.forEach (<anonymous>)

    console.log
      ­ƒôì Route: ^\/api\/tournaments\/?(?=\/|$)/

      at log (server.js:448:17)
          at Array.forEach (<anonymous>)
          at Array.forEach (<anonymous>)

    console.log
      ­ƒôì Route: ^\/api\/tournaments\/?(?=\/|$)/:id/dashboard

      at log (server.js:448:17)
          at Array.forEach (<anonymous>)
          at Array.forEach (<anonymous>)

    console.log
      ­ƒôì Route: ^\/api\/tournaments\/?(?=\/|$)/:id/groups

      at log (server.js:448:17)
          at Array.forEach (<anonymous>)
          at Array.forEach (<anonymous>)

    console.log
      ­ƒôì Route: ^\/api\/tournaments\/?(?=\/|$)/:id/groups/assign

      at log (server.js:448:17)
          at Array.forEach (<anonymous>)
          at Array.forEach (<anonymous>)

    console.log
      ­ƒôì Route: ^\/api\/tournaments\/?(?=\/|$)/:id/generate-fixtures

      at log (server.js:448:17)
          at Array.forEach (<anonymous>)
          at Array.forEach (<anonymous>)

    console.log
      ­ƒôì Route: ^\/api\/tournaments\/?(?=\/|$)/matches/:id/lineups

      at log (server.js:448:17)
          at Array.forEach (<anonymous>)
          at Array.forEach (<anonymous>)

    console.log
      ­ƒôì Route: ^\/api\/tournaments\/?(?=\/|$)/matches/:id/result

      at log (server.js:448:17)
          at Array.forEach (<anonymous>)
          at Array.forEach (<anonymous>)

    console.log
      ­ƒôì Route: ^\/api\/tournaments\/?(?=\/|$)/:id/pitches

      at log (server.js:448:17)
          at Array.forEach (<anonymous>)
          at Array.forEach (<anonymous>)

    console.log
      ­ƒôì Route: ^\/api\/tournaments\/?(?=\/|$)/:id/pitches/bulk

      at log (server.js:448:17)
          at Array.forEach (<anonymous>)
          at Array.forEach (<anonymous>)

    console.log
      ­ƒôì Route: ^\/api\/tournaments\/?(?=\/|$)/:id/pitches

      at log (server.js:448:17)
          at Array.forEach (<anonymous>)
          at Array.forEach (<anonymous>)

    console.log
      ­ƒôì Route: ^\/api\/tournaments\/?(?=\/|$)/:id/auto-schedule

      at log (server.js:448:17)
          at Array.forEach (<anonymous>)
          at Array.forEach (<anonymous>)

    console.log
      ­ƒôì Route: ^\/api\/tournaments\/?(?=\/|$)/teams/:id/status

      at log (server.js:448:17)
          at Array.forEach (<anonymous>)
          at Array.forEach (<anonymous>)

    console.log
      ­ƒôì Route: ^\/api\/tournaments\/?(?=\/|$)/teams/:id/link

      at log (server.js:448:17)
          at Array.forEach (<anonymous>)
          at Array.forEach (<anonymous>)

    console.log
      ­ƒôì Route: ^\/api\/tournaments\/?(?=\/|$)/matches/:id/assign-team

      at log (server.js:448:17)
          at Array.forEach (<anonymous>)
          at Array.forEach (<anonymous>)

    console.log
      ­ƒôì Route: ^\/api\/tournaments\/?(?=\/|$)/:id/bracket

      at log (server.js:448:17)
          at Array.forEach (<anonymous>)
          at Array.forEach (<anonymous>)

    console.log
      ­ƒôì Route: ^\/api\/tournaments\/?(?=\/|$)/matches/:id/video

      at log (server.js:448:17)
          at Array.forEach (<anonymous>)
          at Array.forEach (<anonymous>)

    console.log
      ­ƒôì Route: ^\/api\/tournaments\/?(?=\/|$)/:id/invite-staff

      at log (server.js:448:17)
          at Array.forEach (<anonymous>)
          at Array.forEach (<anonymous>)

    console.log
      ­ƒôì Route: ^\/api\/tournaments\/?(?=\/|$)/:id/invite-team

      at log (server.js:448:17)
          at Array.forEach (<anonymous>)
          at Array.forEach (<anonymous>)

    console.log
      ­ƒôì Route: ^\/api\/tournaments\/?(?=\/|$)/pitches/:id

      at log (server.js:448:17)
          at Array.forEach (<anonymous>)
          at Array.forEach (<anonymous>)

    console.log
      ­ƒôì Route: ^\/api\/tournaments\/?(?=\/|$)/matches/:id/video

      at log (server.js:448:17)
          at Array.forEach (<anonymous>)
          at Array.forEach (<anonymous>)

    console.log
      ­ƒôì Route: ^\/api\/tournaments\/?(?=\/|$)/matches/:id/video

      at log (server.js:448:17)
          at Array.forEach (<anonymous>)
          at Array.forEach (<anonymous>)

    console.log
      ­ƒôì Route: ^\/api\/tournaments\/?(?=\/|$)/:id/layout

      at log (server.js:448:17)
          at Array.forEach (<anonymous>)
          at Array.forEach (<anonymous>)

    console.log
      ­ƒôì Route: ^\/api\/tournaments\/?(?=\/|$)/:id/invite

      at log (server.js:448:17)
          at Array.forEach (<anonymous>)
          at Array.forEach (<anonymous>)

    console.log
      ­ƒôì Route: ^\/api\/polls\/?(?=\/|$)/

      at log (server.js:448:17)
          at Array.forEach (<anonymous>)
          at Array.forEach (<anonymous>)

    console.log
      ­ƒôì Route: ^\/api\/polls\/?(?=\/|$)/

      at log (server.js:448:17)
          at Array.forEach (<anonymous>)
          at Array.forEach (<anonymous>)

    console.log
      ­ƒôì Route: ^\/api\/polls\/?(?=\/|$)/:id/vote

      at log (server.js:448:17)
          at Array.forEach (<anonymous>)
          at Array.forEach (<anonymous>)

    console.log
      ­ƒôì Route: ^\/api\/email\/?(?=\/|$)/send

      at log (server.js:448:17)
          at Array.forEach (<anonymous>)
          at Array.forEach (<anonymous>)

    console.log
      ­ƒôì Route: ^\/api\/email\/?(?=\/|$)/send-invite

      at log (server.js:448:17)
          at Array.forEach (<anonymous>)
          at Array.forEach (<anonymous>)

    console.log
      ­ƒôì Route: ^\/api\/tactical\/?(?=\/|$)/

      at log (server.js:448:17)
          at Array.forEach (<anonymous>)
          at Array.forEach (<anonymous>)

    console.log
      ­ƒôì Route: ^\/api\/tactical\/?(?=\/|$)/

      at log (server.js:448:17)
          at Array.forEach (<anonymous>)
          at Array.forEach (<anonymous>)

    console.log
      ­ƒôì Route: ^\/api\/tactical\/?(?=\/|$)/:id

      at log (server.js:448:17)
          at Array.forEach (<anonymous>)
          at Array.forEach (<anonymous>)

    console.log
      ­ƒôì Route: ^\/api\/forms\/?(?=\/|$)/

      at log (server.js:448:17)
          at Array.forEach (<anonymous>)
          at Array.forEach (<anonymous>)

    console.log
      ­ƒôì Route: ^\/api\/forms\/?(?=\/|$)/

      at log (server.js:448:17)
          at Array.forEach (<anonymous>)
          at Array.forEach (<anonymous>)

    console.log
      ­ƒôì Route: ^\/api\/forms\/?(?=\/|$)/:id

      at log (server.js:448:17)
          at Array.forEach (<anonymous>)
          at Array.forEach (<anonymous>)

    console.log
      ­ƒôì Route: ^\/api\/forms\/?(?=\/|$)/:id

      at log (server.js:448:17)
          at Array.forEach (<anonymous>)
          at Array.forEach (<anonymous>)

    console.log
      ­ƒôì Route: ^\/api\/forms\/?(?=\/|$)/:id

      at log (server.js:448:17)
          at Array.forEach (<anonymous>)
          at Array.forEach (<anonymous>)

    console.log
      ­ƒôì Route: ^\/api\/forms\/?(?=\/|$)/:id/submit

      at log (server.js:448:17)
          at Array.forEach (<anonymous>)
          at Array.forEach (<anonymous>)

    console.log
      ­ƒôì Route: ^\/api\/forms\/?(?=\/|$)/:id/responses

      at log (server.js:448:17)
          at Array.forEach (<anonymous>)
          at Array.forEach (<anonymous>)

    console.log
      ­ƒôì Route: ^\/api\/training\/?(?=\/|$)/drills

      at log (server.js:448:17)
          at Array.forEach (<anonymous>)
          at Array.forEach (<anonymous>)

    console.log
      ­ƒôì Route: ^\/api\/training\/?(?=\/|$)/drills

      at log (server.js:448:17)
          at Array.forEach (<anonymous>)
          at Array.forEach (<anonymous>)

    console.log
      ­ƒôì Route: ^\/api\/training\/?(?=\/|$)/drills/:id

      at log (server.js:448:17)
          at Array.forEach (<anonymous>)
          at Array.forEach (<anonymous>)

    console.log
      ­ƒôì Route: ^\/api\/training\/?(?=\/|$)/drills/:id

      at log (server.js:448:17)
          at Array.forEach (<anonymous>)
          at Array.forEach (<anonymous>)

    console.log
      ­ƒôì Route: ^\/api\/training\/?(?=\/|$)/drills/:id

      at log (server.js:448:17)
          at Array.forEach (<anonymous>)
          at Array.forEach (<anonymous>)

    console.log
      ­ƒôì Route: ^\/api\/training\/?(?=\/|$)/drills/:id/assign

      at log (server.js:448:17)
          at Array.forEach (<anonymous>)
          at Array.forEach (<anonymous>)

    console.log
      ­ƒôì Route: ^\/api\/training\/?(?=\/|$)/my-drills

      at log (server.js:448:17)
          at Array.forEach (<anonymous>)
          at Array.forEach (<anonymous>)

    console.log
      ­ƒôì Route: ^\/api\/training\/?(?=\/|$)/submissions

      at log (server.js:448:17)
          at Array.forEach (<anonymous>)
          at Array.forEach (<anonymous>)

    console.log
      ­ƒôì Route: ^\/api\/training\/?(?=\/|$)/submissions

      at log (server.js:448:17)
          at Array.forEach (<anonymous>)
          at Array.forEach (<anonymous>)

    console.log
      ­ƒôì Route: ^\/api\/training\/?(?=\/|$)/submissions/:id/review

      at log (server.js:448:17)
          at Array.forEach (<anonymous>)
          at Array.forEach (<anonymous>)

    console.log
      ­ƒôì Route: ^\/api\/training\/?(?=\/|$)/skills/:playerId

      at log (server.js:448:17)
          at Array.forEach (<anonymous>)
          at Array.forEach (<anonymous>)

    console.log
      ­ƒôì Route: ^\/api\/training\/?(?=\/|$)/team-progress/:teamId

      at log (server.js:448:17)
          at Array.forEach (<anonymous>)
          at Array.forEach (<anonymous>)

    console.log
      2026-04-11T15:19:46.737Z - POST /api/auth/register - ::ffff:127.0.0.1

      at log (server.js:227:11)

    console.error
      ÔØî Query failed: { text: 'SELECT * FROM users WHERE email = $1...', error: '' }

    [0m [90m 81 |[39m     [36mreturn[39m res[33m;[39m
     [90m 82 |[39m   } [36mcatch[39m (error) {
    [31m[1m>[22m[39m[90m 83 |[39m     console[33m.[39merror([32m"ÔØî Query failed:"[39m[33m,[39m {
     [90m    |[39m             [31m[1m^[22m[39m
     [90m 84 |[39m       text[33m:[39m text[33m.[39msubstring([35m0[39m[33m,[39m [35m50[39m) [33m+[39m 
[32m"..."[39m[33m,[39m
     [90m 85 |[39m       error[33m:[39m error[33m.[39mmessage[33m,[39m
     [90m 86 |[39m     })[33m;[39m[0m

      at error (config/database.js:83:13)
      at routes/auth.js:173:26

    console.error
      ÔØî Registration error: AggregateError: 
          at C:\Users\Dell\Documents\elitepro\clubhub\backend\node_modules\pg-pool\index.js:45:11
          at processTicksAndRejections (node:internal/process/task_queues:95:5)
          at query (C:\Users\Dell\Documents\elitepro\clubhub\backend\config\database.js:74:17)
          at C:\Users\Dell\Documents\elitepro\clubhub\backend\routes\auth.js:173:26 {
        code: 'ECONNREFUSED',
        [errors]: [
          Error: connect ECONNREFUSED ::1:5436
              at createConnectionError (node:net:1652:14)
              at afterConnectMultiple (node:net:1682:16)
              at TCPConnectWrap.callbackTrampoline (node:internal/async_hooks:130:17) {
            errno: -4078,
            code: 'ECONNREFUSED',
            syscall: 'connect',
            address: '::1',
            port: 5436
          },
          Error: connect ECONNREFUSED 127.0.0.1:5436
              at createConnectionError (node:net:1652:14)
              at afterConnectMultiple (node:net:1682:16)
              at TCPConnectWrap.callbackTrampoline (node:internal/async_hooks:130:17) {
            errno: -4078,
            code: 'ECONNREFUSED',
            syscall: 'connect',
            address: '127.0.0.1',
            port: 5436
          }
        ]
      }

    [0m [90m 330 |[39m     })[33m;[39m
     [90m 331 |[39m   } [36mcatch[39m (error) {
    [31m[1m>[22m[39m[90m 332 |[39m     console[33m.[39merror([32m"ÔØî Registration error:"[39m[33m,[39m 
error)[33m;[39m
     [90m     |[39m             [31m[1m^[22m[39m
     [90m 333 |[39m     console[33m.[39merror([32m"Error details:"[39m[33m,[39m {
     [90m 334 |[39m       message[33m:[39m error[33m.[39mmessage[33m,[39m
     [90m 335 |[39m       code[33m:[39m error[33m.[39mcode[33m,[39m[0m

      at error (routes/auth.js:332:13)

    console.error
      Error details: {
        message: '',
        code: 'ECONNREFUSED',
        detail: undefined,
        table: undefined,
        column: undefined
      }

    [0m [90m 331 |[39m   } [36mcatch[39m (error) {
     [90m 332 |[39m     console[33m.[39merror([32m"ÔØî Registration error:"[39m[33m,[39m error)[33m;[39m
    [31m[1m>[22m[39m[90m 333 |[39m     console[33m.[39merror([32m"Error details:"[39m[33m,[39m {
     [90m     |[39m             [31m[1m^[22m[39m
     [90m 334 |[39m       message[33m:[39m error[33m.[39mmessage[33m,[39m
     [90m 335 |[39m       code[33m:[39m error[33m.[39mcode[33m,[39m
     [90m 336 |[39m       detail[33m:[39m error[33m.[39mdetail[33m,[39m[0m

      at error (routes/auth.js:333:13)

    console.log
      2026-04-11T15:19:46.760Z - GET /api/payments/health - ::ffff:127.0.0.1

      at log (server.js:227:11)

    console.log
      Ô£à Stripe is configured and active.

      at Object.log (tests/payments.test.js:81:15)

    console.log
      2026-04-11T15:19:46.770Z - GET /api/payments/health - ::ffff:127.0.0.1

      at log (server.js:227:11)

    console.log
      2026-04-11T15:19:46.779Z - POST /api/payments/plans - ::ffff:127.0.0.1

      at log (server.js:227:11)

    console.error
      ÔØî Token verification failed: {
        error: 'jwt malformed',
        name: 'JsonWebTokenError',
        token: 'undefined...'
      }

    [0m [90m 28 |[39m   jwt[33m.[39mverify(token[33m,[39m [33mJWT_SECRET[39m[33m,[39m (err[33m,[39m 
decoded) [33m=>[39m {
     [90m 29 |[39m     [36mif[39m (err) {
    [31m[1m>[22m[39m[90m 30 |[39m       console[33m.[39merror([32m"ÔØî Token verification 
failed:"[39m[33m,[39m {
     [90m    |[39m               [31m[1m^[22m[39m
     [90m 31 |[39m         error[33m:[39m err[33m.[39mmessage[33m,[39m
     [90m 32 |[39m         name[33m:[39m err[33m.[39mname[33m,[39m
     [90m 33 |[39m         token[33m:[39m token[33m.[39msubstring([35m0[39m[33m,[39m [35m20[39m) 
[33m+[39m [32m"..."[39m[33m,[39m[0m

      at error (middleware/auth.js:30:15)
      at Object.module.exports [as verify] (node_modules/jsonwebtoken/verify.js:70:12)
      at verify (middleware/auth.js:28:7)
      at Layer.handle [as handle_request] (node_modules/express/lib/router/layer.js:95:5)
      at next (node_modules/express/lib/router/route.js:149:13)
      at Route.dispatch (node_modules/express/lib/router/route.js:119:3)
      at Layer.handle [as handle_request] (node_modules/express/lib/router/layer.js:95:5)
      at node_modules/express/lib/router/index.js:284:15
      at Function.process_params (node_modules/express/lib/router/index.js:346:12)
      at next (node_modules/express/lib/router/index.js:280:10)
      at Function.handle (node_modules/express/lib/router/index.js:175:3)
      at router (node_modules/express/lib/router/index.js:47:12)
      at Layer.handle [as handle_request] (node_modules/express/lib/router/layer.js:95:5)
      at trim_prefix (node_modules/express/lib/router/index.js:328:13)
      at node_modules/express/lib/router/index.js:286:9
      at Function.process_params (node_modules/express/lib/router/index.js:346:12)
      at next (node_modules/express/lib/router/index.js:280:10)
      at next (server.js:228:3)
      at Layer.handle [as handle_request] (node_modules/express/lib/router/layer.js:95:5)
      at trim_prefix (node_modules/express/lib/router/index.js:328:13)
      at node_modules/express/lib/router/index.js:286:9
      at Function.process_params (node_modules/express/lib/router/index.js:346:12)
      at next (node_modules/express/lib/router/index.js:280:10)
      at urlencodedParser (node_modules/body-parser/lib/types/urlencoded.js:85:7)
      at Layer.handle [as handle_request] (node_modules/express/lib/router/layer.js:95:5)
      at trim_prefix (node_modules/express/lib/router/index.js:328:13)
      at node_modules/express/lib/router/index.js:286:9
      at Function.process_params (node_modules/express/lib/router/index.js:346:12)
      at next (node_modules/express/lib/router/index.js:280:10)
      at jsonParser (node_modules/body-parser/lib/types/json.js:104:7)
      at Layer.handle [as handle_request] (node_modules/express/lib/router/layer.js:95:5)
      at trim_prefix (node_modules/express/lib/router/index.js:328:13)
      at node_modules/express/lib/router/index.js:286:9
      at Function.process_params (node_modules/express/lib/router/index.js:346:12)
      at next (node_modules/express/lib/router/index.js:280:10)
      at node_modules/express-rate-limit/dist/index.cjs:822:7
      at node_modules/express-rate-limit/dist/index.cjs:704:5

    console.log
      2026-04-11T15:19:46.789Z - GET /api/payments/plans - ::ffff:127.0.0.1

      at log (server.js:227:11)

    console.error
      ÔØî Query failed: {
        text: '\n      CREATE TABLE IF NOT EXISTS plans (\n        ...',
        error: ''
      }

    [0m [90m 81 |[39m     [36mreturn[39m res[33m;[39m
     [90m 82 |[39m   } [36mcatch[39m (error) {
    [31m[1m>[22m[39m[90m 83 |[39m     console[33m.[39merror([32m"ÔØî Query failed:"[39m[33m,[39m {
     [90m    |[39m             [31m[1m^[22m[39m
     [90m 84 |[39m       text[33m:[39m text[33m.[39msubstring([35m0[39m[33m,[39m [35m50[39m) [33m+[39m 
[32m"..."[39m[33m,[39m
     [90m 85 |[39m       error[33m:[39m error[33m.[39mmessage[33m,[39m
     [90m 86 |[39m     })[33m;[39m[0m

      at error (config/database.js:83:13)
      at routes/payments.js:350:5

    console.error
      Get plans error: AggregateError: 
          at C:\Users\Dell\Documents\elitepro\clubhub\backend\node_modules\pg-pool\index.js:45:11
          at processTicksAndRejections (node:internal/process/task_queues:95:5)
          at query (C:\Users\Dell\Documents\elitepro\clubhub\backend\config\database.js:74:17)
          at C:\Users\Dell\Documents\elitepro\clubhub\backend\routes\payments.js:350:5 {
        code: 'ECONNREFUSED',
        [errors]: [
          Error: connect ECONNREFUSED ::1:5436
              at createConnectionError (node:net:1652:14)
              at afterConnectMultiple (node:net:1682:16)
              at TCPConnectWrap.callbackTrampoline (node:internal/async_hooks:130:17) {
            errno: -4078,
            code: 'ECONNREFUSED',
            syscall: 'connect',
            address: '::1',
            port: 5436
          },
          Error: connect ECONNREFUSED 127.0.0.1:5436
              at createConnectionError (node:net:1652:14)
              at afterConnectMultiple (node:net:1682:16)
              at TCPConnectWrap.callbackTrampoline (node:internal/async_hooks:130:17) {
            errno: -4078,
            code: 'ECONNREFUSED',
            syscall: 'connect',
            address: '127.0.0.1',
            port: 5436
          }
        ]
      }

    [0m [90m 387 |[39m     res[33m.[39mjson(result[33m.[39mrows)[33m;[39m
     [90m 388 |[39m   } [36mcatch[39m (err) {
    [31m[1m>[22m[39m[90m 389 |[39m     console[33m.[39merror([32m"Get plans error:"[39m[33m,[39m 
err)[33m;[39m
     [90m     |[39m             [31m[1m^[22m[39m
     [90m 390 |[39m     res[33m.[39mstatus([35m500[39m)[33m.[39mjson({
     [90m 391 |[39m       error[33m:[39m [32m"Failed to load plans"[39m[33m,[39m
     [90m 392 |[39m       message[33m:[39m err[33m.[39mmessage[33m,[39m[0m

      at error (routes/payments.js:389:13)

  ÔùÅ Payments API Integration Tests ÔÇ║ should register a user and create an organization

    expect(received).toEqual(expected) // deep equality

    Expected: 201
    Received: 500

    [0m [90m 58 |[39m       })[33m;[39m
     [90m 59 |[39m
    [31m[1m>[22m[39m[90m 60 |[39m     
expect(res[33m.[39mstatusCode)[33m.[39mtoEqual([35m201[39m)[33m;[39m
     [90m    |[39m                            [31m[1m^[22m[39m
     [90m 61 |[39m     authToken [33m=[39m res[33m.[39mbody[33m.[39mtoken[33m;[39m
     [90m 62 |[39m     expect(authToken)[33m.[39mtoBeDefined()[33m;[39m
     [90m 63 |[39m[0m

      at Object.toEqual (tests/payments.test.js:60:28)

  ÔùÅ Payments API Integration Tests ÔÇ║ should create a payment plan

    expect(received).toEqual(expected) // deep equality

    Expected: 201
    Received: 403

    [0m [90m 118 |[39m       )[33m;[39m
     [90m 119 |[39m     } [36melse[39m {
    [31m[1m>[22m[39m[90m 120 |[39m       
expect(res[33m.[39mstatusCode)[33m.[39mtoEqual([35m201[39m)[33m;[39m
     [90m     |[39m                              [31m[1m^[22m[39m
     [90m 121 |[39m       
expect(res[33m.[39mbody[33m.[39mplan)[33m.[39mtoHaveProperty([32m"name"[39m[33m,[39m [32m"Test Annual 
Membership"[39m)[33m;[39m
     [90m 122 |[39m       console[33m.[39mlog([32m"Ô£à Plan created successfully in Stripe."[39m)[33m;[39m
     [90m 123 |[39m     }[0m

      at Object.toEqual (tests/payments.test.js:120:30)

  ÔùÅ Payments API Integration Tests ÔÇ║ should fetch plans

    expect(received).toEqual(expected) // deep equality

    Expected: 200
    Received: 500

    [0m [90m 130 |[39m       [33m.[39m[36mset[39m([32m"Authorization"[39m[33m,[39m [32m`Bearer 
${authToken}`[39m)[33m;[39m [90m// Authentication might be optional depending on implementation[39m
     [90m 131 |[39m
    [31m[1m>[22m[39m[90m 132 |[39m     
expect(res[33m.[39mstatusCode)[33m.[39mtoEqual([35m200[39m)[33m;[39m
     [90m     |[39m                            [31m[1m^[22m[39m
     [90m 133 |[39m     
expect([33mArray[39m[33m.[39misArray(res[33m.[39mbody))[33m.[39mtoBe([36mtrue[39m)[33m;[39m
     [90m 134 |[39m   })[33m;[39m
     [90m 135 |[39m })[33m;[39m[0m

      at Object.toEqual (tests/payments.test.js:132:28)


  ÔùÅ Test suite failed to run

    AggregateError:

    [0m [90m 34 |[39m     }
     [90m 35 |[39m     [36mif[39m (createdUserEmail) {
    [31m[1m>[22m[39m[90m 36 |[39m       [36mawait[39m pool[33m.[39mquery([32m"DELETE FROM users WHERE email 
= $1"[39m[33m,[39m [
     [90m    |[39m       [31m[1m^[22m[39m
     [90m 37 |[39m         createdUserEmail[33m,[39m
     [90m 38 |[39m       ])[33m;[39m
     [90m 39 |[39m     }[0m

      at node_modules/pg-pool/index.js:45:11
      at Object.<anonymous> (tests/payments.test.js:36:7)

FAIL tests/auth.test.js
  ÔùÅ Console

    console.log
      ­ƒöî DB CONFIG DEBUG: {
        env_db_host: 'localhost',
        env_pghost: undefined,
        env_database_url: undefined,
        config_host: 'localhost'
      }

      at Object.log (config/database.js:4:9)

    console.log
      ­ƒöù Connection String (masked): postgresql://clubhub_dev_db_user:****@localhost:5432/clubhub_dev_db

      at Object.log (config/database.js:14:9)

    console.log
      ÔÜá´©Å  Payment processing is DISABLED. Set ENABLE_PAYMENT_PROCESSING=true in .env to enable.

      at Object.log (middleware/payment-guard.js:20:11)

    console.log
      ­ƒôì Route: /api/run-temp-migration

      at log (server.js:444:13)
          at Array.forEach (<anonymous>)

    console.log
      ­ƒôì Route: *

      at log (server.js:444:13)
          at Array.forEach (<anonymous>)

    console.log
      ­ƒôì Route: /api/test-now

      at log (server.js:444:13)
          at Array.forEach (<anonymous>)

    console.log
      ­ƒôì Route: /health

      at log (server.js:444:13)
          at Array.forEach (<anonymous>)

    console.log
      ­ƒôì Route: /api/health

      at log (server.js:444:13)
          at Array.forEach (<anonymous>)

    console.log
      ­ƒôì Route: /api/public-debug/:id

      at log (server.js:444:13)
          at Array.forEach (<anonymous>)

    console.log
      ­ƒôì Route: ^\/api\/auth\/?(?=\/|$)/register

      at log (server.js:448:17)
          at Array.forEach (<anonymous>)
          at Array.forEach (<anonymous>)

    console.log
      ­ƒôì Route: ^\/api\/auth\/?(?=\/|$)/login

      at log (server.js:448:17)
          at Array.forEach (<anonymous>)
          at Array.forEach (<anonymous>)

    console.log
      ­ƒôì Route: ^\/api\/auth\/?(?=\/|$)/logout

      at log (server.js:448:17)
          at Array.forEach (<anonymous>)
          at Array.forEach (<anonymous>)

    console.log
      ­ƒôì Route: ^\/api\/auth\/?(?=\/|$)/seed-demo-users

      at log (server.js:448:17)
          at Array.forEach (<anonymous>)
          at Array.forEach (<anonymous>)

    console.log
      ­ƒôì Route: ^\/api\/auth\/?(?=\/|$)/me

      at log (server.js:448:17)
          at Array.forEach (<anonymous>)
          at Array.forEach (<anonymous>)

    console.log
      ­ƒôì Route: ^\/api\/auth\/?(?=\/|$)/find-user

      at log (server.js:448:17)
          at Array.forEach (<anonymous>)
          at Array.forEach (<anonymous>)

    console.log
      ­ƒôì Route: ^\/api\/auth\/?(?=\/|$)/add-child

      at log (server.js:448:17)
          at Array.forEach (<anonymous>)
          at Array.forEach (<anonymous>)

    console.log
      ­ƒôì Route: ^\/api\/auth\/?(?=\/|$)/children

      at log (server.js:448:17)
          at Array.forEach (<anonymous>)
          at Array.forEach (<anonymous>)

    console.log
      ­ƒôì Route: ^\/api\/auth\/?(?=\/|$)/children/:childId

      at log (server.js:448:17)
          at Array.forEach (<anonymous>)
          at Array.forEach (<anonymous>)

    console.log
      ­ƒôì Route: ^\/api\/auth\/?(?=\/|$)/organizations

      at log (server.js:448:17)
          at Array.forEach (<anonymous>)
          at Array.forEach (<anonymous>)

    console.log
      ­ƒôì Route: ^\/api\/auth\/?(?=\/|$)/context

      at log (server.js:448:17)
          at Array.forEach (<anonymous>)
          at Array.forEach (<anonymous>)

    console.log
      ­ƒôì Route: ^\/api\/auth\/?(?=\/|$)/switch-organization

      at log (server.js:448:17)
          at Array.forEach (<anonymous>)
          at Array.forEach (<anonymous>)

    console.log
      ­ƒôì Route: ^\/api\/auth\/?(?=\/|$)/profile

      at log (server.js:448:17)
          at Array.forEach (<anonymous>)
          at Array.forEach (<anonymous>)

    console.log
      ­ƒôì Route: ^\/api\/auth\/?(?=\/|$)/profile

      at log (server.js:448:17)
          at Array.forEach (<anonymous>)
          at Array.forEach (<anonymous>)

    console.log
      ­ƒôì Route: ^\/api\/auth\/?(?=\/|$)/gdpr/export

      at log (server.js:448:17)
          at Array.forEach (<anonymous>)
          at Array.forEach (<anonymous>)

    console.log
      ­ƒôì Route: ^\/api\/auth\/?(?=\/|$)/gdpr/delete

      at log (server.js:448:17)
          at Array.forEach (<anonymous>)
          at Array.forEach (<anonymous>)

    console.log
      ­ƒôì Route: ^\/api\/auth\/?(?=\/|$)/forgot-password

      at log (server.js:448:17)
          at Array.forEach (<anonymous>)
          at Array.forEach (<anonymous>)

    console.log
      ­ƒôì Route: ^\/api\/auth\/?(?=\/|$)/reset-password

      at log (server.js:448:17)
          at Array.forEach (<anonymous>)
          at Array.forEach (<anonymous>)

    console.log
      ­ƒôì Route: ^\/api\/auth\/?(?=\/|$)/profile-personal

      at log (server.js:448:17)
          at Array.forEach (<anonymous>)
          at Array.forEach (<anonymous>)

    console.log
      ­ƒôì Route: ^\/api\/auth\/?(?=\/|$)/change-password

      at log (server.js:448:17)
          at Array.forEach (<anonymous>)
          at Array.forEach (<anonymous>)

    console.log
      ­ƒôì Route: ^\/api\/auth\/?(?=\/|$)/settings

      at log (server.js:448:17)
          at Array.forEach (<anonymous>)
          at Array.forEach (<anonymous>)

    console.log
      ­ƒôì Route: ^\/api\/auth\/?(?=\/|$)/settings

      at log (server.js:448:17)
          at Array.forEach (<anonymous>)
          at Array.forEach (<anonymous>)

    console.log
      ­ƒôì Route: ^\/api\/auth\/?(?=\/|$)/account

      at log (server.js:448:17)
          at Array.forEach (<anonymous>)
          at Array.forEach (<anonymous>)

    console.log
      ­ƒôì Route: ^\/api\/auth\/?(?=\/|$)/tours/complete

      at log (server.js:448:17)
          at Array.forEach (<anonymous>)
          at Array.forEach (<anonymous>)

    console.log
      ­ƒôì Route: ^\/api\/auth\/?(?=\/|$)/switch-organization

      at log (server.js:448:17)
          at Array.forEach (<anonymous>)
          at Array.forEach (<anonymous>)

    console.log
      ­ƒôì Route: ^\/api\/auth\/?(?=\/|$)/context

      at log (server.js:448:17)
          at Array.forEach (<anonymous>)
          at Array.forEach (<anonymous>)

    console.log
      ­ƒôì Route: ^\/api\/auth\/?(?=\/|$)/me

      at log (server.js:448:17)
          at Array.forEach (<anonymous>)
          at Array.forEach (<anonymous>)

    console.log
      ­ƒôì Route: ^\/api\/organizations\/?(?=\/|$)/

      at log (server.js:448:17)
          at Array.forEach (<anonymous>)
          at Array.forEach (<anonymous>)

    console.log
      ­ƒôì Route: ^\/api\/organizations\/?(?=\/|$)/:id

      at log (server.js:448:17)
          at Array.forEach (<anonymous>)
          at Array.forEach (<anonymous>)

    console.log
      ­ƒôì Route: ^\/api\/organizations\/?(?=\/|$)/super/:id

      at log (server.js:448:17)
          at Array.forEach (<anonymous>)
          at Array.forEach (<anonymous>)

    console.log
      ­ƒôì Route: ^\/api\/organizations\/?(?=\/|$)/

      at log (server.js:448:17)
          at Array.forEach (<anonymous>)
          at Array.forEach (<anonymous>)

    console.log
      ­ƒôì Route: ^\/api\/organizations\/?(?=\/|$)/:id

      at log (server.js:448:17)
          at Array.forEach (<anonymous>)
          at Array.forEach (<anonymous>)

    console.log
      ­ƒôì Route: ^\/api\/organizations\/?(?=\/|$)/:id

      at log (server.js:448:17)
          at Array.forEach (<anonymous>)
          at Array.forEach (<anonymous>)

    console.log
      ­ƒôì Route: ^\/api\/organizations\/?(?=\/|$)/:id/members

      at log (server.js:448:17)
          at Array.forEach (<anonymous>)
          at Array.forEach (<anonymous>)

    console.log
      ­ƒôì Route: ^\/api\/organizations\/?(?=\/|$)/:id/images

      at log (server.js:448:17)
          at Array.forEach (<anonymous>)
          at Array.forEach (<anonymous>)

    console.log
      ­ƒôì Route: ^\/api\/organizations\/?(?=\/|$)/:id/logo

      at log (server.js:448:17)
          at Array.forEach (<anonymous>)
          at Array.forEach (<anonymous>)

    console.log
      ­ƒôì Route: ^\/api\/organizations\/?(?=\/|$)/:id/images

      at log (server.js:448:17)
          at Array.forEach (<anonymous>)
          at Array.forEach (<anonymous>)

    console.log
      ­ƒôì Route: ^\/api\/invitations\/?(?=\/|$)/:orgId/invite

      at log (server.js:448:17)
          at Array.forEach (<anonymous>)
          at Array.forEach (<anonymous>)

    console.log
      ­ƒôì Route: ^\/api\/invitations\/?(?=\/|$)/:token

      at log (server.js:448:17)
          at Array.forEach (<anonymous>)
          at Array.forEach (<anonymous>)

    console.log
      ­ƒôì Route: ^\/api\/invitations\/?(?=\/|$)/:token/accept

      at log (server.js:448:17)
          at Array.forEach (<anonymous>)
          at Array.forEach (<anonymous>)

    console.log
      ­ƒôì Route: ^\/api\/invitations\/?(?=\/|$)/:token/decline

      at log (server.js:448:17)
          at Array.forEach (<anonymous>)
          at Array.forEach (<anonymous>)

    console.log
      ­ƒôì Route: ^\/api\/invitations\/?(?=\/|$)/:orgId/invitations

      at log (server.js:448:17)
          at Array.forEach (<anonymous>)
          at Array.forEach (<anonymous>)

    console.log
      ­ƒôì Route: ^\/api\/platform-admin\/?(?=\/|$)/stats

      at log (server.js:448:17)
          at Array.forEach (<anonymous>)
          at Array.forEach (<anonymous>)

    console.log
      ­ƒôì Route: ^\/api\/platform-admin\/?(?=\/|$)/organizations

      at log (server.js:448:17)
          at Array.forEach (<anonymous>)
          at Array.forEach (<anonymous>)

    console.log
      ­ƒôì Route: ^\/api\/platform-admin\/?(?=\/|$)/users

      at log (server.js:448:17)
          at Array.forEach (<anonymous>)
          at Array.forEach (<anonymous>)

    console.log
      ­ƒôì Route: ^\/api\/platform-admin\/?(?=\/|$)/stripe/overview

      at log (server.js:448:17)
          at Array.forEach (<anonymous>)
          at Array.forEach (<anonymous>)

    console.log
      ­ƒôì Route: ^\/api\/platform-admin\/?(?=\/|$)/organization/:id

      at log (server.js:448:17)
          at Array.forEach (<anonymous>)
          at Array.forEach (<anonymous>)

    console.log
      ­ƒôì Route: ^\/api\/platform-admin\/?(?=\/|$)/organizations/:id/status

      at log (server.js:448:17)
          at Array.forEach (<anonymous>)
          at Array.forEach (<anonymous>)

    console.log
      ­ƒôì Route: ^\/api\/platform-admin\/?(?=\/|$)/organizations/:id

      at log (server.js:448:17)
          at Array.forEach (<anonymous>)
          at Array.forEach (<anonymous>)

    console.log
      ­ƒôì Route: ^\/api\/platform-admin\/?(?=\/|$)/set-admin/:userId

      at log (server.js:448:17)
          at Array.forEach (<anonymous>)
          at Array.forEach (<anonymous>)

    console.log
      ­ƒôì Route: ^\/api\/platform-admin\/?(?=\/|$)/activity

      at log (server.js:448:17)
          at Array.forEach (<anonymous>)
          at Array.forEach (<anonymous>)

    console.log
      ­ƒôì Route: ^\/api\/platform-admin\/?(?=\/|$)/users

      at log (server.js:448:17)
          at Array.forEach (<anonymous>)
          at Array.forEach (<anonymous>)

    console.log
      ­ƒôì Route: ^\/api\/platform-admin\/?(?=\/|$)/users/:userId/status

      at log (server.js:448:17)
          at Array.forEach (<anonymous>)
          at Array.forEach (<anonymous>)

    console.log
      ­ƒôì Route: ^\/api\/platform-admin\/?(?=\/|$)/users/:userId

      at log (server.js:448:17)
          at Array.forEach (<anonymous>)
          at Array.forEach (<anonymous>)

    console.log
      ­ƒôì Route: ^\/api\/platform-admin\/?(?=\/|$)/generate-mock-data

      at log (server.js:448:17)
          at Array.forEach (<anonymous>)
          at Array.forEach (<anonymous>)

    console.log
      ­ƒôì Route: ^\/api\/platform-admin\/?(?=\/|$)/onboard-club

      at log (server.js:448:17)
          at Array.forEach (<anonymous>)
          at Array.forEach (<anonymous>)

    console.log
      ­ƒôì Route: ^\/api\/platform-admin\/?(?=\/|$)/scout-verifications

      at log (server.js:448:17)
          at Array.forEach (<anonymous>)
          at Array.forEach (<anonymous>)

    console.log
      ­ƒôì Route: ^\/api\/platform-admin\/?(?=\/|$)/scout-verifications/:id/resolve

      at log (server.js:448:17)
          at Array.forEach (<anonymous>)
          at Array.forEach (<anonymous>)

    console.log
      ­ƒôì Route: ^\/api\/clubs\/?(?=\/|$)/

      at log (server.js:448:17)
          at Array.forEach (<anonymous>)
          at Array.forEach (<anonymous>)

    console.log
      ­ƒôì Route: ^\/api\/clubs\/?(?=\/|$)/:id/public-listings

      at log (server.js:448:17)
          at Array.forEach (<anonymous>)
          at Array.forEach (<anonymous>)

    console.log
      ­ƒôì Route: ^\/api\/clubs\/?(?=\/|$)/:id

      at log (server.js:448:17)
          at Array.forEach (<anonymous>)
          at Array.forEach (<anonymous>)

    console.log
      ­ƒôì Route: ^\/api\/clubs\/?(?=\/|$)/:id/claim

      at log (server.js:448:17)
          at Array.forEach (<anonymous>)
          at Array.forEach (<anonymous>)

    console.log
      ­ƒôì Route: ^\/api\/clubs\/?(?=\/|$)/:id/teams

      at log (server.js:448:17)
          at Array.forEach (<anonymous>)
          at Array.forEach (<anonymous>)

    console.log
      ­ƒôì Route: ^\/api\/clubs\/?(?=\/|$)/

      at log (server.js:448:17)
          at Array.forEach (<anonymous>)
          at Array.forEach (<anonymous>)

    console.log
      ­ƒôì Route: ^\/api\/clubs\/?(?=\/|$)/:id

      at log (server.js:448:17)
          at Array.forEach (<anonymous>)
          at Array.forEach (<anonymous>)

    console.log
      ­ƒôì Route: ^\/api\/clubs\/?(?=\/|$)/:id

      at log (server.js:448:17)
          at Array.forEach (<anonymous>)
          at Array.forEach (<anonymous>)

    console.log
      ­ƒôì Route: ^\/api\/clubs\/?(?=\/|$)/:id/apply

      at log (server.js:448:17)
          at Array.forEach (<anonymous>)
          at Array.forEach (<anonymous>)

    console.log
      ­ƒôì Route: ^\/api\/clubs\/?(?=\/|$)/:id/applications

      at log (server.js:448:17)
          at Array.forEach (<anonymous>)
          at Array.forEach (<anonymous>)

    console.log
      ­ƒôì Route: ^\/api\/clubs\/?(?=\/|$)/applications/:applicationId/review

      at log (server.js:448:17)
          at Array.forEach (<anonymous>)
          at Array.forEach (<anonymous>)

    console.log
      ­ƒôì Route: ^\/api\/clubs\/?(?=\/|$)/:id/stats

      at log (server.js:448:17)
          at Array.forEach (<anonymous>)
          at Array.forEach (<anonymous>)

    console.log
      ­ƒôì Route: ^\/api\/clubs\/?(?=\/|$)/:id/images

      at log (server.js:448:17)
          at Array.forEach (<anonymous>)
          at Array.forEach (<anonymous>)

    console.log
      ­ƒôì Route: ^\/api\/clubs\/?(?=\/|$)/:id/images

      at log (server.js:448:17)
          at Array.forEach (<anonymous>)
          at Array.forEach (<anonymous>)

    console.log
      ­ƒôì Route: ^\/api\/clubs\/?(?=\/|$)/:id/reviews

      at log (server.js:448:17)
          at Array.forEach (<anonymous>)
          at Array.forEach (<anonymous>)

    console.log
      ­ƒôì Route: ^\/api\/clubs\/?(?=\/|$)/:id/reviews

      at log (server.js:448:17)
          at Array.forEach (<anonymous>)
          at Array.forEach (<anonymous>)

    console.log
      ­ƒôì Route: ^\/api\/players\/?(?=\/|$)/family

      at log (server.js:448:17)
          at Array.forEach (<anonymous>)
          at Array.forEach (<anonymous>)

    console.log
      ­ƒôì Route: ^\/api\/players\/?(?=\/|$)/

      at log (server.js:448:17)
          at Array.forEach (<anonymous>)
          at Array.forEach (<anonymous>)

    console.log
      ­ƒôì Route: ^\/api\/players\/?(?=\/|$)/filtered/:filter

      at log (server.js:448:17)
          at Array.forEach (<anonymous>)
          at Array.forEach (<anonymous>)

    console.log
      ­ƒôì Route: ^\/api\/players\/?(?=\/|$)/scout

      at log (server.js:448:17)
          at Array.forEach (<anonymous>)
          at Array.forEach (<anonymous>)

    console.log
      ­ƒôì Route: ^\/api\/players\/?(?=\/|$)/:id

      at log (server.js:448:17)
          at Array.forEach (<anonymous>)
          at Array.forEach (<anonymous>)

    console.log
      ­ƒôì Route: ^\/api\/players\/?(?=\/|$)/filtered/:filter

      at log (server.js:448:17)
          at Array.forEach (<anonymous>)
          at Array.forEach (<anonymous>)

    console.log
      ­ƒôì Route: ^\/api\/players\/?(?=\/|$)/

      at log (server.js:448:17)
          at Array.forEach (<anonymous>)
          at Array.forEach (<anonymous>)

    console.log
      ­ƒôì Route: ^\/api\/players\/?(?=\/|$)/:id

      at log (server.js:448:17)
          at Array.forEach (<anonymous>)
          at Array.forEach (<anonymous>)

    console.log
      ­ƒôì Route: ^\/api\/players\/?(?=\/|$)/:id

      at log (server.js:448:17)
          at Array.forEach (<anonymous>)
          at Array.forEach (<anonymous>)

    console.log
      ­ƒôì Route: ^\/api\/players\/?(?=\/|$)/:id/stats

      at log (server.js:448:17)
          at Array.forEach (<anonymous>)
          at Array.forEach (<anonymous>)

    console.log
      ­ƒôì Route: ^\/api\/players\/?(?=\/|$)/:id/payment-status

      at log (server.js:448:17)
          at Array.forEach (<anonymous>)
          at Array.forEach (<anonymous>)

    console.log
      ­ƒôì Route: ^\/api\/players\/?(?=\/|$)/child

      at log (server.js:448:17)
          at Array.forEach (<anonymous>)
          at Array.forEach (<anonymous>)

    console.log
      ­ƒôì Route: ^\/api\/players\/?(?=\/|$)/child/:id

      at log (server.js:448:17)
          at Array.forEach (<anonymous>)
          at Array.forEach (<anonymous>)

    console.log
      ­ƒôì Route: ^\/api\/players\/?(?=\/|$)/:id/history

      at log (server.js:448:17)
          at Array.forEach (<anonymous>)
          at Array.forEach (<anonymous>)

    console.log
      ­ƒôì Route: ^\/api\/players\/?(?=\/|$)/:id/history

      at log (server.js:448:17)
          at Array.forEach (<anonymous>)
          at Array.forEach (<anonymous>)

    console.log
      ­ƒôì Route: ^\/api\/players\/?(?=\/|$)/history/:historyId

      at log (server.js:448:17)
          at Array.forEach (<anonymous>)
          at Array.forEach (<anonymous>)

    console.log
      ­ƒôì Route: ^\/api\/players\/?(?=\/|$)/:id/history

      at log (server.js:448:17)
          at Array.forEach (<anonymous>)
          at Array.forEach (<anonymous>)

    console.log
      ­ƒôì Route: ^\/api\/players\/?(?=\/|$)/:id/history

      at log (server.js:448:17)
          at Array.forEach (<anonymous>)
          at Array.forEach (<anonymous>)

    console.log
      ­ƒôì Route: ^\/api\/players\/?(?=\/|$)/:id/history/:historyId

      at log (server.js:448:17)
          at Array.forEach (<anonymous>)
          at Array.forEach (<anonymous>)

    console.log
      ­ƒôì Route: ^\/api\/players\/?(?=\/|$)/:id/stats

      at log (server.js:448:17)
          at Array.forEach (<anonymous>)
          at Array.forEach (<anonymous>)

    console.log
      ­ƒôì Route: ^\/api\/players\/?(?=\/|$)/:id/activities

      at log (server.js:448:17)
          at Array.forEach (<anonymous>)
          at Array.forEach (<anonymous>)

    console.log
      ­ƒôì Route: ^\/api\/staff\/?(?=\/|$)/

      at log (server.js:448:17)
          at Array.forEach (<anonymous>)
          at Array.forEach (<anonymous>)

    console.log
      ­ƒôì Route: ^\/api\/staff\/?(?=\/|$)/:id

      at log (server.js:448:17)
          at Array.forEach (<anonymous>)
          at Array.forEach (<anonymous>)

    console.log
      ­ƒôì Route: ^\/api\/staff\/?(?=\/|$)/:id/performance

      at log (server.js:448:17)
          at Array.forEach (<anonymous>)
          at Array.forEach (<anonymous>)

    console.log
      ­ƒôì Route: ^\/api\/staff\/?(?=\/|$)/:id/role

      at log (server.js:448:17)
          at Array.forEach (<anonymous>)
          at Array.forEach (<anonymous>)

    console.log
      ­ƒôì Route: ^\/api\/staff\/?(?=\/|$)/:id/schedule

      at log (server.js:448:17)
          at Array.forEach (<anonymous>)
          at Array.forEach (<anonymous>)

    console.log
      ­ƒôì Route: ^\/api\/staff\/?(?=\/|$)/

      at log (server.js:448:17)
          at Array.forEach (<anonymous>)
          at Array.forEach (<anonymous>)

    console.log
      ­ƒôì Route: ^\/api\/staff\/?(?=\/|$)/:id

      at log (server.js:448:17)
          at Array.forEach (<anonymous>)
          at Array.forEach (<anonymous>)

    console.log
      ­ƒôì Route: ^\/api\/staff\/?(?=\/|$)/:id

      at log (server.js:448:17)
          at Array.forEach (<anonymous>)
          at Array.forEach (<anonymous>)

    console.log
      ­ƒôì Route: ^\/api\/staff\/?(?=\/|$)/club/:clubId

      at log (server.js:448:17)
          at Array.forEach (<anonymous>)
          at Array.forEach (<anonymous>)

    console.log
      ­ƒôì Route: ^\/api\/staff\/?(?=\/|$)/:id/permissions

      at log (server.js:448:17)
          at Array.forEach (<anonymous>)
          at Array.forEach (<anonymous>)

    console.log
      ­ƒôì Route: ^\/api\/staff\/?(?=\/|$)/:id/dashboard

      at log (server.js:448:17)
          at Array.forEach (<anonymous>)
          at Array.forEach (<anonymous>)

    console.log
      ­ƒôì Route: ^\/api\/staff\/?(?=\/|$)/:id/performance

      at log (server.js:448:17)
          at Array.forEach (<anonymous>)
          at Array.forEach (<anonymous>)

    console.log
      ­ƒôì Route: ^\/api\/staff\/?(?=\/|$)/:id/role

      at log (server.js:448:17)
          at Array.forEach (<anonymous>)
          at Array.forEach (<anonymous>)

    console.log
      ­ƒôì Route: ^\/api\/staff\/?(?=\/|$)/:id/schedule

      at log (server.js:448:17)
          at Array.forEach (<anonymous>)
          at Array.forEach (<anonymous>)

    console.log
      ­ƒôì Route: ^\/api\/staff\/?(?=\/|$)/:id/verify-scout

      at log (server.js:448:17)
          at Array.forEach (<anonymous>)
          at Array.forEach (<anonymous>)

    console.log
      ­ƒôì Route: ^\/api\/teams\/?(?=\/|$)/

      at log (server.js:448:17)
          at Array.forEach (<anonymous>)
          at Array.forEach (<anonymous>)

    console.log
      ­ƒôì Route: ^\/api\/teams\/?(?=\/|$)/player/:userId

      at log (server.js:448:17)
          at Array.forEach (<anonymous>)
          at Array.forEach (<anonymous>)

    console.log
      ­ƒôì Route: ^\/api\/teams\/?(?=\/|$)/:id

      at log (server.js:448:17)
          at Array.forEach (<anonymous>)
          at Array.forEach (<anonymous>)

    console.log
      ­ƒôì Route: ^\/api\/teams\/?(?=\/|$)/

      at log (server.js:448:17)
          at Array.forEach (<anonymous>)
          at Array.forEach (<anonymous>)

    console.log
      ­ƒôì Route: ^\/api\/teams\/?(?=\/|$)/:id

      at log (server.js:448:17)
          at Array.forEach (<anonymous>)
          at Array.forEach (<anonymous>)

    console.log
      ­ƒôì Route: ^\/api\/teams\/?(?=\/|$)/:id

      at log (server.js:448:17)
          at Array.forEach (<anonymous>)
          at Array.forEach (<anonymous>)

    console.log
      ­ƒôì Route: ^\/api\/teams\/?(?=\/|$)/:id/players

      at log (server.js:448:17)
          at Array.forEach (<anonymous>)
          at Array.forEach (<anonymous>)

    console.log
      ­ƒôì Route: ^\/api\/teams\/?(?=\/|$)/:id/players/:playerId

      at log (server.js:448:17)
          at Array.forEach (<anonymous>)
          at Array.forEach (<anonymous>)

    console.log
      ­ƒôì Route: ^\/api\/teams\/?(?=\/|$)/:id/stats

      at log (server.js:448:17)
          at Array.forEach (<anonymous>)
          at Array.forEach (<anonymous>)

    console.log
      ­ƒôì Route: ^\/api\/teams\/?(?=\/|$)/:id/availability

      at log (server.js:448:17)
          at Array.forEach (<anonymous>)
          at Array.forEach (<anonymous>)

    console.log
      ­ƒôì Route: ^\/api\/teams\/?(?=\/|$)/:id/dashboard

      at log (server.js:448:17)
          at Array.forEach (<anonymous>)
          at Array.forEach (<anonymous>)

    console.log
      ­ƒôì Route: ^\/api\/events\/?(?=\/|$)/

      at log (server.js:448:17)
          at Array.forEach (<anonymous>)
          at Array.forEach (<anonymous>)

    console.log
      ­ƒôì Route: ^\/api\/events\/?(?=\/|$)/:id

      at log (server.js:448:17)
          at Array.forEach (<anonymous>)
          at Array.forEach (<anonymous>)

    console.log
      ­ƒôì Route: ^\/api\/events\/?(?=\/|$)/

      at log (server.js:448:17)
          at Array.forEach (<anonymous>)
          at Array.forEach (<anonymous>)

    console.log
      ­ƒôì Route: ^\/api\/events\/?(?=\/|$)/:id

      at log (server.js:448:17)
          at Array.forEach (<anonymous>)
          at Array.forEach (<anonymous>)

    console.log
      ­ƒôì Route: ^\/api\/events\/?(?=\/|$)/:id

      at log (server.js:448:17)
          at Array.forEach (<anonymous>)
          at Array.forEach (<anonymous>)

    console.log
      ­ƒôì Route: ^\/api\/events\/?(?=\/|$)/:id/book

      at log (server.js:448:17)
          at Array.forEach (<anonymous>)
          at Array.forEach (<anonymous>)

    console.log
      ­ƒôì Route: ^\/api\/events\/?(?=\/|$)/bookings/:bookingId/cancel

      at log (server.js:448:17)
          at Array.forEach (<anonymous>)
          at Array.forEach (<anonymous>)

    console.log
      ­ƒôì Route: ^\/api\/events\/?(?=\/|$)/:id/bookings

      at log (server.js:448:17)
          at Array.forEach (<anonymous>)
          at Array.forEach (<anonymous>)

    console.log
      ­ƒôì Route: ^\/api\/events\/?(?=\/|$)/bookings/my-bookings

      at log (server.js:448:17)
          at Array.forEach (<anonymous>)
          at Array.forEach (<anonymous>)

    console.log
      ­ƒôì Route: ^\/api\/events\/?(?=\/|$)/:id/roster

      at log (server.js:448:17)
          at Array.forEach (<anonymous>)
          at Array.forEach (<anonymous>)

    console.log
      ­ƒôì Route: ^\/api\/events\/?(?=\/|$)/:id/nudge

      at log (server.js:448:17)
          at Array.forEach (<anonymous>)
          at Array.forEach (<anonymous>)

    console.log
      ­ƒôì Route: ^\/api\/events\/?(?=\/|$)/:id/availability

      at log (server.js:448:17)
          at Array.forEach (<anonymous>)
          at Array.forEach (<anonymous>)

    console.log
      ­ƒôì Route: ^\/api\/events\/?(?=\/|$)/:id/availability/override

      at log (server.js:448:17)
          at Array.forEach (<anonymous>)
          at Array.forEach (<anonymous>)

    console.log
      ­ƒôì Route: ^\/api\/events\/?(?=\/|$)/:id/availability

      at log (server.js:448:17)
          at Array.forEach (<anonymous>)
          at Array.forEach (<anonymous>)

    console.log
      ­ƒôì Route: ^\/api\/events\/?(?=\/|$)/:id/notify

      at log (server.js:448:17)
          at Array.forEach (<anonymous>)
          at Array.forEach (<anonymous>)

    console.log
      ­ƒôì Route: ^\/api\/events\/?(?=\/|$)/:id

      at log (server.js:448:17)
          at Array.forEach (<anonymous>)
          at Array.forEach (<anonymous>)

    console.log
      ­ƒôì Route: ^\/api\/events\/?(?=\/|$)/:id/checkin

      at log (server.js:448:17)
          at Array.forEach (<anonymous>)
          at Array.forEach (<anonymous>)

    console.log
      ­ƒôì Route: ^\/api\/events\/?(?=\/|$)/:id/checkins

      at log (server.js:448:17)
          at Array.forEach (<anonymous>)
          at Array.forEach (<anonymous>)

    console.log
      ­ƒôì Route: ^\/api\/events\/?(?=\/|$)/:id/result

      at log (server.js:448:17)
          at Array.forEach (<anonymous>)
          at Array.forEach (<anonymous>)

    console.log
      ­ƒôì Route: ^\/api\/events\/?(?=\/|$)/:id/groups

      at log (server.js:448:17)
          at Array.forEach (<anonymous>)
          at Array.forEach (<anonymous>)

    console.log
      ­ƒôì Route: ^\/api\/events\/?(?=\/|$)/:id/players

      at log (server.js:448:17)
          at Array.forEach (<anonymous>)
          at Array.forEach (<anonymous>)

    console.log
      ­ƒôì Route: ^\/api\/events\/?(?=\/|$)/:id/groups

      at log (server.js:448:17)
          at Array.forEach (<anonymous>)
          at Array.forEach (<anonymous>)

    console.log
      ­ƒôì Route: ^\/api\/events\/?(?=\/|$)/:id/assign-group

      at log (server.js:448:17)
          at Array.forEach (<anonymous>)
          at Array.forEach (<anonymous>)

    console.log
      ­ƒôì Route: ^\/api\/events\/?(?=\/|$)/:id/bibs

      at log (server.js:448:17)
          at Array.forEach (<anonymous>)
          at Array.forEach (<anonymous>)

    console.log
      ­ƒôì Route: ^\/api\/events\/?(?=\/|$)/:id/export

      at log (server.js:448:17)
          at Array.forEach (<anonymous>)
          at Array.forEach (<anonymous>)

    console.log
      ­ƒôì Route: ^\/api\/events\/?(?=\/|$)/:id/checkin

      at log (server.js:448:17)
          at Array.forEach (<anonymous>)
          at Array.forEach (<anonymous>)

    console.log
      ­ƒôì Route: ^\/api\/events\/?(?=\/|$)/:id/results

      at log (server.js:448:17)
          at Array.forEach (<anonymous>)
          at Array.forEach (<anonymous>)

    console.log
      ­ƒôì Route: ^\/api\/events\/?(?=\/|$)/:id/player-stats

      at log (server.js:448:17)
          at Array.forEach (<anonymous>)
          at Array.forEach (<anonymous>)

    console.log
      ­ƒôì Route: ^\/api\/payments\/?(?=\/|$)/config

      at log (server.js:448:17)
          at Array.forEach (<anonymous>)
          at Array.forEach (<anonymous>)

    console.log
      ­ƒôì Route: ^\/api\/payments\/?(?=\/|$)/stripe/connect/status

      at log (server.js:448:17)
          at Array.forEach (<anonymous>)
          at Array.forEach (<anonymous>)

    console.log
      ­ƒôì Route: ^\/api\/payments\/?(?=\/|$)/stripe/connect/onboard

      at log (server.js:448:17)
          at Array.forEach (<anonymous>)
          at Array.forEach (<anonymous>)

    console.log
      ­ƒôì Route: ^\/api\/payments\/?(?=\/|$)/stripe/connect/manage

      at log (server.js:448:17)
          at Array.forEach (<anonymous>)
          at Array.forEach (<anonymous>)

    console.log
      ­ƒôì Route: ^\/api\/payments\/?(?=\/|$)/health

      at log (server.js:448:17)
          at Array.forEach (<anonymous>)
          at Array.forEach (<anonymous>)

    console.log
      ­ƒôì Route: ^\/api\/payments\/?(?=\/|$)/plans

      at log (server.js:448:17)
          at Array.forEach (<anonymous>)
          at Array.forEach (<anonymous>)

    console.log
      ­ƒôì Route: ^\/api\/payments\/?(?=\/|$)/plans/import

      at log (server.js:448:17)
          at Array.forEach (<anonymous>)
          at Array.forEach (<anonymous>)

    console.log
      ­ƒôì Route: ^\/api\/payments\/?(?=\/|$)/plans

      at log (server.js:448:17)
          at Array.forEach (<anonymous>)
          at Array.forEach (<anonymous>)

    console.log
      ­ƒôì Route: ^\/api\/payments\/?(?=\/|$)/plans/:id

      at log (server.js:448:17)
          at Array.forEach (<anonymous>)
          at Array.forEach (<anonymous>)

    console.log
      ­ƒôì Route: ^\/api\/payments\/?(?=\/|$)/plans/:id

      at log (server.js:448:17)
          at Array.forEach (<anonymous>)
          at Array.forEach (<anonymous>)

    console.log
      ­ƒôì Route: ^\/api\/payments\/?(?=\/|$)/plan/current

      at log (server.js:448:17)
          at Array.forEach (<anonymous>)
          at Array.forEach (<anonymous>)

    console.log
      ­ƒôì Route: ^\/api\/payments\/?(?=\/|$)/plan/assign

      at log (server.js:448:17)
          at Array.forEach (<anonymous>)
          at Array.forEach (<anonymous>)

    console.log
      ­ƒôì Route: ^\/api\/payments\/?(?=\/|$)/bulk-assign-plan-legacy

      at log (server.js:448:17)
          at Array.forEach (<anonymous>)
          at Array.forEach (<anonymous>)

    console.log
      ­ƒôì Route: ^\/api\/payments\/?(?=\/|$)/plan/cancel

      at log (server.js:448:17)
          at Array.forEach (<anonymous>)
          at Array.forEach (<anonymous>)

    console.log
      ­ƒôì Route: ^\/api\/payments\/?(?=\/|$)/

      at log (server.js:448:17)
          at Array.forEach (<anonymous>)
          at Array.forEach (<anonymous>)

    console.log
      ­ƒôì Route: ^\/api\/payments\/?(?=\/|$)/create-intent

      at log (server.js:448:17)
          at Array.forEach (<anonymous>)
          at Array.forEach (<anonymous>)

    console.log
      ­ƒôì Route: ^\/api\/payments\/?(?=\/|$)/confirm-payment

      at log (server.js:448:17)
          at Array.forEach (<anonymous>)
          at Array.forEach (<anonymous>)

    console.log
      ­ƒôì Route: ^\/api\/payments\/?(?=\/|$)/public/:id

      at log (server.js:448:17)
          at Array.forEach (<anonymous>)
          at Array.forEach (<anonymous>)

    console.log
      ­ƒôì Route: ^\/api\/payments\/?(?=\/|$)/:id/payment-link

      at log (server.js:448:17)
          at Array.forEach (<anonymous>)
          at Array.forEach (<anonymous>)

    console.log
      ­ƒôì Route: ^\/api\/payments\/?(?=\/|$)/book-event

      at log (server.js:448:17)
          at Array.forEach (<anonymous>)
          at Array.forEach (<anonymous>)

    console.log
      ­ƒôì Route: ^\/api\/payments\/?(?=\/|$)/

      at log (server.js:448:17)
          at Array.forEach (<anonymous>)
          at Array.forEach (<anonymous>)

    console.log
      ­ƒôì Route: ^\/api\/payments\/?(?=\/|$)/assign-player-plan

      at log (server.js:448:17)
          at Array.forEach (<anonymous>)
          at Array.forEach (<anonymous>)

    console.log
      ­ƒôì Route: ^\/api\/payments\/?(?=\/|$)/bulk-assign-plan

      at log (server.js:448:17)
          at Array.forEach (<anonymous>)
          at Array.forEach (<anonymous>)

    console.log
      ­ƒôì Route: ^\/api\/payments\/?(?=\/|$)/cleanup

      at log (server.js:448:17)
          at Array.forEach (<anonymous>)
          at Array.forEach (<anonymous>)

    console.log
      ­ƒôì Route: ^\/api\/stripe-payouts\/?(?=\/|$)/configure-payout/:accountId

      at log (server.js:448:17)
          at Array.forEach (<anonymous>)
          at Array.forEach (<anonymous>)

    console.log
      ­ƒôì Route: ^\/api\/stripe-payouts\/?(?=\/|$)/payout-schedule/:accountId

      at log (server.js:448:17)
          at Array.forEach (<anonymous>)
          at Array.forEach (<anonymous>)

    console.log
      ­ƒôì Route: ^\/api\/stripe-payouts\/?(?=\/|$)/configure-all-payouts

      at log (server.js:448:17)
          at Array.forEach (<anonymous>)
          at Array.forEach (<anonymous>)

    console.log
      ­ƒôì Route: ^\/api\/stripe-payouts\/?(?=\/|$)/manual-payout/:accountId

      at log (server.js:448:17)
          at Array.forEach (<anonymous>)
          at Array.forEach (<anonymous>)

    console.log
      ­ƒôì Route: ^\/api\/dashboard\/?(?=\/|$)/admin

      at log (server.js:448:17)
          at Array.forEach (<anonymous>)
          at Array.forEach (<anonymous>)

    console.log
      ­ƒôì Route: ^\/api\/dashboard\/?(?=\/|$)/player

      at log (server.js:448:17)
          at Array.forEach (<anonymous>)
          at Array.forEach (<anonymous>)

    console.log
      ­ƒôì Route: ^\/api\/dashboard\/?(?=\/|$)/invitations/:orgId/accept

      at log (server.js:448:17)
          at Array.forEach (<anonymous>)
          at Array.forEach (<anonymous>)

    console.log
      ­ƒôì Route: ^\/api\/dashboard\/?(?=\/|$)/invitations/:orgId/decline

      at log (server.js:448:17)
          at Array.forEach (<anonymous>)
          at Array.forEach (<anonymous>)

    console.log
      ­ƒôì Route: ^\/api\/invites\/?(?=\/|$)/generate

      at log (server.js:448:17)
          at Array.forEach (<anonymous>)
          at Array.forEach (<anonymous>)

    console.log
      ­ƒôì Route: ^\/api\/invites\/?(?=\/|$)/details/:token

      at log (server.js:448:17)
          at Array.forEach (<anonymous>)
          at Array.forEach (<anonymous>)

    console.log
      ­ƒôì Route: ^\/api\/invites\/?(?=\/|$)/accept/:token

      at log (server.js:448:17)
          at Array.forEach (<anonymous>)
          at Array.forEach (<anonymous>)

    console.log
      ­ƒôì Route: ^\/api\/invites\/?(?=\/|$)/decline/:token

      at log (server.js:448:17)
          at Array.forEach (<anonymous>)
          at Array.forEach (<anonymous>)

    console.log
      ­ƒôì Route: ^\/api\/invites\/?(?=\/|$)/sent

      at log (server.js:448:17)
          at Array.forEach (<anonymous>)
          at Array.forEach (<anonymous>)

    console.log
      ­ƒôì Route: ^\/api\/products\/?(?=\/|$)/

      at log (server.js:448:17)
          at Array.forEach (<anonymous>)
          at Array.forEach (<anonymous>)

    console.log
      ­ƒôì Route: ^\/api\/products\/?(?=\/|$)/

      at log (server.js:448:17)
          at Array.forEach (<anonymous>)
          at Array.forEach (<anonymous>)

    console.log
      ­ƒôì Route: ^\/api\/products\/?(?=\/|$)/purchase

      at log (server.js:448:17)
          at Array.forEach (<anonymous>)
          at Array.forEach (<anonymous>)

    console.log
      ­ƒôì Route: ^\/api\/products\/?(?=\/|$)/:id

      at log (server.js:448:17)
          at Array.forEach (<anonymous>)
          at Array.forEach (<anonymous>)

    console.log
      ­ƒôì Route: ^\/api\/products\/?(?=\/|$)/:id

      at log (server.js:448:17)
          at Array.forEach (<anonymous>)
          at Array.forEach (<anonymous>)

    console.log
      ­ƒôì Route: ^\/api\/campaigns\/?(?=\/|$)/

      at log (server.js:448:17)
          at Array.forEach (<anonymous>)
          at Array.forEach (<anonymous>)

    console.log
      ­ƒôì Route: ^\/api\/campaigns\/?(?=\/|$)/

      at log (server.js:448:17)
          at Array.forEach (<anonymous>)
          at Array.forEach (<anonymous>)

    console.log
      ­ƒôì Route: ^\/api\/campaigns\/?(?=\/|$)/:id/send

      at log (server.js:448:17)
          at Array.forEach (<anonymous>)
          at Array.forEach (<anonymous>)

    console.log
      ­ƒôì Route: ^\/api\/listings\/?(?=\/|$)/

      at log (server.js:448:17)
          at Array.forEach (<anonymous>)
          at Array.forEach (<anonymous>)

    console.log
      ­ƒôì Route: ^\/api\/listings\/?(?=\/|$)/

      at log (server.js:448:17)
          at Array.forEach (<anonymous>)
          at Array.forEach (<anonymous>)

    console.log
      ­ƒôì Route: ^\/api\/listings\/?(?=\/|$)/:id/applications

      at log (server.js:448:17)
          at Array.forEach (<anonymous>)
          at Array.forEach (<anonymous>)

    console.log
      ­ƒôì Route: ^\/api\/listings\/?(?=\/|$)/applications/:id/status

      at log (server.js:448:17)
          at Array.forEach (<anonymous>)
          at Array.forEach (<anonymous>)

    console.log
      ­ƒôì Route: ^\/api\/listings\/?(?=\/|$)/applications/:id/invite

      at log (server.js:448:17)
          at Array.forEach (<anonymous>)
          at Array.forEach (<anonymous>)

    console.log
      ­ƒôì Route: ^\/api\/listings\/?(?=\/|$)/:id

      at log (server.js:448:17)
          at Array.forEach (<anonymous>)
          at Array.forEach (<anonymous>)

    console.log
      ­ƒôì Route: ^\/api\/notifications\/?(?=\/|$)/

      at log (server.js:448:17)
          at Array.forEach (<anonymous>)
          at Array.forEach (<anonymous>)

    console.log
      ­ƒôì Route: ^\/api\/notifications\/?(?=\/|$)/

      at log (server.js:448:17)
          at Array.forEach (<anonymous>)
          at Array.forEach (<anonymous>)

    console.log
      ­ƒôì Route: ^\/api\/notifications\/?(?=\/|$)/:id/read

      at log (server.js:448:17)
          at Array.forEach (<anonymous>)
          at Array.forEach (<anonymous>)

    console.log
      ­ƒôì Route: ^\/api\/notifications\/?(?=\/|$)/read-all

      at log (server.js:448:17)
          at Array.forEach (<anonymous>)
          at Array.forEach (<anonymous>)

    console.log
      ­ƒôì Route: ^\/api\/debug\/?(?=\/|$)/check-org/:id

      at log (server.js:448:17)
          at Array.forEach (<anonymous>)
          at Array.forEach (<anonymous>)

    console.log
      ­ƒôì Route: ^\/api\/talent-id\/?(?=\/|$)/register

      at log (server.js:448:17)
          at Array.forEach (<anonymous>)
          at Array.forEach (<anonymous>)

    console.log
      ­ƒôì Route: ^\/api\/talent-id\/?(?=\/|$)/events/:id/dashboard

      at log (server.js:448:17)
          at Array.forEach (<anonymous>)
          at Array.forEach (<anonymous>)

    console.log
      ­ƒôì Route: ^\/api\/talent-id\/?(?=\/|$)/events/:id/schedule

      at log (server.js:448:17)
          at Array.forEach (<anonymous>)
          at Array.forEach (<anonymous>)

    console.log
      ­ƒôì Route: ^\/api\/talent-id\/?(?=\/|$)/bibs/batch

      at log (server.js:448:17)
          at Array.forEach (<anonymous>)
          at Array.forEach (<anonymous>)

    console.log
      ­ƒôì Route: ^\/api\/talent-id\/?(?=\/|$)/events/:id/groups

      at log (server.js:448:17)
          at Array.forEach (<anonymous>)
          at Array.forEach (<anonymous>)

    console.log
      ­ƒôì Route: ^\/api\/talent-id\/?(?=\/|$)/events/:id/auto-assign

      at log (server.js:448:17)
          at Array.forEach (<anonymous>)
          at Array.forEach (<anonymous>)

    console.log
      ­ƒôì Route: ^\/api\/talent-id\/?(?=\/|$)/registrations/:id/checkin

      at log (server.js:448:17)
          at Array.forEach (<anonymous>)
          at Array.forEach (<anonymous>)

    console.log
      ­ƒôì Route: ^\/api\/scouting\/?(?=\/|$)/reports

      at log (server.js:448:17)
          at Array.forEach (<anonymous>)
          at Array.forEach (<anonymous>)

    console.log
      ­ƒôì Route: ^\/api\/scouting\/?(?=\/|$)/reports

      at log (server.js:448:17)
          at Array.forEach (<anonymous>)
          at Array.forEach (<anonymous>)

    console.log
      ­ƒôì Route: ^\/api\/scouting\/?(?=\/|$)/assignments

      at log (server.js:448:17)
          at Array.forEach (<anonymous>)
          at Array.forEach (<anonymous>)

    console.log
      ­ƒôì Route: ^\/api\/scouting\/?(?=\/|$)/contact-requests

      at log (server.js:448:17)
          at Array.forEach (<anonymous>)
          at Array.forEach (<anonymous>)

    console.log
      ­ƒôì Route: ^\/api\/scouting\/?(?=\/|$)/analytics

      at log (server.js:448:17)
          at Array.forEach (<anonymous>)
          at Array.forEach (<anonymous>)

    console.log
      ­ƒôì Route: ^\/api\/scouting\/?(?=\/|$)/verify-me

      at log (server.js:448:17)
          at Array.forEach (<anonymous>)
          at Array.forEach (<anonymous>)

    console.log
      ­ƒôì Route: ^\/api\/scouting\/?(?=\/|$)/watchlist

      at log (server.js:448:17)
          at Array.forEach (<anonymous>)
          at Array.forEach (<anonymous>)

    console.log
      ­ƒôì Route: ^\/api\/scouting\/?(?=\/|$)/watchlist

      at log (server.js:448:17)
          at Array.forEach (<anonymous>)
          at Array.forEach (<anonymous>)

    console.log
      ­ƒôì Route: ^\/api\/scouting\/?(?=\/|$)/watchlist/:playerId

      at log (server.js:448:17)
          at Array.forEach (<anonymous>)
          at Array.forEach (<anonymous>)

    console.log
      ­ƒôì Route: ^\/api\/scouting\/?(?=\/|$)/medical/:id

      at log (server.js:448:17)
          at Array.forEach (<anonymous>)
          at Array.forEach (<anonymous>)

    console.log
      ­ƒôì Route: ^\/api\/venues\/?(?=\/|$)/

      at log (server.js:448:17)
          at Array.forEach (<anonymous>)
          at Array.forEach (<anonymous>)

    console.log
      ­ƒôì Route: ^\/api\/venues\/?(?=\/|$)/:id

      at log (server.js:448:17)
          at Array.forEach (<anonymous>)
          at Array.forEach (<anonymous>)

    console.log
      ­ƒôì Route: ^\/api\/venues\/?(?=\/|$)/

      at log (server.js:448:17)
          at Array.forEach (<anonymous>)
          at Array.forEach (<anonymous>)

    console.log
      ­ƒôì Route: ^\/api\/venues\/?(?=\/|$)/:id/availability

      at log (server.js:448:17)
          at Array.forEach (<anonymous>)
          at Array.forEach (<anonymous>)

    console.log
      ­ƒôì Route: ^\/api\/venues\/?(?=\/|$)/:id/documents

      at log (server.js:448:17)
          at Array.forEach (<anonymous>)
          at Array.forEach (<anonymous>)

    console.log
      ­ƒôì Route: ^\/api\/venues\/?(?=\/|$)/:id/book

      at log (server.js:448:17)
          at Array.forEach (<anonymous>)
          at Array.forEach (<anonymous>)

    console.log
      ­ƒôì Route: ^\/api\/venues\/?(?=\/|$)/bookings/my

      at log (server.js:448:17)
          at Array.forEach (<anonymous>)
          at Array.forEach (<anonymous>)

    console.log
      ­ƒôì Route: ^\/api\/venues\/?(?=\/|$)/bookings/:id/status

      at log (server.js:448:17)
          at Array.forEach (<anonymous>)
          at Array.forEach (<anonymous>)

    console.log
      ­ƒôì Route: ^\/api\/leagues\/?(?=\/|$)/

      at log (server.js:448:17)
          at Array.forEach (<anonymous>)
          at Array.forEach (<anonymous>)

    console.log
      ­ƒôì Route: ^\/api\/leagues\/?(?=\/|$)/

      at log (server.js:448:17)
          at Array.forEach (<anonymous>)
          at Array.forEach (<anonymous>)

    console.log
      ­ƒôì Route: ^\/api\/leagues\/?(?=\/|$)/:id

      at log (server.js:448:17)
          at Array.forEach (<anonymous>)
          at Array.forEach (<anonymous>)

    console.log
      ­ƒôì Route: ^\/api\/leagues\/?(?=\/|$)/:id/standings

      at log (server.js:448:17)
          at Array.forEach (<anonymous>)
          at Array.forEach (<anonymous>)

    console.log
      ­ƒôì Route: ^\/api\/leagues\/?(?=\/|$)/:id/teams

      at log (server.js:448:17)
          at Array.forEach (<anonymous>)
          at Array.forEach (<anonymous>)

    console.log
      ­ƒôì Route: ^\/api\/leagues\/?(?=\/|$)/:id/fixtures/generate

      at log (server.js:448:17)
          at Array.forEach (<anonymous>)
          at Array.forEach (<anonymous>)

    console.log
      ­ƒôì Route: ^\/api\/leagues\/?(?=\/|$)/:id/fixtures

      at log (server.js:448:17)
          at Array.forEach (<anonymous>)
          at Array.forEach (<anonymous>)

    console.log
      ­ƒôì Route: ^\/api\/leagues\/?(?=\/|$)/fixtures/:id/score

      at log (server.js:448:17)
          at Array.forEach (<anonymous>)
          at Array.forEach (<anonymous>)

    console.log
      ­ƒôì Route: ^\/api\/leagues\/?(?=\/|$)/fixtures/:id/assign-referee

      at log (server.js:448:17)
          at Array.forEach (<anonymous>)
          at Array.forEach (<anonymous>)

    console.log
      ­ƒôì Route: ^\/api\/tournaments\/?(?=\/|$)/register

      at log (server.js:448:17)
          at Array.forEach (<anonymous>)
          at Array.forEach (<anonymous>)

    console.log
      ­ƒôì Route: ^\/api\/tournaments\/?(?=\/|$)/

      at log (server.js:448:17)
          at Array.forEach (<anonymous>)
          at Array.forEach (<anonymous>)

    console.log
      ­ƒôì Route: ^\/api\/tournaments\/?(?=\/|$)/:id/dashboard

      at log (server.js:448:17)
          at Array.forEach (<anonymous>)
          at Array.forEach (<anonymous>)

    console.log
      ­ƒôì Route: ^\/api\/tournaments\/?(?=\/|$)/:id/groups

      at log (server.js:448:17)
          at Array.forEach (<anonymous>)
          at Array.forEach (<anonymous>)

    console.log
      ­ƒôì Route: ^\/api\/tournaments\/?(?=\/|$)/:id/groups/assign

      at log (server.js:448:17)
          at Array.forEach (<anonymous>)
          at Array.forEach (<anonymous>)

    console.log
      ­ƒôì Route: ^\/api\/tournaments\/?(?=\/|$)/:id/generate-fixtures

      at log (server.js:448:17)
          at Array.forEach (<anonymous>)
          at Array.forEach (<anonymous>)

    console.log
      ­ƒôì Route: ^\/api\/tournaments\/?(?=\/|$)/matches/:id/lineups

      at log (server.js:448:17)
          at Array.forEach (<anonymous>)
          at Array.forEach (<anonymous>)

    console.log
      ­ƒôì Route: ^\/api\/tournaments\/?(?=\/|$)/matches/:id/result

      at log (server.js:448:17)
          at Array.forEach (<anonymous>)
          at Array.forEach (<anonymous>)

    console.log
      ­ƒôì Route: ^\/api\/tournaments\/?(?=\/|$)/:id/pitches

      at log (server.js:448:17)
          at Array.forEach (<anonymous>)
          at Array.forEach (<anonymous>)

    console.log
      ­ƒôì Route: ^\/api\/tournaments\/?(?=\/|$)/:id/pitches/bulk

      at log (server.js:448:17)
          at Array.forEach (<anonymous>)
          at Array.forEach (<anonymous>)

    console.log
      ­ƒôì Route: ^\/api\/tournaments\/?(?=\/|$)/:id/pitches

      at log (server.js:448:17)
          at Array.forEach (<anonymous>)
          at Array.forEach (<anonymous>)

    console.log
      ­ƒôì Route: ^\/api\/tournaments\/?(?=\/|$)/:id/auto-schedule

      at log (server.js:448:17)
          at Array.forEach (<anonymous>)
          at Array.forEach (<anonymous>)

    console.log
      ­ƒôì Route: ^\/api\/tournaments\/?(?=\/|$)/teams/:id/status

      at log (server.js:448:17)
          at Array.forEach (<anonymous>)
          at Array.forEach (<anonymous>)

    console.log
      ­ƒôì Route: ^\/api\/tournaments\/?(?=\/|$)/teams/:id/link

      at log (server.js:448:17)
          at Array.forEach (<anonymous>)
          at Array.forEach (<anonymous>)

    console.log
      ­ƒôì Route: ^\/api\/tournaments\/?(?=\/|$)/matches/:id/assign-team

      at log (server.js:448:17)
          at Array.forEach (<anonymous>)
          at Array.forEach (<anonymous>)

    console.log
      ­ƒôì Route: ^\/api\/tournaments\/?(?=\/|$)/:id/bracket

      at log (server.js:448:17)
          at Array.forEach (<anonymous>)
          at Array.forEach (<anonymous>)

    console.log
      ­ƒôì Route: ^\/api\/tournaments\/?(?=\/|$)/matches/:id/video

      at log (server.js:448:17)
          at Array.forEach (<anonymous>)
          at Array.forEach (<anonymous>)

    console.log
      ­ƒôì Route: ^\/api\/tournaments\/?(?=\/|$)/:id/invite-staff

      at log (server.js:448:17)
          at Array.forEach (<anonymous>)
          at Array.forEach (<anonymous>)

    console.log
      ­ƒôì Route: ^\/api\/tournaments\/?(?=\/|$)/:id/invite-team

      at log (server.js:448:17)
          at Array.forEach (<anonymous>)
          at Array.forEach (<anonymous>)

    console.log
      ­ƒôì Route: ^\/api\/tournaments\/?(?=\/|$)/pitches/:id

      at log (server.js:448:17)
          at Array.forEach (<anonymous>)
          at Array.forEach (<anonymous>)

    console.log
      ­ƒôì Route: ^\/api\/tournaments\/?(?=\/|$)/matches/:id/video

      at log (server.js:448:17)
          at Array.forEach (<anonymous>)
          at Array.forEach (<anonymous>)

    console.log
      ­ƒôì Route: ^\/api\/tournaments\/?(?=\/|$)/matches/:id/video

      at log (server.js:448:17)
          at Array.forEach (<anonymous>)
          at Array.forEach (<anonymous>)

    console.log
      ­ƒôì Route: ^\/api\/tournaments\/?(?=\/|$)/:id/layout

      at log (server.js:448:17)
          at Array.forEach (<anonymous>)
          at Array.forEach (<anonymous>)

    console.log
      ­ƒôì Route: ^\/api\/tournaments\/?(?=\/|$)/:id/invite

      at log (server.js:448:17)
          at Array.forEach (<anonymous>)
          at Array.forEach (<anonymous>)

    console.log
      ­ƒôì Route: ^\/api\/polls\/?(?=\/|$)/

      at log (server.js:448:17)
          at Array.forEach (<anonymous>)
          at Array.forEach (<anonymous>)

    console.log
      ­ƒôì Route: ^\/api\/polls\/?(?=\/|$)/

      at log (server.js:448:17)
          at Array.forEach (<anonymous>)
          at Array.forEach (<anonymous>)

    console.log
      ­ƒôì Route: ^\/api\/polls\/?(?=\/|$)/:id/vote

      at log (server.js:448:17)
          at Array.forEach (<anonymous>)
          at Array.forEach (<anonymous>)

    console.log
      ­ƒôì Route: ^\/api\/email\/?(?=\/|$)/send

      at log (server.js:448:17)
          at Array.forEach (<anonymous>)
          at Array.forEach (<anonymous>)

    console.log
      ­ƒôì Route: ^\/api\/email\/?(?=\/|$)/send-invite

      at log (server.js:448:17)
          at Array.forEach (<anonymous>)
          at Array.forEach (<anonymous>)

    console.log
      ­ƒôì Route: ^\/api\/tactical\/?(?=\/|$)/

      at log (server.js:448:17)
          at Array.forEach (<anonymous>)
          at Array.forEach (<anonymous>)

    console.log
      ­ƒôì Route: ^\/api\/tactical\/?(?=\/|$)/

      at log (server.js:448:17)
          at Array.forEach (<anonymous>)
          at Array.forEach (<anonymous>)

    console.log
      ­ƒôì Route: ^\/api\/tactical\/?(?=\/|$)/:id

      at log (server.js:448:17)
          at Array.forEach (<anonymous>)
          at Array.forEach (<anonymous>)

    console.log
      ­ƒôì Route: ^\/api\/forms\/?(?=\/|$)/

      at log (server.js:448:17)
          at Array.forEach (<anonymous>)
          at Array.forEach (<anonymous>)

    console.log
      ­ƒôì Route: ^\/api\/forms\/?(?=\/|$)/

      at log (server.js:448:17)
          at Array.forEach (<anonymous>)
          at Array.forEach (<anonymous>)

    console.log
      ­ƒôì Route: ^\/api\/forms\/?(?=\/|$)/:id

      at log (server.js:448:17)
          at Array.forEach (<anonymous>)
          at Array.forEach (<anonymous>)

    console.log
      ­ƒôì Route: ^\/api\/forms\/?(?=\/|$)/:id

      at log (server.js:448:17)
          at Array.forEach (<anonymous>)
          at Array.forEach (<anonymous>)

    console.log
      ­ƒôì Route: ^\/api\/forms\/?(?=\/|$)/:id

      at log (server.js:448:17)
          at Array.forEach (<anonymous>)
          at Array.forEach (<anonymous>)

    console.log
      ­ƒôì Route: ^\/api\/forms\/?(?=\/|$)/:id/submit

      at log (server.js:448:17)
          at Array.forEach (<anonymous>)
          at Array.forEach (<anonymous>)

    console.log
      ­ƒôì Route: ^\/api\/forms\/?(?=\/|$)/:id/responses

      at log (server.js:448:17)
          at Array.forEach (<anonymous>)
          at Array.forEach (<anonymous>)

    console.log
      ­ƒôì Route: ^\/api\/training\/?(?=\/|$)/drills

      at log (server.js:448:17)
          at Array.forEach (<anonymous>)
          at Array.forEach (<anonymous>)

    console.log
      ­ƒôì Route: ^\/api\/training\/?(?=\/|$)/drills

      at log (server.js:448:17)
          at Array.forEach (<anonymous>)
          at Array.forEach (<anonymous>)

    console.log
      ­ƒôì Route: ^\/api\/training\/?(?=\/|$)/drills/:id

      at log (server.js:448:17)
          at Array.forEach (<anonymous>)
          at Array.forEach (<anonymous>)

    console.log
      ­ƒôì Route: ^\/api\/training\/?(?=\/|$)/drills/:id

      at log (server.js:448:17)
          at Array.forEach (<anonymous>)
          at Array.forEach (<anonymous>)

    console.log
      ­ƒôì Route: ^\/api\/training\/?(?=\/|$)/drills/:id

      at log (server.js:448:17)
          at Array.forEach (<anonymous>)
          at Array.forEach (<anonymous>)

    console.log
      ­ƒôì Route: ^\/api\/training\/?(?=\/|$)/drills/:id/assign

      at log (server.js:448:17)
          at Array.forEach (<anonymous>)
          at Array.forEach (<anonymous>)

    console.log
      ­ƒôì Route: ^\/api\/training\/?(?=\/|$)/my-drills

      at log (server.js:448:17)
          at Array.forEach (<anonymous>)
          at Array.forEach (<anonymous>)

    console.log
      ­ƒôì Route: ^\/api\/training\/?(?=\/|$)/submissions

      at log (server.js:448:17)
          at Array.forEach (<anonymous>)
          at Array.forEach (<anonymous>)

    console.log
      ­ƒôì Route: ^\/api\/training\/?(?=\/|$)/submissions

      at log (server.js:448:17)
          at Array.forEach (<anonymous>)
          at Array.forEach (<anonymous>)

    console.log
      ­ƒôì Route: ^\/api\/training\/?(?=\/|$)/submissions/:id/review

      at log (server.js:448:17)
          at Array.forEach (<anonymous>)
          at Array.forEach (<anonymous>)

    console.log
      ­ƒôì Route: ^\/api\/training\/?(?=\/|$)/skills/:playerId

      at log (server.js:448:17)
          at Array.forEach (<anonymous>)
          at Array.forEach (<anonymous>)

    console.log
      ­ƒôì Route: ^\/api\/training\/?(?=\/|$)/team-progress/:teamId

      at log (server.js:448:17)
          at Array.forEach (<anonymous>)
          at Array.forEach (<anonymous>)

    console.log
      2026-04-11T15:19:47.491Z - POST /api/auth/register - ::ffff:127.0.0.1

      at log (server.js:227:11)

    console.error
      ÔØî Query failed: {
        text: 'SELECT * FROM users WHERE email = $1...',
        error: 'password authentication failed for user "clubhub_dev_db_user"'
      }

    [0m [90m 81 |[39m     [36mreturn[39m res[33m;[39m
     [90m 82 |[39m   } [36mcatch[39m (error) {
    [31m[1m>[22m[39m[90m 83 |[39m     console[33m.[39merror([32m"ÔØî Query failed:"[39m[33m,[39m {
     [90m    |[39m             [31m[1m^[22m[39m
     [90m 84 |[39m       text[33m:[39m text[33m.[39msubstring([35m0[39m[33m,[39m [35m50[39m) [33m+[39m 
[32m"..."[39m[33m,[39m
     [90m 85 |[39m       error[33m:[39m error[33m.[39mmessage[33m,[39m
     [90m 86 |[39m     })[33m;[39m[0m

      at error (config/database.js:83:13)
      at routes/auth.js:173:26

    console.error
      ÔØî Registration error: error: password authentication failed for user "clubhub_dev_db_user"
          at C:\Users\Dell\Documents\elitepro\clubhub\backend\node_modules\pg-pool\index.js:45:11
          at processTicksAndRejections (node:internal/process/task_queues:95:5)
          at query (C:\Users\Dell\Documents\elitepro\clubhub\backend\config\database.js:74:17)
          at C:\Users\Dell\Documents\elitepro\clubhub\backend\routes\auth.js:173:26 {
        length: 115,
        severity: 'FATAL',
        code: '28P01',
        detail: undefined,
        hint: undefined,
        position: undefined,
        internalPosition: undefined,
        internalQuery: undefined,
        where: undefined,
        schema: undefined,
        table: undefined,
        column: undefined,
        dataType: undefined,
        constraint: undefined,
        file: 'auth.c',
        line: '320',
        routine: 'auth_failed'
      }

    [0m [90m 330 |[39m     })[33m;[39m
     [90m 331 |[39m   } [36mcatch[39m (error) {
    [31m[1m>[22m[39m[90m 332 |[39m     console[33m.[39merror([32m"ÔØî Registration error:"[39m[33m,[39m 
error)[33m;[39m
     [90m     |[39m             [31m[1m^[22m[39m
     [90m 333 |[39m     console[33m.[39merror([32m"Error details:"[39m[33m,[39m {
     [90m 334 |[39m       message[33m:[39m error[33m.[39mmessage[33m,[39m
     [90m 335 |[39m       code[33m:[39m error[33m.[39mcode[33m,[39m[0m

      at error (routes/auth.js:332:13)

    console.error
      Error details: {
        message: 'password authentication failed for user "clubhub_dev_db_user"',
        code: '28P01',
        detail: undefined,
        table: undefined,
        column: undefined
      }

    [0m [90m 331 |[39m   } [36mcatch[39m (error) {
     [90m 332 |[39m     console[33m.[39merror([32m"ÔØî Registration error:"[39m[33m,[39m error)[33m;[39m
    [31m[1m>[22m[39m[90m 333 |[39m     console[33m.[39merror([32m"Error details:"[39m[33m,[39m {
     [90m     |[39m             [31m[1m^[22m[39m
     [90m 334 |[39m       message[33m:[39m error[33m.[39mmessage[33m,[39m
     [90m 335 |[39m       code[33m:[39m error[33m.[39mcode[33m,[39m
     [90m 336 |[39m       detail[33m:[39m error[33m.[39mdetail[33m,[39m[0m

      at error (routes/auth.js:333:13)

    console.log
      2026-04-11T15:19:47.545Z - POST /api/auth/login - ::ffff:127.0.0.1

      at log (server.js:227:11)

    console.log
      ­ƒöæ Login Attempt: unittest4185@example.com

      at log (routes/auth.js:363:15)

    console.error
      ÔØî Query failed: {
        text: 'SELECT * FROM users WHERE email = $1...',
        error: 'password authentication failed for user "clubhub_dev_db_user"'
      }

    [0m [90m 81 |[39m     [36mreturn[39m res[33m;[39m
     [90m 82 |[39m   } [36mcatch[39m (error) {
    [31m[1m>[22m[39m[90m 83 |[39m     console[33m.[39merror([32m"ÔØî Query failed:"[39m[33m,[39m {
     [90m    |[39m             [31m[1m^[22m[39m
     [90m 84 |[39m       text[33m:[39m text[33m.[39msubstring([35m0[39m[33m,[39m [35m50[39m) [33m+[39m 
[32m"..."[39m[33m,[39m
     [90m 85 |[39m       error[33m:[39m error[33m.[39mmessage[33m,[39m
     [90m 86 |[39m     })[33m;[39m[0m

      at error (config/database.js:83:13)
      at routes/auth.js:664:26

    console.error
      Login error: error: password authentication failed for user "clubhub_dev_db_user"
          at C:\Users\Dell\Documents\elitepro\clubhub\backend\node_modules\pg-pool\index.js:45:11
          at processTicksAndRejections (node:internal/process/task_queues:95:5)
          at query (C:\Users\Dell\Documents\elitepro\clubhub\backend\config\database.js:74:17)
          at C:\Users\Dell\Documents\elitepro\clubhub\backend\routes\auth.js:664:26 {
        length: 115,
        severity: 'FATAL',
        code: '28P01',
        detail: undefined,
        hint: undefined,
        position: undefined,
        internalPosition: undefined,
        internalQuery: undefined,
        where: undefined,
        schema: undefined,
        table: undefined,
        column: undefined,
        dataType: undefined,
        constraint: undefined,
        file: 'auth.c',
        line: '320',
        routine: 'auth_failed'
      }

    [0m [90m 706 |[39m       })[33m;[39m
     [90m 707 |[39m     } [36mcatch[39m (error) {
    [31m[1m>[22m[39m[90m 708 |[39m       console[33m.[39merror([32m"Login error:"[39m[33m,[39m 
error)[33m;[39m
     [90m     |[39m               [31m[1m^[22m[39m
     [90m 709 |[39m       res[33m.[39mstatus([35m500[39m)[33m.[39mjson({
     [90m 710 |[39m         error[33m:[39m [32m"Login failed"[39m[33m,[39m
     [90m 711 |[39m         message[33m:[39m error[33m.[39mmessage[33m,[39m[0m

      at error (routes/auth.js:708:15)

    console.log
      2026-04-11T15:19:47.585Z - GET /api/auth/me - ::ffff:127.0.0.1

      at log (server.js:227:11)

    console.error
      Get current user error: JsonWebTokenError {
        name: 'JsonWebTokenError',
        message: 'jwt malformed'
      }

    [0m [90m 839 |[39m     })[33m;[39m
     [90m 840 |[39m   } [36mcatch[39m (err) {
    [31m[1m>[22m[39m[90m 841 |[39m     console[33m.[39merror([32m"Get current user error:"[39m[33m,[39m 
err)[33m;[39m
     [90m     |[39m             [31m[1m^[22m[39m
     [90m 842 |[39m     res[33m.[39mstatus([35m500[39m)[33m.[39mjson({ error[33m:[39m [32m"Failed to fetch 
user"[39m })[33m;[39m
     [90m 843 |[39m   }
     [90m 844 |[39m })[33m;[39m[0m

      at error (routes/auth.js:841:13)
      at Layer.handle [as handle_request] (node_modules/express/lib/router/layer.js:95:5)
      at next (node_modules/express/lib/router/route.js:149:13)
      at Route.dispatch (node_modules/express/lib/router/route.js:119:3)
      at Layer.handle [as handle_request] (node_modules/express/lib/router/layer.js:95:5)
      at node_modules/express/lib/router/index.js:284:15
      at Function.process_params (node_modules/express/lib/router/index.js:346:12)
      at next (node_modules/express/lib/router/index.js:280:10)
      at Function.handle (node_modules/express/lib/router/index.js:175:3)
      at router (node_modules/express/lib/router/index.js:47:12)
      at Layer.handle [as handle_request] (node_modules/express/lib/router/layer.js:95:5)
      at trim_prefix (node_modules/express/lib/router/index.js:328:13)
      at node_modules/express/lib/router/index.js:286:9
      at Function.process_params (node_modules/express/lib/router/index.js:346:12)
      at next (node_modules/express/lib/router/index.js:280:10)
      at next (server.js:228:3)
      at Layer.handle [as handle_request] (node_modules/express/lib/router/layer.js:95:5)
      at trim_prefix (node_modules/express/lib/router/index.js:328:13)
      at node_modules/express/lib/router/index.js:286:9
      at Function.process_params (node_modules/express/lib/router/index.js:346:12)
      at next (node_modules/express/lib/router/index.js:280:10)
      at urlencodedParser (node_modules/body-parser/lib/types/urlencoded.js:94:7)
      at Layer.handle [as handle_request] (node_modules/express/lib/router/layer.js:95:5)
      at trim_prefix (node_modules/express/lib/router/index.js:328:13)
      at node_modules/express/lib/router/index.js:286:9
      at Function.process_params (node_modules/express/lib/router/index.js:346:12)
      at next (node_modules/express/lib/router/index.js:280:10)
      at jsonParser (node_modules/body-parser/lib/types/json.js:113:7)
      at Layer.handle [as handle_request] (node_modules/express/lib/router/layer.js:95:5)
      at trim_prefix (node_modules/express/lib/router/index.js:328:13)
      at node_modules/express/lib/router/index.js:286:9
      at Function.process_params (node_modules/express/lib/router/index.js:346:12)
      at next (node_modules/express/lib/router/index.js:280:10)
      at node_modules/express-rate-limit/dist/index.cjs:822:7
      at node_modules/express-rate-limit/dist/index.cjs:704:5

    console.log
      2026-04-11T15:19:47.594Z - GET /api/auth/me - ::ffff:127.0.0.1

      at log (server.js:227:11)

  ÔùÅ Auth API Endpoints ÔÇ║ should register a new user

    expect(received).toEqual(expected) // deep equality

    Expected: 201
    Received: 500

    [0m [90m 29 |[39m     })[33m;[39m
     [90m 30 |[39m
    [31m[1m>[22m[39m[90m 31 |[39m     
expect(res[33m.[39mstatusCode)[33m.[39mtoEqual([35m201[39m)[33m;[39m
     [90m    |[39m                            [31m[1m^[22m[39m
     [90m 32 |[39m     expect(res[33m.[39mbody)[33m.[39mtoHaveProperty([32m"token"[39m)[33m;[39m
     [90m 33 |[39m     
expect(res[33m.[39mbody[33m.[39muser)[33m.[39mtoHaveProperty([32m"email"[39m[33m,[39m 
createdUserEmail)[33m;[39m
     [90m 34 |[39m   })[33m;[39m[0m

      at Object.toEqual (tests/auth.test.js:31:28)

  ÔùÅ Auth API Endpoints ÔÇ║ should login with the registered user

    expect(received).toEqual(expected) // deep equality

    Expected: 200
    Received: 500

    [0m [90m 40 |[39m     })[33m;[39m
     [90m 41 |[39m
    [31m[1m>[22m[39m[90m 42 |[39m     
expect(res[33m.[39mstatusCode)[33m.[39mtoEqual([35m200[39m)[33m;[39m
     [90m    |[39m                            [31m[1m^[22m[39m
     [90m 43 |[39m     expect(res[33m.[39mbody)[33m.[39mtoHaveProperty([32m"token"[39m)[33m;[39m
     [90m 44 |[39m     token [33m=[39m res[33m.[39mbody[33m.[39mtoken[33m;[39m [90m// Save token for next 
test[39m
     [90m 45 |[39m   })[33m;[39m[0m

      at Object.toEqual (tests/auth.test.js:42:28)

  ÔùÅ Auth API Endpoints ÔÇ║ should access protected route /auth/me

    expect(received).toEqual(expected) // deep equality

    Expected: 200
    Received: 500

    [0m [90m 50 |[39m       [33m.[39m[36mset[39m([32m"Authorization"[39m[33m,[39m [32m`Bearer 
${token}`[39m)[33m;[39m
     [90m 51 |[39m
    [31m[1m>[22m[39m[90m 52 |[39m     
expect(res[33m.[39mstatusCode)[33m.[39mtoEqual([35m200[39m)[33m;[39m
     [90m    |[39m                            [31m[1m^[22m[39m
     [90m 53 |[39m     
expect(res[33m.[39mbody[33m.[39muser)[33m.[39mtoHaveProperty([32m"email"[39m[33m,[39m 
createdUserEmail)[33m;[39m
     [90m 54 |[39m   })[33m;[39m
     [90m 55 |[39m[0m

      at Object.toEqual (tests/auth.test.js:52:28)


  ÔùÅ Test suite failed to run

    error: password authentication failed for user "clubhub_dev_db_user"

    [0m [90m 10 |[39m   afterAll([36masync[39m () [33m=>[39m {
     [90m 11 |[39m     [36mif[39m (createdUserEmail) {
    [31m[1m>[22m[39m[90m 12 |[39m       [36mawait[39m pool[33m.[39mquery([32m"DELETE FROM users WHERE email 
= $1"[39m[33m,[39m [
     [90m    |[39m       [31m[1m^[22m[39m
     [90m 13 |[39m         createdUserEmail[33m,[39m
     [90m 14 |[39m       ])[33m;[39m
     [90m 15 |[39m     }[0m

      at node_modules/pg-pool/index.js:45:11
      at Object.<anonymous> (tests/auth.test.js:12:7)

FAIL tests/events.test.js
  ÔùÅ Events API Integration Tests ÔÇ║ POST /api/events ÔÇ║ should successfully create a single event

    expect(received).toBe(expected) // Object.is equality

    Expected: 201
    Received: 400

    [0m [90m 60 |[39m         })[33m;[39m
     [90m 61 |[39m
    [31m[1m>[22m[39m[90m 62 |[39m       expect(res[33m.[39mstatus)[33m.[39mtoBe([35m201[39m)[33m;[39m
     [90m    |[39m                          [31m[1m^[22m[39m
     [90m 63 |[39m       expect(res[33m.[39mbody[33m.[39mmessage)[33m.[39mtoBe([32m"Event created 
successfully"[39m)[33m;[39m
     [90m 64 |[39m       
expect(res[33m.[39mbody[33m.[39mevent[33m.[39mid)[33m.[39mtoBe([32m"new-event-id"[39m)[33m;[39m
     [90m 65 |[39m     })[33m;[39m[0m

      at Object.toBe (tests/events.test.js:62:26)

  ÔùÅ Events API Integration Tests ÔÇ║ GET /api/events/:id/availability ÔÇ║ should return availability responses for 
an event

    expect(received).toBe(expected) // Object.is equality

    Expected: 200
    Received: 403

    [0m [90m 106 |[39m       [36mconst[39m res [33m=[39m [36mawait[39m 
request(app)[33m.[39m[36mget[39m([32m"/api/events/event-123/availability"[39m)[33m;[39m
     [90m 107 |[39m
    [31m[1m>[22m[39m[90m 108 |[39m       expect(res[33m.[39mstatus)[33m.[39mtoBe([35m200[39m)[33m;[39m
     [90m     |[39m                          [31m[1m^[22m[39m
     [90m 109 |[39m       expect(res[33m.[39mbody[33m.[39mlength)[33m.[39mtoBe([35m2[39m)[33m;[39m
     [90m 110 |[39m       
expect(res[33m.[39mbody[[35m0[39m][33m.[39mavailability)[33m.[39mtoBe([32m"yes"[39m)[33m;[39m
     [90m 111 |[39m     })[33m;[39m[0m

      at Object.toBe (tests/events.test.js:108:26)

PASS tests/feature-super-admin-sync.test.js
  ÔùÅ Console

    console.log
      ÔÜá´©Å  Payment processing is DISABLED. Set ENABLE_PAYMENT_PROCESSING=true in .env to enable.

      at Object.log (middleware/payment-guard.js:20:11)

    console.log
      ­ƒôì Route: /api/run-temp-migration

      at log (server.js:444:13)
          at Array.forEach (<anonymous>)

    console.log
      ­ƒôì Route: *

      at log (server.js:444:13)
          at Array.forEach (<anonymous>)

    console.log
      ­ƒôì Route: /api/test-now

      at log (server.js:444:13)
          at Array.forEach (<anonymous>)

    console.log
      ­ƒôì Route: /health

      at log (server.js:444:13)
          at Array.forEach (<anonymous>)

    console.log
      ­ƒôì Route: /api/health

      at log (server.js:444:13)
          at Array.forEach (<anonymous>)

    console.log
      ­ƒôì Route: /api/public-debug/:id

      at log (server.js:444:13)
          at Array.forEach (<anonymous>)

    console.log
      ­ƒôì Route: ^\/api\/auth\/?(?=\/|$)/register

      at log (server.js:448:17)
          at Array.forEach (<anonymous>)
          at Array.forEach (<anonymous>)

    console.log
      ­ƒôì Route: ^\/api\/auth\/?(?=\/|$)/login

      at log (server.js:448:17)
          at Array.forEach (<anonymous>)
          at Array.forEach (<anonymous>)

    console.log
      ­ƒôì Route: ^\/api\/auth\/?(?=\/|$)/logout

      at log (server.js:448:17)
          at Array.forEach (<anonymous>)
          at Array.forEach (<anonymous>)

    console.log
      ­ƒôì Route: ^\/api\/auth\/?(?=\/|$)/seed-demo-users

      at log (server.js:448:17)
          at Array.forEach (<anonymous>)
          at Array.forEach (<anonymous>)

    console.log
      ­ƒôì Route: ^\/api\/auth\/?(?=\/|$)/me

      at log (server.js:448:17)
          at Array.forEach (<anonymous>)
          at Array.forEach (<anonymous>)

    console.log
      ­ƒôì Route: ^\/api\/auth\/?(?=\/|$)/find-user

      at log (server.js:448:17)
          at Array.forEach (<anonymous>)
          at Array.forEach (<anonymous>)

    console.log
      ­ƒôì Route: ^\/api\/auth\/?(?=\/|$)/add-child

      at log (server.js:448:17)
          at Array.forEach (<anonymous>)
          at Array.forEach (<anonymous>)

    console.log
      ­ƒôì Route: ^\/api\/auth\/?(?=\/|$)/children

      at log (server.js:448:17)
          at Array.forEach (<anonymous>)
          at Array.forEach (<anonymous>)

    console.log
      ­ƒôì Route: ^\/api\/auth\/?(?=\/|$)/children/:childId

      at log (server.js:448:17)
          at Array.forEach (<anonymous>)
          at Array.forEach (<anonymous>)

    console.log
      ­ƒôì Route: ^\/api\/auth\/?(?=\/|$)/organizations

      at log (server.js:448:17)
          at Array.forEach (<anonymous>)
          at Array.forEach (<anonymous>)

    console.log
      ­ƒôì Route: ^\/api\/auth\/?(?=\/|$)/context

      at log (server.js:448:17)
          at Array.forEach (<anonymous>)
          at Array.forEach (<anonymous>)

    console.log
      ­ƒôì Route: ^\/api\/auth\/?(?=\/|$)/switch-organization

      at log (server.js:448:17)
          at Array.forEach (<anonymous>)
          at Array.forEach (<anonymous>)

    console.log
      ­ƒôì Route: ^\/api\/auth\/?(?=\/|$)/profile

      at log (server.js:448:17)
          at Array.forEach (<anonymous>)
          at Array.forEach (<anonymous>)

    console.log
      ­ƒôì Route: ^\/api\/auth\/?(?=\/|$)/profile

      at log (server.js:448:17)
          at Array.forEach (<anonymous>)
          at Array.forEach (<anonymous>)

    console.log
      ­ƒôì Route: ^\/api\/auth\/?(?=\/|$)/gdpr/export

      at log (server.js:448:17)
          at Array.forEach (<anonymous>)
          at Array.forEach (<anonymous>)

    console.log
      ­ƒôì Route: ^\/api\/auth\/?(?=\/|$)/gdpr/delete

      at log (server.js:448:17)
          at Array.forEach (<anonymous>)
          at Array.forEach (<anonymous>)

    console.log
      ­ƒôì Route: ^\/api\/auth\/?(?=\/|$)/forgot-password

      at log (server.js:448:17)
          at Array.forEach (<anonymous>)
          at Array.forEach (<anonymous>)

    console.log
      ­ƒôì Route: ^\/api\/auth\/?(?=\/|$)/reset-password

      at log (server.js:448:17)
          at Array.forEach (<anonymous>)
          at Array.forEach (<anonymous>)

    console.log
      ­ƒôì Route: ^\/api\/auth\/?(?=\/|$)/profile-personal

      at log (server.js:448:17)
          at Array.forEach (<anonymous>)
          at Array.forEach (<anonymous>)

    console.log
      ­ƒôì Route: ^\/api\/auth\/?(?=\/|$)/change-password

      at log (server.js:448:17)
          at Array.forEach (<anonymous>)
          at Array.forEach (<anonymous>)

    console.log
      ­ƒôì Route: ^\/api\/auth\/?(?=\/|$)/settings

      at log (server.js:448:17)
          at Array.forEach (<anonymous>)
          at Array.forEach (<anonymous>)

    console.log
      ­ƒôì Route: ^\/api\/auth\/?(?=\/|$)/settings

      at log (server.js:448:17)
          at Array.forEach (<anonymous>)
          at Array.forEach (<anonymous>)

    console.log
      ­ƒôì Route: ^\/api\/auth\/?(?=\/|$)/account

      at log (server.js:448:17)
          at Array.forEach (<anonymous>)
          at Array.forEach (<anonymous>)

    console.log
      ­ƒôì Route: ^\/api\/auth\/?(?=\/|$)/tours/complete

      at log (server.js:448:17)
          at Array.forEach (<anonymous>)
          at Array.forEach (<anonymous>)

    console.log
      ­ƒôì Route: ^\/api\/auth\/?(?=\/|$)/switch-organization

      at log (server.js:448:17)
          at Array.forEach (<anonymous>)
          at Array.forEach (<anonymous>)

    console.log
      ­ƒôì Route: ^\/api\/auth\/?(?=\/|$)/context

      at log (server.js:448:17)
          at Array.forEach (<anonymous>)
          at Array.forEach (<anonymous>)

    console.log
      ­ƒôì Route: ^\/api\/auth\/?(?=\/|$)/me

      at log (server.js:448:17)
          at Array.forEach (<anonymous>)
          at Array.forEach (<anonymous>)

    console.log
      ­ƒôì Route: ^\/api\/organizations\/?(?=\/|$)/

      at log (server.js:448:17)
          at Array.forEach (<anonymous>)
          at Array.forEach (<anonymous>)

    console.log
      ­ƒôì Route: ^\/api\/organizations\/?(?=\/|$)/:id

      at log (server.js:448:17)
          at Array.forEach (<anonymous>)
          at Array.forEach (<anonymous>)

    console.log
      ­ƒôì Route: ^\/api\/organizations\/?(?=\/|$)/super/:id

      at log (server.js:448:17)
          at Array.forEach (<anonymous>)
          at Array.forEach (<anonymous>)

    console.log
      ­ƒôì Route: ^\/api\/organizations\/?(?=\/|$)/

      at log (server.js:448:17)
          at Array.forEach (<anonymous>)
          at Array.forEach (<anonymous>)

    console.log
      ­ƒôì Route: ^\/api\/organizations\/?(?=\/|$)/:id

      at log (server.js:448:17)
          at Array.forEach (<anonymous>)
          at Array.forEach (<anonymous>)

    console.log
      ­ƒôì Route: ^\/api\/organizations\/?(?=\/|$)/:id

      at log (server.js:448:17)
          at Array.forEach (<anonymous>)
          at Array.forEach (<anonymous>)

    console.log
      ­ƒôì Route: ^\/api\/organizations\/?(?=\/|$)/:id/members

      at log (server.js:448:17)
          at Array.forEach (<anonymous>)
          at Array.forEach (<anonymous>)

    console.log
      ­ƒôì Route: ^\/api\/organizations\/?(?=\/|$)/:id/images

      at log (server.js:448:17)
          at Array.forEach (<anonymous>)
          at Array.forEach (<anonymous>)

    console.log
      ­ƒôì Route: ^\/api\/organizations\/?(?=\/|$)/:id/logo

      at log (server.js:448:17)
          at Array.forEach (<anonymous>)
          at Array.forEach (<anonymous>)

    console.log
      ­ƒôì Route: ^\/api\/organizations\/?(?=\/|$)/:id/images

      at log (server.js:448:17)
          at Array.forEach (<anonymous>)
          at Array.forEach (<anonymous>)

    console.log
      ­ƒôì Route: ^\/api\/invitations\/?(?=\/|$)/:orgId/invite

      at log (server.js:448:17)
          at Array.forEach (<anonymous>)
          at Array.forEach (<anonymous>)

    console.log
      ­ƒôì Route: ^\/api\/invitations\/?(?=\/|$)/:token

      at log (server.js:448:17)
          at Array.forEach (<anonymous>)
          at Array.forEach (<anonymous>)

    console.log
      ­ƒôì Route: ^\/api\/invitations\/?(?=\/|$)/:token/accept

      at log (server.js:448:17)
          at Array.forEach (<anonymous>)
          at Array.forEach (<anonymous>)

    console.log
      ­ƒôì Route: ^\/api\/invitations\/?(?=\/|$)/:token/decline

      at log (server.js:448:17)
          at Array.forEach (<anonymous>)
          at Array.forEach (<anonymous>)

    console.log
      ­ƒôì Route: ^\/api\/invitations\/?(?=\/|$)/:orgId/invitations

      at log (server.js:448:17)
          at Array.forEach (<anonymous>)
          at Array.forEach (<anonymous>)

    console.log
      ­ƒôì Route: ^\/api\/platform-admin\/?(?=\/|$)/stats

      at log (server.js:448:17)
          at Array.forEach (<anonymous>)
          at Array.forEach (<anonymous>)

    console.log
      ­ƒôì Route: ^\/api\/platform-admin\/?(?=\/|$)/organizations

      at log (server.js:448:17)
          at Array.forEach (<anonymous>)
          at Array.forEach (<anonymous>)

    console.log
      ­ƒôì Route: ^\/api\/platform-admin\/?(?=\/|$)/users

      at log (server.js:448:17)
          at Array.forEach (<anonymous>)
          at Array.forEach (<anonymous>)

    console.log
      ­ƒôì Route: ^\/api\/platform-admin\/?(?=\/|$)/stripe/overview

      at log (server.js:448:17)
          at Array.forEach (<anonymous>)
          at Array.forEach (<anonymous>)

    console.log
      ­ƒôì Route: ^\/api\/platform-admin\/?(?=\/|$)/organization/:id

      at log (server.js:448:17)
          at Array.forEach (<anonymous>)
          at Array.forEach (<anonymous>)

    console.log
      ­ƒôì Route: ^\/api\/platform-admin\/?(?=\/|$)/organizations/:id/status

      at log (server.js:448:17)
          at Array.forEach (<anonymous>)
          at Array.forEach (<anonymous>)

    console.log
      ­ƒôì Route: ^\/api\/platform-admin\/?(?=\/|$)/organizations/:id

      at log (server.js:448:17)
          at Array.forEach (<anonymous>)
          at Array.forEach (<anonymous>)

    console.log
      ­ƒôì Route: ^\/api\/platform-admin\/?(?=\/|$)/set-admin/:userId

      at log (server.js:448:17)
          at Array.forEach (<anonymous>)
          at Array.forEach (<anonymous>)

    console.log
      ­ƒôì Route: ^\/api\/platform-admin\/?(?=\/|$)/activity

      at log (server.js:448:17)
          at Array.forEach (<anonymous>)
          at Array.forEach (<anonymous>)

    console.log
      ­ƒôì Route: ^\/api\/platform-admin\/?(?=\/|$)/users

      at log (server.js:448:17)
          at Array.forEach (<anonymous>)
          at Array.forEach (<anonymous>)

    console.log
      ­ƒôì Route: ^\/api\/platform-admin\/?(?=\/|$)/users/:userId/status

      at log (server.js:448:17)
          at Array.forEach (<anonymous>)
          at Array.forEach (<anonymous>)

    console.log
      ­ƒôì Route: ^\/api\/platform-admin\/?(?=\/|$)/users/:userId

      at log (server.js:448:17)
          at Array.forEach (<anonymous>)
          at Array.forEach (<anonymous>)

    console.log
      ­ƒôì Route: ^\/api\/platform-admin\/?(?=\/|$)/generate-mock-data

      at log (server.js:448:17)
          at Array.forEach (<anonymous>)
          at Array.forEach (<anonymous>)

    console.log
      ­ƒôì Route: ^\/api\/platform-admin\/?(?=\/|$)/onboard-club

      at log (server.js:448:17)
          at Array.forEach (<anonymous>)
          at Array.forEach (<anonymous>)

    console.log
      ­ƒôì Route: ^\/api\/platform-admin\/?(?=\/|$)/scout-verifications

      at log (server.js:448:17)
          at Array.forEach (<anonymous>)
          at Array.forEach (<anonymous>)

    console.log
      ­ƒôì Route: ^\/api\/platform-admin\/?(?=\/|$)/scout-verifications/:id/resolve

      at log (server.js:448:17)
          at Array.forEach (<anonymous>)
          at Array.forEach (<anonymous>)

    console.log
      ­ƒôì Route: ^\/api\/clubs\/?(?=\/|$)/

      at log (server.js:448:17)
          at Array.forEach (<anonymous>)
          at Array.forEach (<anonymous>)

    console.log
      ­ƒôì Route: ^\/api\/clubs\/?(?=\/|$)/:id/public-listings

      at log (server.js:448:17)
          at Array.forEach (<anonymous>)
          at Array.forEach (<anonymous>)

    console.log
      ­ƒôì Route: ^\/api\/clubs\/?(?=\/|$)/:id

      at log (server.js:448:17)
          at Array.forEach (<anonymous>)
          at Array.forEach (<anonymous>)

    console.log
      ­ƒôì Route: ^\/api\/clubs\/?(?=\/|$)/:id/claim

      at log (server.js:448:17)
          at Array.forEach (<anonymous>)
          at Array.forEach (<anonymous>)

    console.log
      ­ƒôì Route: ^\/api\/clubs\/?(?=\/|$)/:id/teams

      at log (server.js:448:17)
          at Array.forEach (<anonymous>)
          at Array.forEach (<anonymous>)

    console.log
      ­ƒôì Route: ^\/api\/clubs\/?(?=\/|$)/

      at log (server.js:448:17)
          at Array.forEach (<anonymous>)
          at Array.forEach (<anonymous>)

    console.log
      ­ƒôì Route: ^\/api\/clubs\/?(?=\/|$)/:id

      at log (server.js:448:17)
          at Array.forEach (<anonymous>)
          at Array.forEach (<anonymous>)

    console.log
      ­ƒôì Route: ^\/api\/clubs\/?(?=\/|$)/:id

      at log (server.js:448:17)
          at Array.forEach (<anonymous>)
          at Array.forEach (<anonymous>)

    console.log
      ­ƒôì Route: ^\/api\/clubs\/?(?=\/|$)/:id/apply

      at log (server.js:448:17)
          at Array.forEach (<anonymous>)
          at Array.forEach (<anonymous>)

    console.log
      ­ƒôì Route: ^\/api\/clubs\/?(?=\/|$)/:id/applications

      at log (server.js:448:17)
          at Array.forEach (<anonymous>)
          at Array.forEach (<anonymous>)

    console.log
      ­ƒôì Route: ^\/api\/clubs\/?(?=\/|$)/applications/:applicationId/review

      at log (server.js:448:17)
          at Array.forEach (<anonymous>)
          at Array.forEach (<anonymous>)

    console.log
      ­ƒôì Route: ^\/api\/clubs\/?(?=\/|$)/:id/stats

      at log (server.js:448:17)
          at Array.forEach (<anonymous>)
          at Array.forEach (<anonymous>)

    console.log
      ­ƒôì Route: ^\/api\/clubs\/?(?=\/|$)/:id/images

      at log (server.js:448:17)
          at Array.forEach (<anonymous>)
          at Array.forEach (<anonymous>)

    console.log
      ­ƒôì Route: ^\/api\/clubs\/?(?=\/|$)/:id/images

      at log (server.js:448:17)
          at Array.forEach (<anonymous>)
          at Array.forEach (<anonymous>)

    console.log
      ­ƒôì Route: ^\/api\/clubs\/?(?=\/|$)/:id/reviews

      at log (server.js:448:17)
          at Array.forEach (<anonymous>)
          at Array.forEach (<anonymous>)

    console.log
      ­ƒôì Route: ^\/api\/clubs\/?(?=\/|$)/:id/reviews

      at log (server.js:448:17)
          at Array.forEach (<anonymous>)
          at Array.forEach (<anonymous>)

    console.log
      ­ƒôì Route: ^\/api\/players\/?(?=\/|$)/family

      at log (server.js:448:17)
          at Array.forEach (<anonymous>)
          at Array.forEach (<anonymous>)

    console.log
      ­ƒôì Route: ^\/api\/players\/?(?=\/|$)/

      at log (server.js:448:17)
          at Array.forEach (<anonymous>)
          at Array.forEach (<anonymous>)

    console.log
      ­ƒôì Route: ^\/api\/players\/?(?=\/|$)/filtered/:filter

      at log (server.js:448:17)
          at Array.forEach (<anonymous>)
          at Array.forEach (<anonymous>)

    console.log
      ­ƒôì Route: ^\/api\/players\/?(?=\/|$)/scout

      at log (server.js:448:17)
          at Array.forEach (<anonymous>)
          at Array.forEach (<anonymous>)

    console.log
      ­ƒôì Route: ^\/api\/players\/?(?=\/|$)/:id

      at log (server.js:448:17)
          at Array.forEach (<anonymous>)
          at Array.forEach (<anonymous>)

    console.log
      ­ƒôì Route: ^\/api\/players\/?(?=\/|$)/filtered/:filter

      at log (server.js:448:17)
          at Array.forEach (<anonymous>)
          at Array.forEach (<anonymous>)

    console.log
      ­ƒôì Route: ^\/api\/players\/?(?=\/|$)/

      at log (server.js:448:17)
          at Array.forEach (<anonymous>)
          at Array.forEach (<anonymous>)

    console.log
      ­ƒôì Route: ^\/api\/players\/?(?=\/|$)/:id

      at log (server.js:448:17)
          at Array.forEach (<anonymous>)
          at Array.forEach (<anonymous>)

    console.log
      ­ƒôì Route: ^\/api\/players\/?(?=\/|$)/:id

      at log (server.js:448:17)
          at Array.forEach (<anonymous>)
          at Array.forEach (<anonymous>)

    console.log
      ­ƒôì Route: ^\/api\/players\/?(?=\/|$)/:id/stats

      at log (server.js:448:17)
          at Array.forEach (<anonymous>)
          at Array.forEach (<anonymous>)

    console.log
      ­ƒôì Route: ^\/api\/players\/?(?=\/|$)/:id/payment-status

      at log (server.js:448:17)
          at Array.forEach (<anonymous>)
          at Array.forEach (<anonymous>)

    console.log
      ­ƒôì Route: ^\/api\/players\/?(?=\/|$)/child

      at log (server.js:448:17)
          at Array.forEach (<anonymous>)
          at Array.forEach (<anonymous>)

    console.log
      ­ƒôì Route: ^\/api\/players\/?(?=\/|$)/child/:id

      at log (server.js:448:17)
          at Array.forEach (<anonymous>)
          at Array.forEach (<anonymous>)

    console.log
      ­ƒôì Route: ^\/api\/players\/?(?=\/|$)/:id/history

      at log (server.js:448:17)
          at Array.forEach (<anonymous>)
          at Array.forEach (<anonymous>)

    console.log
      ­ƒôì Route: ^\/api\/players\/?(?=\/|$)/:id/history

      at log (server.js:448:17)
          at Array.forEach (<anonymous>)
          at Array.forEach (<anonymous>)

    console.log
      ­ƒôì Route: ^\/api\/players\/?(?=\/|$)/history/:historyId

      at log (server.js:448:17)
          at Array.forEach (<anonymous>)
          at Array.forEach (<anonymous>)

    console.log
      ­ƒôì Route: ^\/api\/players\/?(?=\/|$)/:id/history

      at log (server.js:448:17)
          at Array.forEach (<anonymous>)
          at Array.forEach (<anonymous>)

    console.log
      ­ƒôì Route: ^\/api\/players\/?(?=\/|$)/:id/history

      at log (server.js:448:17)
          at Array.forEach (<anonymous>)
          at Array.forEach (<anonymous>)

    console.log
      ­ƒôì Route: ^\/api\/players\/?(?=\/|$)/:id/history/:historyId

      at log (server.js:448:17)
          at Array.forEach (<anonymous>)
          at Array.forEach (<anonymous>)

    console.log
      ­ƒôì Route: ^\/api\/players\/?(?=\/|$)/:id/stats

      at log (server.js:448:17)
          at Array.forEach (<anonymous>)
          at Array.forEach (<anonymous>)

    console.log
      ­ƒôì Route: ^\/api\/players\/?(?=\/|$)/:id/activities

      at log (server.js:448:17)
          at Array.forEach (<anonymous>)
          at Array.forEach (<anonymous>)

    console.log
      ­ƒôì Route: ^\/api\/staff\/?(?=\/|$)/

      at log (server.js:448:17)
          at Array.forEach (<anonymous>)
          at Array.forEach (<anonymous>)

    console.log
      ­ƒôì Route: ^\/api\/staff\/?(?=\/|$)/:id

      at log (server.js:448:17)
          at Array.forEach (<anonymous>)
          at Array.forEach (<anonymous>)

    console.log
      ­ƒôì Route: ^\/api\/staff\/?(?=\/|$)/:id/performance

      at log (server.js:448:17)
          at Array.forEach (<anonymous>)
          at Array.forEach (<anonymous>)

    console.log
      ­ƒôì Route: ^\/api\/staff\/?(?=\/|$)/:id/role

      at log (server.js:448:17)
          at Array.forEach (<anonymous>)
          at Array.forEach (<anonymous>)

    console.log
      ­ƒôì Route: ^\/api\/staff\/?(?=\/|$)/:id/schedule

      at log (server.js:448:17)
          at Array.forEach (<anonymous>)
          at Array.forEach (<anonymous>)

    console.log
      ­ƒôì Route: ^\/api\/staff\/?(?=\/|$)/

      at log (server.js:448:17)
          at Array.forEach (<anonymous>)
          at Array.forEach (<anonymous>)

    console.log
      ­ƒôì Route: ^\/api\/staff\/?(?=\/|$)/:id

      at log (server.js:448:17)
          at Array.forEach (<anonymous>)
          at Array.forEach (<anonymous>)

    console.log
      ­ƒôì Route: ^\/api\/staff\/?(?=\/|$)/:id

      at log (server.js:448:17)
          at Array.forEach (<anonymous>)
          at Array.forEach (<anonymous>)

    console.log
      ­ƒôì Route: ^\/api\/staff\/?(?=\/|$)/club/:clubId

      at log (server.js:448:17)
          at Array.forEach (<anonymous>)
          at Array.forEach (<anonymous>)

    console.log
      ­ƒôì Route: ^\/api\/staff\/?(?=\/|$)/:id/permissions

      at log (server.js:448:17)
          at Array.forEach (<anonymous>)
          at Array.forEach (<anonymous>)

    console.log
      ­ƒôì Route: ^\/api\/staff\/?(?=\/|$)/:id/dashboard

      at log (server.js:448:17)
          at Array.forEach (<anonymous>)
          at Array.forEach (<anonymous>)

    console.log
      ­ƒôì Route: ^\/api\/staff\/?(?=\/|$)/:id/performance

      at log (server.js:448:17)
          at Array.forEach (<anonymous>)
          at Array.forEach (<anonymous>)

    console.log
      ­ƒôì Route: ^\/api\/staff\/?(?=\/|$)/:id/role

      at log (server.js:448:17)
          at Array.forEach (<anonymous>)
          at Array.forEach (<anonymous>)

    console.log
      ­ƒôì Route: ^\/api\/staff\/?(?=\/|$)/:id/schedule

      at log (server.js:448:17)
          at Array.forEach (<anonymous>)
          at Array.forEach (<anonymous>)

    console.log
      ­ƒôì Route: ^\/api\/staff\/?(?=\/|$)/:id/verify-scout

      at log (server.js:448:17)
          at Array.forEach (<anonymous>)
          at Array.forEach (<anonymous>)

    console.log
      ­ƒôì Route: ^\/api\/teams\/?(?=\/|$)/

      at log (server.js:448:17)
          at Array.forEach (<anonymous>)
          at Array.forEach (<anonymous>)

    console.log
      ­ƒôì Route: ^\/api\/teams\/?(?=\/|$)/player/:userId

      at log (server.js:448:17)
          at Array.forEach (<anonymous>)
          at Array.forEach (<anonymous>)

    console.log
      ­ƒôì Route: ^\/api\/teams\/?(?=\/|$)/:id

      at log (server.js:448:17)
          at Array.forEach (<anonymous>)
          at Array.forEach (<anonymous>)

    console.log
      ­ƒôì Route: ^\/api\/teams\/?(?=\/|$)/

      at log (server.js:448:17)
          at Array.forEach (<anonymous>)
          at Array.forEach (<anonymous>)

    console.log
      ­ƒôì Route: ^\/api\/teams\/?(?=\/|$)/:id

      at log (server.js:448:17)
          at Array.forEach (<anonymous>)
          at Array.forEach (<anonymous>)

    console.log
      ­ƒôì Route: ^\/api\/teams\/?(?=\/|$)/:id

      at log (server.js:448:17)
          at Array.forEach (<anonymous>)
          at Array.forEach (<anonymous>)

    console.log
      ­ƒôì Route: ^\/api\/teams\/?(?=\/|$)/:id/players

      at log (server.js:448:17)
          at Array.forEach (<anonymous>)
          at Array.forEach (<anonymous>)

    console.log
      ­ƒôì Route: ^\/api\/teams\/?(?=\/|$)/:id/players/:playerId

      at log (server.js:448:17)
          at Array.forEach (<anonymous>)
          at Array.forEach (<anonymous>)

    console.log
      ­ƒôì Route: ^\/api\/teams\/?(?=\/|$)/:id/stats

      at log (server.js:448:17)
          at Array.forEach (<anonymous>)
          at Array.forEach (<anonymous>)

    console.log
      ­ƒôì Route: ^\/api\/teams\/?(?=\/|$)/:id/availability

      at log (server.js:448:17)
          at Array.forEach (<anonymous>)
          at Array.forEach (<anonymous>)

    console.log
      ­ƒôì Route: ^\/api\/teams\/?(?=\/|$)/:id/dashboard

      at log (server.js:448:17)
          at Array.forEach (<anonymous>)
          at Array.forEach (<anonymous>)

    console.log
      ­ƒôì Route: ^\/api\/events\/?(?=\/|$)/

      at log (server.js:448:17)
          at Array.forEach (<anonymous>)
          at Array.forEach (<anonymous>)

    console.log
      ­ƒôì Route: ^\/api\/events\/?(?=\/|$)/:id

      at log (server.js:448:17)
          at Array.forEach (<anonymous>)
          at Array.forEach (<anonymous>)

    console.log
      ­ƒôì Route: ^\/api\/events\/?(?=\/|$)/

      at log (server.js:448:17)
          at Array.forEach (<anonymous>)
          at Array.forEach (<anonymous>)

    console.log
      ­ƒôì Route: ^\/api\/events\/?(?=\/|$)/:id

      at log (server.js:448:17)
          at Array.forEach (<anonymous>)
          at Array.forEach (<anonymous>)

    console.log
      ­ƒôì Route: ^\/api\/events\/?(?=\/|$)/:id

      at log (server.js:448:17)
          at Array.forEach (<anonymous>)
          at Array.forEach (<anonymous>)

    console.log
      ­ƒôì Route: ^\/api\/events\/?(?=\/|$)/:id/book

      at log (server.js:448:17)
          at Array.forEach (<anonymous>)
          at Array.forEach (<anonymous>)

    console.log
      ­ƒôì Route: ^\/api\/events\/?(?=\/|$)/bookings/:bookingId/cancel

      at log (server.js:448:17)
          at Array.forEach (<anonymous>)
          at Array.forEach (<anonymous>)

    console.log
      ­ƒôì Route: ^\/api\/events\/?(?=\/|$)/:id/bookings

      at log (server.js:448:17)
          at Array.forEach (<anonymous>)
          at Array.forEach (<anonymous>)

    console.log
      ­ƒôì Route: ^\/api\/events\/?(?=\/|$)/bookings/my-bookings

      at log (server.js:448:17)
          at Array.forEach (<anonymous>)
          at Array.forEach (<anonymous>)

    console.log
      ­ƒôì Route: ^\/api\/events\/?(?=\/|$)/:id/roster

      at log (server.js:448:17)
          at Array.forEach (<anonymous>)
          at Array.forEach (<anonymous>)

    console.log
      ­ƒôì Route: ^\/api\/events\/?(?=\/|$)/:id/nudge

      at log (server.js:448:17)
          at Array.forEach (<anonymous>)
          at Array.forEach (<anonymous>)

    console.log
      ­ƒôì Route: ^\/api\/events\/?(?=\/|$)/:id/availability

      at log (server.js:448:17)
          at Array.forEach (<anonymous>)
          at Array.forEach (<anonymous>)

    console.log
      ­ƒôì Route: ^\/api\/events\/?(?=\/|$)/:id/availability/override

      at log (server.js:448:17)
          at Array.forEach (<anonymous>)
          at Array.forEach (<anonymous>)

    console.log
      ­ƒôì Route: ^\/api\/events\/?(?=\/|$)/:id/availability

      at log (server.js:448:17)
          at Array.forEach (<anonymous>)
          at Array.forEach (<anonymous>)

    console.log
      ­ƒôì Route: ^\/api\/events\/?(?=\/|$)/:id/notify

      at log (server.js:448:17)
          at Array.forEach (<anonymous>)
          at Array.forEach (<anonymous>)

    console.log
      ­ƒôì Route: ^\/api\/events\/?(?=\/|$)/:id

      at log (server.js:448:17)
          at Array.forEach (<anonymous>)
          at Array.forEach (<anonymous>)

    console.log
      ­ƒôì Route: ^\/api\/events\/?(?=\/|$)/:id/checkin

      at log (server.js:448:17)
          at Array.forEach (<anonymous>)
          at Array.forEach (<anonymous>)

    console.log
      ­ƒôì Route: ^\/api\/events\/?(?=\/|$)/:id/checkins

      at log (server.js:448:17)
          at Array.forEach (<anonymous>)
          at Array.forEach (<anonymous>)

    console.log
      ­ƒôì Route: ^\/api\/events\/?(?=\/|$)/:id/result

      at log (server.js:448:17)
          at Array.forEach (<anonymous>)
          at Array.forEach (<anonymous>)

    console.log
      ­ƒôì Route: ^\/api\/events\/?(?=\/|$)/:id/groups

      at log (server.js:448:17)
          at Array.forEach (<anonymous>)
          at Array.forEach (<anonymous>)

    console.log
      ­ƒôì Route: ^\/api\/events\/?(?=\/|$)/:id/players

      at log (server.js:448:17)
          at Array.forEach (<anonymous>)
          at Array.forEach (<anonymous>)

    console.log
      ­ƒôì Route: ^\/api\/events\/?(?=\/|$)/:id/groups

      at log (server.js:448:17)
          at Array.forEach (<anonymous>)
          at Array.forEach (<anonymous>)

    console.log
      ­ƒôì Route: ^\/api\/events\/?(?=\/|$)/:id/assign-group

      at log (server.js:448:17)
          at Array.forEach (<anonymous>)
          at Array.forEach (<anonymous>)

    console.log
      ­ƒôì Route: ^\/api\/events\/?(?=\/|$)/:id/bibs

      at log (server.js:448:17)
          at Array.forEach (<anonymous>)
          at Array.forEach (<anonymous>)

    console.log
      ­ƒôì Route: ^\/api\/events\/?(?=\/|$)/:id/export

      at log (server.js:448:17)
          at Array.forEach (<anonymous>)
          at Array.forEach (<anonymous>)

    console.log
      ­ƒôì Route: ^\/api\/events\/?(?=\/|$)/:id/checkin

      at log (server.js:448:17)
          at Array.forEach (<anonymous>)
          at Array.forEach (<anonymous>)

    console.log
      ­ƒôì Route: ^\/api\/events\/?(?=\/|$)/:id/results

      at log (server.js:448:17)
          at Array.forEach (<anonymous>)
          at Array.forEach (<anonymous>)

    console.log
      ­ƒôì Route: ^\/api\/events\/?(?=\/|$)/:id/player-stats

      at log (server.js:448:17)
          at Array.forEach (<anonymous>)
          at Array.forEach (<anonymous>)

    console.log
      ­ƒôì Route: ^\/api\/payments\/?(?=\/|$)/config

      at log (server.js:448:17)
          at Array.forEach (<anonymous>)
          at Array.forEach (<anonymous>)

    console.log
      ­ƒôì Route: ^\/api\/payments\/?(?=\/|$)/stripe/connect/status

      at log (server.js:448:17)
          at Array.forEach (<anonymous>)
          at Array.forEach (<anonymous>)

    console.log
      ­ƒôì Route: ^\/api\/payments\/?(?=\/|$)/stripe/connect/onboard

      at log (server.js:448:17)
          at Array.forEach (<anonymous>)
          at Array.forEach (<anonymous>)

    console.log
      ­ƒôì Route: ^\/api\/payments\/?(?=\/|$)/stripe/connect/manage

      at log (server.js:448:17)
          at Array.forEach (<anonymous>)
          at Array.forEach (<anonymous>)

    console.log
      ­ƒôì Route: ^\/api\/payments\/?(?=\/|$)/health

      at log (server.js:448:17)
          at Array.forEach (<anonymous>)
          at Array.forEach (<anonymous>)

    console.log
      ­ƒôì Route: ^\/api\/payments\/?(?=\/|$)/plans

      at log (server.js:448:17)
          at Array.forEach (<anonymous>)
          at Array.forEach (<anonymous>)

    console.log
      ­ƒôì Route: ^\/api\/payments\/?(?=\/|$)/plans/import

      at log (server.js:448:17)
          at Array.forEach (<anonymous>)
          at Array.forEach (<anonymous>)

    console.log
      ­ƒôì Route: ^\/api\/payments\/?(?=\/|$)/plans

      at log (server.js:448:17)
          at Array.forEach (<anonymous>)
          at Array.forEach (<anonymous>)

    console.log
      ­ƒôì Route: ^\/api\/payments\/?(?=\/|$)/plans/:id

      at log (server.js:448:17)
          at Array.forEach (<anonymous>)
          at Array.forEach (<anonymous>)

    console.log
      ­ƒôì Route: ^\/api\/payments\/?(?=\/|$)/plans/:id

      at log (server.js:448:17)
          at Array.forEach (<anonymous>)
          at Array.forEach (<anonymous>)

    console.log
      ­ƒôì Route: ^\/api\/payments\/?(?=\/|$)/plan/current

      at log (server.js:448:17)
          at Array.forEach (<anonymous>)
          at Array.forEach (<anonymous>)

    console.log
      ­ƒôì Route: ^\/api\/payments\/?(?=\/|$)/plan/assign

      at log (server.js:448:17)
          at Array.forEach (<anonymous>)
          at Array.forEach (<anonymous>)

    console.log
      ­ƒôì Route: ^\/api\/payments\/?(?=\/|$)/bulk-assign-plan-legacy

      at log (server.js:448:17)
          at Array.forEach (<anonymous>)
          at Array.forEach (<anonymous>)

    console.log
      ­ƒôì Route: ^\/api\/payments\/?(?=\/|$)/plan/cancel

      at log (server.js:448:17)
          at Array.forEach (<anonymous>)
          at Array.forEach (<anonymous>)

    console.log
      ­ƒôì Route: ^\/api\/payments\/?(?=\/|$)/

      at log (server.js:448:17)
          at Array.forEach (<anonymous>)
          at Array.forEach (<anonymous>)

    console.log
      ­ƒôì Route: ^\/api\/payments\/?(?=\/|$)/create-intent

      at log (server.js:448:17)
          at Array.forEach (<anonymous>)
          at Array.forEach (<anonymous>)

    console.log
      ­ƒôì Route: ^\/api\/payments\/?(?=\/|$)/confirm-payment

      at log (server.js:448:17)
          at Array.forEach (<anonymous>)
          at Array.forEach (<anonymous>)

    console.log
      ­ƒôì Route: ^\/api\/payments\/?(?=\/|$)/public/:id

      at log (server.js:448:17)
          at Array.forEach (<anonymous>)
          at Array.forEach (<anonymous>)

    console.log
      ­ƒôì Route: ^\/api\/payments\/?(?=\/|$)/:id/payment-link

      at log (server.js:448:17)
          at Array.forEach (<anonymous>)
          at Array.forEach (<anonymous>)

    console.log
      ­ƒôì Route: ^\/api\/payments\/?(?=\/|$)/book-event

      at log (server.js:448:17)
          at Array.forEach (<anonymous>)
          at Array.forEach (<anonymous>)

    console.log
      ­ƒôì Route: ^\/api\/payments\/?(?=\/|$)/

      at log (server.js:448:17)
          at Array.forEach (<anonymous>)
          at Array.forEach (<anonymous>)

    console.log
      ­ƒôì Route: ^\/api\/payments\/?(?=\/|$)/assign-player-plan

      at log (server.js:448:17)
          at Array.forEach (<anonymous>)
          at Array.forEach (<anonymous>)

    console.log
      ­ƒôì Route: ^\/api\/payments\/?(?=\/|$)/bulk-assign-plan

      at log (server.js:448:17)
          at Array.forEach (<anonymous>)
          at Array.forEach (<anonymous>)

    console.log
      ­ƒôì Route: ^\/api\/payments\/?(?=\/|$)/cleanup

      at log (server.js:448:17)
          at Array.forEach (<anonymous>)
          at Array.forEach (<anonymous>)

    console.log
      ­ƒôì Route: ^\/api\/stripe-payouts\/?(?=\/|$)/configure-payout/:accountId

      at log (server.js:448:17)
          at Array.forEach (<anonymous>)
          at Array.forEach (<anonymous>)

    console.log
      ­ƒôì Route: ^\/api\/stripe-payouts\/?(?=\/|$)/payout-schedule/:accountId

      at log (server.js:448:17)
          at Array.forEach (<anonymous>)
          at Array.forEach (<anonymous>)

    console.log
      ­ƒôì Route: ^\/api\/stripe-payouts\/?(?=\/|$)/configure-all-payouts

      at log (server.js:448:17)
          at Array.forEach (<anonymous>)
          at Array.forEach (<anonymous>)

    console.log
      ­ƒôì Route: ^\/api\/stripe-payouts\/?(?=\/|$)/manual-payout/:accountId

      at log (server.js:448:17)
          at Array.forEach (<anonymous>)
          at Array.forEach (<anonymous>)

    console.log
      ­ƒôì Route: ^\/api\/dashboard\/?(?=\/|$)/admin

      at log (server.js:448:17)
          at Array.forEach (<anonymous>)
          at Array.forEach (<anonymous>)

    console.log
      ­ƒôì Route: ^\/api\/dashboard\/?(?=\/|$)/player

      at log (server.js:448:17)
          at Array.forEach (<anonymous>)
          at Array.forEach (<anonymous>)

    console.log
      ­ƒôì Route: ^\/api\/dashboard\/?(?=\/|$)/invitations/:orgId/accept

      at log (server.js:448:17)
          at Array.forEach (<anonymous>)
          at Array.forEach (<anonymous>)

    console.log
      ­ƒôì Route: ^\/api\/dashboard\/?(?=\/|$)/invitations/:orgId/decline

      at log (server.js:448:17)
          at Array.forEach (<anonymous>)
          at Array.forEach (<anonymous>)

    console.log
      ­ƒôì Route: ^\/api\/invites\/?(?=\/|$)/generate

      at log (server.js:448:17)
          at Array.forEach (<anonymous>)
          at Array.forEach (<anonymous>)

    console.log
      ­ƒôì Route: ^\/api\/invites\/?(?=\/|$)/details/:token

      at log (server.js:448:17)
          at Array.forEach (<anonymous>)
          at Array.forEach (<anonymous>)

    console.log
      ­ƒôì Route: ^\/api\/invites\/?(?=\/|$)/accept/:token

      at log (server.js:448:17)
          at Array.forEach (<anonymous>)
          at Array.forEach (<anonymous>)

    console.log
      ­ƒôì Route: ^\/api\/invites\/?(?=\/|$)/decline/:token

      at log (server.js:448:17)
          at Array.forEach (<anonymous>)
          at Array.forEach (<anonymous>)

    console.log
      ­ƒôì Route: ^\/api\/invites\/?(?=\/|$)/sent

      at log (server.js:448:17)
          at Array.forEach (<anonymous>)
          at Array.forEach (<anonymous>)

    console.log
      ­ƒôì Route: ^\/api\/products\/?(?=\/|$)/

      at log (server.js:448:17)
          at Array.forEach (<anonymous>)
          at Array.forEach (<anonymous>)

    console.log
      ­ƒôì Route: ^\/api\/products\/?(?=\/|$)/

      at log (server.js:448:17)
          at Array.forEach (<anonymous>)
          at Array.forEach (<anonymous>)

    console.log
      ­ƒôì Route: ^\/api\/products\/?(?=\/|$)/purchase

      at log (server.js:448:17)
          at Array.forEach (<anonymous>)
          at Array.forEach (<anonymous>)

    console.log
      ­ƒôì Route: ^\/api\/products\/?(?=\/|$)/:id

      at log (server.js:448:17)
          at Array.forEach (<anonymous>)
          at Array.forEach (<anonymous>)

    console.log
      ­ƒôì Route: ^\/api\/products\/?(?=\/|$)/:id

      at log (server.js:448:17)
          at Array.forEach (<anonymous>)
          at Array.forEach (<anonymous>)

    console.log
      ­ƒôì Route: ^\/api\/campaigns\/?(?=\/|$)/

      at log (server.js:448:17)
          at Array.forEach (<anonymous>)
          at Array.forEach (<anonymous>)

    console.log
      ­ƒôì Route: ^\/api\/campaigns\/?(?=\/|$)/

      at log (server.js:448:17)
          at Array.forEach (<anonymous>)
          at Array.forEach (<anonymous>)

    console.log
      ­ƒôì Route: ^\/api\/campaigns\/?(?=\/|$)/:id/send

      at log (server.js:448:17)
          at Array.forEach (<anonymous>)
          at Array.forEach (<anonymous>)

    console.log
      ­ƒôì Route: ^\/api\/listings\/?(?=\/|$)/

      at log (server.js:448:17)
          at Array.forEach (<anonymous>)
          at Array.forEach (<anonymous>)

    console.log
      ­ƒôì Route: ^\/api\/listings\/?(?=\/|$)/

      at log (server.js:448:17)
          at Array.forEach (<anonymous>)
          at Array.forEach (<anonymous>)

    console.log
      ­ƒôì Route: ^\/api\/listings\/?(?=\/|$)/:id/applications

      at log (server.js:448:17)
          at Array.forEach (<anonymous>)
          at Array.forEach (<anonymous>)

    console.log
      ­ƒôì Route: ^\/api\/listings\/?(?=\/|$)/applications/:id/status

      at log (server.js:448:17)
          at Array.forEach (<anonymous>)
          at Array.forEach (<anonymous>)

    console.log
      ­ƒôì Route: ^\/api\/listings\/?(?=\/|$)/applications/:id/invite

      at log (server.js:448:17)
          at Array.forEach (<anonymous>)
          at Array.forEach (<anonymous>)

    console.log
      ­ƒôì Route: ^\/api\/listings\/?(?=\/|$)/:id

      at log (server.js:448:17)
          at Array.forEach (<anonymous>)
          at Array.forEach (<anonymous>)

    console.log
      ­ƒôì Route: ^\/api\/notifications\/?(?=\/|$)/

      at log (server.js:448:17)
          at Array.forEach (<anonymous>)
          at Array.forEach (<anonymous>)

    console.log
      ­ƒôì Route: ^\/api\/notifications\/?(?=\/|$)/

      at log (server.js:448:17)
          at Array.forEach (<anonymous>)
          at Array.forEach (<anonymous>)

    console.log
      ­ƒôì Route: ^\/api\/notifications\/?(?=\/|$)/:id/read

      at log (server.js:448:17)
          at Array.forEach (<anonymous>)
          at Array.forEach (<anonymous>)

    console.log
      ­ƒôì Route: ^\/api\/notifications\/?(?=\/|$)/read-all

      at log (server.js:448:17)
          at Array.forEach (<anonymous>)
          at Array.forEach (<anonymous>)

    console.log
      ­ƒôì Route: ^\/api\/debug\/?(?=\/|$)/check-org/:id

      at log (server.js:448:17)
          at Array.forEach (<anonymous>)
          at Array.forEach (<anonymous>)

    console.log
      ­ƒôì Route: ^\/api\/talent-id\/?(?=\/|$)/register

      at log (server.js:448:17)
          at Array.forEach (<anonymous>)
          at Array.forEach (<anonymous>)

    console.log
      ­ƒôì Route: ^\/api\/talent-id\/?(?=\/|$)/events/:id/dashboard

      at log (server.js:448:17)
          at Array.forEach (<anonymous>)
          at Array.forEach (<anonymous>)

    console.log
      ­ƒôì Route: ^\/api\/talent-id\/?(?=\/|$)/events/:id/schedule

      at log (server.js:448:17)
          at Array.forEach (<anonymous>)
          at Array.forEach (<anonymous>)

    console.log
      ­ƒôì Route: ^\/api\/talent-id\/?(?=\/|$)/bibs/batch

      at log (server.js:448:17)
          at Array.forEach (<anonymous>)
          at Array.forEach (<anonymous>)

    console.log
      ­ƒôì Route: ^\/api\/talent-id\/?(?=\/|$)/events/:id/groups

      at log (server.js:448:17)
          at Array.forEach (<anonymous>)
          at Array.forEach (<anonymous>)

    console.log
      ­ƒôì Route: ^\/api\/talent-id\/?(?=\/|$)/events/:id/auto-assign

      at log (server.js:448:17)
          at Array.forEach (<anonymous>)
          at Array.forEach (<anonymous>)

    console.log
      ­ƒôì Route: ^\/api\/talent-id\/?(?=\/|$)/registrations/:id/checkin

      at log (server.js:448:17)
          at Array.forEach (<anonymous>)
          at Array.forEach (<anonymous>)

    console.log
      ­ƒôì Route: ^\/api\/scouting\/?(?=\/|$)/reports

      at log (server.js:448:17)
          at Array.forEach (<anonymous>)
          at Array.forEach (<anonymous>)

    console.log
      ­ƒôì Route: ^\/api\/scouting\/?(?=\/|$)/reports

      at log (server.js:448:17)
          at Array.forEach (<anonymous>)
          at Array.forEach (<anonymous>)

    console.log
      ­ƒôì Route: ^\/api\/scouting\/?(?=\/|$)/assignments

      at log (server.js:448:17)
          at Array.forEach (<anonymous>)
          at Array.forEach (<anonymous>)

    console.log
      ­ƒôì Route: ^\/api\/scouting\/?(?=\/|$)/contact-requests

      at log (server.js:448:17)
          at Array.forEach (<anonymous>)
          at Array.forEach (<anonymous>)

    console.log
      ­ƒôì Route: ^\/api\/scouting\/?(?=\/|$)/analytics

      at log (server.js:448:17)
          at Array.forEach (<anonymous>)
          at Array.forEach (<anonymous>)

    console.log
      ­ƒôì Route: ^\/api\/scouting\/?(?=\/|$)/verify-me

      at log (server.js:448:17)
          at Array.forEach (<anonymous>)
          at Array.forEach (<anonymous>)

    console.log
      ­ƒôì Route: ^\/api\/scouting\/?(?=\/|$)/watchlist

      at log (server.js:448:17)
          at Array.forEach (<anonymous>)
          at Array.forEach (<anonymous>)

    console.log
      ­ƒôì Route: ^\/api\/scouting\/?(?=\/|$)/watchlist

      at log (server.js:448:17)
          at Array.forEach (<anonymous>)
          at Array.forEach (<anonymous>)

    console.log
      ­ƒôì Route: ^\/api\/scouting\/?(?=\/|$)/watchlist/:playerId

      at log (server.js:448:17)
          at Array.forEach (<anonymous>)
          at Array.forEach (<anonymous>)

    console.log
      ­ƒôì Route: ^\/api\/scouting\/?(?=\/|$)/medical/:id

      at log (server.js:448:17)
          at Array.forEach (<anonymous>)
          at Array.forEach (<anonymous>)

    console.log
      ­ƒôì Route: ^\/api\/venues\/?(?=\/|$)/

      at log (server.js:448:17)
          at Array.forEach (<anonymous>)
          at Array.forEach (<anonymous>)

    console.log
      ­ƒôì Route: ^\/api\/venues\/?(?=\/|$)/:id

      at log (server.js:448:17)
          at Array.forEach (<anonymous>)
          at Array.forEach (<anonymous>)

    console.log
      ­ƒôì Route: ^\/api\/venues\/?(?=\/|$)/

      at log (server.js:448:17)
          at Array.forEach (<anonymous>)
          at Array.forEach (<anonymous>)

    console.log
      ­ƒôì Route: ^\/api\/venues\/?(?=\/|$)/:id/availability

      at log (server.js:448:17)
          at Array.forEach (<anonymous>)
          at Array.forEach (<anonymous>)

    console.log
      ­ƒôì Route: ^\/api\/venues\/?(?=\/|$)/:id/documents

      at log (server.js:448:17)
          at Array.forEach (<anonymous>)
          at Array.forEach (<anonymous>)

    console.log
      ­ƒôì Route: ^\/api\/venues\/?(?=\/|$)/:id/book

      at log (server.js:448:17)
          at Array.forEach (<anonymous>)
          at Array.forEach (<anonymous>)

    console.log
      ­ƒôì Route: ^\/api\/venues\/?(?=\/|$)/bookings/my

      at log (server.js:448:17)
          at Array.forEach (<anonymous>)
          at Array.forEach (<anonymous>)

    console.log
      ­ƒôì Route: ^\/api\/venues\/?(?=\/|$)/bookings/:id/status

      at log (server.js:448:17)
          at Array.forEach (<anonymous>)
          at Array.forEach (<anonymous>)

    console.log
      ­ƒôì Route: ^\/api\/leagues\/?(?=\/|$)/

      at log (server.js:448:17)
          at Array.forEach (<anonymous>)
          at Array.forEach (<anonymous>)

    console.log
      ­ƒôì Route: ^\/api\/leagues\/?(?=\/|$)/

      at log (server.js:448:17)
          at Array.forEach (<anonymous>)
          at Array.forEach (<anonymous>)

    console.log
      ­ƒôì Route: ^\/api\/leagues\/?(?=\/|$)/:id

      at log (server.js:448:17)
          at Array.forEach (<anonymous>)
          at Array.forEach (<anonymous>)

    console.log
      ­ƒôì Route: ^\/api\/leagues\/?(?=\/|$)/:id/standings

      at log (server.js:448:17)
          at Array.forEach (<anonymous>)
          at Array.forEach (<anonymous>)

    console.log
      ­ƒôì Route: ^\/api\/leagues\/?(?=\/|$)/:id/teams

      at log (server.js:448:17)
          at Array.forEach (<anonymous>)
          at Array.forEach (<anonymous>)

    console.log
      ­ƒôì Route: ^\/api\/leagues\/?(?=\/|$)/:id/fixtures/generate

      at log (server.js:448:17)
          at Array.forEach (<anonymous>)
          at Array.forEach (<anonymous>)

    console.log
      ­ƒôì Route: ^\/api\/leagues\/?(?=\/|$)/:id/fixtures

      at log (server.js:448:17)
          at Array.forEach (<anonymous>)
          at Array.forEach (<anonymous>)

    console.log
      ­ƒôì Route: ^\/api\/leagues\/?(?=\/|$)/fixtures/:id/score

      at log (server.js:448:17)
          at Array.forEach (<anonymous>)
          at Array.forEach (<anonymous>)

    console.log
      ­ƒôì Route: ^\/api\/leagues\/?(?=\/|$)/fixtures/:id/assign-referee

      at log (server.js:448:17)
          at Array.forEach (<anonymous>)
          at Array.forEach (<anonymous>)

    console.log
      ­ƒôì Route: ^\/api\/tournaments\/?(?=\/|$)/register

      at log (server.js:448:17)
          at Array.forEach (<anonymous>)
          at Array.forEach (<anonymous>)

    console.log
      ­ƒôì Route: ^\/api\/tournaments\/?(?=\/|$)/

      at log (server.js:448:17)
          at Array.forEach (<anonymous>)
          at Array.forEach (<anonymous>)

    console.log
      ­ƒôì Route: ^\/api\/tournaments\/?(?=\/|$)/:id/dashboard

      at log (server.js:448:17)
          at Array.forEach (<anonymous>)
          at Array.forEach (<anonymous>)

    console.log
      ­ƒôì Route: ^\/api\/tournaments\/?(?=\/|$)/:id/groups

      at log (server.js:448:17)
          at Array.forEach (<anonymous>)
          at Array.forEach (<anonymous>)

    console.log
      ­ƒôì Route: ^\/api\/tournaments\/?(?=\/|$)/:id/groups/assign

      at log (server.js:448:17)
          at Array.forEach (<anonymous>)
          at Array.forEach (<anonymous>)

    console.log
      ­ƒôì Route: ^\/api\/tournaments\/?(?=\/|$)/:id/generate-fixtures

      at log (server.js:448:17)
          at Array.forEach (<anonymous>)
          at Array.forEach (<anonymous>)

    console.log
      ­ƒôì Route: ^\/api\/tournaments\/?(?=\/|$)/matches/:id/lineups

      at log (server.js:448:17)
          at Array.forEach (<anonymous>)
          at Array.forEach (<anonymous>)

    console.log
      ­ƒôì Route: ^\/api\/tournaments\/?(?=\/|$)/matches/:id/result

      at log (server.js:448:17)
          at Array.forEach (<anonymous>)
          at Array.forEach (<anonymous>)

    console.log
      ­ƒôì Route: ^\/api\/tournaments\/?(?=\/|$)/:id/pitches

      at log (server.js:448:17)
          at Array.forEach (<anonymous>)
          at Array.forEach (<anonymous>)

    console.log
      ­ƒôì Route: ^\/api\/tournaments\/?(?=\/|$)/:id/pitches/bulk

      at log (server.js:448:17)
          at Array.forEach (<anonymous>)
          at Array.forEach (<anonymous>)

    console.log
      ­ƒôì Route: ^\/api\/tournaments\/?(?=\/|$)/:id/pitches

      at log (server.js:448:17)
          at Array.forEach (<anonymous>)
          at Array.forEach (<anonymous>)

    console.log
      ­ƒôì Route: ^\/api\/tournaments\/?(?=\/|$)/:id/auto-schedule

      at log (server.js:448:17)
          at Array.forEach (<anonymous>)
          at Array.forEach (<anonymous>)

    console.log
      ­ƒôì Route: ^\/api\/tournaments\/?(?=\/|$)/teams/:id/status

      at log (server.js:448:17)
          at Array.forEach (<anonymous>)
          at Array.forEach (<anonymous>)

    console.log
      ­ƒôì Route: ^\/api\/tournaments\/?(?=\/|$)/teams/:id/link

      at log (server.js:448:17)
          at Array.forEach (<anonymous>)
          at Array.forEach (<anonymous>)

    console.log
      ­ƒôì Route: ^\/api\/tournaments\/?(?=\/|$)/matches/:id/assign-team

      at log (server.js:448:17)
          at Array.forEach (<anonymous>)
          at Array.forEach (<anonymous>)

    console.log
      ­ƒôì Route: ^\/api\/tournaments\/?(?=\/|$)/:id/bracket

      at log (server.js:448:17)
          at Array.forEach (<anonymous>)
          at Array.forEach (<anonymous>)

    console.log
      ­ƒôì Route: ^\/api\/tournaments\/?(?=\/|$)/matches/:id/video

      at log (server.js:448:17)
          at Array.forEach (<anonymous>)
          at Array.forEach (<anonymous>)

    console.log
      ­ƒôì Route: ^\/api\/tournaments\/?(?=\/|$)/:id/invite-staff

      at log (server.js:448:17)
          at Array.forEach (<anonymous>)
          at Array.forEach (<anonymous>)

    console.log
      ­ƒôì Route: ^\/api\/tournaments\/?(?=\/|$)/:id/invite-team

      at log (server.js:448:17)
          at Array.forEach (<anonymous>)
          at Array.forEach (<anonymous>)

    console.log
      ­ƒôì Route: ^\/api\/tournaments\/?(?=\/|$)/pitches/:id

      at log (server.js:448:17)
          at Array.forEach (<anonymous>)
          at Array.forEach (<anonymous>)

    console.log
      ­ƒôì Route: ^\/api\/tournaments\/?(?=\/|$)/matches/:id/video

      at log (server.js:448:17)
          at Array.forEach (<anonymous>)
          at Array.forEach (<anonymous>)

    console.log
      ­ƒôì Route: ^\/api\/tournaments\/?(?=\/|$)/matches/:id/video

      at log (server.js:448:17)
          at Array.forEach (<anonymous>)
          at Array.forEach (<anonymous>)

    console.log
      ­ƒôì Route: ^\/api\/tournaments\/?(?=\/|$)/:id/layout

      at log (server.js:448:17)
          at Array.forEach (<anonymous>)
          at Array.forEach (<anonymous>)

    console.log
      ­ƒôì Route: ^\/api\/tournaments\/?(?=\/|$)/:id/invite

      at log (server.js:448:17)
          at Array.forEach (<anonymous>)
          at Array.forEach (<anonymous>)

    console.log
      ­ƒôì Route: ^\/api\/polls\/?(?=\/|$)/

      at log (server.js:448:17)
          at Array.forEach (<anonymous>)
          at Array.forEach (<anonymous>)

    console.log
      ­ƒôì Route: ^\/api\/polls\/?(?=\/|$)/

      at log (server.js:448:17)
          at Array.forEach (<anonymous>)
          at Array.forEach (<anonymous>)

    console.log
      ­ƒôì Route: ^\/api\/polls\/?(?=\/|$)/:id/vote

      at log (server.js:448:17)
          at Array.forEach (<anonymous>)
          at Array.forEach (<anonymous>)

    console.log
      ­ƒôì Route: ^\/api\/email\/?(?=\/|$)/send

      at log (server.js:448:17)
          at Array.forEach (<anonymous>)
          at Array.forEach (<anonymous>)

    console.log
      ­ƒôì Route: ^\/api\/email\/?(?=\/|$)/send-invite

      at log (server.js:448:17)
          at Array.forEach (<anonymous>)
          at Array.forEach (<anonymous>)

    console.log
      ­ƒôì Route: ^\/api\/tactical\/?(?=\/|$)/

      at log (server.js:448:17)
          at Array.forEach (<anonymous>)
          at Array.forEach (<anonymous>)

    console.log
      ­ƒôì Route: ^\/api\/tactical\/?(?=\/|$)/

      at log (server.js:448:17)
          at Array.forEach (<anonymous>)
          at Array.forEach (<anonymous>)

    console.log
      ­ƒôì Route: ^\/api\/tactical\/?(?=\/|$)/:id

      at log (server.js:448:17)
          at Array.forEach (<anonymous>)
          at Array.forEach (<anonymous>)

    console.log
      ­ƒôì Route: ^\/api\/forms\/?(?=\/|$)/

      at log (server.js:448:17)
          at Array.forEach (<anonymous>)
          at Array.forEach (<anonymous>)

    console.log
      ­ƒôì Route: ^\/api\/forms\/?(?=\/|$)/

      at log (server.js:448:17)
          at Array.forEach (<anonymous>)
          at Array.forEach (<anonymous>)

    console.log
      ­ƒôì Route: ^\/api\/forms\/?(?=\/|$)/:id

      at log (server.js:448:17)
          at Array.forEach (<anonymous>)
          at Array.forEach (<anonymous>)

    console.log
      ­ƒôì Route: ^\/api\/forms\/?(?=\/|$)/:id

      at log (server.js:448:17)
          at Array.forEach (<anonymous>)
          at Array.forEach (<anonymous>)

    console.log
      ­ƒôì Route: ^\/api\/forms\/?(?=\/|$)/:id

      at log (server.js:448:17)
          at Array.forEach (<anonymous>)
          at Array.forEach (<anonymous>)

    console.log
      ­ƒôì Route: ^\/api\/forms\/?(?=\/|$)/:id/submit

      at log (server.js:448:17)
          at Array.forEach (<anonymous>)
          at Array.forEach (<anonymous>)

    console.log
      ­ƒôì Route: ^\/api\/forms\/?(?=\/|$)/:id/responses

      at log (server.js:448:17)
          at Array.forEach (<anonymous>)
          at Array.forEach (<anonymous>)

    console.log
      ­ƒôì Route: ^\/api\/training\/?(?=\/|$)/drills

      at log (server.js:448:17)
          at Array.forEach (<anonymous>)
          at Array.forEach (<anonymous>)

    console.log
      ­ƒôì Route: ^\/api\/training\/?(?=\/|$)/drills

      at log (server.js:448:17)
          at Array.forEach (<anonymous>)
          at Array.forEach (<anonymous>)

    console.log
      ­ƒôì Route: ^\/api\/training\/?(?=\/|$)/drills/:id

      at log (server.js:448:17)
          at Array.forEach (<anonymous>)
          at Array.forEach (<anonymous>)

    console.log
      ­ƒôì Route: ^\/api\/training\/?(?=\/|$)/drills/:id

      at log (server.js:448:17)
          at Array.forEach (<anonymous>)
          at Array.forEach (<anonymous>)

    console.log
      ­ƒôì Route: ^\/api\/training\/?(?=\/|$)/drills/:id

      at log (server.js:448:17)
          at Array.forEach (<anonymous>)
          at Array.forEach (<anonymous>)

    console.log
      ­ƒôì Route: ^\/api\/training\/?(?=\/|$)/drills/:id/assign

      at log (server.js:448:17)
          at Array.forEach (<anonymous>)
          at Array.forEach (<anonymous>)

    console.log
      ­ƒôì Route: ^\/api\/training\/?(?=\/|$)/my-drills

      at log (server.js:448:17)
          at Array.forEach (<anonymous>)
          at Array.forEach (<anonymous>)

    console.log
      ­ƒôì Route: ^\/api\/training\/?(?=\/|$)/submissions

      at log (server.js:448:17)
          at Array.forEach (<anonymous>)
          at Array.forEach (<anonymous>)

    console.log
      ­ƒôì Route: ^\/api\/training\/?(?=\/|$)/submissions

      at log (server.js:448:17)
          at Array.forEach (<anonymous>)
          at Array.forEach (<anonymous>)

    console.log
      ­ƒôì Route: ^\/api\/training\/?(?=\/|$)/submissions/:id/review

      at log (server.js:448:17)
          at Array.forEach (<anonymous>)
          at Array.forEach (<anonymous>)

    console.log
      ­ƒôì Route: ^\/api\/training\/?(?=\/|$)/skills/:playerId

      at log (server.js:448:17)
          at Array.forEach (<anonymous>)
          at Array.forEach (<anonymous>)

    console.log
      ­ƒôì Route: ^\/api\/training\/?(?=\/|$)/team-progress/:teamId

      at log (server.js:448:17)
          at Array.forEach (<anonymous>)
          at Array.forEach (<anonymous>)

    console.log
      2026-04-11T15:19:49.345Z - POST /api/platform-admin/onboard-club - ::ffff:127.0.0.1

      at log (server.js:227:11)

    console.log
      Ô£à Token verified for user: super@test.com

      at log (middleware/auth.js:56:13)

    console.log
      Onboarding: Searching Stripe for account with email newowner@test.com...

      at log (routes/platform-admin.js:872:19)

    console.log
      ­ƒôØ Creating new user for: newowner@test.com

      at log (routes/platform-admin.js:898:17)

    console.log
      Ô£à User created with ID: 100

      at log (routes/platform-admin.js:924:17)

    console.log
      ­ƒôº Sending welcome email to: newowner@test.com

      at log (routes/platform-admin.js:932:19)

    console.log
      Ô£à Welcome email sent successfully

      at log (routes/platform-admin.js:941:19)

    console.log
      ­ƒÅó Creating organization: New Club

      at log (routes/platform-admin.js:951:15)

    console.log
      Ô£à Organization created with ID: org-new

      at log (routes/platform-admin.js:972:15)

    console.log
      ­ƒöù Linking user to organization...

      at log (routes/platform-admin.js:975:15)

    console.log
      Ô£à Onboarding completed successfully

      at log (routes/platform-admin.js:995:15)

    console.log
      2026-04-11T15:19:49.366Z - POST /api/payments/plans/import - ::ffff:127.0.0.1

      at log (server.js:227:11)

    console.log
      Ô£à Token verified for user: owner@test.com

      at log (middleware/auth.js:56:13)

    console.log
      ­ƒôÑ Starting Plan Import from Stripe...

      at log (routes/payments.js:404:15)

    console.log
      Found 1 products and 1 prices in Stripe.

      at log (routes/payments.js:449:15)

PASS tests/feature-public-signup.test.js
  ÔùÅ Console

    console.log
      ÔÜá´©Å  Payment processing is DISABLED. Set ENABLE_PAYMENT_PROCESSING=true in .env to enable.

      at Object.log (middleware/payment-guard.js:20:11)

    console.log
      ­ƒôì Route: /api/run-temp-migration

      at log (server.js:444:13)
          at Array.forEach (<anonymous>)

    console.log
      ­ƒôì Route: *

      at log (server.js:444:13)
          at Array.forEach (<anonymous>)

    console.log
      ­ƒôì Route: /api/test-now

      at log (server.js:444:13)
          at Array.forEach (<anonymous>)

    console.log
      ­ƒôì Route: /health

      at log (server.js:444:13)
          at Array.forEach (<anonymous>)

    console.log
      ­ƒôì Route: /api/health

      at log (server.js:444:13)
          at Array.forEach (<anonymous>)

    console.log
      ­ƒôì Route: /api/public-debug/:id

      at log (server.js:444:13)
          at Array.forEach (<anonymous>)

    console.log
      ­ƒôì Route: ^\/api\/auth\/?(?=\/|$)/register

      at log (server.js:448:17)
          at Array.forEach (<anonymous>)
          at Array.forEach (<anonymous>)

    console.log
      ­ƒôì Route: ^\/api\/auth\/?(?=\/|$)/login

      at log (server.js:448:17)
          at Array.forEach (<anonymous>)
          at Array.forEach (<anonymous>)

    console.log
      ­ƒôì Route: ^\/api\/auth\/?(?=\/|$)/logout

      at log (server.js:448:17)
          at Array.forEach (<anonymous>)
          at Array.forEach (<anonymous>)

    console.log
      ­ƒôì Route: ^\/api\/auth\/?(?=\/|$)/seed-demo-users

      at log (server.js:448:17)
          at Array.forEach (<anonymous>)
          at Array.forEach (<anonymous>)

    console.log
      ­ƒôì Route: ^\/api\/auth\/?(?=\/|$)/me

      at log (server.js:448:17)
          at Array.forEach (<anonymous>)
          at Array.forEach (<anonymous>)

    console.log
      ­ƒôì Route: ^\/api\/auth\/?(?=\/|$)/find-user

      at log (server.js:448:17)
          at Array.forEach (<anonymous>)
          at Array.forEach (<anonymous>)

    console.log
      ­ƒôì Route: ^\/api\/auth\/?(?=\/|$)/add-child

      at log (server.js:448:17)
          at Array.forEach (<anonymous>)
          at Array.forEach (<anonymous>)

    console.log
      ­ƒôì Route: ^\/api\/auth\/?(?=\/|$)/children

      at log (server.js:448:17)
          at Array.forEach (<anonymous>)
          at Array.forEach (<anonymous>)

    console.log
      ­ƒôì Route: ^\/api\/auth\/?(?=\/|$)/children/:childId

      at log (server.js:448:17)
          at Array.forEach (<anonymous>)
          at Array.forEach (<anonymous>)

    console.log
      ­ƒôì Route: ^\/api\/auth\/?(?=\/|$)/organizations

      at log (server.js:448:17)
          at Array.forEach (<anonymous>)
          at Array.forEach (<anonymous>)

    console.log
      ­ƒôì Route: ^\/api\/auth\/?(?=\/|$)/context

      at log (server.js:448:17)
          at Array.forEach (<anonymous>)
          at Array.forEach (<anonymous>)

    console.log
      ­ƒôì Route: ^\/api\/auth\/?(?=\/|$)/switch-organization

      at log (server.js:448:17)
          at Array.forEach (<anonymous>)
          at Array.forEach (<anonymous>)

    console.log
      ­ƒôì Route: ^\/api\/auth\/?(?=\/|$)/profile

      at log (server.js:448:17)
          at Array.forEach (<anonymous>)
          at Array.forEach (<anonymous>)

    console.log
      ­ƒôì Route: ^\/api\/auth\/?(?=\/|$)/profile

      at log (server.js:448:17)
          at Array.forEach (<anonymous>)
          at Array.forEach (<anonymous>)

    console.log
      ­ƒôì Route: ^\/api\/auth\/?(?=\/|$)/gdpr/export

      at log (server.js:448:17)
          at Array.forEach (<anonymous>)
          at Array.forEach (<anonymous>)

    console.log
      ­ƒôì Route: ^\/api\/auth\/?(?=\/|$)/gdpr/delete

      at log (server.js:448:17)
          at Array.forEach (<anonymous>)
          at Array.forEach (<anonymous>)

    console.log
      ­ƒôì Route: ^\/api\/auth\/?(?=\/|$)/forgot-password

      at log (server.js:448:17)
          at Array.forEach (<anonymous>)
          at Array.forEach (<anonymous>)

    console.log
      ­ƒôì Route: ^\/api\/auth\/?(?=\/|$)/reset-password

      at log (server.js:448:17)
          at Array.forEach (<anonymous>)
          at Array.forEach (<anonymous>)

    console.log
      ­ƒôì Route: ^\/api\/auth\/?(?=\/|$)/profile-personal

      at log (server.js:448:17)
          at Array.forEach (<anonymous>)
          at Array.forEach (<anonymous>)

    console.log
      ­ƒôì Route: ^\/api\/auth\/?(?=\/|$)/change-password

      at log (server.js:448:17)
          at Array.forEach (<anonymous>)
          at Array.forEach (<anonymous>)

    console.log
      ­ƒôì Route: ^\/api\/auth\/?(?=\/|$)/settings

      at log (server.js:448:17)
          at Array.forEach (<anonymous>)
          at Array.forEach (<anonymous>)

    console.log
      ­ƒôì Route: ^\/api\/auth\/?(?=\/|$)/settings

      at log (server.js:448:17)
          at Array.forEach (<anonymous>)
          at Array.forEach (<anonymous>)

    console.log
      ­ƒôì Route: ^\/api\/auth\/?(?=\/|$)/account

      at log (server.js:448:17)
          at Array.forEach (<anonymous>)
          at Array.forEach (<anonymous>)

    console.log
      ­ƒôì Route: ^\/api\/auth\/?(?=\/|$)/tours/complete

      at log (server.js:448:17)
          at Array.forEach (<anonymous>)
          at Array.forEach (<anonymous>)

    console.log
      ­ƒôì Route: ^\/api\/auth\/?(?=\/|$)/switch-organization

      at log (server.js:448:17)
          at Array.forEach (<anonymous>)
          at Array.forEach (<anonymous>)

    console.log
      ­ƒôì Route: ^\/api\/auth\/?(?=\/|$)/context

      at log (server.js:448:17)
          at Array.forEach (<anonymous>)
          at Array.forEach (<anonymous>)

    console.log
      ­ƒôì Route: ^\/api\/auth\/?(?=\/|$)/me

      at log (server.js:448:17)
          at Array.forEach (<anonymous>)
          at Array.forEach (<anonymous>)

    console.log
      ­ƒôì Route: ^\/api\/organizations\/?(?=\/|$)/

      at log (server.js:448:17)
          at Array.forEach (<anonymous>)
          at Array.forEach (<anonymous>)

    console.log
      ­ƒôì Route: ^\/api\/organizations\/?(?=\/|$)/:id

      at log (server.js:448:17)
          at Array.forEach (<anonymous>)
          at Array.forEach (<anonymous>)

    console.log
      ­ƒôì Route: ^\/api\/organizations\/?(?=\/|$)/super/:id

      at log (server.js:448:17)
          at Array.forEach (<anonymous>)
          at Array.forEach (<anonymous>)

    console.log
      ­ƒôì Route: ^\/api\/organizations\/?(?=\/|$)/

      at log (server.js:448:17)
          at Array.forEach (<anonymous>)
          at Array.forEach (<anonymous>)

    console.log
      ­ƒôì Route: ^\/api\/organizations\/?(?=\/|$)/:id

      at log (server.js:448:17)
          at Array.forEach (<anonymous>)
          at Array.forEach (<anonymous>)

    console.log
      ­ƒôì Route: ^\/api\/organizations\/?(?=\/|$)/:id

      at log (server.js:448:17)
          at Array.forEach (<anonymous>)
          at Array.forEach (<anonymous>)

    console.log
      ­ƒôì Route: ^\/api\/organizations\/?(?=\/|$)/:id/members

      at log (server.js:448:17)
          at Array.forEach (<anonymous>)
          at Array.forEach (<anonymous>)

    console.log
      ­ƒôì Route: ^\/api\/organizations\/?(?=\/|$)/:id/images

      at log (server.js:448:17)
          at Array.forEach (<anonymous>)
          at Array.forEach (<anonymous>)

    console.log
      ­ƒôì Route: ^\/api\/organizations\/?(?=\/|$)/:id/logo

      at log (server.js:448:17)
          at Array.forEach (<anonymous>)
          at Array.forEach (<anonymous>)

    console.log
      ­ƒôì Route: ^\/api\/organizations\/?(?=\/|$)/:id/images

      at log (server.js:448:17)
          at Array.forEach (<anonymous>)
          at Array.forEach (<anonymous>)

    console.log
      ­ƒôì Route: ^\/api\/invitations\/?(?=\/|$)/:orgId/invite

      at log (server.js:448:17)
          at Array.forEach (<anonymous>)
          at Array.forEach (<anonymous>)

    console.log
      ­ƒôì Route: ^\/api\/invitations\/?(?=\/|$)/:token

      at log (server.js:448:17)
          at Array.forEach (<anonymous>)
          at Array.forEach (<anonymous>)

    console.log
      ­ƒôì Route: ^\/api\/invitations\/?(?=\/|$)/:token/accept

      at log (server.js:448:17)
          at Array.forEach (<anonymous>)
          at Array.forEach (<anonymous>)

    console.log
      ­ƒôì Route: ^\/api\/invitations\/?(?=\/|$)/:token/decline

      at log (server.js:448:17)
          at Array.forEach (<anonymous>)
          at Array.forEach (<anonymous>)

    console.log
      ­ƒôì Route: ^\/api\/invitations\/?(?=\/|$)/:orgId/invitations

      at log (server.js:448:17)
          at Array.forEach (<anonymous>)
          at Array.forEach (<anonymous>)

    console.log
      ­ƒôì Route: ^\/api\/platform-admin\/?(?=\/|$)/stats

      at log (server.js:448:17)
          at Array.forEach (<anonymous>)
          at Array.forEach (<anonymous>)

    console.log
      ­ƒôì Route: ^\/api\/platform-admin\/?(?=\/|$)/organizations

      at log (server.js:448:17)
          at Array.forEach (<anonymous>)
          at Array.forEach (<anonymous>)

    console.log
      ­ƒôì Route: ^\/api\/platform-admin\/?(?=\/|$)/users

      at log (server.js:448:17)
          at Array.forEach (<anonymous>)
          at Array.forEach (<anonymous>)

    console.log
      ­ƒôì Route: ^\/api\/platform-admin\/?(?=\/|$)/stripe/overview

      at log (server.js:448:17)
          at Array.forEach (<anonymous>)
          at Array.forEach (<anonymous>)

    console.log
      ­ƒôì Route: ^\/api\/platform-admin\/?(?=\/|$)/organization/:id

      at log (server.js:448:17)
          at Array.forEach (<anonymous>)
          at Array.forEach (<anonymous>)

    console.log
      ­ƒôì Route: ^\/api\/platform-admin\/?(?=\/|$)/organizations/:id/status

      at log (server.js:448:17)
          at Array.forEach (<anonymous>)
          at Array.forEach (<anonymous>)

    console.log
      ­ƒôì Route: ^\/api\/platform-admin\/?(?=\/|$)/organizations/:id

      at log (server.js:448:17)
          at Array.forEach (<anonymous>)
          at Array.forEach (<anonymous>)

    console.log
      ­ƒôì Route: ^\/api\/platform-admin\/?(?=\/|$)/set-admin/:userId

      at log (server.js:448:17)
          at Array.forEach (<anonymous>)
          at Array.forEach (<anonymous>)

    console.log
      ­ƒôì Route: ^\/api\/platform-admin\/?(?=\/|$)/activity

      at log (server.js:448:17)
          at Array.forEach (<anonymous>)
          at Array.forEach (<anonymous>)

    console.log
      ­ƒôì Route: ^\/api\/platform-admin\/?(?=\/|$)/users

      at log (server.js:448:17)
          at Array.forEach (<anonymous>)
          at Array.forEach (<anonymous>)

    console.log
      ­ƒôì Route: ^\/api\/platform-admin\/?(?=\/|$)/users/:userId/status

      at log (server.js:448:17)
          at Array.forEach (<anonymous>)
          at Array.forEach (<anonymous>)

    console.log
      ­ƒôì Route: ^\/api\/platform-admin\/?(?=\/|$)/users/:userId

      at log (server.js:448:17)
          at Array.forEach (<anonymous>)
          at Array.forEach (<anonymous>)

    console.log
      ­ƒôì Route: ^\/api\/platform-admin\/?(?=\/|$)/generate-mock-data

      at log (server.js:448:17)
          at Array.forEach (<anonymous>)
          at Array.forEach (<anonymous>)

    console.log
      ­ƒôì Route: ^\/api\/platform-admin\/?(?=\/|$)/onboard-club

      at log (server.js:448:17)
          at Array.forEach (<anonymous>)
          at Array.forEach (<anonymous>)

    console.log
      ­ƒôì Route: ^\/api\/platform-admin\/?(?=\/|$)/scout-verifications

      at log (server.js:448:17)
          at Array.forEach (<anonymous>)
          at Array.forEach (<anonymous>)

    console.log
      ­ƒôì Route: ^\/api\/platform-admin\/?(?=\/|$)/scout-verifications/:id/resolve

      at log (server.js:448:17)
          at Array.forEach (<anonymous>)
          at Array.forEach (<anonymous>)

    console.log
      ­ƒôì Route: ^\/api\/clubs\/?(?=\/|$)/

      at log (server.js:448:17)
          at Array.forEach (<anonymous>)
          at Array.forEach (<anonymous>)

    console.log
      ­ƒôì Route: ^\/api\/clubs\/?(?=\/|$)/:id/public-listings

      at log (server.js:448:17)
          at Array.forEach (<anonymous>)
          at Array.forEach (<anonymous>)

    console.log
      ­ƒôì Route: ^\/api\/clubs\/?(?=\/|$)/:id

      at log (server.js:448:17)
          at Array.forEach (<anonymous>)
          at Array.forEach (<anonymous>)

    console.log
      ­ƒôì Route: ^\/api\/clubs\/?(?=\/|$)/:id/claim

      at log (server.js:448:17)
          at Array.forEach (<anonymous>)
          at Array.forEach (<anonymous>)

    console.log
      ­ƒôì Route: ^\/api\/clubs\/?(?=\/|$)/:id/teams

      at log (server.js:448:17)
          at Array.forEach (<anonymous>)
          at Array.forEach (<anonymous>)

    console.log
      ­ƒôì Route: ^\/api\/clubs\/?(?=\/|$)/

      at log (server.js:448:17)
          at Array.forEach (<anonymous>)
          at Array.forEach (<anonymous>)

    console.log
      ­ƒôì Route: ^\/api\/clubs\/?(?=\/|$)/:id

      at log (server.js:448:17)
          at Array.forEach (<anonymous>)
          at Array.forEach (<anonymous>)

    console.log
      ­ƒôì Route: ^\/api\/clubs\/?(?=\/|$)/:id

      at log (server.js:448:17)
          at Array.forEach (<anonymous>)
          at Array.forEach (<anonymous>)

    console.log
      ­ƒôì Route: ^\/api\/clubs\/?(?=\/|$)/:id/apply

      at log (server.js:448:17)
          at Array.forEach (<anonymous>)
          at Array.forEach (<anonymous>)

    console.log
      ­ƒôì Route: ^\/api\/clubs\/?(?=\/|$)/:id/applications

      at log (server.js:448:17)
          at Array.forEach (<anonymous>)
          at Array.forEach (<anonymous>)

    console.log
      ­ƒôì Route: ^\/api\/clubs\/?(?=\/|$)/applications/:applicationId/review

      at log (server.js:448:17)
          at Array.forEach (<anonymous>)
          at Array.forEach (<anonymous>)

    console.log
      ­ƒôì Route: ^\/api\/clubs\/?(?=\/|$)/:id/stats

      at log (server.js:448:17)
          at Array.forEach (<anonymous>)
          at Array.forEach (<anonymous>)

    console.log
      ­ƒôì Route: ^\/api\/clubs\/?(?=\/|$)/:id/images

      at log (server.js:448:17)
          at Array.forEach (<anonymous>)
          at Array.forEach (<anonymous>)

    console.log
      ­ƒôì Route: ^\/api\/clubs\/?(?=\/|$)/:id/images

      at log (server.js:448:17)
          at Array.forEach (<anonymous>)
          at Array.forEach (<anonymous>)

    console.log
      ­ƒôì Route: ^\/api\/clubs\/?(?=\/|$)/:id/reviews

      at log (server.js:448:17)
          at Array.forEach (<anonymous>)
          at Array.forEach (<anonymous>)

    console.log
      ­ƒôì Route: ^\/api\/clubs\/?(?=\/|$)/:id/reviews

      at log (server.js:448:17)
          at Array.forEach (<anonymous>)
          at Array.forEach (<anonymous>)

    console.log
      ­ƒôì Route: ^\/api\/players\/?(?=\/|$)/family

      at log (server.js:448:17)
          at Array.forEach (<anonymous>)
          at Array.forEach (<anonymous>)

    console.log
      ­ƒôì Route: ^\/api\/players\/?(?=\/|$)/

      at log (server.js:448:17)
          at Array.forEach (<anonymous>)
          at Array.forEach (<anonymous>)

    console.log
      ­ƒôì Route: ^\/api\/players\/?(?=\/|$)/filtered/:filter

      at log (server.js:448:17)
          at Array.forEach (<anonymous>)
          at Array.forEach (<anonymous>)

    console.log
      ­ƒôì Route: ^\/api\/players\/?(?=\/|$)/scout

      at log (server.js:448:17)
          at Array.forEach (<anonymous>)
          at Array.forEach (<anonymous>)

    console.log
      ­ƒôì Route: ^\/api\/players\/?(?=\/|$)/:id

      at log (server.js:448:17)
          at Array.forEach (<anonymous>)
          at Array.forEach (<anonymous>)

    console.log
      ­ƒôì Route: ^\/api\/players\/?(?=\/|$)/filtered/:filter

      at log (server.js:448:17)
          at Array.forEach (<anonymous>)
          at Array.forEach (<anonymous>)

    console.log
      ­ƒôì Route: ^\/api\/players\/?(?=\/|$)/

      at log (server.js:448:17)
          at Array.forEach (<anonymous>)
          at Array.forEach (<anonymous>)

    console.log
      ­ƒôì Route: ^\/api\/players\/?(?=\/|$)/:id

      at log (server.js:448:17)
          at Array.forEach (<anonymous>)
          at Array.forEach (<anonymous>)

    console.log
      ­ƒôì Route: ^\/api\/players\/?(?=\/|$)/:id

      at log (server.js:448:17)
          at Array.forEach (<anonymous>)
          at Array.forEach (<anonymous>)

    console.log
      ­ƒôì Route: ^\/api\/players\/?(?=\/|$)/:id/stats

      at log (server.js:448:17)
          at Array.forEach (<anonymous>)
          at Array.forEach (<anonymous>)

    console.log
      ­ƒôì Route: ^\/api\/players\/?(?=\/|$)/:id/payment-status

      at log (server.js:448:17)
          at Array.forEach (<anonymous>)
          at Array.forEach (<anonymous>)

    console.log
      ­ƒôì Route: ^\/api\/players\/?(?=\/|$)/child

      at log (server.js:448:17)
          at Array.forEach (<anonymous>)
          at Array.forEach (<anonymous>)

    console.log
      ­ƒôì Route: ^\/api\/players\/?(?=\/|$)/child/:id

      at log (server.js:448:17)
          at Array.forEach (<anonymous>)
          at Array.forEach (<anonymous>)

    console.log
      ­ƒôì Route: ^\/api\/players\/?(?=\/|$)/:id/history

      at log (server.js:448:17)
          at Array.forEach (<anonymous>)
          at Array.forEach (<anonymous>)

    console.log
      ­ƒôì Route: ^\/api\/players\/?(?=\/|$)/:id/history

      at log (server.js:448:17)
          at Array.forEach (<anonymous>)
          at Array.forEach (<anonymous>)

    console.log
      ­ƒôì Route: ^\/api\/players\/?(?=\/|$)/history/:historyId

      at log (server.js:448:17)
          at Array.forEach (<anonymous>)
          at Array.forEach (<anonymous>)

    console.log
      ­ƒôì Route: ^\/api\/players\/?(?=\/|$)/:id/history

      at log (server.js:448:17)
          at Array.forEach (<anonymous>)
          at Array.forEach (<anonymous>)

    console.log
      ­ƒôì Route: ^\/api\/players\/?(?=\/|$)/:id/history

      at log (server.js:448:17)
          at Array.forEach (<anonymous>)
          at Array.forEach (<anonymous>)

    console.log
      ­ƒôì Route: ^\/api\/players\/?(?=\/|$)/:id/history/:historyId

      at log (server.js:448:17)
          at Array.forEach (<anonymous>)
          at Array.forEach (<anonymous>)

    console.log
      ­ƒôì Route: ^\/api\/players\/?(?=\/|$)/:id/stats

      at log (server.js:448:17)
          at Array.forEach (<anonymous>)
          at Array.forEach (<anonymous>)

    console.log
      ­ƒôì Route: ^\/api\/players\/?(?=\/|$)/:id/activities

      at log (server.js:448:17)
          at Array.forEach (<anonymous>)
          at Array.forEach (<anonymous>)

    console.log
      ­ƒôì Route: ^\/api\/staff\/?(?=\/|$)/

      at log (server.js:448:17)
          at Array.forEach (<anonymous>)
          at Array.forEach (<anonymous>)

    console.log
      ­ƒôì Route: ^\/api\/staff\/?(?=\/|$)/:id

      at log (server.js:448:17)
          at Array.forEach (<anonymous>)
          at Array.forEach (<anonymous>)

    console.log
      ­ƒôì Route: ^\/api\/staff\/?(?=\/|$)/:id/performance

      at log (server.js:448:17)
          at Array.forEach (<anonymous>)
          at Array.forEach (<anonymous>)

    console.log
      ­ƒôì Route: ^\/api\/staff\/?(?=\/|$)/:id/role

      at log (server.js:448:17)
          at Array.forEach (<anonymous>)
          at Array.forEach (<anonymous>)

    console.log
      ­ƒôì Route: ^\/api\/staff\/?(?=\/|$)/:id/schedule

      at log (server.js:448:17)
          at Array.forEach (<anonymous>)
          at Array.forEach (<anonymous>)

    console.log
      ­ƒôì Route: ^\/api\/staff\/?(?=\/|$)/

      at log (server.js:448:17)
          at Array.forEach (<anonymous>)
          at Array.forEach (<anonymous>)

    console.log
      ­ƒôì Route: ^\/api\/staff\/?(?=\/|$)/:id

      at log (server.js:448:17)
          at Array.forEach (<anonymous>)
          at Array.forEach (<anonymous>)

    console.log
      ­ƒôì Route: ^\/api\/staff\/?(?=\/|$)/:id

      at log (server.js:448:17)
          at Array.forEach (<anonymous>)
          at Array.forEach (<anonymous>)

    console.log
      ­ƒôì Route: ^\/api\/staff\/?(?=\/|$)/club/:clubId

      at log (server.js:448:17)
          at Array.forEach (<anonymous>)
          at Array.forEach (<anonymous>)

    console.log
      ­ƒôì Route: ^\/api\/staff\/?(?=\/|$)/:id/permissions

      at log (server.js:448:17)
          at Array.forEach (<anonymous>)
          at Array.forEach (<anonymous>)

    console.log
      ­ƒôì Route: ^\/api\/staff\/?(?=\/|$)/:id/dashboard

      at log (server.js:448:17)
          at Array.forEach (<anonymous>)
          at Array.forEach (<anonymous>)

    console.log
      ­ƒôì Route: ^\/api\/staff\/?(?=\/|$)/:id/performance

      at log (server.js:448:17)
          at Array.forEach (<anonymous>)
          at Array.forEach (<anonymous>)

    console.log
      ­ƒôì Route: ^\/api\/staff\/?(?=\/|$)/:id/role

      at log (server.js:448:17)
          at Array.forEach (<anonymous>)
          at Array.forEach (<anonymous>)

    console.log
      ­ƒôì Route: ^\/api\/staff\/?(?=\/|$)/:id/schedule

      at log (server.js:448:17)
          at Array.forEach (<anonymous>)
          at Array.forEach (<anonymous>)

    console.log
      ­ƒôì Route: ^\/api\/staff\/?(?=\/|$)/:id/verify-scout

      at log (server.js:448:17)
          at Array.forEach (<anonymous>)
          at Array.forEach (<anonymous>)

    console.log
      ­ƒôì Route: ^\/api\/teams\/?(?=\/|$)/

      at log (server.js:448:17)
          at Array.forEach (<anonymous>)
          at Array.forEach (<anonymous>)

    console.log
      ­ƒôì Route: ^\/api\/teams\/?(?=\/|$)/player/:userId

      at log (server.js:448:17)
          at Array.forEach (<anonymous>)
          at Array.forEach (<anonymous>)

    console.log
      ­ƒôì Route: ^\/api\/teams\/?(?=\/|$)/:id

      at log (server.js:448:17)
          at Array.forEach (<anonymous>)
          at Array.forEach (<anonymous>)

    console.log
      ­ƒôì Route: ^\/api\/teams\/?(?=\/|$)/

      at log (server.js:448:17)
          at Array.forEach (<anonymous>)
          at Array.forEach (<anonymous>)

    console.log
      ­ƒôì Route: ^\/api\/teams\/?(?=\/|$)/:id

      at log (server.js:448:17)
          at Array.forEach (<anonymous>)
          at Array.forEach (<anonymous>)

    console.log
      ­ƒôì Route: ^\/api\/teams\/?(?=\/|$)/:id

      at log (server.js:448:17)
          at Array.forEach (<anonymous>)
          at Array.forEach (<anonymous>)

    console.log
      ­ƒôì Route: ^\/api\/teams\/?(?=\/|$)/:id/players

      at log (server.js:448:17)
          at Array.forEach (<anonymous>)
          at Array.forEach (<anonymous>)

    console.log
      ­ƒôì Route: ^\/api\/teams\/?(?=\/|$)/:id/players/:playerId

      at log (server.js:448:17)
          at Array.forEach (<anonymous>)
          at Array.forEach (<anonymous>)

    console.log
      ­ƒôì Route: ^\/api\/teams\/?(?=\/|$)/:id/stats

      at log (server.js:448:17)
          at Array.forEach (<anonymous>)
          at Array.forEach (<anonymous>)

    console.log
      ­ƒôì Route: ^\/api\/teams\/?(?=\/|$)/:id/availability

      at log (server.js:448:17)
          at Array.forEach (<anonymous>)
          at Array.forEach (<anonymous>)

    console.log
      ­ƒôì Route: ^\/api\/teams\/?(?=\/|$)/:id/dashboard

      at log (server.js:448:17)
          at Array.forEach (<anonymous>)
          at Array.forEach (<anonymous>)

    console.log
      ­ƒôì Route: ^\/api\/events\/?(?=\/|$)/

      at log (server.js:448:17)
          at Array.forEach (<anonymous>)
          at Array.forEach (<anonymous>)

    console.log
      ­ƒôì Route: ^\/api\/events\/?(?=\/|$)/:id

      at log (server.js:448:17)
          at Array.forEach (<anonymous>)
          at Array.forEach (<anonymous>)

    console.log
      ­ƒôì Route: ^\/api\/events\/?(?=\/|$)/

      at log (server.js:448:17)
          at Array.forEach (<anonymous>)
          at Array.forEach (<anonymous>)

    console.log
      ­ƒôì Route: ^\/api\/events\/?(?=\/|$)/:id

      at log (server.js:448:17)
          at Array.forEach (<anonymous>)
          at Array.forEach (<anonymous>)

    console.log
      ­ƒôì Route: ^\/api\/events\/?(?=\/|$)/:id

      at log (server.js:448:17)
          at Array.forEach (<anonymous>)
          at Array.forEach (<anonymous>)

    console.log
      ­ƒôì Route: ^\/api\/events\/?(?=\/|$)/:id/book

      at log (server.js:448:17)
          at Array.forEach (<anonymous>)
          at Array.forEach (<anonymous>)

    console.log
      ­ƒôì Route: ^\/api\/events\/?(?=\/|$)/bookings/:bookingId/cancel

      at log (server.js:448:17)
          at Array.forEach (<anonymous>)
          at Array.forEach (<anonymous>)

    console.log
      ­ƒôì Route: ^\/api\/events\/?(?=\/|$)/:id/bookings

      at log (server.js:448:17)
          at Array.forEach (<anonymous>)
          at Array.forEach (<anonymous>)

    console.log
      ­ƒôì Route: ^\/api\/events\/?(?=\/|$)/bookings/my-bookings

      at log (server.js:448:17)
          at Array.forEach (<anonymous>)
          at Array.forEach (<anonymous>)

    console.log
      ­ƒôì Route: ^\/api\/events\/?(?=\/|$)/:id/roster

      at log (server.js:448:17)
          at Array.forEach (<anonymous>)
          at Array.forEach (<anonymous>)

    console.log
      ­ƒôì Route: ^\/api\/events\/?(?=\/|$)/:id/nudge

      at log (server.js:448:17)
          at Array.forEach (<anonymous>)
          at Array.forEach (<anonymous>)

    console.log
      ­ƒôì Route: ^\/api\/events\/?(?=\/|$)/:id/availability

      at log (server.js:448:17)
          at Array.forEach (<anonymous>)
          at Array.forEach (<anonymous>)

    console.log
      ­ƒôì Route: ^\/api\/events\/?(?=\/|$)/:id/availability/override

      at log (server.js:448:17)
          at Array.forEach (<anonymous>)
          at Array.forEach (<anonymous>)

    console.log
      ­ƒôì Route: ^\/api\/events\/?(?=\/|$)/:id/availability

      at log (server.js:448:17)
          at Array.forEach (<anonymous>)
          at Array.forEach (<anonymous>)

    console.log
      ­ƒôì Route: ^\/api\/events\/?(?=\/|$)/:id/notify

      at log (server.js:448:17)
          at Array.forEach (<anonymous>)
          at Array.forEach (<anonymous>)

    console.log
      ­ƒôì Route: ^\/api\/events\/?(?=\/|$)/:id

      at log (server.js:448:17)
          at Array.forEach (<anonymous>)
          at Array.forEach (<anonymous>)

    console.log
      ­ƒôì Route: ^\/api\/events\/?(?=\/|$)/:id/checkin

      at log (server.js:448:17)
          at Array.forEach (<anonymous>)
          at Array.forEach (<anonymous>)

    console.log
      ­ƒôì Route: ^\/api\/events\/?(?=\/|$)/:id/checkins

      at log (server.js:448:17)
          at Array.forEach (<anonymous>)
          at Array.forEach (<anonymous>)

    console.log
      ­ƒôì Route: ^\/api\/events\/?(?=\/|$)/:id/result

      at log (server.js:448:17)
          at Array.forEach (<anonymous>)
          at Array.forEach (<anonymous>)

    console.log
      ­ƒôì Route: ^\/api\/events\/?(?=\/|$)/:id/groups

      at log (server.js:448:17)
          at Array.forEach (<anonymous>)
          at Array.forEach (<anonymous>)

    console.log
      ­ƒôì Route: ^\/api\/events\/?(?=\/|$)/:id/players

      at log (server.js:448:17)
          at Array.forEach (<anonymous>)
          at Array.forEach (<anonymous>)

    console.log
      ­ƒôì Route: ^\/api\/events\/?(?=\/|$)/:id/groups

      at log (server.js:448:17)
          at Array.forEach (<anonymous>)
          at Array.forEach (<anonymous>)

    console.log
      ­ƒôì Route: ^\/api\/events\/?(?=\/|$)/:id/assign-group

      at log (server.js:448:17)
          at Array.forEach (<anonymous>)
          at Array.forEach (<anonymous>)

    console.log
      ­ƒôì Route: ^\/api\/events\/?(?=\/|$)/:id/bibs

      at log (server.js:448:17)
          at Array.forEach (<anonymous>)
          at Array.forEach (<anonymous>)

    console.log
      ­ƒôì Route: ^\/api\/events\/?(?=\/|$)/:id/export

      at log (server.js:448:17)
          at Array.forEach (<anonymous>)
          at Array.forEach (<anonymous>)

    console.log
      ­ƒôì Route: ^\/api\/events\/?(?=\/|$)/:id/checkin

      at log (server.js:448:17)
          at Array.forEach (<anonymous>)
          at Array.forEach (<anonymous>)

    console.log
      ­ƒôì Route: ^\/api\/events\/?(?=\/|$)/:id/results

      at log (server.js:448:17)
          at Array.forEach (<anonymous>)
          at Array.forEach (<anonymous>)

    console.log
      ­ƒôì Route: ^\/api\/events\/?(?=\/|$)/:id/player-stats

      at log (server.js:448:17)
          at Array.forEach (<anonymous>)
          at Array.forEach (<anonymous>)

    console.log
      ­ƒôì Route: ^\/api\/payments\/?(?=\/|$)/config

      at log (server.js:448:17)
          at Array.forEach (<anonymous>)
          at Array.forEach (<anonymous>)

    console.log
      ­ƒôì Route: ^\/api\/payments\/?(?=\/|$)/stripe/connect/status

      at log (server.js:448:17)
          at Array.forEach (<anonymous>)
          at Array.forEach (<anonymous>)

    console.log
      ­ƒôì Route: ^\/api\/payments\/?(?=\/|$)/stripe/connect/onboard

      at log (server.js:448:17)
          at Array.forEach (<anonymous>)
          at Array.forEach (<anonymous>)

    console.log
      ­ƒôì Route: ^\/api\/payments\/?(?=\/|$)/stripe/connect/manage

      at log (server.js:448:17)
          at Array.forEach (<anonymous>)
          at Array.forEach (<anonymous>)

    console.log
      ­ƒôì Route: ^\/api\/payments\/?(?=\/|$)/health

      at log (server.js:448:17)
          at Array.forEach (<anonymous>)
          at Array.forEach (<anonymous>)

    console.log
      ­ƒôì Route: ^\/api\/payments\/?(?=\/|$)/plans

      at log (server.js:448:17)
          at Array.forEach (<anonymous>)
          at Array.forEach (<anonymous>)

    console.log
      ­ƒôì Route: ^\/api\/payments\/?(?=\/|$)/plans/import

      at log (server.js:448:17)
          at Array.forEach (<anonymous>)
          at Array.forEach (<anonymous>)

    console.log
      ­ƒôì Route: ^\/api\/payments\/?(?=\/|$)/plans

      at log (server.js:448:17)
          at Array.forEach (<anonymous>)
          at Array.forEach (<anonymous>)

    console.log
      ­ƒôì Route: ^\/api\/payments\/?(?=\/|$)/plans/:id

      at log (server.js:448:17)
          at Array.forEach (<anonymous>)
          at Array.forEach (<anonymous>)

    console.log
      ­ƒôì Route: ^\/api\/payments\/?(?=\/|$)/plans/:id

      at log (server.js:448:17)
          at Array.forEach (<anonymous>)
          at Array.forEach (<anonymous>)

    console.log
      ­ƒôì Route: ^\/api\/payments\/?(?=\/|$)/plan/current

      at log (server.js:448:17)
          at Array.forEach (<anonymous>)
          at Array.forEach (<anonymous>)

    console.log
      ­ƒôì Route: ^\/api\/payments\/?(?=\/|$)/plan/assign

      at log (server.js:448:17)
          at Array.forEach (<anonymous>)
          at Array.forEach (<anonymous>)

    console.log
      ­ƒôì Route: ^\/api\/payments\/?(?=\/|$)/bulk-assign-plan-legacy

      at log (server.js:448:17)
          at Array.forEach (<anonymous>)
          at Array.forEach (<anonymous>)

    console.log
      ­ƒôì Route: ^\/api\/payments\/?(?=\/|$)/plan/cancel

      at log (server.js:448:17)
          at Array.forEach (<anonymous>)
          at Array.forEach (<anonymous>)

    console.log
      ­ƒôì Route: ^\/api\/payments\/?(?=\/|$)/

      at log (server.js:448:17)
          at Array.forEach (<anonymous>)
          at Array.forEach (<anonymous>)

    console.log
      ­ƒôì Route: ^\/api\/payments\/?(?=\/|$)/create-intent

      at log (server.js:448:17)
          at Array.forEach (<anonymous>)
          at Array.forEach (<anonymous>)

    console.log
      ­ƒôì Route: ^\/api\/payments\/?(?=\/|$)/confirm-payment

      at log (server.js:448:17)
          at Array.forEach (<anonymous>)
          at Array.forEach (<anonymous>)

    console.log
      ­ƒôì Route: ^\/api\/payments\/?(?=\/|$)/public/:id

      at log (server.js:448:17)
          at Array.forEach (<anonymous>)
          at Array.forEach (<anonymous>)

    console.log
      ­ƒôì Route: ^\/api\/payments\/?(?=\/|$)/:id/payment-link

      at log (server.js:448:17)
          at Array.forEach (<anonymous>)
          at Array.forEach (<anonymous>)

    console.log
      ­ƒôì Route: ^\/api\/payments\/?(?=\/|$)/book-event

      at log (server.js:448:17)
          at Array.forEach (<anonymous>)
          at Array.forEach (<anonymous>)

    console.log
      ­ƒôì Route: ^\/api\/payments\/?(?=\/|$)/

      at log (server.js:448:17)
          at Array.forEach (<anonymous>)
          at Array.forEach (<anonymous>)

    console.log
      ­ƒôì Route: ^\/api\/payments\/?(?=\/|$)/assign-player-plan

      at log (server.js:448:17)
          at Array.forEach (<anonymous>)
          at Array.forEach (<anonymous>)

    console.log
      ­ƒôì Route: ^\/api\/payments\/?(?=\/|$)/bulk-assign-plan

      at log (server.js:448:17)
          at Array.forEach (<anonymous>)
          at Array.forEach (<anonymous>)

    console.log
      ­ƒôì Route: ^\/api\/payments\/?(?=\/|$)/cleanup

      at log (server.js:448:17)
          at Array.forEach (<anonymous>)
          at Array.forEach (<anonymous>)

    console.log
      ­ƒôì Route: ^\/api\/stripe-payouts\/?(?=\/|$)/configure-payout/:accountId

      at log (server.js:448:17)
          at Array.forEach (<anonymous>)
          at Array.forEach (<anonymous>)

    console.log
      ­ƒôì Route: ^\/api\/stripe-payouts\/?(?=\/|$)/payout-schedule/:accountId

      at log (server.js:448:17)
          at Array.forEach (<anonymous>)
          at Array.forEach (<anonymous>)

    console.log
      ­ƒôì Route: ^\/api\/stripe-payouts\/?(?=\/|$)/configure-all-payouts

      at log (server.js:448:17)
          at Array.forEach (<anonymous>)
          at Array.forEach (<anonymous>)

    console.log
      ­ƒôì Route: ^\/api\/stripe-payouts\/?(?=\/|$)/manual-payout/:accountId

      at log (server.js:448:17)
          at Array.forEach (<anonymous>)
          at Array.forEach (<anonymous>)

    console.log
      ­ƒôì Route: ^\/api\/dashboard\/?(?=\/|$)/admin

      at log (server.js:448:17)
          at Array.forEach (<anonymous>)
          at Array.forEach (<anonymous>)

    console.log
      ­ƒôì Route: ^\/api\/dashboard\/?(?=\/|$)/player

      at log (server.js:448:17)
          at Array.forEach (<anonymous>)
          at Array.forEach (<anonymous>)

    console.log
      ­ƒôì Route: ^\/api\/dashboard\/?(?=\/|$)/invitations/:orgId/accept

      at log (server.js:448:17)
          at Array.forEach (<anonymous>)
          at Array.forEach (<anonymous>)

    console.log
      ­ƒôì Route: ^\/api\/dashboard\/?(?=\/|$)/invitations/:orgId/decline

      at log (server.js:448:17)
          at Array.forEach (<anonymous>)
          at Array.forEach (<anonymous>)

    console.log
      ­ƒôì Route: ^\/api\/invites\/?(?=\/|$)/generate

      at log (server.js:448:17)
          at Array.forEach (<anonymous>)
          at Array.forEach (<anonymous>)

    console.log
      ­ƒôì Route: ^\/api\/invites\/?(?=\/|$)/details/:token

      at log (server.js:448:17)
          at Array.forEach (<anonymous>)
          at Array.forEach (<anonymous>)

    console.log
      ­ƒôì Route: ^\/api\/invites\/?(?=\/|$)/accept/:token

      at log (server.js:448:17)
          at Array.forEach (<anonymous>)
          at Array.forEach (<anonymous>)

    console.log
      ­ƒôì Route: ^\/api\/invites\/?(?=\/|$)/decline/:token

      at log (server.js:448:17)
          at Array.forEach (<anonymous>)
          at Array.forEach (<anonymous>)

    console.log
      ­ƒôì Route: ^\/api\/invites\/?(?=\/|$)/sent

      at log (server.js:448:17)
          at Array.forEach (<anonymous>)
          at Array.forEach (<anonymous>)

    console.log
      ­ƒôì Route: ^\/api\/products\/?(?=\/|$)/

      at log (server.js:448:17)
          at Array.forEach (<anonymous>)
          at Array.forEach (<anonymous>)

    console.log
      ­ƒôì Route: ^\/api\/products\/?(?=\/|$)/

      at log (server.js:448:17)
          at Array.forEach (<anonymous>)
          at Array.forEach (<anonymous>)

    console.log
      ­ƒôì Route: ^\/api\/products\/?(?=\/|$)/purchase

      at log (server.js:448:17)
          at Array.forEach (<anonymous>)
          at Array.forEach (<anonymous>)

    console.log
      ­ƒôì Route: ^\/api\/products\/?(?=\/|$)/:id

      at log (server.js:448:17)
          at Array.forEach (<anonymous>)
          at Array.forEach (<anonymous>)

    console.log
      ­ƒôì Route: ^\/api\/products\/?(?=\/|$)/:id

      at log (server.js:448:17)
          at Array.forEach (<anonymous>)
          at Array.forEach (<anonymous>)

    console.log
      ­ƒôì Route: ^\/api\/campaigns\/?(?=\/|$)/

      at log (server.js:448:17)
          at Array.forEach (<anonymous>)
          at Array.forEach (<anonymous>)

    console.log
      ­ƒôì Route: ^\/api\/campaigns\/?(?=\/|$)/

      at log (server.js:448:17)
          at Array.forEach (<anonymous>)
          at Array.forEach (<anonymous>)

    console.log
      ­ƒôì Route: ^\/api\/campaigns\/?(?=\/|$)/:id/send

      at log (server.js:448:17)
          at Array.forEach (<anonymous>)
          at Array.forEach (<anonymous>)

    console.log
      ­ƒôì Route: ^\/api\/listings\/?(?=\/|$)/

      at log (server.js:448:17)
          at Array.forEach (<anonymous>)
          at Array.forEach (<anonymous>)

    console.log
      ­ƒôì Route: ^\/api\/listings\/?(?=\/|$)/

      at log (server.js:448:17)
          at Array.forEach (<anonymous>)
          at Array.forEach (<anonymous>)

    console.log
      ­ƒôì Route: ^\/api\/listings\/?(?=\/|$)/:id/applications

      at log (server.js:448:17)
          at Array.forEach (<anonymous>)
          at Array.forEach (<anonymous>)

    console.log
      ­ƒôì Route: ^\/api\/listings\/?(?=\/|$)/applications/:id/status

      at log (server.js:448:17)
          at Array.forEach (<anonymous>)
          at Array.forEach (<anonymous>)

    console.log
      ­ƒôì Route: ^\/api\/listings\/?(?=\/|$)/applications/:id/invite

      at log (server.js:448:17)
          at Array.forEach (<anonymous>)
          at Array.forEach (<anonymous>)

    console.log
      ­ƒôì Route: ^\/api\/listings\/?(?=\/|$)/:id

      at log (server.js:448:17)
          at Array.forEach (<anonymous>)
          at Array.forEach (<anonymous>)

    console.log
      ­ƒôì Route: ^\/api\/notifications\/?(?=\/|$)/

      at log (server.js:448:17)
          at Array.forEach (<anonymous>)
          at Array.forEach (<anonymous>)

    console.log
      ­ƒôì Route: ^\/api\/notifications\/?(?=\/|$)/

      at log (server.js:448:17)
          at Array.forEach (<anonymous>)
          at Array.forEach (<anonymous>)

    console.log
      ­ƒôì Route: ^\/api\/notifications\/?(?=\/|$)/:id/read

      at log (server.js:448:17)
          at Array.forEach (<anonymous>)
          at Array.forEach (<anonymous>)

    console.log
      ­ƒôì Route: ^\/api\/notifications\/?(?=\/|$)/read-all

      at log (server.js:448:17)
          at Array.forEach (<anonymous>)
          at Array.forEach (<anonymous>)

    console.log
      ­ƒôì Route: ^\/api\/debug\/?(?=\/|$)/check-org/:id

      at log (server.js:448:17)
          at Array.forEach (<anonymous>)
          at Array.forEach (<anonymous>)

    console.log
      ­ƒôì Route: ^\/api\/talent-id\/?(?=\/|$)/register

      at log (server.js:448:17)
          at Array.forEach (<anonymous>)
          at Array.forEach (<anonymous>)

    console.log
      ­ƒôì Route: ^\/api\/talent-id\/?(?=\/|$)/events/:id/dashboard

      at log (server.js:448:17)
          at Array.forEach (<anonymous>)
          at Array.forEach (<anonymous>)

    console.log
      ­ƒôì Route: ^\/api\/talent-id\/?(?=\/|$)/events/:id/schedule

      at log (server.js:448:17)
          at Array.forEach (<anonymous>)
          at Array.forEach (<anonymous>)

    console.log
      ­ƒôì Route: ^\/api\/talent-id\/?(?=\/|$)/bibs/batch

      at log (server.js:448:17)
          at Array.forEach (<anonymous>)
          at Array.forEach (<anonymous>)

    console.log
      ­ƒôì Route: ^\/api\/talent-id\/?(?=\/|$)/events/:id/groups

      at log (server.js:448:17)
          at Array.forEach (<anonymous>)
          at Array.forEach (<anonymous>)

    console.log
      ­ƒôì Route: ^\/api\/talent-id\/?(?=\/|$)/events/:id/auto-assign

      at log (server.js:448:17)
          at Array.forEach (<anonymous>)
          at Array.forEach (<anonymous>)

    console.log
      ­ƒôì Route: ^\/api\/talent-id\/?(?=\/|$)/registrations/:id/checkin

      at log (server.js:448:17)
          at Array.forEach (<anonymous>)
          at Array.forEach (<anonymous>)

    console.log
      ­ƒôì Route: ^\/api\/scouting\/?(?=\/|$)/reports

      at log (server.js:448:17)
          at Array.forEach (<anonymous>)
          at Array.forEach (<anonymous>)

    console.log
      ­ƒôì Route: ^\/api\/scouting\/?(?=\/|$)/reports

      at log (server.js:448:17)
          at Array.forEach (<anonymous>)
          at Array.forEach (<anonymous>)

    console.log
      ­ƒôì Route: ^\/api\/scouting\/?(?=\/|$)/assignments

      at log (server.js:448:17)
          at Array.forEach (<anonymous>)
          at Array.forEach (<anonymous>)

    console.log
      ­ƒôì Route: ^\/api\/scouting\/?(?=\/|$)/contact-requests

      at log (server.js:448:17)
          at Array.forEach (<anonymous>)
          at Array.forEach (<anonymous>)

    console.log
      ­ƒôì Route: ^\/api\/scouting\/?(?=\/|$)/analytics

      at log (server.js:448:17)
          at Array.forEach (<anonymous>)
          at Array.forEach (<anonymous>)

    console.log
      ­ƒôì Route: ^\/api\/scouting\/?(?=\/|$)/verify-me

      at log (server.js:448:17)
          at Array.forEach (<anonymous>)
          at Array.forEach (<anonymous>)

    console.log
      ­ƒôì Route: ^\/api\/scouting\/?(?=\/|$)/watchlist

      at log (server.js:448:17)
          at Array.forEach (<anonymous>)
          at Array.forEach (<anonymous>)

    console.log
      ­ƒôì Route: ^\/api\/scouting\/?(?=\/|$)/watchlist

      at log (server.js:448:17)
          at Array.forEach (<anonymous>)
          at Array.forEach (<anonymous>)

    console.log
      ­ƒôì Route: ^\/api\/scouting\/?(?=\/|$)/watchlist/:playerId

      at log (server.js:448:17)
          at Array.forEach (<anonymous>)
          at Array.forEach (<anonymous>)

    console.log
      ­ƒôì Route: ^\/api\/scouting\/?(?=\/|$)/medical/:id

      at log (server.js:448:17)
          at Array.forEach (<anonymous>)
          at Array.forEach (<anonymous>)

    console.log
      ­ƒôì Route: ^\/api\/venues\/?(?=\/|$)/

      at log (server.js:448:17)
          at Array.forEach (<anonymous>)
          at Array.forEach (<anonymous>)

    console.log
      ­ƒôì Route: ^\/api\/venues\/?(?=\/|$)/:id

      at log (server.js:448:17)
          at Array.forEach (<anonymous>)
          at Array.forEach (<anonymous>)

    console.log
      ­ƒôì Route: ^\/api\/venues\/?(?=\/|$)/

      at log (server.js:448:17)
          at Array.forEach (<anonymous>)
          at Array.forEach (<anonymous>)

    console.log
      ­ƒôì Route: ^\/api\/venues\/?(?=\/|$)/:id/availability

      at log (server.js:448:17)
          at Array.forEach (<anonymous>)
          at Array.forEach (<anonymous>)

    console.log
      ­ƒôì Route: ^\/api\/venues\/?(?=\/|$)/:id/documents

      at log (server.js:448:17)
          at Array.forEach (<anonymous>)
          at Array.forEach (<anonymous>)

    console.log
      ­ƒôì Route: ^\/api\/venues\/?(?=\/|$)/:id/book

      at log (server.js:448:17)
          at Array.forEach (<anonymous>)
          at Array.forEach (<anonymous>)

    console.log
      ­ƒôì Route: ^\/api\/venues\/?(?=\/|$)/bookings/my

      at log (server.js:448:17)
          at Array.forEach (<anonymous>)
          at Array.forEach (<anonymous>)

    console.log
      ­ƒôì Route: ^\/api\/venues\/?(?=\/|$)/bookings/:id/status

      at log (server.js:448:17)
          at Array.forEach (<anonymous>)
          at Array.forEach (<anonymous>)

    console.log
      ­ƒôì Route: ^\/api\/leagues\/?(?=\/|$)/

      at log (server.js:448:17)
          at Array.forEach (<anonymous>)
          at Array.forEach (<anonymous>)

    console.log
      ­ƒôì Route: ^\/api\/leagues\/?(?=\/|$)/

      at log (server.js:448:17)
          at Array.forEach (<anonymous>)
          at Array.forEach (<anonymous>)

    console.log
      ­ƒôì Route: ^\/api\/leagues\/?(?=\/|$)/:id

      at log (server.js:448:17)
          at Array.forEach (<anonymous>)
          at Array.forEach (<anonymous>)

    console.log
      ­ƒôì Route: ^\/api\/leagues\/?(?=\/|$)/:id/standings

      at log (server.js:448:17)
          at Array.forEach (<anonymous>)
          at Array.forEach (<anonymous>)

    console.log
      ­ƒôì Route: ^\/api\/leagues\/?(?=\/|$)/:id/teams

      at log (server.js:448:17)
          at Array.forEach (<anonymous>)
          at Array.forEach (<anonymous>)

    console.log
      ­ƒôì Route: ^\/api\/leagues\/?(?=\/|$)/:id/fixtures/generate

      at log (server.js:448:17)
          at Array.forEach (<anonymous>)
          at Array.forEach (<anonymous>)

    console.log
      ­ƒôì Route: ^\/api\/leagues\/?(?=\/|$)/:id/fixtures

      at log (server.js:448:17)
          at Array.forEach (<anonymous>)
          at Array.forEach (<anonymous>)

    console.log
      ­ƒôì Route: ^\/api\/leagues\/?(?=\/|$)/fixtures/:id/score

      at log (server.js:448:17)
          at Array.forEach (<anonymous>)
          at Array.forEach (<anonymous>)

    console.log
      ­ƒôì Route: ^\/api\/leagues\/?(?=\/|$)/fixtures/:id/assign-referee

      at log (server.js:448:17)
          at Array.forEach (<anonymous>)
          at Array.forEach (<anonymous>)

    console.log
      ­ƒôì Route: ^\/api\/tournaments\/?(?=\/|$)/register

      at log (server.js:448:17)
          at Array.forEach (<anonymous>)
          at Array.forEach (<anonymous>)

    console.log
      ­ƒôì Route: ^\/api\/tournaments\/?(?=\/|$)/

      at log (server.js:448:17)
          at Array.forEach (<anonymous>)
          at Array.forEach (<anonymous>)

    console.log
      ­ƒôì Route: ^\/api\/tournaments\/?(?=\/|$)/:id/dashboard

      at log (server.js:448:17)
          at Array.forEach (<anonymous>)
          at Array.forEach (<anonymous>)

    console.log
      ­ƒôì Route: ^\/api\/tournaments\/?(?=\/|$)/:id/groups

      at log (server.js:448:17)
          at Array.forEach (<anonymous>)
          at Array.forEach (<anonymous>)

    console.log
      ­ƒôì Route: ^\/api\/tournaments\/?(?=\/|$)/:id/groups/assign

      at log (server.js:448:17)
          at Array.forEach (<anonymous>)
          at Array.forEach (<anonymous>)

    console.log
      ­ƒôì Route: ^\/api\/tournaments\/?(?=\/|$)/:id/generate-fixtures

      at log (server.js:448:17)
          at Array.forEach (<anonymous>)
          at Array.forEach (<anonymous>)

    console.log
      ­ƒôì Route: ^\/api\/tournaments\/?(?=\/|$)/matches/:id/lineups

      at log (server.js:448:17)
          at Array.forEach (<anonymous>)
          at Array.forEach (<anonymous>)

    console.log
      ­ƒôì Route: ^\/api\/tournaments\/?(?=\/|$)/matches/:id/result

      at log (server.js:448:17)
          at Array.forEach (<anonymous>)
          at Array.forEach (<anonymous>)

    console.log
      ­ƒôì Route: ^\/api\/tournaments\/?(?=\/|$)/:id/pitches

      at log (server.js:448:17)
          at Array.forEach (<anonymous>)
          at Array.forEach (<anonymous>)

    console.log
      ­ƒôì Route: ^\/api\/tournaments\/?(?=\/|$)/:id/pitches/bulk

      at log (server.js:448:17)
          at Array.forEach (<anonymous>)
          at Array.forEach (<anonymous>)

    console.log
      ­ƒôì Route: ^\/api\/tournaments\/?(?=\/|$)/:id/pitches

      at log (server.js:448:17)
          at Array.forEach (<anonymous>)
          at Array.forEach (<anonymous>)

    console.log
      ­ƒôì Route: ^\/api\/tournaments\/?(?=\/|$)/:id/auto-schedule

      at log (server.js:448:17)
          at Array.forEach (<anonymous>)
          at Array.forEach (<anonymous>)

    console.log
      ­ƒôì Route: ^\/api\/tournaments\/?(?=\/|$)/teams/:id/status

      at log (server.js:448:17)
          at Array.forEach (<anonymous>)
          at Array.forEach (<anonymous>)

    console.log
      ­ƒôì Route: ^\/api\/tournaments\/?(?=\/|$)/teams/:id/link

      at log (server.js:448:17)
          at Array.forEach (<anonymous>)
          at Array.forEach (<anonymous>)

    console.log
      ­ƒôì Route: ^\/api\/tournaments\/?(?=\/|$)/matches/:id/assign-team

      at log (server.js:448:17)
          at Array.forEach (<anonymous>)
          at Array.forEach (<anonymous>)

    console.log
      ­ƒôì Route: ^\/api\/tournaments\/?(?=\/|$)/:id/bracket

      at log (server.js:448:17)
          at Array.forEach (<anonymous>)
          at Array.forEach (<anonymous>)

    console.log
      ­ƒôì Route: ^\/api\/tournaments\/?(?=\/|$)/matches/:id/video

      at log (server.js:448:17)
          at Array.forEach (<anonymous>)
          at Array.forEach (<anonymous>)

    console.log
      ­ƒôì Route: ^\/api\/tournaments\/?(?=\/|$)/:id/invite-staff

      at log (server.js:448:17)
          at Array.forEach (<anonymous>)
          at Array.forEach (<anonymous>)

    console.log
      ­ƒôì Route: ^\/api\/tournaments\/?(?=\/|$)/:id/invite-team

      at log (server.js:448:17)
          at Array.forEach (<anonymous>)
          at Array.forEach (<anonymous>)

    console.log
      ­ƒôì Route: ^\/api\/tournaments\/?(?=\/|$)/pitches/:id

      at log (server.js:448:17)
          at Array.forEach (<anonymous>)
          at Array.forEach (<anonymous>)

    console.log
      ­ƒôì Route: ^\/api\/tournaments\/?(?=\/|$)/matches/:id/video

      at log (server.js:448:17)
          at Array.forEach (<anonymous>)
          at Array.forEach (<anonymous>)

    console.log
      ­ƒôì Route: ^\/api\/tournaments\/?(?=\/|$)/matches/:id/video

      at log (server.js:448:17)
          at Array.forEach (<anonymous>)
          at Array.forEach (<anonymous>)

    console.log
      ­ƒôì Route: ^\/api\/tournaments\/?(?=\/|$)/:id/layout

      at log (server.js:448:17)
          at Array.forEach (<anonymous>)
          at Array.forEach (<anonymous>)

    console.log
      ­ƒôì Route: ^\/api\/tournaments\/?(?=\/|$)/:id/invite

      at log (server.js:448:17)
          at Array.forEach (<anonymous>)
          at Array.forEach (<anonymous>)

    console.log
      ­ƒôì Route: ^\/api\/polls\/?(?=\/|$)/

      at log (server.js:448:17)
          at Array.forEach (<anonymous>)
          at Array.forEach (<anonymous>)

    console.log
      ­ƒôì Route: ^\/api\/polls\/?(?=\/|$)/

      at log (server.js:448:17)
          at Array.forEach (<anonymous>)
          at Array.forEach (<anonymous>)

    console.log
      ­ƒôì Route: ^\/api\/polls\/?(?=\/|$)/:id/vote

      at log (server.js:448:17)
          at Array.forEach (<anonymous>)
          at Array.forEach (<anonymous>)

    console.log
      ­ƒôì Route: ^\/api\/email\/?(?=\/|$)/send

      at log (server.js:448:17)
          at Array.forEach (<anonymous>)
          at Array.forEach (<anonymous>)

    console.log
      ­ƒôì Route: ^\/api\/email\/?(?=\/|$)/send-invite

      at log (server.js:448:17)
          at Array.forEach (<anonymous>)
          at Array.forEach (<anonymous>)

    console.log
      ­ƒôì Route: ^\/api\/tactical\/?(?=\/|$)/

      at log (server.js:448:17)
          at Array.forEach (<anonymous>)
          at Array.forEach (<anonymous>)

    console.log
      ­ƒôì Route: ^\/api\/tactical\/?(?=\/|$)/

      at log (server.js:448:17)
          at Array.forEach (<anonymous>)
          at Array.forEach (<anonymous>)

    console.log
      ­ƒôì Route: ^\/api\/tactical\/?(?=\/|$)/:id

      at log (server.js:448:17)
          at Array.forEach (<anonymous>)
          at Array.forEach (<anonymous>)

    console.log
      ­ƒôì Route: ^\/api\/forms\/?(?=\/|$)/

      at log (server.js:448:17)
          at Array.forEach (<anonymous>)
          at Array.forEach (<anonymous>)

    console.log
      ­ƒôì Route: ^\/api\/forms\/?(?=\/|$)/

      at log (server.js:448:17)
          at Array.forEach (<anonymous>)
          at Array.forEach (<anonymous>)

    console.log
      ­ƒôì Route: ^\/api\/forms\/?(?=\/|$)/:id

      at log (server.js:448:17)
          at Array.forEach (<anonymous>)
          at Array.forEach (<anonymous>)

    console.log
      ­ƒôì Route: ^\/api\/forms\/?(?=\/|$)/:id

      at log (server.js:448:17)
          at Array.forEach (<anonymous>)
          at Array.forEach (<anonymous>)

    console.log
      ­ƒôì Route: ^\/api\/forms\/?(?=\/|$)/:id

      at log (server.js:448:17)
          at Array.forEach (<anonymous>)
          at Array.forEach (<anonymous>)

    console.log
      ­ƒôì Route: ^\/api\/forms\/?(?=\/|$)/:id/submit

      at log (server.js:448:17)
          at Array.forEach (<anonymous>)
          at Array.forEach (<anonymous>)

    console.log
      ­ƒôì Route: ^\/api\/forms\/?(?=\/|$)/:id/responses

      at log (server.js:448:17)
          at Array.forEach (<anonymous>)
          at Array.forEach (<anonymous>)

    console.log
      ­ƒôì Route: ^\/api\/training\/?(?=\/|$)/drills

      at log (server.js:448:17)
          at Array.forEach (<anonymous>)
          at Array.forEach (<anonymous>)

    console.log
      ­ƒôì Route: ^\/api\/training\/?(?=\/|$)/drills

      at log (server.js:448:17)
          at Array.forEach (<anonymous>)
          at Array.forEach (<anonymous>)

    console.log
      ­ƒôì Route: ^\/api\/training\/?(?=\/|$)/drills/:id

      at log (server.js:448:17)
          at Array.forEach (<anonymous>)
          at Array.forEach (<anonymous>)

    console.log
      ­ƒôì Route: ^\/api\/training\/?(?=\/|$)/drills/:id

      at log (server.js:448:17)
          at Array.forEach (<anonymous>)
          at Array.forEach (<anonymous>)

    console.log
      ­ƒôì Route: ^\/api\/training\/?(?=\/|$)/drills/:id

      at log (server.js:448:17)
          at Array.forEach (<anonymous>)
          at Array.forEach (<anonymous>)

    console.log
      ­ƒôì Route: ^\/api\/training\/?(?=\/|$)/drills/:id/assign

      at log (server.js:448:17)
          at Array.forEach (<anonymous>)
          at Array.forEach (<anonymous>)

    console.log
      ­ƒôì Route: ^\/api\/training\/?(?=\/|$)/my-drills

      at log (server.js:448:17)
          at Array.forEach (<anonymous>)
          at Array.forEach (<anonymous>)

    console.log
      ­ƒôì Route: ^\/api\/training\/?(?=\/|$)/submissions

      at log (server.js:448:17)
          at Array.forEach (<anonymous>)
          at Array.forEach (<anonymous>)

    console.log
      ­ƒôì Route: ^\/api\/training\/?(?=\/|$)/submissions

      at log (server.js:448:17)
          at Array.forEach (<anonymous>)
          at Array.forEach (<anonymous>)

    console.log
      ­ƒôì Route: ^\/api\/training\/?(?=\/|$)/submissions/:id/review

      at log (server.js:448:17)
          at Array.forEach (<anonymous>)
          at Array.forEach (<anonymous>)

    console.log
      ­ƒôì Route: ^\/api\/training\/?(?=\/|$)/skills/:playerId

      at log (server.js:448:17)
          at Array.forEach (<anonymous>)
          at Array.forEach (<anonymous>)

    console.log
      ­ƒôì Route: ^\/api\/training\/?(?=\/|$)/team-progress/:teamId

      at log (server.js:448:17)
          at Array.forEach (<anonymous>)
          at Array.forEach (<anonymous>)

    console.log
      2026-04-11T15:19:50.005Z - POST /api/auth/register - ::ffff:127.0.0.1

      at log (server.js:227:11)

    console.log
      Ô£à Welcome email sent to: new_user@test.com

      at log (routes/auth.js:106:13)

    console.log
      2026-04-11T15:19:50.026Z - POST /api/auth/register - ::ffff:127.0.0.1

      at log (server.js:227:11)

    console.log
      Ô£à Welcome email sent to: new_org@test.com

      at log (routes/auth.js:106:13)

    console.log
      2026-04-11T15:19:50.037Z - POST /api/auth/login - ::ffff:127.0.0.1

      at log (server.js:227:11)

    console.log
      ­ƒöæ Login Attempt: parent@test.com

      at log (routes/auth.js:363:15)

    console.log
      2026-04-11T15:19:50.049Z - POST /api/auth/register - ::ffff:127.0.0.1

      at log (server.js:227:11)

PASS tests/feature-onboard-existing-stripe.test.js
  ÔùÅ Console

    console.log
      ÔÜá´©Å  Payment processing is DISABLED. Set ENABLE_PAYMENT_PROCESSING=true in .env to enable.

      at Object.log (middleware/payment-guard.js:20:11)

    console.log
      ­ƒôì Route: /api/run-temp-migration

      at log (server.js:444:13)
          at Array.forEach (<anonymous>)

    console.log
      ­ƒôì Route: *

      at log (server.js:444:13)
          at Array.forEach (<anonymous>)

    console.log
      ­ƒôì Route: /api/test-now

      at log (server.js:444:13)
          at Array.forEach (<anonymous>)

    console.log
      ­ƒôì Route: /health

      at log (server.js:444:13)
          at Array.forEach (<anonymous>)

    console.log
      ­ƒôì Route: /api/health

      at log (server.js:444:13)
          at Array.forEach (<anonymous>)

    console.log
      ­ƒôì Route: /api/public-debug/:id

      at log (server.js:444:13)
          at Array.forEach (<anonymous>)

    console.log
      ­ƒôì Route: ^\/api\/auth\/?(?=\/|$)/register

      at log (server.js:448:17)
          at Array.forEach (<anonymous>)
          at Array.forEach (<anonymous>)

    console.log
      ­ƒôì Route: ^\/api\/auth\/?(?=\/|$)/login

      at log (server.js:448:17)
          at Array.forEach (<anonymous>)
          at Array.forEach (<anonymous>)

    console.log
      ­ƒôì Route: ^\/api\/auth\/?(?=\/|$)/logout

      at log (server.js:448:17)
          at Array.forEach (<anonymous>)
          at Array.forEach (<anonymous>)

    console.log
      ­ƒôì Route: ^\/api\/auth\/?(?=\/|$)/seed-demo-users

      at log (server.js:448:17)
          at Array.forEach (<anonymous>)
          at Array.forEach (<anonymous>)

    console.log
      ­ƒôì Route: ^\/api\/auth\/?(?=\/|$)/me

      at log (server.js:448:17)
          at Array.forEach (<anonymous>)
          at Array.forEach (<anonymous>)

    console.log
      ­ƒôì Route: ^\/api\/auth\/?(?=\/|$)/find-user

      at log (server.js:448:17)
          at Array.forEach (<anonymous>)
          at Array.forEach (<anonymous>)

    console.log
      ­ƒôì Route: ^\/api\/auth\/?(?=\/|$)/add-child

      at log (server.js:448:17)
          at Array.forEach (<anonymous>)
          at Array.forEach (<anonymous>)

    console.log
      ­ƒôì Route: ^\/api\/auth\/?(?=\/|$)/children

      at log (server.js:448:17)
          at Array.forEach (<anonymous>)
          at Array.forEach (<anonymous>)

    console.log
      ­ƒôì Route: ^\/api\/auth\/?(?=\/|$)/children/:childId

      at log (server.js:448:17)
          at Array.forEach (<anonymous>)
          at Array.forEach (<anonymous>)

    console.log
      ­ƒôì Route: ^\/api\/auth\/?(?=\/|$)/organizations

      at log (server.js:448:17)
          at Array.forEach (<anonymous>)
          at Array.forEach (<anonymous>)

    console.log
      ­ƒôì Route: ^\/api\/auth\/?(?=\/|$)/context

      at log (server.js:448:17)
          at Array.forEach (<anonymous>)
          at Array.forEach (<anonymous>)

    console.log
      ­ƒôì Route: ^\/api\/auth\/?(?=\/|$)/switch-organization

      at log (server.js:448:17)
          at Array.forEach (<anonymous>)
          at Array.forEach (<anonymous>)

    console.log
      ­ƒôì Route: ^\/api\/auth\/?(?=\/|$)/profile

      at log (server.js:448:17)
          at Array.forEach (<anonymous>)
          at Array.forEach (<anonymous>)

    console.log
      ­ƒôì Route: ^\/api\/auth\/?(?=\/|$)/profile

      at log (server.js:448:17)
          at Array.forEach (<anonymous>)
          at Array.forEach (<anonymous>)

    console.log
      ­ƒôì Route: ^\/api\/auth\/?(?=\/|$)/gdpr/export

      at log (server.js:448:17)
          at Array.forEach (<anonymous>)
          at Array.forEach (<anonymous>)

    console.log
      ­ƒôì Route: ^\/api\/auth\/?(?=\/|$)/gdpr/delete

      at log (server.js:448:17)
          at Array.forEach (<anonymous>)
          at Array.forEach (<anonymous>)

    console.log
      ­ƒôì Route: ^\/api\/auth\/?(?=\/|$)/forgot-password

      at log (server.js:448:17)
          at Array.forEach (<anonymous>)
          at Array.forEach (<anonymous>)

    console.log
      ­ƒôì Route: ^\/api\/auth\/?(?=\/|$)/reset-password

      at log (server.js:448:17)
          at Array.forEach (<anonymous>)
          at Array.forEach (<anonymous>)

    console.log
      ­ƒôì Route: ^\/api\/auth\/?(?=\/|$)/profile-personal

      at log (server.js:448:17)
          at Array.forEach (<anonymous>)
          at Array.forEach (<anonymous>)

    console.log
      ­ƒôì Route: ^\/api\/auth\/?(?=\/|$)/change-password

      at log (server.js:448:17)
          at Array.forEach (<anonymous>)
          at Array.forEach (<anonymous>)

    console.log
      ­ƒôì Route: ^\/api\/auth\/?(?=\/|$)/settings

      at log (server.js:448:17)
          at Array.forEach (<anonymous>)
          at Array.forEach (<anonymous>)

    console.log
      ­ƒôì Route: ^\/api\/auth\/?(?=\/|$)/settings

      at log (server.js:448:17)
          at Array.forEach (<anonymous>)
          at Array.forEach (<anonymous>)

    console.log
      ­ƒôì Route: ^\/api\/auth\/?(?=\/|$)/account

      at log (server.js:448:17)
          at Array.forEach (<anonymous>)
          at Array.forEach (<anonymous>)

    console.log
      ­ƒôì Route: ^\/api\/auth\/?(?=\/|$)/tours/complete

      at log (server.js:448:17)
          at Array.forEach (<anonymous>)
          at Array.forEach (<anonymous>)

    console.log
      ­ƒôì Route: ^\/api\/auth\/?(?=\/|$)/switch-organization

      at log (server.js:448:17)
          at Array.forEach (<anonymous>)
          at Array.forEach (<anonymous>)

    console.log
      ­ƒôì Route: ^\/api\/auth\/?(?=\/|$)/context

      at log (server.js:448:17)
          at Array.forEach (<anonymous>)
          at Array.forEach (<anonymous>)

    console.log
      ­ƒôì Route: ^\/api\/auth\/?(?=\/|$)/me

      at log (server.js:448:17)
          at Array.forEach (<anonymous>)
          at Array.forEach (<anonymous>)

    console.log
      ­ƒôì Route: ^\/api\/organizations\/?(?=\/|$)/

      at log (server.js:448:17)
          at Array.forEach (<anonymous>)
          at Array.forEach (<anonymous>)

    console.log
      ­ƒôì Route: ^\/api\/organizations\/?(?=\/|$)/:id

      at log (server.js:448:17)
          at Array.forEach (<anonymous>)
          at Array.forEach (<anonymous>)

    console.log
      ­ƒôì Route: ^\/api\/organizations\/?(?=\/|$)/super/:id

      at log (server.js:448:17)
          at Array.forEach (<anonymous>)
          at Array.forEach (<anonymous>)

    console.log
      ­ƒôì Route: ^\/api\/organizations\/?(?=\/|$)/

      at log (server.js:448:17)
          at Array.forEach (<anonymous>)
          at Array.forEach (<anonymous>)

    console.log
      ­ƒôì Route: ^\/api\/organizations\/?(?=\/|$)/:id

      at log (server.js:448:17)
          at Array.forEach (<anonymous>)
          at Array.forEach (<anonymous>)

    console.log
      ­ƒôì Route: ^\/api\/organizations\/?(?=\/|$)/:id

      at log (server.js:448:17)
          at Array.forEach (<anonymous>)
          at Array.forEach (<anonymous>)

    console.log
      ­ƒôì Route: ^\/api\/organizations\/?(?=\/|$)/:id/members

      at log (server.js:448:17)
          at Array.forEach (<anonymous>)
          at Array.forEach (<anonymous>)

    console.log
      ­ƒôì Route: ^\/api\/organizations\/?(?=\/|$)/:id/images

      at log (server.js:448:17)
          at Array.forEach (<anonymous>)
          at Array.forEach (<anonymous>)

    console.log
      ­ƒôì Route: ^\/api\/organizations\/?(?=\/|$)/:id/logo

      at log (server.js:448:17)
          at Array.forEach (<anonymous>)
          at Array.forEach (<anonymous>)

    console.log
      ­ƒôì Route: ^\/api\/organizations\/?(?=\/|$)/:id/images

      at log (server.js:448:17)
          at Array.forEach (<anonymous>)
          at Array.forEach (<anonymous>)

    console.log
      ­ƒôì Route: ^\/api\/invitations\/?(?=\/|$)/:orgId/invite

      at log (server.js:448:17)
          at Array.forEach (<anonymous>)
          at Array.forEach (<anonymous>)

    console.log
      ­ƒôì Route: ^\/api\/invitations\/?(?=\/|$)/:token

      at log (server.js:448:17)
          at Array.forEach (<anonymous>)
          at Array.forEach (<anonymous>)

    console.log
      ­ƒôì Route: ^\/api\/invitations\/?(?=\/|$)/:token/accept

      at log (server.js:448:17)
          at Array.forEach (<anonymous>)
          at Array.forEach (<anonymous>)

    console.log
      ­ƒôì Route: ^\/api\/invitations\/?(?=\/|$)/:token/decline

      at log (server.js:448:17)
          at Array.forEach (<anonymous>)
          at Array.forEach (<anonymous>)

    console.log
      ­ƒôì Route: ^\/api\/invitations\/?(?=\/|$)/:orgId/invitations

      at log (server.js:448:17)
          at Array.forEach (<anonymous>)
          at Array.forEach (<anonymous>)

    console.log
      ­ƒôì Route: ^\/api\/platform-admin\/?(?=\/|$)/stats

      at log (server.js:448:17)
          at Array.forEach (<anonymous>)
          at Array.forEach (<anonymous>)

    console.log
      ­ƒôì Route: ^\/api\/platform-admin\/?(?=\/|$)/organizations

      at log (server.js:448:17)
          at Array.forEach (<anonymous>)
          at Array.forEach (<anonymous>)

    console.log
      ­ƒôì Route: ^\/api\/platform-admin\/?(?=\/|$)/users

      at log (server.js:448:17)
          at Array.forEach (<anonymous>)
          at Array.forEach (<anonymous>)

    console.log
      ­ƒôì Route: ^\/api\/platform-admin\/?(?=\/|$)/stripe/overview

      at log (server.js:448:17)
          at Array.forEach (<anonymous>)
          at Array.forEach (<anonymous>)

    console.log
      ­ƒôì Route: ^\/api\/platform-admin\/?(?=\/|$)/organization/:id

      at log (server.js:448:17)
          at Array.forEach (<anonymous>)
          at Array.forEach (<anonymous>)

    console.log
      ­ƒôì Route: ^\/api\/platform-admin\/?(?=\/|$)/organizations/:id/status

      at log (server.js:448:17)
          at Array.forEach (<anonymous>)
          at Array.forEach (<anonymous>)

    console.log
      ­ƒôì Route: ^\/api\/platform-admin\/?(?=\/|$)/organizations/:id

      at log (server.js:448:17)
          at Array.forEach (<anonymous>)
          at Array.forEach (<anonymous>)

    console.log
      ­ƒôì Route: ^\/api\/platform-admin\/?(?=\/|$)/set-admin/:userId

      at log (server.js:448:17)
          at Array.forEach (<anonymous>)
          at Array.forEach (<anonymous>)

    console.log
      ­ƒôì Route: ^\/api\/platform-admin\/?(?=\/|$)/activity

      at log (server.js:448:17)
          at Array.forEach (<anonymous>)
          at Array.forEach (<anonymous>)

    console.log
      ­ƒôì Route: ^\/api\/platform-admin\/?(?=\/|$)/users

      at log (server.js:448:17)
          at Array.forEach (<anonymous>)
          at Array.forEach (<anonymous>)

    console.log
      ­ƒôì Route: ^\/api\/platform-admin\/?(?=\/|$)/users/:userId/status

      at log (server.js:448:17)
          at Array.forEach (<anonymous>)
          at Array.forEach (<anonymous>)

    console.log
      ­ƒôì Route: ^\/api\/platform-admin\/?(?=\/|$)/users/:userId

      at log (server.js:448:17)
          at Array.forEach (<anonymous>)
          at Array.forEach (<anonymous>)

    console.log
      ­ƒôì Route: ^\/api\/platform-admin\/?(?=\/|$)/generate-mock-data

      at log (server.js:448:17)
          at Array.forEach (<anonymous>)
          at Array.forEach (<anonymous>)

    console.log
      ­ƒôì Route: ^\/api\/platform-admin\/?(?=\/|$)/onboard-club

      at log (server.js:448:17)
          at Array.forEach (<anonymous>)
          at Array.forEach (<anonymous>)

    console.log
      ­ƒôì Route: ^\/api\/platform-admin\/?(?=\/|$)/scout-verifications

      at log (server.js:448:17)
          at Array.forEach (<anonymous>)
          at Array.forEach (<anonymous>)

    console.log
      ­ƒôì Route: ^\/api\/platform-admin\/?(?=\/|$)/scout-verifications/:id/resolve

      at log (server.js:448:17)
          at Array.forEach (<anonymous>)
          at Array.forEach (<anonymous>)

    console.log
      ­ƒôì Route: ^\/api\/clubs\/?(?=\/|$)/

      at log (server.js:448:17)
          at Array.forEach (<anonymous>)
          at Array.forEach (<anonymous>)

    console.log
      ­ƒôì Route: ^\/api\/clubs\/?(?=\/|$)/:id/public-listings

      at log (server.js:448:17)
          at Array.forEach (<anonymous>)
          at Array.forEach (<anonymous>)

    console.log
      ­ƒôì Route: ^\/api\/clubs\/?(?=\/|$)/:id

      at log (server.js:448:17)
          at Array.forEach (<anonymous>)
          at Array.forEach (<anonymous>)

    console.log
      ­ƒôì Route: ^\/api\/clubs\/?(?=\/|$)/:id/claim

      at log (server.js:448:17)
          at Array.forEach (<anonymous>)
          at Array.forEach (<anonymous>)

    console.log
      ­ƒôì Route: ^\/api\/clubs\/?(?=\/|$)/:id/teams

      at log (server.js:448:17)
          at Array.forEach (<anonymous>)
          at Array.forEach (<anonymous>)

    console.log
      ­ƒôì Route: ^\/api\/clubs\/?(?=\/|$)/

      at log (server.js:448:17)
          at Array.forEach (<anonymous>)
          at Array.forEach (<anonymous>)

    console.log
      ­ƒôì Route: ^\/api\/clubs\/?(?=\/|$)/:id

      at log (server.js:448:17)
          at Array.forEach (<anonymous>)
          at Array.forEach (<anonymous>)

    console.log
      ­ƒôì Route: ^\/api\/clubs\/?(?=\/|$)/:id

      at log (server.js:448:17)
          at Array.forEach (<anonymous>)
          at Array.forEach (<anonymous>)

    console.log
      ­ƒôì Route: ^\/api\/clubs\/?(?=\/|$)/:id/apply

      at log (server.js:448:17)
          at Array.forEach (<anonymous>)
          at Array.forEach (<anonymous>)

    console.log
      ­ƒôì Route: ^\/api\/clubs\/?(?=\/|$)/:id/applications

      at log (server.js:448:17)
          at Array.forEach (<anonymous>)
          at Array.forEach (<anonymous>)

    console.log
      ­ƒôì Route: ^\/api\/clubs\/?(?=\/|$)/applications/:applicationId/review

      at log (server.js:448:17)
          at Array.forEach (<anonymous>)
          at Array.forEach (<anonymous>)

    console.log
      ­ƒôì Route: ^\/api\/clubs\/?(?=\/|$)/:id/stats

      at log (server.js:448:17)
          at Array.forEach (<anonymous>)
          at Array.forEach (<anonymous>)

    console.log
      ­ƒôì Route: ^\/api\/clubs\/?(?=\/|$)/:id/images

      at log (server.js:448:17)
          at Array.forEach (<anonymous>)
          at Array.forEach (<anonymous>)

    console.log
      ­ƒôì Route: ^\/api\/clubs\/?(?=\/|$)/:id/images

      at log (server.js:448:17)
          at Array.forEach (<anonymous>)
          at Array.forEach (<anonymous>)

    console.log
      ­ƒôì Route: ^\/api\/clubs\/?(?=\/|$)/:id/reviews

      at log (server.js:448:17)
          at Array.forEach (<anonymous>)
          at Array.forEach (<anonymous>)

    console.log
      ­ƒôì Route: ^\/api\/clubs\/?(?=\/|$)/:id/reviews

      at log (server.js:448:17)
          at Array.forEach (<anonymous>)
          at Array.forEach (<anonymous>)

    console.log
      ­ƒôì Route: ^\/api\/players\/?(?=\/|$)/family

      at log (server.js:448:17)
          at Array.forEach (<anonymous>)
          at Array.forEach (<anonymous>)

    console.log
      ­ƒôì Route: ^\/api\/players\/?(?=\/|$)/

      at log (server.js:448:17)
          at Array.forEach (<anonymous>)
          at Array.forEach (<anonymous>)

    console.log
      ­ƒôì Route: ^\/api\/players\/?(?=\/|$)/filtered/:filter

      at log (server.js:448:17)
          at Array.forEach (<anonymous>)
          at Array.forEach (<anonymous>)

    console.log
      ­ƒôì Route: ^\/api\/players\/?(?=\/|$)/scout

      at log (server.js:448:17)
          at Array.forEach (<anonymous>)
          at Array.forEach (<anonymous>)

    console.log
      ­ƒôì Route: ^\/api\/players\/?(?=\/|$)/:id

      at log (server.js:448:17)
          at Array.forEach (<anonymous>)
          at Array.forEach (<anonymous>)

    console.log
      ­ƒôì Route: ^\/api\/players\/?(?=\/|$)/filtered/:filter

      at log (server.js:448:17)
          at Array.forEach (<anonymous>)
          at Array.forEach (<anonymous>)

    console.log
      ­ƒôì Route: ^\/api\/players\/?(?=\/|$)/

      at log (server.js:448:17)
          at Array.forEach (<anonymous>)
          at Array.forEach (<anonymous>)

    console.log
      ­ƒôì Route: ^\/api\/players\/?(?=\/|$)/:id

      at log (server.js:448:17)
          at Array.forEach (<anonymous>)
          at Array.forEach (<anonymous>)

    console.log
      ­ƒôì Route: ^\/api\/players\/?(?=\/|$)/:id

      at log (server.js:448:17)
          at Array.forEach (<anonymous>)
          at Array.forEach (<anonymous>)

    console.log
      ­ƒôì Route: ^\/api\/players\/?(?=\/|$)/:id/stats

      at log (server.js:448:17)
          at Array.forEach (<anonymous>)
          at Array.forEach (<anonymous>)

    console.log
      ­ƒôì Route: ^\/api\/players\/?(?=\/|$)/:id/payment-status

      at log (server.js:448:17)
          at Array.forEach (<anonymous>)
          at Array.forEach (<anonymous>)

    console.log
      ­ƒôì Route: ^\/api\/players\/?(?=\/|$)/child

      at log (server.js:448:17)
          at Array.forEach (<anonymous>)
          at Array.forEach (<anonymous>)

    console.log
      ­ƒôì Route: ^\/api\/players\/?(?=\/|$)/child/:id

      at log (server.js:448:17)
          at Array.forEach (<anonymous>)
          at Array.forEach (<anonymous>)

    console.log
      ­ƒôì Route: ^\/api\/players\/?(?=\/|$)/:id/history

      at log (server.js:448:17)
          at Array.forEach (<anonymous>)
          at Array.forEach (<anonymous>)

    console.log
      ­ƒôì Route: ^\/api\/players\/?(?=\/|$)/:id/history

      at log (server.js:448:17)
          at Array.forEach (<anonymous>)
          at Array.forEach (<anonymous>)

    console.log
      ­ƒôì Route: ^\/api\/players\/?(?=\/|$)/history/:historyId

      at log (server.js:448:17)
          at Array.forEach (<anonymous>)
          at Array.forEach (<anonymous>)

    console.log
      ­ƒôì Route: ^\/api\/players\/?(?=\/|$)/:id/history

      at log (server.js:448:17)
          at Array.forEach (<anonymous>)
          at Array.forEach (<anonymous>)

    console.log
      ­ƒôì Route: ^\/api\/players\/?(?=\/|$)/:id/history

      at log (server.js:448:17)
          at Array.forEach (<anonymous>)
          at Array.forEach (<anonymous>)

    console.log
      ­ƒôì Route: ^\/api\/players\/?(?=\/|$)/:id/history/:historyId

      at log (server.js:448:17)
          at Array.forEach (<anonymous>)
          at Array.forEach (<anonymous>)

    console.log
      ­ƒôì Route: ^\/api\/players\/?(?=\/|$)/:id/stats

      at log (server.js:448:17)
          at Array.forEach (<anonymous>)
          at Array.forEach (<anonymous>)

    console.log
      ­ƒôì Route: ^\/api\/players\/?(?=\/|$)/:id/activities

      at log (server.js:448:17)
          at Array.forEach (<anonymous>)
          at Array.forEach (<anonymous>)

    console.log
      ­ƒôì Route: ^\/api\/staff\/?(?=\/|$)/

      at log (server.js:448:17)
          at Array.forEach (<anonymous>)
          at Array.forEach (<anonymous>)

    console.log
      ­ƒôì Route: ^\/api\/staff\/?(?=\/|$)/:id

      at log (server.js:448:17)
          at Array.forEach (<anonymous>)
          at Array.forEach (<anonymous>)

    console.log
      ­ƒôì Route: ^\/api\/staff\/?(?=\/|$)/:id/performance

      at log (server.js:448:17)
          at Array.forEach (<anonymous>)
          at Array.forEach (<anonymous>)

    console.log
      ­ƒôì Route: ^\/api\/staff\/?(?=\/|$)/:id/role

      at log (server.js:448:17)
          at Array.forEach (<anonymous>)
          at Array.forEach (<anonymous>)

    console.log
      ­ƒôì Route: ^\/api\/staff\/?(?=\/|$)/:id/schedule

      at log (server.js:448:17)
          at Array.forEach (<anonymous>)
          at Array.forEach (<anonymous>)

    console.log
      ­ƒôì Route: ^\/api\/staff\/?(?=\/|$)/

      at log (server.js:448:17)
          at Array.forEach (<anonymous>)
          at Array.forEach (<anonymous>)

    console.log
      ­ƒôì Route: ^\/api\/staff\/?(?=\/|$)/:id

      at log (server.js:448:17)
          at Array.forEach (<anonymous>)
          at Array.forEach (<anonymous>)

    console.log
      ­ƒôì Route: ^\/api\/staff\/?(?=\/|$)/:id

      at log (server.js:448:17)
          at Array.forEach (<anonymous>)
          at Array.forEach (<anonymous>)

    console.log
      ­ƒôì Route: ^\/api\/staff\/?(?=\/|$)/club/:clubId

      at log (server.js:448:17)
          at Array.forEach (<anonymous>)
          at Array.forEach (<anonymous>)

    console.log
      ­ƒôì Route: ^\/api\/staff\/?(?=\/|$)/:id/permissions

      at log (server.js:448:17)
          at Array.forEach (<anonymous>)
          at Array.forEach (<anonymous>)

    console.log
      ­ƒôì Route: ^\/api\/staff\/?(?=\/|$)/:id/dashboard

      at log (server.js:448:17)
          at Array.forEach (<anonymous>)
          at Array.forEach (<anonymous>)

    console.log
      ­ƒôì Route: ^\/api\/staff\/?(?=\/|$)/:id/performance

      at log (server.js:448:17)
          at Array.forEach (<anonymous>)
          at Array.forEach (<anonymous>)

    console.log
      ­ƒôì Route: ^\/api\/staff\/?(?=\/|$)/:id/role

      at log (server.js:448:17)
          at Array.forEach (<anonymous>)
          at Array.forEach (<anonymous>)

    console.log
      ­ƒôì Route: ^\/api\/staff\/?(?=\/|$)/:id/schedule

      at log (server.js:448:17)
          at Array.forEach (<anonymous>)
          at Array.forEach (<anonymous>)

    console.log
      ­ƒôì Route: ^\/api\/staff\/?(?=\/|$)/:id/verify-scout

      at log (server.js:448:17)
          at Array.forEach (<anonymous>)
          at Array.forEach (<anonymous>)

    console.log
      ­ƒôì Route: ^\/api\/teams\/?(?=\/|$)/

      at log (server.js:448:17)
          at Array.forEach (<anonymous>)
          at Array.forEach (<anonymous>)

    console.log
      ­ƒôì Route: ^\/api\/teams\/?(?=\/|$)/player/:userId

      at log (server.js:448:17)
          at Array.forEach (<anonymous>)
          at Array.forEach (<anonymous>)

    console.log
      ­ƒôì Route: ^\/api\/teams\/?(?=\/|$)/:id

      at log (server.js:448:17)
          at Array.forEach (<anonymous>)
          at Array.forEach (<anonymous>)

    console.log
      ­ƒôì Route: ^\/api\/teams\/?(?=\/|$)/

      at log (server.js:448:17)
          at Array.forEach (<anonymous>)
          at Array.forEach (<anonymous>)

    console.log
      ­ƒôì Route: ^\/api\/teams\/?(?=\/|$)/:id

      at log (server.js:448:17)
          at Array.forEach (<anonymous>)
          at Array.forEach (<anonymous>)

    console.log
      ­ƒôì Route: ^\/api\/teams\/?(?=\/|$)/:id

      at log (server.js:448:17)
          at Array.forEach (<anonymous>)
          at Array.forEach (<anonymous>)

    console.log
      ­ƒôì Route: ^\/api\/teams\/?(?=\/|$)/:id/players

      at log (server.js:448:17)
          at Array.forEach (<anonymous>)
          at Array.forEach (<anonymous>)

    console.log
      ­ƒôì Route: ^\/api\/teams\/?(?=\/|$)/:id/players/:playerId

      at log (server.js:448:17)
          at Array.forEach (<anonymous>)
          at Array.forEach (<anonymous>)

    console.log
      ­ƒôì Route: ^\/api\/teams\/?(?=\/|$)/:id/stats

      at log (server.js:448:17)
          at Array.forEach (<anonymous>)
          at Array.forEach (<anonymous>)

    console.log
      ­ƒôì Route: ^\/api\/teams\/?(?=\/|$)/:id/availability

      at log (server.js:448:17)
          at Array.forEach (<anonymous>)
          at Array.forEach (<anonymous>)

    console.log
      ­ƒôì Route: ^\/api\/teams\/?(?=\/|$)/:id/dashboard

      at log (server.js:448:17)
          at Array.forEach (<anonymous>)
          at Array.forEach (<anonymous>)

    console.log
      ­ƒôì Route: ^\/api\/events\/?(?=\/|$)/

      at log (server.js:448:17)
          at Array.forEach (<anonymous>)
          at Array.forEach (<anonymous>)

    console.log
      ­ƒôì Route: ^\/api\/events\/?(?=\/|$)/:id

      at log (server.js:448:17)
          at Array.forEach (<anonymous>)
          at Array.forEach (<anonymous>)

    console.log
      ­ƒôì Route: ^\/api\/events\/?(?=\/|$)/

      at log (server.js:448:17)
          at Array.forEach (<anonymous>)
          at Array.forEach (<anonymous>)

    console.log
      ­ƒôì Route: ^\/api\/events\/?(?=\/|$)/:id

      at log (server.js:448:17)
          at Array.forEach (<anonymous>)
          at Array.forEach (<anonymous>)

    console.log
      ­ƒôì Route: ^\/api\/events\/?(?=\/|$)/:id

      at log (server.js:448:17)
          at Array.forEach (<anonymous>)
          at Array.forEach (<anonymous>)

    console.log
      ­ƒôì Route: ^\/api\/events\/?(?=\/|$)/:id/book

      at log (server.js:448:17)
          at Array.forEach (<anonymous>)
          at Array.forEach (<anonymous>)

    console.log
      ­ƒôì Route: ^\/api\/events\/?(?=\/|$)/bookings/:bookingId/cancel

      at log (server.js:448:17)
          at Array.forEach (<anonymous>)
          at Array.forEach (<anonymous>)

    console.log
      ­ƒôì Route: ^\/api\/events\/?(?=\/|$)/:id/bookings

      at log (server.js:448:17)
          at Array.forEach (<anonymous>)
          at Array.forEach (<anonymous>)

    console.log
      ­ƒôì Route: ^\/api\/events\/?(?=\/|$)/bookings/my-bookings

      at log (server.js:448:17)
          at Array.forEach (<anonymous>)
          at Array.forEach (<anonymous>)

    console.log
      ­ƒôì Route: ^\/api\/events\/?(?=\/|$)/:id/roster

      at log (server.js:448:17)
          at Array.forEach (<anonymous>)
          at Array.forEach (<anonymous>)

    console.log
      ­ƒôì Route: ^\/api\/events\/?(?=\/|$)/:id/nudge

      at log (server.js:448:17)
          at Array.forEach (<anonymous>)
          at Array.forEach (<anonymous>)

    console.log
      ­ƒôì Route: ^\/api\/events\/?(?=\/|$)/:id/availability

      at log (server.js:448:17)
          at Array.forEach (<anonymous>)
          at Array.forEach (<anonymous>)

    console.log
      ­ƒôì Route: ^\/api\/events\/?(?=\/|$)/:id/availability/override

      at log (server.js:448:17)
          at Array.forEach (<anonymous>)
          at Array.forEach (<anonymous>)

    console.log
      ­ƒôì Route: ^\/api\/events\/?(?=\/|$)/:id/availability

      at log (server.js:448:17)
          at Array.forEach (<anonymous>)
          at Array.forEach (<anonymous>)

    console.log
      ­ƒôì Route: ^\/api\/events\/?(?=\/|$)/:id/notify

      at log (server.js:448:17)
          at Array.forEach (<anonymous>)
          at Array.forEach (<anonymous>)

    console.log
      ­ƒôì Route: ^\/api\/events\/?(?=\/|$)/:id

      at log (server.js:448:17)
          at Array.forEach (<anonymous>)
          at Array.forEach (<anonymous>)

    console.log
      ­ƒôì Route: ^\/api\/events\/?(?=\/|$)/:id/checkin

      at log (server.js:448:17)
          at Array.forEach (<anonymous>)
          at Array.forEach (<anonymous>)

    console.log
      ­ƒôì Route: ^\/api\/events\/?(?=\/|$)/:id/checkins

      at log (server.js:448:17)
          at Array.forEach (<anonymous>)
          at Array.forEach (<anonymous>)

    console.log
      ­ƒôì Route: ^\/api\/events\/?(?=\/|$)/:id/result

      at log (server.js:448:17)
          at Array.forEach (<anonymous>)
          at Array.forEach (<anonymous>)

    console.log
      ­ƒôì Route: ^\/api\/events\/?(?=\/|$)/:id/groups

      at log (server.js:448:17)
          at Array.forEach (<anonymous>)
          at Array.forEach (<anonymous>)

    console.log
      ­ƒôì Route: ^\/api\/events\/?(?=\/|$)/:id/players

      at log (server.js:448:17)
          at Array.forEach (<anonymous>)
          at Array.forEach (<anonymous>)

    console.log
      ­ƒôì Route: ^\/api\/events\/?(?=\/|$)/:id/groups

      at log (server.js:448:17)
          at Array.forEach (<anonymous>)
          at Array.forEach (<anonymous>)

    console.log
      ­ƒôì Route: ^\/api\/events\/?(?=\/|$)/:id/assign-group

      at log (server.js:448:17)
          at Array.forEach (<anonymous>)
          at Array.forEach (<anonymous>)

    console.log
      ­ƒôì Route: ^\/api\/events\/?(?=\/|$)/:id/bibs

      at log (server.js:448:17)
          at Array.forEach (<anonymous>)
          at Array.forEach (<anonymous>)

    console.log
      ­ƒôì Route: ^\/api\/events\/?(?=\/|$)/:id/export

      at log (server.js:448:17)
          at Array.forEach (<anonymous>)
          at Array.forEach (<anonymous>)

    console.log
      ­ƒôì Route: ^\/api\/events\/?(?=\/|$)/:id/checkin

      at log (server.js:448:17)
          at Array.forEach (<anonymous>)
          at Array.forEach (<anonymous>)

    console.log
      ­ƒôì Route: ^\/api\/events\/?(?=\/|$)/:id/results

      at log (server.js:448:17)
          at Array.forEach (<anonymous>)
          at Array.forEach (<anonymous>)

    console.log
      ­ƒôì Route: ^\/api\/events\/?(?=\/|$)/:id/player-stats

      at log (server.js:448:17)
          at Array.forEach (<anonymous>)
          at Array.forEach (<anonymous>)

    console.log
      ­ƒôì Route: ^\/api\/payments\/?(?=\/|$)/config

      at log (server.js:448:17)
          at Array.forEach (<anonymous>)
          at Array.forEach (<anonymous>)

    console.log
      ­ƒôì Route: ^\/api\/payments\/?(?=\/|$)/stripe/connect/status

      at log (server.js:448:17)
          at Array.forEach (<anonymous>)
          at Array.forEach (<anonymous>)

    console.log
      ­ƒôì Route: ^\/api\/payments\/?(?=\/|$)/stripe/connect/onboard

      at log (server.js:448:17)
          at Array.forEach (<anonymous>)
          at Array.forEach (<anonymous>)

    console.log
      ­ƒôì Route: ^\/api\/payments\/?(?=\/|$)/stripe/connect/manage

      at log (server.js:448:17)
          at Array.forEach (<anonymous>)
          at Array.forEach (<anonymous>)

    console.log
      ­ƒôì Route: ^\/api\/payments\/?(?=\/|$)/health

      at log (server.js:448:17)
          at Array.forEach (<anonymous>)
          at Array.forEach (<anonymous>)

    console.log
      ­ƒôì Route: ^\/api\/payments\/?(?=\/|$)/plans

      at log (server.js:448:17)
          at Array.forEach (<anonymous>)
          at Array.forEach (<anonymous>)

    console.log
      ­ƒôì Route: ^\/api\/payments\/?(?=\/|$)/plans/import

      at log (server.js:448:17)
          at Array.forEach (<anonymous>)
          at Array.forEach (<anonymous>)

    console.log
      ­ƒôì Route: ^\/api\/payments\/?(?=\/|$)/plans

      at log (server.js:448:17)
          at Array.forEach (<anonymous>)
          at Array.forEach (<anonymous>)

    console.log
      ­ƒôì Route: ^\/api\/payments\/?(?=\/|$)/plans/:id

      at log (server.js:448:17)
          at Array.forEach (<anonymous>)
          at Array.forEach (<anonymous>)

    console.log
      ­ƒôì Route: ^\/api\/payments\/?(?=\/|$)/plans/:id

      at log (server.js:448:17)
          at Array.forEach (<anonymous>)
          at Array.forEach (<anonymous>)

    console.log
      ­ƒôì Route: ^\/api\/payments\/?(?=\/|$)/plan/current

      at log (server.js:448:17)
          at Array.forEach (<anonymous>)
          at Array.forEach (<anonymous>)

    console.log
      ­ƒôì Route: ^\/api\/payments\/?(?=\/|$)/plan/assign

      at log (server.js:448:17)
          at Array.forEach (<anonymous>)
          at Array.forEach (<anonymous>)

    console.log
      ­ƒôì Route: ^\/api\/payments\/?(?=\/|$)/bulk-assign-plan-legacy

      at log (server.js:448:17)
          at Array.forEach (<anonymous>)
          at Array.forEach (<anonymous>)

    console.log
      ­ƒôì Route: ^\/api\/payments\/?(?=\/|$)/plan/cancel

      at log (server.js:448:17)
          at Array.forEach (<anonymous>)
          at Array.forEach (<anonymous>)

    console.log
      ­ƒôì Route: ^\/api\/payments\/?(?=\/|$)/

      at log (server.js:448:17)
          at Array.forEach (<anonymous>)
          at Array.forEach (<anonymous>)

    console.log
      ­ƒôì Route: ^\/api\/payments\/?(?=\/|$)/create-intent

      at log (server.js:448:17)
          at Array.forEach (<anonymous>)
          at Array.forEach (<anonymous>)

    console.log
      ­ƒôì Route: ^\/api\/payments\/?(?=\/|$)/confirm-payment

      at log (server.js:448:17)
          at Array.forEach (<anonymous>)
          at Array.forEach (<anonymous>)

    console.log
      ­ƒôì Route: ^\/api\/payments\/?(?=\/|$)/public/:id

      at log (server.js:448:17)
          at Array.forEach (<anonymous>)
          at Array.forEach (<anonymous>)

    console.log
      ­ƒôì Route: ^\/api\/payments\/?(?=\/|$)/:id/payment-link

      at log (server.js:448:17)
          at Array.forEach (<anonymous>)
          at Array.forEach (<anonymous>)

    console.log
      ­ƒôì Route: ^\/api\/payments\/?(?=\/|$)/book-event

      at log (server.js:448:17)
          at Array.forEach (<anonymous>)
          at Array.forEach (<anonymous>)

    console.log
      ­ƒôì Route: ^\/api\/payments\/?(?=\/|$)/

      at log (server.js:448:17)
          at Array.forEach (<anonymous>)
          at Array.forEach (<anonymous>)

    console.log
      ­ƒôì Route: ^\/api\/payments\/?(?=\/|$)/assign-player-plan

      at log (server.js:448:17)
          at Array.forEach (<anonymous>)
          at Array.forEach (<anonymous>)

    console.log
      ­ƒôì Route: ^\/api\/payments\/?(?=\/|$)/bulk-assign-plan

      at log (server.js:448:17)
          at Array.forEach (<anonymous>)
          at Array.forEach (<anonymous>)

    console.log
      ­ƒôì Route: ^\/api\/payments\/?(?=\/|$)/cleanup

      at log (server.js:448:17)
          at Array.forEach (<anonymous>)
          at Array.forEach (<anonymous>)

    console.log
      ­ƒôì Route: ^\/api\/stripe-payouts\/?(?=\/|$)/configure-payout/:accountId

      at log (server.js:448:17)
          at Array.forEach (<anonymous>)
          at Array.forEach (<anonymous>)

    console.log
      ­ƒôì Route: ^\/api\/stripe-payouts\/?(?=\/|$)/payout-schedule/:accountId

      at log (server.js:448:17)
          at Array.forEach (<anonymous>)
          at Array.forEach (<anonymous>)

    console.log
      ­ƒôì Route: ^\/api\/stripe-payouts\/?(?=\/|$)/configure-all-payouts

      at log (server.js:448:17)
          at Array.forEach (<anonymous>)
          at Array.forEach (<anonymous>)

    console.log
      ­ƒôì Route: ^\/api\/stripe-payouts\/?(?=\/|$)/manual-payout/:accountId

      at log (server.js:448:17)
          at Array.forEach (<anonymous>)
          at Array.forEach (<anonymous>)

    console.log
      ­ƒôì Route: ^\/api\/dashboard\/?(?=\/|$)/admin

      at log (server.js:448:17)
          at Array.forEach (<anonymous>)
          at Array.forEach (<anonymous>)

    console.log
      ­ƒôì Route: ^\/api\/dashboard\/?(?=\/|$)/player

      at log (server.js:448:17)
          at Array.forEach (<anonymous>)
          at Array.forEach (<anonymous>)

    console.log
      ­ƒôì Route: ^\/api\/dashboard\/?(?=\/|$)/invitations/:orgId/accept

      at log (server.js:448:17)
          at Array.forEach (<anonymous>)
          at Array.forEach (<anonymous>)

    console.log
      ­ƒôì Route: ^\/api\/dashboard\/?(?=\/|$)/invitations/:orgId/decline

      at log (server.js:448:17)
          at Array.forEach (<anonymous>)
          at Array.forEach (<anonymous>)

    console.log
      ­ƒôì Route: ^\/api\/invites\/?(?=\/|$)/generate

      at log (server.js:448:17)
          at Array.forEach (<anonymous>)
          at Array.forEach (<anonymous>)

    console.log
      ­ƒôì Route: ^\/api\/invites\/?(?=\/|$)/details/:token

      at log (server.js:448:17)
          at Array.forEach (<anonymous>)
          at Array.forEach (<anonymous>)

    console.log
      ­ƒôì Route: ^\/api\/invites\/?(?=\/|$)/accept/:token

      at log (server.js:448:17)
          at Array.forEach (<anonymous>)
          at Array.forEach (<anonymous>)

    console.log
      ­ƒôì Route: ^\/api\/invites\/?(?=\/|$)/decline/:token

      at log (server.js:448:17)
          at Array.forEach (<anonymous>)
          at Array.forEach (<anonymous>)

    console.log
      ­ƒôì Route: ^\/api\/invites\/?(?=\/|$)/sent

      at log (server.js:448:17)
          at Array.forEach (<anonymous>)
          at Array.forEach (<anonymous>)

    console.log
      ­ƒôì Route: ^\/api\/products\/?(?=\/|$)/

      at log (server.js:448:17)
          at Array.forEach (<anonymous>)
          at Array.forEach (<anonymous>)

    console.log
      ­ƒôì Route: ^\/api\/products\/?(?=\/|$)/

      at log (server.js:448:17)
          at Array.forEach (<anonymous>)
          at Array.forEach (<anonymous>)

    console.log
      ­ƒôì Route: ^\/api\/products\/?(?=\/|$)/purchase

      at log (server.js:448:17)
          at Array.forEach (<anonymous>)
          at Array.forEach (<anonymous>)

    console.log
      ­ƒôì Route: ^\/api\/products\/?(?=\/|$)/:id

      at log (server.js:448:17)
          at Array.forEach (<anonymous>)
          at Array.forEach (<anonymous>)

    console.log
      ­ƒôì Route: ^\/api\/products\/?(?=\/|$)/:id

      at log (server.js:448:17)
          at Array.forEach (<anonymous>)
          at Array.forEach (<anonymous>)

    console.log
      ­ƒôì Route: ^\/api\/campaigns\/?(?=\/|$)/

      at log (server.js:448:17)
          at Array.forEach (<anonymous>)
          at Array.forEach (<anonymous>)

    console.log
      ­ƒôì Route: ^\/api\/campaigns\/?(?=\/|$)/

      at log (server.js:448:17)
          at Array.forEach (<anonymous>)
          at Array.forEach (<anonymous>)

    console.log
      ­ƒôì Route: ^\/api\/campaigns\/?(?=\/|$)/:id/send

      at log (server.js:448:17)
          at Array.forEach (<anonymous>)
          at Array.forEach (<anonymous>)

    console.log
      ­ƒôì Route: ^\/api\/listings\/?(?=\/|$)/

      at log (server.js:448:17)
          at Array.forEach (<anonymous>)
          at Array.forEach (<anonymous>)

    console.log
      ­ƒôì Route: ^\/api\/listings\/?(?=\/|$)/

      at log (server.js:448:17)
          at Array.forEach (<anonymous>)
          at Array.forEach (<anonymous>)

    console.log
      ­ƒôì Route: ^\/api\/listings\/?(?=\/|$)/:id/applications

      at log (server.js:448:17)
          at Array.forEach (<anonymous>)
          at Array.forEach (<anonymous>)

    console.log
      ­ƒôì Route: ^\/api\/listings\/?(?=\/|$)/applications/:id/status

      at log (server.js:448:17)
          at Array.forEach (<anonymous>)
          at Array.forEach (<anonymous>)

    console.log
      ­ƒôì Route: ^\/api\/listings\/?(?=\/|$)/applications/:id/invite

      at log (server.js:448:17)
          at Array.forEach (<anonymous>)
          at Array.forEach (<anonymous>)

    console.log
      ­ƒôì Route: ^\/api\/listings\/?(?=\/|$)/:id

      at log (server.js:448:17)
          at Array.forEach (<anonymous>)
          at Array.forEach (<anonymous>)

    console.log
      ­ƒôì Route: ^\/api\/notifications\/?(?=\/|$)/

      at log (server.js:448:17)
          at Array.forEach (<anonymous>)
          at Array.forEach (<anonymous>)

    console.log
      ­ƒôì Route: ^\/api\/notifications\/?(?=\/|$)/

      at log (server.js:448:17)
          at Array.forEach (<anonymous>)
          at Array.forEach (<anonymous>)

    console.log
      ­ƒôì Route: ^\/api\/notifications\/?(?=\/|$)/:id/read

      at log (server.js:448:17)
          at Array.forEach (<anonymous>)
          at Array.forEach (<anonymous>)

    console.log
      ­ƒôì Route: ^\/api\/notifications\/?(?=\/|$)/read-all

      at log (server.js:448:17)
          at Array.forEach (<anonymous>)
          at Array.forEach (<anonymous>)

    console.log
      ­ƒôì Route: ^\/api\/debug\/?(?=\/|$)/check-org/:id

      at log (server.js:448:17)
          at Array.forEach (<anonymous>)
          at Array.forEach (<anonymous>)

    console.log
      ­ƒôì Route: ^\/api\/talent-id\/?(?=\/|$)/register

      at log (server.js:448:17)
          at Array.forEach (<anonymous>)
          at Array.forEach (<anonymous>)

    console.log
      ­ƒôì Route: ^\/api\/talent-id\/?(?=\/|$)/events/:id/dashboard

      at log (server.js:448:17)
          at Array.forEach (<anonymous>)
          at Array.forEach (<anonymous>)

    console.log
      ­ƒôì Route: ^\/api\/talent-id\/?(?=\/|$)/events/:id/schedule

      at log (server.js:448:17)
          at Array.forEach (<anonymous>)
          at Array.forEach (<anonymous>)

    console.log
      ­ƒôì Route: ^\/api\/talent-id\/?(?=\/|$)/bibs/batch

      at log (server.js:448:17)
          at Array.forEach (<anonymous>)
          at Array.forEach (<anonymous>)

    console.log
      ­ƒôì Route: ^\/api\/talent-id\/?(?=\/|$)/events/:id/groups

      at log (server.js:448:17)
          at Array.forEach (<anonymous>)
          at Array.forEach (<anonymous>)

    console.log
      ­ƒôì Route: ^\/api\/talent-id\/?(?=\/|$)/events/:id/auto-assign

      at log (server.js:448:17)
          at Array.forEach (<anonymous>)
          at Array.forEach (<anonymous>)

    console.log
      ­ƒôì Route: ^\/api\/talent-id\/?(?=\/|$)/registrations/:id/checkin

      at log (server.js:448:17)
          at Array.forEach (<anonymous>)
          at Array.forEach (<anonymous>)

    console.log
      ­ƒôì Route: ^\/api\/scouting\/?(?=\/|$)/reports

      at log (server.js:448:17)
          at Array.forEach (<anonymous>)
          at Array.forEach (<anonymous>)

    console.log
      ­ƒôì Route: ^\/api\/scouting\/?(?=\/|$)/reports

      at log (server.js:448:17)
          at Array.forEach (<anonymous>)
          at Array.forEach (<anonymous>)

    console.log
      ­ƒôì Route: ^\/api\/scouting\/?(?=\/|$)/assignments

      at log (server.js:448:17)
          at Array.forEach (<anonymous>)
          at Array.forEach (<anonymous>)

    console.log
      ­ƒôì Route: ^\/api\/scouting\/?(?=\/|$)/contact-requests

      at log (server.js:448:17)
          at Array.forEach (<anonymous>)
          at Array.forEach (<anonymous>)

    console.log
      ­ƒôì Route: ^\/api\/scouting\/?(?=\/|$)/analytics

      at log (server.js:448:17)
          at Array.forEach (<anonymous>)
          at Array.forEach (<anonymous>)

    console.log
      ­ƒôì Route: ^\/api\/scouting\/?(?=\/|$)/verify-me

      at log (server.js:448:17)
          at Array.forEach (<anonymous>)
          at Array.forEach (<anonymous>)

    console.log
      ­ƒôì Route: ^\/api\/scouting\/?(?=\/|$)/watchlist

      at log (server.js:448:17)
          at Array.forEach (<anonymous>)
          at Array.forEach (<anonymous>)

    console.log
      ­ƒôì Route: ^\/api\/scouting\/?(?=\/|$)/watchlist

      at log (server.js:448:17)
          at Array.forEach (<anonymous>)
          at Array.forEach (<anonymous>)

    console.log
      ­ƒôì Route: ^\/api\/scouting\/?(?=\/|$)/watchlist/:playerId

      at log (server.js:448:17)
          at Array.forEach (<anonymous>)
          at Array.forEach (<anonymous>)

    console.log
      ­ƒôì Route: ^\/api\/scouting\/?(?=\/|$)/medical/:id

      at log (server.js:448:17)
          at Array.forEach (<anonymous>)
          at Array.forEach (<anonymous>)

    console.log
      ­ƒôì Route: ^\/api\/venues\/?(?=\/|$)/

      at log (server.js:448:17)
          at Array.forEach (<anonymous>)
          at Array.forEach (<anonymous>)

    console.log
      ­ƒôì Route: ^\/api\/venues\/?(?=\/|$)/:id

      at log (server.js:448:17)
          at Array.forEach (<anonymous>)
          at Array.forEach (<anonymous>)

    console.log
      ­ƒôì Route: ^\/api\/venues\/?(?=\/|$)/

      at log (server.js:448:17)
          at Array.forEach (<anonymous>)
          at Array.forEach (<anonymous>)

    console.log
      ­ƒôì Route: ^\/api\/venues\/?(?=\/|$)/:id/availability

      at log (server.js:448:17)
          at Array.forEach (<anonymous>)
          at Array.forEach (<anonymous>)

    console.log
      ­ƒôì Route: ^\/api\/venues\/?(?=\/|$)/:id/documents

      at log (server.js:448:17)
          at Array.forEach (<anonymous>)
          at Array.forEach (<anonymous>)

    console.log
      ­ƒôì Route: ^\/api\/venues\/?(?=\/|$)/:id/book

      at log (server.js:448:17)
          at Array.forEach (<anonymous>)
          at Array.forEach (<anonymous>)

    console.log
      ­ƒôì Route: ^\/api\/venues\/?(?=\/|$)/bookings/my

      at log (server.js:448:17)
          at Array.forEach (<anonymous>)
          at Array.forEach (<anonymous>)

    console.log
      ­ƒôì Route: ^\/api\/venues\/?(?=\/|$)/bookings/:id/status

      at log (server.js:448:17)
          at Array.forEach (<anonymous>)
          at Array.forEach (<anonymous>)

    console.log
      ­ƒôì Route: ^\/api\/leagues\/?(?=\/|$)/

      at log (server.js:448:17)
          at Array.forEach (<anonymous>)
          at Array.forEach (<anonymous>)

    console.log
      ­ƒôì Route: ^\/api\/leagues\/?(?=\/|$)/

      at log (server.js:448:17)
          at Array.forEach (<anonymous>)
          at Array.forEach (<anonymous>)

    console.log
      ­ƒôì Route: ^\/api\/leagues\/?(?=\/|$)/:id

      at log (server.js:448:17)
          at Array.forEach (<anonymous>)
          at Array.forEach (<anonymous>)

    console.log
      ­ƒôì Route: ^\/api\/leagues\/?(?=\/|$)/:id/standings

      at log (server.js:448:17)
          at Array.forEach (<anonymous>)
          at Array.forEach (<anonymous>)

    console.log
      ­ƒôì Route: ^\/api\/leagues\/?(?=\/|$)/:id/teams

      at log (server.js:448:17)
          at Array.forEach (<anonymous>)
          at Array.forEach (<anonymous>)

    console.log
      ­ƒôì Route: ^\/api\/leagues\/?(?=\/|$)/:id/fixtures/generate

      at log (server.js:448:17)
          at Array.forEach (<anonymous>)
          at Array.forEach (<anonymous>)

    console.log
      ­ƒôì Route: ^\/api\/leagues\/?(?=\/|$)/:id/fixtures

      at log (server.js:448:17)
          at Array.forEach (<anonymous>)
          at Array.forEach (<anonymous>)

    console.log
      ­ƒôì Route: ^\/api\/leagues\/?(?=\/|$)/fixtures/:id/score

      at log (server.js:448:17)
          at Array.forEach (<anonymous>)
          at Array.forEach (<anonymous>)

    console.log
      ­ƒôì Route: ^\/api\/leagues\/?(?=\/|$)/fixtures/:id/assign-referee

      at log (server.js:448:17)
          at Array.forEach (<anonymous>)
          at Array.forEach (<anonymous>)

    console.log
      ­ƒôì Route: ^\/api\/tournaments\/?(?=\/|$)/register

      at log (server.js:448:17)
          at Array.forEach (<anonymous>)
          at Array.forEach (<anonymous>)

    console.log
      ­ƒôì Route: ^\/api\/tournaments\/?(?=\/|$)/

      at log (server.js:448:17)
          at Array.forEach (<anonymous>)
          at Array.forEach (<anonymous>)

    console.log
      ­ƒôì Route: ^\/api\/tournaments\/?(?=\/|$)/:id/dashboard

      at log (server.js:448:17)
          at Array.forEach (<anonymous>)
          at Array.forEach (<anonymous>)

    console.log
      ­ƒôì Route: ^\/api\/tournaments\/?(?=\/|$)/:id/groups

      at log (server.js:448:17)
          at Array.forEach (<anonymous>)
          at Array.forEach (<anonymous>)

    console.log
      ­ƒôì Route: ^\/api\/tournaments\/?(?=\/|$)/:id/groups/assign

      at log (server.js:448:17)
          at Array.forEach (<anonymous>)
          at Array.forEach (<anonymous>)

    console.log
      ­ƒôì Route: ^\/api\/tournaments\/?(?=\/|$)/:id/generate-fixtures

      at log (server.js:448:17)
          at Array.forEach (<anonymous>)
          at Array.forEach (<anonymous>)

    console.log
      ­ƒôì Route: ^\/api\/tournaments\/?(?=\/|$)/matches/:id/lineups

      at log (server.js:448:17)
          at Array.forEach (<anonymous>)
          at Array.forEach (<anonymous>)

    console.log
      ­ƒôì Route: ^\/api\/tournaments\/?(?=\/|$)/matches/:id/result

      at log (server.js:448:17)
          at Array.forEach (<anonymous>)
          at Array.forEach (<anonymous>)

    console.log
      ­ƒôì Route: ^\/api\/tournaments\/?(?=\/|$)/:id/pitches

      at log (server.js:448:17)
          at Array.forEach (<anonymous>)
          at Array.forEach (<anonymous>)

    console.log
      ­ƒôì Route: ^\/api\/tournaments\/?(?=\/|$)/:id/pitches/bulk

      at log (server.js:448:17)
          at Array.forEach (<anonymous>)
          at Array.forEach (<anonymous>)

    console.log
      ­ƒôì Route: ^\/api\/tournaments\/?(?=\/|$)/:id/pitches

      at log (server.js:448:17)
          at Array.forEach (<anonymous>)
          at Array.forEach (<anonymous>)

    console.log
      ­ƒôì Route: ^\/api\/tournaments\/?(?=\/|$)/:id/auto-schedule

      at log (server.js:448:17)
          at Array.forEach (<anonymous>)
          at Array.forEach (<anonymous>)

    console.log
      ­ƒôì Route: ^\/api\/tournaments\/?(?=\/|$)/teams/:id/status

      at log (server.js:448:17)
          at Array.forEach (<anonymous>)
          at Array.forEach (<anonymous>)

    console.log
      ­ƒôì Route: ^\/api\/tournaments\/?(?=\/|$)/teams/:id/link

      at log (server.js:448:17)
          at Array.forEach (<anonymous>)
          at Array.forEach (<anonymous>)

    console.log
      ­ƒôì Route: ^\/api\/tournaments\/?(?=\/|$)/matches/:id/assign-team

      at log (server.js:448:17)
          at Array.forEach (<anonymous>)
          at Array.forEach (<anonymous>)

    console.log
      ­ƒôì Route: ^\/api\/tournaments\/?(?=\/|$)/:id/bracket

      at log (server.js:448:17)
          at Array.forEach (<anonymous>)
          at Array.forEach (<anonymous>)

    console.log
      ­ƒôì Route: ^\/api\/tournaments\/?(?=\/|$)/matches/:id/video

      at log (server.js:448:17)
          at Array.forEach (<anonymous>)
          at Array.forEach (<anonymous>)

    console.log
      ­ƒôì Route: ^\/api\/tournaments\/?(?=\/|$)/:id/invite-staff

      at log (server.js:448:17)
          at Array.forEach (<anonymous>)
          at Array.forEach (<anonymous>)

    console.log
      ­ƒôì Route: ^\/api\/tournaments\/?(?=\/|$)/:id/invite-team

      at log (server.js:448:17)
          at Array.forEach (<anonymous>)
          at Array.forEach (<anonymous>)

    console.log
      ­ƒôì Route: ^\/api\/tournaments\/?(?=\/|$)/pitches/:id

      at log (server.js:448:17)
          at Array.forEach (<anonymous>)
          at Array.forEach (<anonymous>)

    console.log
      ­ƒôì Route: ^\/api\/tournaments\/?(?=\/|$)/matches/:id/video

      at log (server.js:448:17)
          at Array.forEach (<anonymous>)
          at Array.forEach (<anonymous>)

    console.log
      ­ƒôì Route: ^\/api\/tournaments\/?(?=\/|$)/matches/:id/video

      at log (server.js:448:17)
          at Array.forEach (<anonymous>)
          at Array.forEach (<anonymous>)

    console.log
      ­ƒôì Route: ^\/api\/tournaments\/?(?=\/|$)/:id/layout

      at log (server.js:448:17)
          at Array.forEach (<anonymous>)
          at Array.forEach (<anonymous>)

    console.log
      ­ƒôì Route: ^\/api\/tournaments\/?(?=\/|$)/:id/invite

      at log (server.js:448:17)
          at Array.forEach (<anonymous>)
          at Array.forEach (<anonymous>)

    console.log
      ­ƒôì Route: ^\/api\/polls\/?(?=\/|$)/

      at log (server.js:448:17)
          at Array.forEach (<anonymous>)
          at Array.forEach (<anonymous>)

    console.log
      ­ƒôì Route: ^\/api\/polls\/?(?=\/|$)/

      at log (server.js:448:17)
          at Array.forEach (<anonymous>)
          at Array.forEach (<anonymous>)

    console.log
      ­ƒôì Route: ^\/api\/polls\/?(?=\/|$)/:id/vote

      at log (server.js:448:17)
          at Array.forEach (<anonymous>)
          at Array.forEach (<anonymous>)

    console.log
      ­ƒôì Route: ^\/api\/email\/?(?=\/|$)/send

      at log (server.js:448:17)
          at Array.forEach (<anonymous>)
          at Array.forEach (<anonymous>)

    console.log
      ­ƒôì Route: ^\/api\/email\/?(?=\/|$)/send-invite

      at log (server.js:448:17)
          at Array.forEach (<anonymous>)
          at Array.forEach (<anonymous>)

    console.log
      ­ƒôì Route: ^\/api\/tactical\/?(?=\/|$)/

      at log (server.js:448:17)
          at Array.forEach (<anonymous>)
          at Array.forEach (<anonymous>)

    console.log
      ­ƒôì Route: ^\/api\/tactical\/?(?=\/|$)/

      at log (server.js:448:17)
          at Array.forEach (<anonymous>)
          at Array.forEach (<anonymous>)

    console.log
      ­ƒôì Route: ^\/api\/tactical\/?(?=\/|$)/:id

      at log (server.js:448:17)
          at Array.forEach (<anonymous>)
          at Array.forEach (<anonymous>)

    console.log
      ­ƒôì Route: ^\/api\/forms\/?(?=\/|$)/

      at log (server.js:448:17)
          at Array.forEach (<anonymous>)
          at Array.forEach (<anonymous>)

    console.log
      ­ƒôì Route: ^\/api\/forms\/?(?=\/|$)/

      at log (server.js:448:17)
          at Array.forEach (<anonymous>)
          at Array.forEach (<anonymous>)

    console.log
      ­ƒôì Route: ^\/api\/forms\/?(?=\/|$)/:id

      at log (server.js:448:17)
          at Array.forEach (<anonymous>)
          at Array.forEach (<anonymous>)

    console.log
      ­ƒôì Route: ^\/api\/forms\/?(?=\/|$)/:id

      at log (server.js:448:17)
          at Array.forEach (<anonymous>)
          at Array.forEach (<anonymous>)

    console.log
      ­ƒôì Route: ^\/api\/forms\/?(?=\/|$)/:id

      at log (server.js:448:17)
          at Array.forEach (<anonymous>)
          at Array.forEach (<anonymous>)

    console.log
      ­ƒôì Route: ^\/api\/forms\/?(?=\/|$)/:id/submit

      at log (server.js:448:17)
          at Array.forEach (<anonymous>)
          at Array.forEach (<anonymous>)

    console.log
      ­ƒôì Route: ^\/api\/forms\/?(?=\/|$)/:id/responses

      at log (server.js:448:17)
          at Array.forEach (<anonymous>)
          at Array.forEach (<anonymous>)

    console.log
      ­ƒôì Route: ^\/api\/training\/?(?=\/|$)/drills

      at log (server.js:448:17)
          at Array.forEach (<anonymous>)
          at Array.forEach (<anonymous>)

    console.log
      ­ƒôì Route: ^\/api\/training\/?(?=\/|$)/drills

      at log (server.js:448:17)
          at Array.forEach (<anonymous>)
          at Array.forEach (<anonymous>)

    console.log
      ­ƒôì Route: ^\/api\/training\/?(?=\/|$)/drills/:id

      at log (server.js:448:17)
          at Array.forEach (<anonymous>)
          at Array.forEach (<anonymous>)

    console.log
      ­ƒôì Route: ^\/api\/training\/?(?=\/|$)/drills/:id

      at log (server.js:448:17)
          at Array.forEach (<anonymous>)
          at Array.forEach (<anonymous>)

    console.log
      ­ƒôì Route: ^\/api\/training\/?(?=\/|$)/drills/:id

      at log (server.js:448:17)
          at Array.forEach (<anonymous>)
          at Array.forEach (<anonymous>)

    console.log
      ­ƒôì Route: ^\/api\/training\/?(?=\/|$)/drills/:id/assign

      at log (server.js:448:17)
          at Array.forEach (<anonymous>)
          at Array.forEach (<anonymous>)

    console.log
      ­ƒôì Route: ^\/api\/training\/?(?=\/|$)/my-drills

      at log (server.js:448:17)
          at Array.forEach (<anonymous>)
          at Array.forEach (<anonymous>)

    console.log
      ­ƒôì Route: ^\/api\/training\/?(?=\/|$)/submissions

      at log (server.js:448:17)
          at Array.forEach (<anonymous>)
          at Array.forEach (<anonymous>)

    console.log
      ­ƒôì Route: ^\/api\/training\/?(?=\/|$)/submissions

      at log (server.js:448:17)
          at Array.forEach (<anonymous>)
          at Array.forEach (<anonymous>)

    console.log
      ­ƒôì Route: ^\/api\/training\/?(?=\/|$)/submissions/:id/review

      at log (server.js:448:17)
          at Array.forEach (<anonymous>)
          at Array.forEach (<anonymous>)

    console.log
      ­ƒôì Route: ^\/api\/training\/?(?=\/|$)/skills/:playerId

      at log (server.js:448:17)
          at Array.forEach (<anonymous>)
          at Array.forEach (<anonymous>)

    console.log
      ­ƒôì Route: ^\/api\/training\/?(?=\/|$)/team-progress/:teamId

      at log (server.js:448:17)
          at Array.forEach (<anonymous>)
          at Array.forEach (<anonymous>)

    console.log
      2026-04-11T15:19:50.719Z - POST /api/platform-admin/onboard-club - ::ffff:127.0.0.1

      at log (server.js:227:11)

    console.log
      Ô£à Token verified for user: super@test.com

      at log (middleware/auth.js:56:13)

    console.log
      Onboarding: Found existing user 999 for ardwick@example.com

      at log (routes/platform-admin.js:853:17)

    console.log
      Onboarding: Found existing Stripe Account through user's other organization: acct_existing_linked

      at log (routes/platform-admin.js:862:19)

    console.log
      Ô£à Using existing user: 999

      at log (routes/platform-admin.js:946:17)

    console.log
      ­ƒÅó Creating organization: Ardwick FC

      at log (routes/platform-admin.js:951:15)

    console.log
      Ô£à Organization created with ID: 500

      at log (routes/platform-admin.js:972:15)

    console.log
      ­ƒöù Linking user to organization...

      at log (routes/platform-admin.js:975:15)

    console.log
      Ô£à Onboarding completed successfully

      at log (routes/platform-admin.js:995:15)

PASS tests/stripe-connect-safety.test.js
  ÔùÅ Console

    console.log
      ÔÜá´©Å  Payment processing is DISABLED. Set ENABLE_PAYMENT_PROCESSING=true in .env to enable.

      at Object.log (middleware/payment-guard.js:20:11)

    console.log
      ­ƒôì Route: /api/run-temp-migration

      at log (server.js:444:13)
          at Array.forEach (<anonymous>)

    console.log
      ­ƒôì Route: *

      at log (server.js:444:13)
          at Array.forEach (<anonymous>)

    console.log
      ­ƒôì Route: /api/test-now

      at log (server.js:444:13)
          at Array.forEach (<anonymous>)

    console.log
      ­ƒôì Route: /health

      at log (server.js:444:13)
          at Array.forEach (<anonymous>)

    console.log
      ­ƒôì Route: /api/health

      at log (server.js:444:13)
          at Array.forEach (<anonymous>)

    console.log
      ­ƒôì Route: /api/public-debug/:id

      at log (server.js:444:13)
          at Array.forEach (<anonymous>)

    console.log
      ­ƒôì Route: ^\/api\/auth\/?(?=\/|$)/register

      at log (server.js:448:17)
          at Array.forEach (<anonymous>)
          at Array.forEach (<anonymous>)

    console.log
      ­ƒôì Route: ^\/api\/auth\/?(?=\/|$)/login

      at log (server.js:448:17)
          at Array.forEach (<anonymous>)
          at Array.forEach (<anonymous>)

    console.log
      ­ƒôì Route: ^\/api\/auth\/?(?=\/|$)/logout

      at log (server.js:448:17)
          at Array.forEach (<anonymous>)
          at Array.forEach (<anonymous>)

    console.log
      ­ƒôì Route: ^\/api\/auth\/?(?=\/|$)/seed-demo-users

      at log (server.js:448:17)
          at Array.forEach (<anonymous>)
          at Array.forEach (<anonymous>)

    console.log
      ­ƒôì Route: ^\/api\/auth\/?(?=\/|$)/me

      at log (server.js:448:17)
          at Array.forEach (<anonymous>)
          at Array.forEach (<anonymous>)

    console.log
      ­ƒôì Route: ^\/api\/auth\/?(?=\/|$)/find-user

      at log (server.js:448:17)
          at Array.forEach (<anonymous>)
          at Array.forEach (<anonymous>)

    console.log
      ­ƒôì Route: ^\/api\/auth\/?(?=\/|$)/add-child

      at log (server.js:448:17)
          at Array.forEach (<anonymous>)
          at Array.forEach (<anonymous>)

    console.log
      ­ƒôì Route: ^\/api\/auth\/?(?=\/|$)/children

      at log (server.js:448:17)
          at Array.forEach (<anonymous>)
          at Array.forEach (<anonymous>)

    console.log
      ­ƒôì Route: ^\/api\/auth\/?(?=\/|$)/children/:childId

      at log (server.js:448:17)
          at Array.forEach (<anonymous>)
          at Array.forEach (<anonymous>)

    console.log
      ­ƒôì Route: ^\/api\/auth\/?(?=\/|$)/organizations

      at log (server.js:448:17)
          at Array.forEach (<anonymous>)
          at Array.forEach (<anonymous>)

    console.log
      ­ƒôì Route: ^\/api\/auth\/?(?=\/|$)/context

      at log (server.js:448:17)
          at Array.forEach (<anonymous>)
          at Array.forEach (<anonymous>)

    console.log
      ­ƒôì Route: ^\/api\/auth\/?(?=\/|$)/switch-organization

      at log (server.js:448:17)
          at Array.forEach (<anonymous>)
          at Array.forEach (<anonymous>)

    console.log
      ­ƒôì Route: ^\/api\/auth\/?(?=\/|$)/profile

      at log (server.js:448:17)
          at Array.forEach (<anonymous>)
          at Array.forEach (<anonymous>)

    console.log
      ­ƒôì Route: ^\/api\/auth\/?(?=\/|$)/profile

      at log (server.js:448:17)
          at Array.forEach (<anonymous>)
          at Array.forEach (<anonymous>)

    console.log
      ­ƒôì Route: ^\/api\/auth\/?(?=\/|$)/gdpr/export

      at log (server.js:448:17)
          at Array.forEach (<anonymous>)
          at Array.forEach (<anonymous>)

    console.log
      ­ƒôì Route: ^\/api\/auth\/?(?=\/|$)/gdpr/delete

      at log (server.js:448:17)
          at Array.forEach (<anonymous>)
          at Array.forEach (<anonymous>)

    console.log
      ­ƒôì Route: ^\/api\/auth\/?(?=\/|$)/forgot-password

      at log (server.js:448:17)
          at Array.forEach (<anonymous>)
          at Array.forEach (<anonymous>)

    console.log
      ­ƒôì Route: ^\/api\/auth\/?(?=\/|$)/reset-password

      at log (server.js:448:17)
          at Array.forEach (<anonymous>)
          at Array.forEach (<anonymous>)

    console.log
      ­ƒôì Route: ^\/api\/auth\/?(?=\/|$)/profile-personal

      at log (server.js:448:17)
          at Array.forEach (<anonymous>)
          at Array.forEach (<anonymous>)

    console.log
      ­ƒôì Route: ^\/api\/auth\/?(?=\/|$)/change-password

      at log (server.js:448:17)
          at Array.forEach (<anonymous>)
          at Array.forEach (<anonymous>)

    console.log
      ­ƒôì Route: ^\/api\/auth\/?(?=\/|$)/settings

      at log (server.js:448:17)
          at Array.forEach (<anonymous>)
          at Array.forEach (<anonymous>)

    console.log
      ­ƒôì Route: ^\/api\/auth\/?(?=\/|$)/settings

      at log (server.js:448:17)
          at Array.forEach (<anonymous>)
          at Array.forEach (<anonymous>)

    console.log
      ­ƒôì Route: ^\/api\/auth\/?(?=\/|$)/account

      at log (server.js:448:17)
          at Array.forEach (<anonymous>)
          at Array.forEach (<anonymous>)

    console.log
      ­ƒôì Route: ^\/api\/auth\/?(?=\/|$)/tours/complete

      at log (server.js:448:17)
          at Array.forEach (<anonymous>)
          at Array.forEach (<anonymous>)

    console.log
      ­ƒôì Route: ^\/api\/auth\/?(?=\/|$)/switch-organization

      at log (server.js:448:17)
          at Array.forEach (<anonymous>)
          at Array.forEach (<anonymous>)

    console.log
      ­ƒôì Route: ^\/api\/auth\/?(?=\/|$)/context

      at log (server.js:448:17)
          at Array.forEach (<anonymous>)
          at Array.forEach (<anonymous>)

    console.log
      ­ƒôì Route: ^\/api\/auth\/?(?=\/|$)/me

      at log (server.js:448:17)
          at Array.forEach (<anonymous>)
          at Array.forEach (<anonymous>)

    console.log
      ­ƒôì Route: ^\/api\/organizations\/?(?=\/|$)/

      at log (server.js:448:17)
          at Array.forEach (<anonymous>)
          at Array.forEach (<anonymous>)

    console.log
      ­ƒôì Route: ^\/api\/organizations\/?(?=\/|$)/:id

      at log (server.js:448:17)
          at Array.forEach (<anonymous>)
          at Array.forEach (<anonymous>)

    console.log
      ­ƒôì Route: ^\/api\/organizations\/?(?=\/|$)/super/:id

      at log (server.js:448:17)
          at Array.forEach (<anonymous>)
          at Array.forEach (<anonymous>)

    console.log
      ­ƒôì Route: ^\/api\/organizations\/?(?=\/|$)/

      at log (server.js:448:17)
          at Array.forEach (<anonymous>)
          at Array.forEach (<anonymous>)

    console.log
      ­ƒôì Route: ^\/api\/organizations\/?(?=\/|$)/:id

      at log (server.js:448:17)
          at Array.forEach (<anonymous>)
          at Array.forEach (<anonymous>)

    console.log
      ­ƒôì Route: ^\/api\/organizations\/?(?=\/|$)/:id

      at log (server.js:448:17)
          at Array.forEach (<anonymous>)
          at Array.forEach (<anonymous>)

    console.log
      ­ƒôì Route: ^\/api\/organizations\/?(?=\/|$)/:id/members

      at log (server.js:448:17)
          at Array.forEach (<anonymous>)
          at Array.forEach (<anonymous>)

    console.log
      ­ƒôì Route: ^\/api\/organizations\/?(?=\/|$)/:id/images

      at log (server.js:448:17)
          at Array.forEach (<anonymous>)
          at Array.forEach (<anonymous>)

    console.log
      ­ƒôì Route: ^\/api\/organizations\/?(?=\/|$)/:id/logo

      at log (server.js:448:17)
          at Array.forEach (<anonymous>)
          at Array.forEach (<anonymous>)

    console.log
      ­ƒôì Route: ^\/api\/organizations\/?(?=\/|$)/:id/images

      at log (server.js:448:17)
          at Array.forEach (<anonymous>)
          at Array.forEach (<anonymous>)

    console.log
      ­ƒôì Route: ^\/api\/invitations\/?(?=\/|$)/:orgId/invite

      at log (server.js:448:17)
          at Array.forEach (<anonymous>)
          at Array.forEach (<anonymous>)

    console.log
      ­ƒôì Route: ^\/api\/invitations\/?(?=\/|$)/:token

      at log (server.js:448:17)
          at Array.forEach (<anonymous>)
          at Array.forEach (<anonymous>)

    console.log
      ­ƒôì Route: ^\/api\/invitations\/?(?=\/|$)/:token/accept

      at log (server.js:448:17)
          at Array.forEach (<anonymous>)
          at Array.forEach (<anonymous>)

    console.log
      ­ƒôì Route: ^\/api\/invitations\/?(?=\/|$)/:token/decline

      at log (server.js:448:17)
          at Array.forEach (<anonymous>)
          at Array.forEach (<anonymous>)

    console.log
      ­ƒôì Route: ^\/api\/invitations\/?(?=\/|$)/:orgId/invitations

      at log (server.js:448:17)
          at Array.forEach (<anonymous>)
          at Array.forEach (<anonymous>)

    console.log
      ­ƒôì Route: ^\/api\/platform-admin\/?(?=\/|$)/stats

      at log (server.js:448:17)
          at Array.forEach (<anonymous>)
          at Array.forEach (<anonymous>)

    console.log
      ­ƒôì Route: ^\/api\/platform-admin\/?(?=\/|$)/organizations

      at log (server.js:448:17)
          at Array.forEach (<anonymous>)
          at Array.forEach (<anonymous>)

    console.log
      ­ƒôì Route: ^\/api\/platform-admin\/?(?=\/|$)/users

      at log (server.js:448:17)
          at Array.forEach (<anonymous>)
          at Array.forEach (<anonymous>)

    console.log
      ­ƒôì Route: ^\/api\/platform-admin\/?(?=\/|$)/stripe/overview

      at log (server.js:448:17)
          at Array.forEach (<anonymous>)
          at Array.forEach (<anonymous>)

    console.log
      ­ƒôì Route: ^\/api\/platform-admin\/?(?=\/|$)/organization/:id

      at log (server.js:448:17)
          at Array.forEach (<anonymous>)
          at Array.forEach (<anonymous>)

    console.log
      ­ƒôì Route: ^\/api\/platform-admin\/?(?=\/|$)/organizations/:id/status

      at log (server.js:448:17)
          at Array.forEach (<anonymous>)
          at Array.forEach (<anonymous>)

    console.log
      ­ƒôì Route: ^\/api\/platform-admin\/?(?=\/|$)/organizations/:id

      at log (server.js:448:17)
          at Array.forEach (<anonymous>)
          at Array.forEach (<anonymous>)

    console.log
      ­ƒôì Route: ^\/api\/platform-admin\/?(?=\/|$)/set-admin/:userId

      at log (server.js:448:17)
          at Array.forEach (<anonymous>)
          at Array.forEach (<anonymous>)

    console.log
      ­ƒôì Route: ^\/api\/platform-admin\/?(?=\/|$)/activity

      at log (server.js:448:17)
          at Array.forEach (<anonymous>)
          at Array.forEach (<anonymous>)

    console.log
      ­ƒôì Route: ^\/api\/platform-admin\/?(?=\/|$)/users

      at log (server.js:448:17)
          at Array.forEach (<anonymous>)
          at Array.forEach (<anonymous>)

    console.log
      ­ƒôì Route: ^\/api\/platform-admin\/?(?=\/|$)/users/:userId/status

      at log (server.js:448:17)
          at Array.forEach (<anonymous>)
          at Array.forEach (<anonymous>)

    console.log
      ­ƒôì Route: ^\/api\/platform-admin\/?(?=\/|$)/users/:userId

      at log (server.js:448:17)
          at Array.forEach (<anonymous>)
          at Array.forEach (<anonymous>)

    console.log
      ­ƒôì Route: ^\/api\/platform-admin\/?(?=\/|$)/generate-mock-data

      at log (server.js:448:17)
          at Array.forEach (<anonymous>)
          at Array.forEach (<anonymous>)

    console.log
      ­ƒôì Route: ^\/api\/platform-admin\/?(?=\/|$)/onboard-club

      at log (server.js:448:17)
          at Array.forEach (<anonymous>)
          at Array.forEach (<anonymous>)

    console.log
      ­ƒôì Route: ^\/api\/platform-admin\/?(?=\/|$)/scout-verifications

      at log (server.js:448:17)
          at Array.forEach (<anonymous>)
          at Array.forEach (<anonymous>)

    console.log
      ­ƒôì Route: ^\/api\/platform-admin\/?(?=\/|$)/scout-verifications/:id/resolve

      at log (server.js:448:17)
          at Array.forEach (<anonymous>)
          at Array.forEach (<anonymous>)

    console.log
      ­ƒôì Route: ^\/api\/clubs\/?(?=\/|$)/

      at log (server.js:448:17)
          at Array.forEach (<anonymous>)
          at Array.forEach (<anonymous>)

    console.log
      ­ƒôì Route: ^\/api\/clubs\/?(?=\/|$)/:id/public-listings

      at log (server.js:448:17)
          at Array.forEach (<anonymous>)
          at Array.forEach (<anonymous>)

    console.log
      ­ƒôì Route: ^\/api\/clubs\/?(?=\/|$)/:id

      at log (server.js:448:17)
          at Array.forEach (<anonymous>)
          at Array.forEach (<anonymous>)

    console.log
      ­ƒôì Route: ^\/api\/clubs\/?(?=\/|$)/:id/claim

      at log (server.js:448:17)
          at Array.forEach (<anonymous>)
          at Array.forEach (<anonymous>)

    console.log
      ­ƒôì Route: ^\/api\/clubs\/?(?=\/|$)/:id/teams

      at log (server.js:448:17)
          at Array.forEach (<anonymous>)
          at Array.forEach (<anonymous>)

    console.log
      ­ƒôì Route: ^\/api\/clubs\/?(?=\/|$)/

      at log (server.js:448:17)
          at Array.forEach (<anonymous>)
          at Array.forEach (<anonymous>)

    console.log
      ­ƒôì Route: ^\/api\/clubs\/?(?=\/|$)/:id

      at log (server.js:448:17)
          at Array.forEach (<anonymous>)
          at Array.forEach (<anonymous>)

    console.log
      ­ƒôì Route: ^\/api\/clubs\/?(?=\/|$)/:id

      at log (server.js:448:17)
          at Array.forEach (<anonymous>)
          at Array.forEach (<anonymous>)

    console.log
      ­ƒôì Route: ^\/api\/clubs\/?(?=\/|$)/:id/apply

      at log (server.js:448:17)
          at Array.forEach (<anonymous>)
          at Array.forEach (<anonymous>)

    console.log
      ­ƒôì Route: ^\/api\/clubs\/?(?=\/|$)/:id/applications

      at log (server.js:448:17)
          at Array.forEach (<anonymous>)
          at Array.forEach (<anonymous>)

    console.log
      ­ƒôì Route: ^\/api\/clubs\/?(?=\/|$)/applications/:applicationId/review

      at log (server.js:448:17)
          at Array.forEach (<anonymous>)
          at Array.forEach (<anonymous>)

    console.log
      ­ƒôì Route: ^\/api\/clubs\/?(?=\/|$)/:id/stats

      at log (server.js:448:17)
          at Array.forEach (<anonymous>)
          at Array.forEach (<anonymous>)

    console.log
      ­ƒôì Route: ^\/api\/clubs\/?(?=\/|$)/:id/images

      at log (server.js:448:17)
          at Array.forEach (<anonymous>)
          at Array.forEach (<anonymous>)

    console.log
      ­ƒôì Route: ^\/api\/clubs\/?(?=\/|$)/:id/images

      at log (server.js:448:17)
          at Array.forEach (<anonymous>)
          at Array.forEach (<anonymous>)

    console.log
      ­ƒôì Route: ^\/api\/clubs\/?(?=\/|$)/:id/reviews

      at log (server.js:448:17)
          at Array.forEach (<anonymous>)
          at Array.forEach (<anonymous>)

    console.log
      ­ƒôì Route: ^\/api\/clubs\/?(?=\/|$)/:id/reviews

      at log (server.js:448:17)
          at Array.forEach (<anonymous>)
          at Array.forEach (<anonymous>)

    console.log
      ­ƒôì Route: ^\/api\/players\/?(?=\/|$)/family

      at log (server.js:448:17)
          at Array.forEach (<anonymous>)
          at Array.forEach (<anonymous>)

    console.log
      ­ƒôì Route: ^\/api\/players\/?(?=\/|$)/

      at log (server.js:448:17)
          at Array.forEach (<anonymous>)
          at Array.forEach (<anonymous>)

    console.log
      ­ƒôì Route: ^\/api\/players\/?(?=\/|$)/filtered/:filter

      at log (server.js:448:17)
          at Array.forEach (<anonymous>)
          at Array.forEach (<anonymous>)

    console.log
      ­ƒôì Route: ^\/api\/players\/?(?=\/|$)/scout

      at log (server.js:448:17)
          at Array.forEach (<anonymous>)
          at Array.forEach (<anonymous>)

    console.log
      ­ƒôì Route: ^\/api\/players\/?(?=\/|$)/:id

      at log (server.js:448:17)
          at Array.forEach (<anonymous>)
          at Array.forEach (<anonymous>)

    console.log
      ­ƒôì Route: ^\/api\/players\/?(?=\/|$)/filtered/:filter

      at log (server.js:448:17)
          at Array.forEach (<anonymous>)
          at Array.forEach (<anonymous>)

    console.log
      ­ƒôì Route: ^\/api\/players\/?(?=\/|$)/

      at log (server.js:448:17)
          at Array.forEach (<anonymous>)
          at Array.forEach (<anonymous>)

    console.log
      ­ƒôì Route: ^\/api\/players\/?(?=\/|$)/:id

      at log (server.js:448:17)
          at Array.forEach (<anonymous>)
          at Array.forEach (<anonymous>)

    console.log
      ­ƒôì Route: ^\/api\/players\/?(?=\/|$)/:id

      at log (server.js:448:17)
          at Array.forEach (<anonymous>)
          at Array.forEach (<anonymous>)

    console.log
      ­ƒôì Route: ^\/api\/players\/?(?=\/|$)/:id/stats

      at log (server.js:448:17)
          at Array.forEach (<anonymous>)
          at Array.forEach (<anonymous>)

    console.log
      ­ƒôì Route: ^\/api\/players\/?(?=\/|$)/:id/payment-status

      at log (server.js:448:17)
          at Array.forEach (<anonymous>)
          at Array.forEach (<anonymous>)

    console.log
      ­ƒôì Route: ^\/api\/players\/?(?=\/|$)/child

      at log (server.js:448:17)
          at Array.forEach (<anonymous>)
          at Array.forEach (<anonymous>)

    console.log
      ­ƒôì Route: ^\/api\/players\/?(?=\/|$)/child/:id

      at log (server.js:448:17)
          at Array.forEach (<anonymous>)
          at Array.forEach (<anonymous>)

    console.log
      ­ƒôì Route: ^\/api\/players\/?(?=\/|$)/:id/history

      at log (server.js:448:17)
          at Array.forEach (<anonymous>)
          at Array.forEach (<anonymous>)

    console.log
      ­ƒôì Route: ^\/api\/players\/?(?=\/|$)/:id/history

      at log (server.js:448:17)
          at Array.forEach (<anonymous>)
          at Array.forEach (<anonymous>)

    console.log
      ­ƒôì Route: ^\/api\/players\/?(?=\/|$)/history/:historyId

      at log (server.js:448:17)
          at Array.forEach (<anonymous>)
          at Array.forEach (<anonymous>)

    console.log
      ­ƒôì Route: ^\/api\/players\/?(?=\/|$)/:id/history

      at log (server.js:448:17)
          at Array.forEach (<anonymous>)
          at Array.forEach (<anonymous>)

    console.log
      ­ƒôì Route: ^\/api\/players\/?(?=\/|$)/:id/history

      at log (server.js:448:17)
          at Array.forEach (<anonymous>)
          at Array.forEach (<anonymous>)

    console.log
      ­ƒôì Route: ^\/api\/players\/?(?=\/|$)/:id/history/:historyId

      at log (server.js:448:17)
          at Array.forEach (<anonymous>)
          at Array.forEach (<anonymous>)

    console.log
      ­ƒôì Route: ^\/api\/players\/?(?=\/|$)/:id/stats

      at log (server.js:448:17)
          at Array.forEach (<anonymous>)
          at Array.forEach (<anonymous>)

    console.log
      ­ƒôì Route: ^\/api\/players\/?(?=\/|$)/:id/activities

      at log (server.js:448:17)
          at Array.forEach (<anonymous>)
          at Array.forEach (<anonymous>)

    console.log
      ­ƒôì Route: ^\/api\/staff\/?(?=\/|$)/

      at log (server.js:448:17)
          at Array.forEach (<anonymous>)
          at Array.forEach (<anonymous>)

    console.log
      ­ƒôì Route: ^\/api\/staff\/?(?=\/|$)/:id

      at log (server.js:448:17)
          at Array.forEach (<anonymous>)
          at Array.forEach (<anonymous>)

    console.log
      ­ƒôì Route: ^\/api\/staff\/?(?=\/|$)/:id/performance

      at log (server.js:448:17)
          at Array.forEach (<anonymous>)
          at Array.forEach (<anonymous>)

    console.log
      ­ƒôì Route: ^\/api\/staff\/?(?=\/|$)/:id/role

      at log (server.js:448:17)
          at Array.forEach (<anonymous>)
          at Array.forEach (<anonymous>)

    console.log
      ­ƒôì Route: ^\/api\/staff\/?(?=\/|$)/:id/schedule

      at log (server.js:448:17)
          at Array.forEach (<anonymous>)
          at Array.forEach (<anonymous>)

    console.log
      ­ƒôì Route: ^\/api\/staff\/?(?=\/|$)/

      at log (server.js:448:17)
          at Array.forEach (<anonymous>)
          at Array.forEach (<anonymous>)

    console.log
      ­ƒôì Route: ^\/api\/staff\/?(?=\/|$)/:id

      at log (server.js:448:17)
          at Array.forEach (<anonymous>)
          at Array.forEach (<anonymous>)

    console.log
      ­ƒôì Route: ^\/api\/staff\/?(?=\/|$)/:id

      at log (server.js:448:17)
          at Array.forEach (<anonymous>)
          at Array.forEach (<anonymous>)

    console.log
      ­ƒôì Route: ^\/api\/staff\/?(?=\/|$)/club/:clubId

      at log (server.js:448:17)
          at Array.forEach (<anonymous>)
          at Array.forEach (<anonymous>)

    console.log
      ­ƒôì Route: ^\/api\/staff\/?(?=\/|$)/:id/permissions

      at log (server.js:448:17)
          at Array.forEach (<anonymous>)
          at Array.forEach (<anonymous>)

    console.log
      ­ƒôì Route: ^\/api\/staff\/?(?=\/|$)/:id/dashboard

      at log (server.js:448:17)
          at Array.forEach (<anonymous>)
          at Array.forEach (<anonymous>)

    console.log
      ­ƒôì Route: ^\/api\/staff\/?(?=\/|$)/:id/performance

      at log (server.js:448:17)
          at Array.forEach (<anonymous>)
          at Array.forEach (<anonymous>)

    console.log
      ­ƒôì Route: ^\/api\/staff\/?(?=\/|$)/:id/role

      at log (server.js:448:17)
          at Array.forEach (<anonymous>)
          at Array.forEach (<anonymous>)

    console.log
      ­ƒôì Route: ^\/api\/staff\/?(?=\/|$)/:id/schedule

      at log (server.js:448:17)
          at Array.forEach (<anonymous>)
          at Array.forEach (<anonymous>)

    console.log
      ­ƒôì Route: ^\/api\/staff\/?(?=\/|$)/:id/verify-scout

      at log (server.js:448:17)
          at Array.forEach (<anonymous>)
          at Array.forEach (<anonymous>)

    console.log
      ­ƒôì Route: ^\/api\/teams\/?(?=\/|$)/

      at log (server.js:448:17)
          at Array.forEach (<anonymous>)
          at Array.forEach (<anonymous>)

    console.log
      ­ƒôì Route: ^\/api\/teams\/?(?=\/|$)/player/:userId

      at log (server.js:448:17)
          at Array.forEach (<anonymous>)
          at Array.forEach (<anonymous>)

    console.log
      ­ƒôì Route: ^\/api\/teams\/?(?=\/|$)/:id

      at log (server.js:448:17)
          at Array.forEach (<anonymous>)
          at Array.forEach (<anonymous>)

    console.log
      ­ƒôì Route: ^\/api\/teams\/?(?=\/|$)/

      at log (server.js:448:17)
          at Array.forEach (<anonymous>)
          at Array.forEach (<anonymous>)

    console.log
      ­ƒôì Route: ^\/api\/teams\/?(?=\/|$)/:id

      at log (server.js:448:17)
          at Array.forEach (<anonymous>)
          at Array.forEach (<anonymous>)

    console.log
      ­ƒôì Route: ^\/api\/teams\/?(?=\/|$)/:id

      at log (server.js:448:17)
          at Array.forEach (<anonymous>)
          at Array.forEach (<anonymous>)

    console.log
      ­ƒôì Route: ^\/api\/teams\/?(?=\/|$)/:id/players

      at log (server.js:448:17)
          at Array.forEach (<anonymous>)
          at Array.forEach (<anonymous>)

    console.log
      ­ƒôì Route: ^\/api\/teams\/?(?=\/|$)/:id/players/:playerId

      at log (server.js:448:17)
          at Array.forEach (<anonymous>)
          at Array.forEach (<anonymous>)

    console.log
      ­ƒôì Route: ^\/api\/teams\/?(?=\/|$)/:id/stats

      at log (server.js:448:17)
          at Array.forEach (<anonymous>)
          at Array.forEach (<anonymous>)

    console.log
      ­ƒôì Route: ^\/api\/teams\/?(?=\/|$)/:id/availability

      at log (server.js:448:17)
          at Array.forEach (<anonymous>)
          at Array.forEach (<anonymous>)

    console.log
      ­ƒôì Route: ^\/api\/teams\/?(?=\/|$)/:id/dashboard

      at log (server.js:448:17)
          at Array.forEach (<anonymous>)
          at Array.forEach (<anonymous>)

    console.log
      ­ƒôì Route: ^\/api\/events\/?(?=\/|$)/

      at log (server.js:448:17)
          at Array.forEach (<anonymous>)
          at Array.forEach (<anonymous>)

    console.log
      ­ƒôì Route: ^\/api\/events\/?(?=\/|$)/:id

      at log (server.js:448:17)
          at Array.forEach (<anonymous>)
          at Array.forEach (<anonymous>)

    console.log
      ­ƒôì Route: ^\/api\/events\/?(?=\/|$)/

      at log (server.js:448:17)
          at Array.forEach (<anonymous>)
          at Array.forEach (<anonymous>)

    console.log
      ­ƒôì Route: ^\/api\/events\/?(?=\/|$)/:id

      at log (server.js:448:17)
          at Array.forEach (<anonymous>)
          at Array.forEach (<anonymous>)

    console.log
      ­ƒôì Route: ^\/api\/events\/?(?=\/|$)/:id

      at log (server.js:448:17)
          at Array.forEach (<anonymous>)
          at Array.forEach (<anonymous>)

    console.log
      ­ƒôì Route: ^\/api\/events\/?(?=\/|$)/:id/book

      at log (server.js:448:17)
          at Array.forEach (<anonymous>)
          at Array.forEach (<anonymous>)

    console.log
      ­ƒôì Route: ^\/api\/events\/?(?=\/|$)/bookings/:bookingId/cancel

      at log (server.js:448:17)
          at Array.forEach (<anonymous>)
          at Array.forEach (<anonymous>)

    console.log
      ­ƒôì Route: ^\/api\/events\/?(?=\/|$)/:id/bookings

      at log (server.js:448:17)
          at Array.forEach (<anonymous>)
          at Array.forEach (<anonymous>)

    console.log
      ­ƒôì Route: ^\/api\/events\/?(?=\/|$)/bookings/my-bookings

      at log (server.js:448:17)
          at Array.forEach (<anonymous>)
          at Array.forEach (<anonymous>)

    console.log
      ­ƒôì Route: ^\/api\/events\/?(?=\/|$)/:id/roster

      at log (server.js:448:17)
          at Array.forEach (<anonymous>)
          at Array.forEach (<anonymous>)

    console.log
      ­ƒôì Route: ^\/api\/events\/?(?=\/|$)/:id/nudge

      at log (server.js:448:17)
          at Array.forEach (<anonymous>)
          at Array.forEach (<anonymous>)

    console.log
      ­ƒôì Route: ^\/api\/events\/?(?=\/|$)/:id/availability

      at log (server.js:448:17)
          at Array.forEach (<anonymous>)
          at Array.forEach (<anonymous>)

    console.log
      ­ƒôì Route: ^\/api\/events\/?(?=\/|$)/:id/availability/override

      at log (server.js:448:17)
          at Array.forEach (<anonymous>)
          at Array.forEach (<anonymous>)

    console.log
      ­ƒôì Route: ^\/api\/events\/?(?=\/|$)/:id/availability

      at log (server.js:448:17)
          at Array.forEach (<anonymous>)
          at Array.forEach (<anonymous>)

    console.log
      ­ƒôì Route: ^\/api\/events\/?(?=\/|$)/:id/notify

      at log (server.js:448:17)
          at Array.forEach (<anonymous>)
          at Array.forEach (<anonymous>)

    console.log
      ­ƒôì Route: ^\/api\/events\/?(?=\/|$)/:id

      at log (server.js:448:17)
          at Array.forEach (<anonymous>)
          at Array.forEach (<anonymous>)

    console.log
      ­ƒôì Route: ^\/api\/events\/?(?=\/|$)/:id/checkin

      at log (server.js:448:17)
          at Array.forEach (<anonymous>)
          at Array.forEach (<anonymous>)

    console.log
      ­ƒôì Route: ^\/api\/events\/?(?=\/|$)/:id/checkins

      at log (server.js:448:17)
          at Array.forEach (<anonymous>)
          at Array.forEach (<anonymous>)

    console.log
      ­ƒôì Route: ^\/api\/events\/?(?=\/|$)/:id/result

      at log (server.js:448:17)
          at Array.forEach (<anonymous>)
          at Array.forEach (<anonymous>)

    console.log
      ­ƒôì Route: ^\/api\/events\/?(?=\/|$)/:id/groups

      at log (server.js:448:17)
          at Array.forEach (<anonymous>)
          at Array.forEach (<anonymous>)

    console.log
      ­ƒôì Route: ^\/api\/events\/?(?=\/|$)/:id/players

      at log (server.js:448:17)
          at Array.forEach (<anonymous>)
          at Array.forEach (<anonymous>)

    console.log
      ­ƒôì Route: ^\/api\/events\/?(?=\/|$)/:id/groups

      at log (server.js:448:17)
          at Array.forEach (<anonymous>)
          at Array.forEach (<anonymous>)

    console.log
      ­ƒôì Route: ^\/api\/events\/?(?=\/|$)/:id/assign-group

      at log (server.js:448:17)
          at Array.forEach (<anonymous>)
          at Array.forEach (<anonymous>)

    console.log
      ­ƒôì Route: ^\/api\/events\/?(?=\/|$)/:id/bibs

      at log (server.js:448:17)
          at Array.forEach (<anonymous>)
          at Array.forEach (<anonymous>)

    console.log
      ­ƒôì Route: ^\/api\/events\/?(?=\/|$)/:id/export

      at log (server.js:448:17)
          at Array.forEach (<anonymous>)
          at Array.forEach (<anonymous>)

    console.log
      ­ƒôì Route: ^\/api\/events\/?(?=\/|$)/:id/checkin

      at log (server.js:448:17)
          at Array.forEach (<anonymous>)
          at Array.forEach (<anonymous>)

    console.log
      ­ƒôì Route: ^\/api\/events\/?(?=\/|$)/:id/results

      at log (server.js:448:17)
          at Array.forEach (<anonymous>)
          at Array.forEach (<anonymous>)

    console.log
      ­ƒôì Route: ^\/api\/events\/?(?=\/|$)/:id/player-stats

      at log (server.js:448:17)
          at Array.forEach (<anonymous>)
          at Array.forEach (<anonymous>)

    console.log
      ­ƒôì Route: ^\/api\/payments\/?(?=\/|$)/config

      at log (server.js:448:17)
          at Array.forEach (<anonymous>)
          at Array.forEach (<anonymous>)

    console.log
      ­ƒôì Route: ^\/api\/payments\/?(?=\/|$)/stripe/connect/status

      at log (server.js:448:17)
          at Array.forEach (<anonymous>)
          at Array.forEach (<anonymous>)

    console.log
      ­ƒôì Route: ^\/api\/payments\/?(?=\/|$)/stripe/connect/onboard

      at log (server.js:448:17)
          at Array.forEach (<anonymous>)
          at Array.forEach (<anonymous>)

    console.log
      ­ƒôì Route: ^\/api\/payments\/?(?=\/|$)/stripe/connect/manage

      at log (server.js:448:17)
          at Array.forEach (<anonymous>)
          at Array.forEach (<anonymous>)

    console.log
      ­ƒôì Route: ^\/api\/payments\/?(?=\/|$)/health

      at log (server.js:448:17)
          at Array.forEach (<anonymous>)
          at Array.forEach (<anonymous>)

    console.log
      ­ƒôì Route: ^\/api\/payments\/?(?=\/|$)/plans

      at log (server.js:448:17)
          at Array.forEach (<anonymous>)
          at Array.forEach (<anonymous>)

    console.log
      ­ƒôì Route: ^\/api\/payments\/?(?=\/|$)/plans/import

      at log (server.js:448:17)
          at Array.forEach (<anonymous>)
          at Array.forEach (<anonymous>)

    console.log
      ­ƒôì Route: ^\/api\/payments\/?(?=\/|$)/plans

      at log (server.js:448:17)
          at Array.forEach (<anonymous>)
          at Array.forEach (<anonymous>)

    console.log
      ­ƒôì Route: ^\/api\/payments\/?(?=\/|$)/plans/:id

      at log (server.js:448:17)
          at Array.forEach (<anonymous>)
          at Array.forEach (<anonymous>)

    console.log
      ­ƒôì Route: ^\/api\/payments\/?(?=\/|$)/plans/:id

      at log (server.js:448:17)
          at Array.forEach (<anonymous>)
          at Array.forEach (<anonymous>)

    console.log
      ­ƒôì Route: ^\/api\/payments\/?(?=\/|$)/plan/current

      at log (server.js:448:17)
          at Array.forEach (<anonymous>)
          at Array.forEach (<anonymous>)

    console.log
      ­ƒôì Route: ^\/api\/payments\/?(?=\/|$)/plan/assign

      at log (server.js:448:17)
          at Array.forEach (<anonymous>)
          at Array.forEach (<anonymous>)

    console.log
      ­ƒôì Route: ^\/api\/payments\/?(?=\/|$)/bulk-assign-plan-legacy

      at log (server.js:448:17)
          at Array.forEach (<anonymous>)
          at Array.forEach (<anonymous>)

    console.log
      ­ƒôì Route: ^\/api\/payments\/?(?=\/|$)/plan/cancel

      at log (server.js:448:17)
          at Array.forEach (<anonymous>)
          at Array.forEach (<anonymous>)

    console.log
      ­ƒôì Route: ^\/api\/payments\/?(?=\/|$)/

      at log (server.js:448:17)
          at Array.forEach (<anonymous>)
          at Array.forEach (<anonymous>)

    console.log
      ­ƒôì Route: ^\/api\/payments\/?(?=\/|$)/create-intent

      at log (server.js:448:17)
          at Array.forEach (<anonymous>)
          at Array.forEach (<anonymous>)

    console.log
      ­ƒôì Route: ^\/api\/payments\/?(?=\/|$)/confirm-payment

      at log (server.js:448:17)
          at Array.forEach (<anonymous>)
          at Array.forEach (<anonymous>)

    console.log
      ­ƒôì Route: ^\/api\/payments\/?(?=\/|$)/public/:id

      at log (server.js:448:17)
          at Array.forEach (<anonymous>)
          at Array.forEach (<anonymous>)

    console.log
      ­ƒôì Route: ^\/api\/payments\/?(?=\/|$)/:id/payment-link

      at log (server.js:448:17)
          at Array.forEach (<anonymous>)
          at Array.forEach (<anonymous>)

    console.log
      ­ƒôì Route: ^\/api\/payments\/?(?=\/|$)/book-event

      at log (server.js:448:17)
          at Array.forEach (<anonymous>)
          at Array.forEach (<anonymous>)

    console.log
      ­ƒôì Route: ^\/api\/payments\/?(?=\/|$)/

      at log (server.js:448:17)
          at Array.forEach (<anonymous>)
          at Array.forEach (<anonymous>)

    console.log
      ­ƒôì Route: ^\/api\/payments\/?(?=\/|$)/assign-player-plan

      at log (server.js:448:17)
          at Array.forEach (<anonymous>)
          at Array.forEach (<anonymous>)

    console.log
      ­ƒôì Route: ^\/api\/payments\/?(?=\/|$)/bulk-assign-plan

      at log (server.js:448:17)
          at Array.forEach (<anonymous>)
          at Array.forEach (<anonymous>)

    console.log
      ­ƒôì Route: ^\/api\/payments\/?(?=\/|$)/cleanup

      at log (server.js:448:17)
          at Array.forEach (<anonymous>)
          at Array.forEach (<anonymous>)

    console.log
      ­ƒôì Route: ^\/api\/stripe-payouts\/?(?=\/|$)/configure-payout/:accountId

      at log (server.js:448:17)
          at Array.forEach (<anonymous>)
          at Array.forEach (<anonymous>)

    console.log
      ­ƒôì Route: ^\/api\/stripe-payouts\/?(?=\/|$)/payout-schedule/:accountId

      at log (server.js:448:17)
          at Array.forEach (<anonymous>)
          at Array.forEach (<anonymous>)

    console.log
      ­ƒôì Route: ^\/api\/stripe-payouts\/?(?=\/|$)/configure-all-payouts

      at log (server.js:448:17)
          at Array.forEach (<anonymous>)
          at Array.forEach (<anonymous>)

    console.log
      ­ƒôì Route: ^\/api\/stripe-payouts\/?(?=\/|$)/manual-payout/:accountId

      at log (server.js:448:17)
          at Array.forEach (<anonymous>)
          at Array.forEach (<anonymous>)

    console.log
      ­ƒôì Route: ^\/api\/dashboard\/?(?=\/|$)/admin

      at log (server.js:448:17)
          at Array.forEach (<anonymous>)
          at Array.forEach (<anonymous>)

    console.log
      ­ƒôì Route: ^\/api\/dashboard\/?(?=\/|$)/player

      at log (server.js:448:17)
          at Array.forEach (<anonymous>)
          at Array.forEach (<anonymous>)

    console.log
      ­ƒôì Route: ^\/api\/dashboard\/?(?=\/|$)/invitations/:orgId/accept

      at log (server.js:448:17)
          at Array.forEach (<anonymous>)
          at Array.forEach (<anonymous>)

    console.log
      ­ƒôì Route: ^\/api\/dashboard\/?(?=\/|$)/invitations/:orgId/decline

      at log (server.js:448:17)
          at Array.forEach (<anonymous>)
          at Array.forEach (<anonymous>)

    console.log
      ­ƒôì Route: ^\/api\/invites\/?(?=\/|$)/generate

      at log (server.js:448:17)
          at Array.forEach (<anonymous>)
          at Array.forEach (<anonymous>)

    console.log
      ­ƒôì Route: ^\/api\/invites\/?(?=\/|$)/details/:token

      at log (server.js:448:17)
          at Array.forEach (<anonymous>)
          at Array.forEach (<anonymous>)

    console.log
      ­ƒôì Route: ^\/api\/invites\/?(?=\/|$)/accept/:token

      at log (server.js:448:17)
          at Array.forEach (<anonymous>)
          at Array.forEach (<anonymous>)

    console.log
      ­ƒôì Route: ^\/api\/invites\/?(?=\/|$)/decline/:token

      at log (server.js:448:17)
          at Array.forEach (<anonymous>)
          at Array.forEach (<anonymous>)

    console.log
      ­ƒôì Route: ^\/api\/invites\/?(?=\/|$)/sent

      at log (server.js:448:17)
          at Array.forEach (<anonymous>)
          at Array.forEach (<anonymous>)

    console.log
      ­ƒôì Route: ^\/api\/products\/?(?=\/|$)/

      at log (server.js:448:17)
          at Array.forEach (<anonymous>)
          at Array.forEach (<anonymous>)

    console.log
      ­ƒôì Route: ^\/api\/products\/?(?=\/|$)/

      at log (server.js:448:17)
          at Array.forEach (<anonymous>)
          at Array.forEach (<anonymous>)

    console.log
      ­ƒôì Route: ^\/api\/products\/?(?=\/|$)/purchase

      at log (server.js:448:17)
          at Array.forEach (<anonymous>)
          at Array.forEach (<anonymous>)

    console.log
      ­ƒôì Route: ^\/api\/products\/?(?=\/|$)/:id

      at log (server.js:448:17)
          at Array.forEach (<anonymous>)
          at Array.forEach (<anonymous>)

    console.log
      ­ƒôì Route: ^\/api\/products\/?(?=\/|$)/:id

      at log (server.js:448:17)
          at Array.forEach (<anonymous>)
          at Array.forEach (<anonymous>)

    console.log
      ­ƒôì Route: ^\/api\/campaigns\/?(?=\/|$)/

      at log (server.js:448:17)
          at Array.forEach (<anonymous>)
          at Array.forEach (<anonymous>)

    console.log
      ­ƒôì Route: ^\/api\/campaigns\/?(?=\/|$)/

      at log (server.js:448:17)
          at Array.forEach (<anonymous>)
          at Array.forEach (<anonymous>)

    console.log
      ­ƒôì Route: ^\/api\/campaigns\/?(?=\/|$)/:id/send

      at log (server.js:448:17)
          at Array.forEach (<anonymous>)
          at Array.forEach (<anonymous>)

    console.log
      ­ƒôì Route: ^\/api\/listings\/?(?=\/|$)/

      at log (server.js:448:17)
          at Array.forEach (<anonymous>)
          at Array.forEach (<anonymous>)

    console.log
      ­ƒôì Route: ^\/api\/listings\/?(?=\/|$)/

      at log (server.js:448:17)
          at Array.forEach (<anonymous>)
          at Array.forEach (<anonymous>)

    console.log
      ­ƒôì Route: ^\/api\/listings\/?(?=\/|$)/:id/applications

      at log (server.js:448:17)
          at Array.forEach (<anonymous>)
          at Array.forEach (<anonymous>)

    console.log
      ­ƒôì Route: ^\/api\/listings\/?(?=\/|$)/applications/:id/status

      at log (server.js:448:17)
          at Array.forEach (<anonymous>)
          at Array.forEach (<anonymous>)

    console.log
      ­ƒôì Route: ^\/api\/listings\/?(?=\/|$)/applications/:id/invite

      at log (server.js:448:17)
          at Array.forEach (<anonymous>)
          at Array.forEach (<anonymous>)

    console.log
      ­ƒôì Route: ^\/api\/listings\/?(?=\/|$)/:id

      at log (server.js:448:17)
          at Array.forEach (<anonymous>)
          at Array.forEach (<anonymous>)

    console.log
      ­ƒôì Route: ^\/api\/notifications\/?(?=\/|$)/

      at log (server.js:448:17)
          at Array.forEach (<anonymous>)
          at Array.forEach (<anonymous>)

    console.log
      ­ƒôì Route: ^\/api\/notifications\/?(?=\/|$)/

      at log (server.js:448:17)
          at Array.forEach (<anonymous>)
          at Array.forEach (<anonymous>)

    console.log
      ­ƒôì Route: ^\/api\/notifications\/?(?=\/|$)/:id/read

      at log (server.js:448:17)
          at Array.forEach (<anonymous>)
          at Array.forEach (<anonymous>)

    console.log
      ­ƒôì Route: ^\/api\/notifications\/?(?=\/|$)/read-all

      at log (server.js:448:17)
          at Array.forEach (<anonymous>)
          at Array.forEach (<anonymous>)

    console.log
      ­ƒôì Route: ^\/api\/debug\/?(?=\/|$)/check-org/:id

      at log (server.js:448:17)
          at Array.forEach (<anonymous>)
          at Array.forEach (<anonymous>)

    console.log
      ­ƒôì Route: ^\/api\/talent-id\/?(?=\/|$)/register

      at log (server.js:448:17)
          at Array.forEach (<anonymous>)
          at Array.forEach (<anonymous>)

    console.log
      ­ƒôì Route: ^\/api\/talent-id\/?(?=\/|$)/events/:id/dashboard

      at log (server.js:448:17)
          at Array.forEach (<anonymous>)
          at Array.forEach (<anonymous>)

    console.log
      ­ƒôì Route: ^\/api\/talent-id\/?(?=\/|$)/events/:id/schedule

      at log (server.js:448:17)
          at Array.forEach (<anonymous>)
          at Array.forEach (<anonymous>)

    console.log
      ­ƒôì Route: ^\/api\/talent-id\/?(?=\/|$)/bibs/batch

      at log (server.js:448:17)
          at Array.forEach (<anonymous>)
          at Array.forEach (<anonymous>)

    console.log
      ­ƒôì Route: ^\/api\/talent-id\/?(?=\/|$)/events/:id/groups

      at log (server.js:448:17)
          at Array.forEach (<anonymous>)
          at Array.forEach (<anonymous>)

    console.log
      ­ƒôì Route: ^\/api\/talent-id\/?(?=\/|$)/events/:id/auto-assign

      at log (server.js:448:17)
          at Array.forEach (<anonymous>)
          at Array.forEach (<anonymous>)

    console.log
      ­ƒôì Route: ^\/api\/talent-id\/?(?=\/|$)/registrations/:id/checkin

      at log (server.js:448:17)
          at Array.forEach (<anonymous>)
          at Array.forEach (<anonymous>)

    console.log
      ­ƒôì Route: ^\/api\/scouting\/?(?=\/|$)/reports

      at log (server.js:448:17)
          at Array.forEach (<anonymous>)
          at Array.forEach (<anonymous>)

    console.log
      ­ƒôì Route: ^\/api\/scouting\/?(?=\/|$)/reports

      at log (server.js:448:17)
          at Array.forEach (<anonymous>)
          at Array.forEach (<anonymous>)

    console.log
      ­ƒôì Route: ^\/api\/scouting\/?(?=\/|$)/assignments

      at log (server.js:448:17)
          at Array.forEach (<anonymous>)
          at Array.forEach (<anonymous>)

    console.log
      ­ƒôì Route: ^\/api\/scouting\/?(?=\/|$)/contact-requests

      at log (server.js:448:17)
          at Array.forEach (<anonymous>)
          at Array.forEach (<anonymous>)

    console.log
      ­ƒôì Route: ^\/api\/scouting\/?(?=\/|$)/analytics

      at log (server.js:448:17)
          at Array.forEach (<anonymous>)
          at Array.forEach (<anonymous>)

    console.log
      ­ƒôì Route: ^\/api\/scouting\/?(?=\/|$)/verify-me

      at log (server.js:448:17)
          at Array.forEach (<anonymous>)
          at Array.forEach (<anonymous>)

    console.log
      ­ƒôì Route: ^\/api\/scouting\/?(?=\/|$)/watchlist

      at log (server.js:448:17)
          at Array.forEach (<anonymous>)
          at Array.forEach (<anonymous>)

    console.log
      ­ƒôì Route: ^\/api\/scouting\/?(?=\/|$)/watchlist

      at log (server.js:448:17)
          at Array.forEach (<anonymous>)
          at Array.forEach (<anonymous>)

    console.log
      ­ƒôì Route: ^\/api\/scouting\/?(?=\/|$)/watchlist/:playerId

      at log (server.js:448:17)
          at Array.forEach (<anonymous>)
          at Array.forEach (<anonymous>)

    console.log
      ­ƒôì Route: ^\/api\/scouting\/?(?=\/|$)/medical/:id

      at log (server.js:448:17)
          at Array.forEach (<anonymous>)
          at Array.forEach (<anonymous>)

    console.log
      ­ƒôì Route: ^\/api\/venues\/?(?=\/|$)/

      at log (server.js:448:17)
          at Array.forEach (<anonymous>)
          at Array.forEach (<anonymous>)

    console.log
      ­ƒôì Route: ^\/api\/venues\/?(?=\/|$)/:id

      at log (server.js:448:17)
          at Array.forEach (<anonymous>)
          at Array.forEach (<anonymous>)

    console.log
      ­ƒôì Route: ^\/api\/venues\/?(?=\/|$)/

      at log (server.js:448:17)
          at Array.forEach (<anonymous>)
          at Array.forEach (<anonymous>)

    console.log
      ­ƒôì Route: ^\/api\/venues\/?(?=\/|$)/:id/availability

      at log (server.js:448:17)
          at Array.forEach (<anonymous>)
          at Array.forEach (<anonymous>)

    console.log
      ­ƒôì Route: ^\/api\/venues\/?(?=\/|$)/:id/documents

      at log (server.js:448:17)
          at Array.forEach (<anonymous>)
          at Array.forEach (<anonymous>)

    console.log
      ­ƒôì Route: ^\/api\/venues\/?(?=\/|$)/:id/book

      at log (server.js:448:17)
          at Array.forEach (<anonymous>)
          at Array.forEach (<anonymous>)

    console.log
      ­ƒôì Route: ^\/api\/venues\/?(?=\/|$)/bookings/my

      at log (server.js:448:17)
          at Array.forEach (<anonymous>)
          at Array.forEach (<anonymous>)

    console.log
      ­ƒôì Route: ^\/api\/venues\/?(?=\/|$)/bookings/:id/status

      at log (server.js:448:17)
          at Array.forEach (<anonymous>)
          at Array.forEach (<anonymous>)

    console.log
      ­ƒôì Route: ^\/api\/leagues\/?(?=\/|$)/

      at log (server.js:448:17)
          at Array.forEach (<anonymous>)
          at Array.forEach (<anonymous>)

    console.log
      ­ƒôì Route: ^\/api\/leagues\/?(?=\/|$)/

      at log (server.js:448:17)
          at Array.forEach (<anonymous>)
          at Array.forEach (<anonymous>)

    console.log
      ­ƒôì Route: ^\/api\/leagues\/?(?=\/|$)/:id

      at log (server.js:448:17)
          at Array.forEach (<anonymous>)
          at Array.forEach (<anonymous>)

    console.log
      ­ƒôì Route: ^\/api\/leagues\/?(?=\/|$)/:id/standings

      at log (server.js:448:17)
          at Array.forEach (<anonymous>)
          at Array.forEach (<anonymous>)

    console.log
      ­ƒôì Route: ^\/api\/leagues\/?(?=\/|$)/:id/teams

      at log (server.js:448:17)
          at Array.forEach (<anonymous>)
          at Array.forEach (<anonymous>)

    console.log
      ­ƒôì Route: ^\/api\/leagues\/?(?=\/|$)/:id/fixtures/generate

      at log (server.js:448:17)
          at Array.forEach (<anonymous>)
          at Array.forEach (<anonymous>)

    console.log
      ­ƒôì Route: ^\/api\/leagues\/?(?=\/|$)/:id/fixtures

      at log (server.js:448:17)
          at Array.forEach (<anonymous>)
          at Array.forEach (<anonymous>)

    console.log
      ­ƒôì Route: ^\/api\/leagues\/?(?=\/|$)/fixtures/:id/score

      at log (server.js:448:17)
          at Array.forEach (<anonymous>)
          at Array.forEach (<anonymous>)

    console.log
      ­ƒôì Route: ^\/api\/leagues\/?(?=\/|$)/fixtures/:id/assign-referee

      at log (server.js:448:17)
          at Array.forEach (<anonymous>)
          at Array.forEach (<anonymous>)

    console.log
      ­ƒôì Route: ^\/api\/tournaments\/?(?=\/|$)/register

      at log (server.js:448:17)
          at Array.forEach (<anonymous>)
          at Array.forEach (<anonymous>)

    console.log
      ­ƒôì Route: ^\/api\/tournaments\/?(?=\/|$)/

      at log (server.js:448:17)
          at Array.forEach (<anonymous>)
          at Array.forEach (<anonymous>)

    console.log
      ­ƒôì Route: ^\/api\/tournaments\/?(?=\/|$)/:id/dashboard

      at log (server.js:448:17)
          at Array.forEach (<anonymous>)
          at Array.forEach (<anonymous>)

    console.log
      ­ƒôì Route: ^\/api\/tournaments\/?(?=\/|$)/:id/groups

      at log (server.js:448:17)
          at Array.forEach (<anonymous>)
          at Array.forEach (<anonymous>)

    console.log
      ­ƒôì Route: ^\/api\/tournaments\/?(?=\/|$)/:id/groups/assign

      at log (server.js:448:17)
          at Array.forEach (<anonymous>)
          at Array.forEach (<anonymous>)

    console.log
      ­ƒôì Route: ^\/api\/tournaments\/?(?=\/|$)/:id/generate-fixtures

      at log (server.js:448:17)
          at Array.forEach (<anonymous>)
          at Array.forEach (<anonymous>)

    console.log
      ­ƒôì Route: ^\/api\/tournaments\/?(?=\/|$)/matches/:id/lineups

      at log (server.js:448:17)
          at Array.forEach (<anonymous>)
          at Array.forEach (<anonymous>)

    console.log
      ­ƒôì Route: ^\/api\/tournaments\/?(?=\/|$)/matches/:id/result

      at log (server.js:448:17)
          at Array.forEach (<anonymous>)
          at Array.forEach (<anonymous>)

    console.log
      ­ƒôì Route: ^\/api\/tournaments\/?(?=\/|$)/:id/pitches

      at log (server.js:448:17)
          at Array.forEach (<anonymous>)
          at Array.forEach (<anonymous>)

    console.log
      ­ƒôì Route: ^\/api\/tournaments\/?(?=\/|$)/:id/pitches/bulk

      at log (server.js:448:17)
          at Array.forEach (<anonymous>)
          at Array.forEach (<anonymous>)

    console.log
      ­ƒôì Route: ^\/api\/tournaments\/?(?=\/|$)/:id/pitches

      at log (server.js:448:17)
          at Array.forEach (<anonymous>)
          at Array.forEach (<anonymous>)

    console.log
      ­ƒôì Route: ^\/api\/tournaments\/?(?=\/|$)/:id/auto-schedule

      at log (server.js:448:17)
          at Array.forEach (<anonymous>)
          at Array.forEach (<anonymous>)

    console.log
      ­ƒôì Route: ^\/api\/tournaments\/?(?=\/|$)/teams/:id/status

      at log (server.js:448:17)
          at Array.forEach (<anonymous>)
          at Array.forEach (<anonymous>)

    console.log
      ­ƒôì Route: ^\/api\/tournaments\/?(?=\/|$)/teams/:id/link

      at log (server.js:448:17)
          at Array.forEach (<anonymous>)
          at Array.forEach (<anonymous>)

    console.log
      ­ƒôì Route: ^\/api\/tournaments\/?(?=\/|$)/matches/:id/assign-team

      at log (server.js:448:17)
          at Array.forEach (<anonymous>)
          at Array.forEach (<anonymous>)

    console.log
      ­ƒôì Route: ^\/api\/tournaments\/?(?=\/|$)/:id/bracket

      at log (server.js:448:17)
          at Array.forEach (<anonymous>)
          at Array.forEach (<anonymous>)

    console.log
      ­ƒôì Route: ^\/api\/tournaments\/?(?=\/|$)/matches/:id/video

      at log (server.js:448:17)
          at Array.forEach (<anonymous>)
          at Array.forEach (<anonymous>)

    console.log
      ­ƒôì Route: ^\/api\/tournaments\/?(?=\/|$)/:id/invite-staff

      at log (server.js:448:17)
          at Array.forEach (<anonymous>)
          at Array.forEach (<anonymous>)

    console.log
      ­ƒôì Route: ^\/api\/tournaments\/?(?=\/|$)/:id/invite-team

      at log (server.js:448:17)
          at Array.forEach (<anonymous>)
          at Array.forEach (<anonymous>)

    console.log
      ­ƒôì Route: ^\/api\/tournaments\/?(?=\/|$)/pitches/:id

      at log (server.js:448:17)
          at Array.forEach (<anonymous>)
          at Array.forEach (<anonymous>)

    console.log
      ­ƒôì Route: ^\/api\/tournaments\/?(?=\/|$)/matches/:id/video

      at log (server.js:448:17)
          at Array.forEach (<anonymous>)
          at Array.forEach (<anonymous>)

    console.log
      ­ƒôì Route: ^\/api\/tournaments\/?(?=\/|$)/matches/:id/video

      at log (server.js:448:17)
          at Array.forEach (<anonymous>)
          at Array.forEach (<anonymous>)

    console.log
      ­ƒôì Route: ^\/api\/tournaments\/?(?=\/|$)/:id/layout

      at log (server.js:448:17)
          at Array.forEach (<anonymous>)
          at Array.forEach (<anonymous>)

    console.log
      ­ƒôì Route: ^\/api\/tournaments\/?(?=\/|$)/:id/invite

      at log (server.js:448:17)
          at Array.forEach (<anonymous>)
          at Array.forEach (<anonymous>)

    console.log
      ­ƒôì Route: ^\/api\/polls\/?(?=\/|$)/

      at log (server.js:448:17)
          at Array.forEach (<anonymous>)
          at Array.forEach (<anonymous>)

    console.log
      ­ƒôì Route: ^\/api\/polls\/?(?=\/|$)/

      at log (server.js:448:17)
          at Array.forEach (<anonymous>)
          at Array.forEach (<anonymous>)

    console.log
      ­ƒôì Route: ^\/api\/polls\/?(?=\/|$)/:id/vote

      at log (server.js:448:17)
          at Array.forEach (<anonymous>)
          at Array.forEach (<anonymous>)

    console.log
      ­ƒôì Route: ^\/api\/email\/?(?=\/|$)/send

      at log (server.js:448:17)
          at Array.forEach (<anonymous>)
          at Array.forEach (<anonymous>)

    console.log
      ­ƒôì Route: ^\/api\/email\/?(?=\/|$)/send-invite

      at log (server.js:448:17)
          at Array.forEach (<anonymous>)
          at Array.forEach (<anonymous>)

    console.log
      ­ƒôì Route: ^\/api\/tactical\/?(?=\/|$)/

      at log (server.js:448:17)
          at Array.forEach (<anonymous>)
          at Array.forEach (<anonymous>)

    console.log
      ­ƒôì Route: ^\/api\/tactical\/?(?=\/|$)/

      at log (server.js:448:17)
          at Array.forEach (<anonymous>)
          at Array.forEach (<anonymous>)

    console.log
      ­ƒôì Route: ^\/api\/tactical\/?(?=\/|$)/:id

      at log (server.js:448:17)
          at Array.forEach (<anonymous>)
          at Array.forEach (<anonymous>)

    console.log
      ­ƒôì Route: ^\/api\/forms\/?(?=\/|$)/

      at log (server.js:448:17)
          at Array.forEach (<anonymous>)
          at Array.forEach (<anonymous>)

    console.log
      ­ƒôì Route: ^\/api\/forms\/?(?=\/|$)/

      at log (server.js:448:17)
          at Array.forEach (<anonymous>)
          at Array.forEach (<anonymous>)

    console.log
      ­ƒôì Route: ^\/api\/forms\/?(?=\/|$)/:id

      at log (server.js:448:17)
          at Array.forEach (<anonymous>)
          at Array.forEach (<anonymous>)

    console.log
      ­ƒôì Route: ^\/api\/forms\/?(?=\/|$)/:id

      at log (server.js:448:17)
          at Array.forEach (<anonymous>)
          at Array.forEach (<anonymous>)

    console.log
      ­ƒôì Route: ^\/api\/forms\/?(?=\/|$)/:id

      at log (server.js:448:17)
          at Array.forEach (<anonymous>)
          at Array.forEach (<anonymous>)

    console.log
      ­ƒôì Route: ^\/api\/forms\/?(?=\/|$)/:id/submit

      at log (server.js:448:17)
          at Array.forEach (<anonymous>)
          at Array.forEach (<anonymous>)

    console.log
      ­ƒôì Route: ^\/api\/forms\/?(?=\/|$)/:id/responses

      at log (server.js:448:17)
          at Array.forEach (<anonymous>)
          at Array.forEach (<anonymous>)

    console.log
      ­ƒôì Route: ^\/api\/training\/?(?=\/|$)/drills

      at log (server.js:448:17)
          at Array.forEach (<anonymous>)
          at Array.forEach (<anonymous>)

    console.log
      ­ƒôì Route: ^\/api\/training\/?(?=\/|$)/drills

      at log (server.js:448:17)
          at Array.forEach (<anonymous>)
          at Array.forEach (<anonymous>)

    console.log
      ­ƒôì Route: ^\/api\/training\/?(?=\/|$)/drills/:id

      at log (server.js:448:17)
          at Array.forEach (<anonymous>)
          at Array.forEach (<anonymous>)

    console.log
      ­ƒôì Route: ^\/api\/training\/?(?=\/|$)/drills/:id

      at log (server.js:448:17)
          at Array.forEach (<anonymous>)
          at Array.forEach (<anonymous>)

    console.log
      ­ƒôì Route: ^\/api\/training\/?(?=\/|$)/drills/:id

      at log (server.js:448:17)
          at Array.forEach (<anonymous>)
          at Array.forEach (<anonymous>)

    console.log
      ­ƒôì Route: ^\/api\/training\/?(?=\/|$)/drills/:id/assign

      at log (server.js:448:17)
          at Array.forEach (<anonymous>)
          at Array.forEach (<anonymous>)

    console.log
      ­ƒôì Route: ^\/api\/training\/?(?=\/|$)/my-drills

      at log (server.js:448:17)
          at Array.forEach (<anonymous>)
          at Array.forEach (<anonymous>)

    console.log
      ­ƒôì Route: ^\/api\/training\/?(?=\/|$)/submissions

      at log (server.js:448:17)
          at Array.forEach (<anonymous>)
          at Array.forEach (<anonymous>)

    console.log
      ­ƒôì Route: ^\/api\/training\/?(?=\/|$)/submissions

      at log (server.js:448:17)
          at Array.forEach (<anonymous>)
          at Array.forEach (<anonymous>)

    console.log
      ­ƒôì Route: ^\/api\/training\/?(?=\/|$)/submissions/:id/review

      at log (server.js:448:17)
          at Array.forEach (<anonymous>)
          at Array.forEach (<anonymous>)

    console.log
      ­ƒôì Route: ^\/api\/training\/?(?=\/|$)/skills/:playerId

      at log (server.js:448:17)
          at Array.forEach (<anonymous>)
          at Array.forEach (<anonymous>)

    console.log
      ­ƒôì Route: ^\/api\/training\/?(?=\/|$)/team-progress/:teamId

      at log (server.js:448:17)
          at Array.forEach (<anonymous>)
          at Array.forEach (<anonymous>)

    console.log
      2026-04-11T15:19:51.297Z - GET /api/payments/stripe/connect/status - ::ffff:127.0.0.1

      at log (server.js:227:11)

    console.log
      Ô£à Token verified for user: super@test.com

      at log (middleware/auth.js:56:13)

    console.log
      Updating payout schedule for account acct_test to monthly on the 1st...

      at log (routes/payments.js:122:15)

    console.log
      2026-04-11T15:19:51.319Z - POST /api/payments/create-intent - ::ffff:127.0.0.1

      at log (server.js:227:11)

    console.log
      2026-04-11T15:19:51.344Z - POST /api/payments/plans - ::ffff:127.0.0.1

      at log (server.js:227:11)

    console.log
      Ô£à Token verified for user: super@test.com

      at log (middleware/auth.js:56:13)

    console.log
      2026-04-11T15:19:51.379Z - POST /api/payments/create-intent - ::ffff:127.0.0.1

      at log (server.js:227:11)

    console.log
      2026-04-11T15:19:51.394Z - GET /api/payments/stripe/connect/status - ::ffff:127.0.0.1

      at log (server.js:227:11)

    console.log
      Ô£à Token verified for user: super@test.com

      at log (middleware/auth.js:56:13)

    console.log
      Updating payout schedule for account acct_test to monthly on the 1st...

      at log (routes/payments.js:122:15)

    console.log
      2026-04-11T15:19:51.404Z - POST /api/payments/plans - ::ffff:127.0.0.1

      at log (server.js:227:11)

    console.log
      Ô£à Token verified for user: super@test.com

      at log (middleware/auth.js:56:13)

PASS tests/planner.test.js
  ÔùÅ Console

    console.log
      ÔÜá´©Å  Payment processing is DISABLED. Set ENABLE_PAYMENT_PROCESSING=true in .env to enable.

      at Object.log (middleware/payment-guard.js:20:11)

    console.log
      ­ƒôì Route: /api/run-temp-migration

      at log (server.js:444:13)
          at Array.forEach (<anonymous>)

    console.log
      ­ƒôì Route: *

      at log (server.js:444:13)
          at Array.forEach (<anonymous>)

    console.log
      ­ƒôì Route: /api/test-now

      at log (server.js:444:13)
          at Array.forEach (<anonymous>)

    console.log
      ­ƒôì Route: /health

      at log (server.js:444:13)
          at Array.forEach (<anonymous>)

    console.log
      ­ƒôì Route: /api/health

      at log (server.js:444:13)
          at Array.forEach (<anonymous>)

    console.log
      ­ƒôì Route: /api/public-debug/:id

      at log (server.js:444:13)
          at Array.forEach (<anonymous>)

    console.log
      ­ƒôì Route: ^\/api\/auth\/?(?=\/|$)/register

      at log (server.js:448:17)
          at Array.forEach (<anonymous>)
          at Array.forEach (<anonymous>)

    console.log
      ­ƒôì Route: ^\/api\/auth\/?(?=\/|$)/login

      at log (server.js:448:17)
          at Array.forEach (<anonymous>)
          at Array.forEach (<anonymous>)

    console.log
      ­ƒôì Route: ^\/api\/auth\/?(?=\/|$)/logout

      at log (server.js:448:17)
          at Array.forEach (<anonymous>)
          at Array.forEach (<anonymous>)

    console.log
      ­ƒôì Route: ^\/api\/auth\/?(?=\/|$)/seed-demo-users

      at log (server.js:448:17)
          at Array.forEach (<anonymous>)
          at Array.forEach (<anonymous>)

    console.log
      ­ƒôì Route: ^\/api\/auth\/?(?=\/|$)/me

      at log (server.js:448:17)
          at Array.forEach (<anonymous>)
          at Array.forEach (<anonymous>)

    console.log
      ­ƒôì Route: ^\/api\/auth\/?(?=\/|$)/find-user

      at log (server.js:448:17)
          at Array.forEach (<anonymous>)
          at Array.forEach (<anonymous>)

    console.log
      ­ƒôì Route: ^\/api\/auth\/?(?=\/|$)/add-child

      at log (server.js:448:17)
          at Array.forEach (<anonymous>)
          at Array.forEach (<anonymous>)

    console.log
      ­ƒôì Route: ^\/api\/auth\/?(?=\/|$)/children

      at log (server.js:448:17)
          at Array.forEach (<anonymous>)
          at Array.forEach (<anonymous>)

    console.log
      ­ƒôì Route: ^\/api\/auth\/?(?=\/|$)/children/:childId

      at log (server.js:448:17)
          at Array.forEach (<anonymous>)
          at Array.forEach (<anonymous>)

    console.log
      ­ƒôì Route: ^\/api\/auth\/?(?=\/|$)/organizations

      at log (server.js:448:17)
          at Array.forEach (<anonymous>)
          at Array.forEach (<anonymous>)

    console.log
      ­ƒôì Route: ^\/api\/auth\/?(?=\/|$)/context

      at log (server.js:448:17)
          at Array.forEach (<anonymous>)
          at Array.forEach (<anonymous>)

    console.log
      ­ƒôì Route: ^\/api\/auth\/?(?=\/|$)/switch-organization

      at log (server.js:448:17)
          at Array.forEach (<anonymous>)
          at Array.forEach (<anonymous>)

    console.log
      ­ƒôì Route: ^\/api\/auth\/?(?=\/|$)/profile

      at log (server.js:448:17)
          at Array.forEach (<anonymous>)
          at Array.forEach (<anonymous>)

    console.log
      ­ƒôì Route: ^\/api\/auth\/?(?=\/|$)/profile

      at log (server.js:448:17)
          at Array.forEach (<anonymous>)
          at Array.forEach (<anonymous>)

    console.log
      ­ƒôì Route: ^\/api\/auth\/?(?=\/|$)/gdpr/export

      at log (server.js:448:17)
          at Array.forEach (<anonymous>)
          at Array.forEach (<anonymous>)

    console.log
      ­ƒôì Route: ^\/api\/auth\/?(?=\/|$)/gdpr/delete

      at log (server.js:448:17)
          at Array.forEach (<anonymous>)
          at Array.forEach (<anonymous>)

    console.log
      ­ƒôì Route: ^\/api\/auth\/?(?=\/|$)/forgot-password

      at log (server.js:448:17)
          at Array.forEach (<anonymous>)
          at Array.forEach (<anonymous>)

    console.log
      ­ƒôì Route: ^\/api\/auth\/?(?=\/|$)/reset-password

      at log (server.js:448:17)
          at Array.forEach (<anonymous>)
          at Array.forEach (<anonymous>)

    console.log
      ­ƒôì Route: ^\/api\/auth\/?(?=\/|$)/profile-personal

      at log (server.js:448:17)
          at Array.forEach (<anonymous>)
          at Array.forEach (<anonymous>)

    console.log
      ­ƒôì Route: ^\/api\/auth\/?(?=\/|$)/change-password

      at log (server.js:448:17)
          at Array.forEach (<anonymous>)
          at Array.forEach (<anonymous>)

    console.log
      ­ƒôì Route: ^\/api\/auth\/?(?=\/|$)/settings

      at log (server.js:448:17)
          at Array.forEach (<anonymous>)
          at Array.forEach (<anonymous>)

    console.log
      ­ƒôì Route: ^\/api\/auth\/?(?=\/|$)/settings

      at log (server.js:448:17)
          at Array.forEach (<anonymous>)
          at Array.forEach (<anonymous>)

    console.log
      ­ƒôì Route: ^\/api\/auth\/?(?=\/|$)/account

      at log (server.js:448:17)
          at Array.forEach (<anonymous>)
          at Array.forEach (<anonymous>)

    console.log
      ­ƒôì Route: ^\/api\/auth\/?(?=\/|$)/tours/complete

      at log (server.js:448:17)
          at Array.forEach (<anonymous>)
          at Array.forEach (<anonymous>)

    console.log
      ­ƒôì Route: ^\/api\/auth\/?(?=\/|$)/switch-organization

      at log (server.js:448:17)
          at Array.forEach (<anonymous>)
          at Array.forEach (<anonymous>)

    console.log
      ­ƒôì Route: ^\/api\/auth\/?(?=\/|$)/context

      at log (server.js:448:17)
          at Array.forEach (<anonymous>)
          at Array.forEach (<anonymous>)

    console.log
      ­ƒôì Route: ^\/api\/auth\/?(?=\/|$)/me

      at log (server.js:448:17)
          at Array.forEach (<anonymous>)
          at Array.forEach (<anonymous>)

    console.log
      ­ƒôì Route: ^\/api\/organizations\/?(?=\/|$)/

      at log (server.js:448:17)
          at Array.forEach (<anonymous>)
          at Array.forEach (<anonymous>)

    console.log
      ­ƒôì Route: ^\/api\/organizations\/?(?=\/|$)/:id

      at log (server.js:448:17)
          at Array.forEach (<anonymous>)
          at Array.forEach (<anonymous>)

    console.log
      ­ƒôì Route: ^\/api\/organizations\/?(?=\/|$)/super/:id

      at log (server.js:448:17)
          at Array.forEach (<anonymous>)
          at Array.forEach (<anonymous>)

    console.log
      ­ƒôì Route: ^\/api\/organizations\/?(?=\/|$)/

      at log (server.js:448:17)
          at Array.forEach (<anonymous>)
          at Array.forEach (<anonymous>)

    console.log
      ­ƒôì Route: ^\/api\/organizations\/?(?=\/|$)/:id

      at log (server.js:448:17)
          at Array.forEach (<anonymous>)
          at Array.forEach (<anonymous>)

    console.log
      ­ƒôì Route: ^\/api\/organizations\/?(?=\/|$)/:id

      at log (server.js:448:17)
          at Array.forEach (<anonymous>)
          at Array.forEach (<anonymous>)

    console.log
      ­ƒôì Route: ^\/api\/organizations\/?(?=\/|$)/:id/members

      at log (server.js:448:17)
          at Array.forEach (<anonymous>)
          at Array.forEach (<anonymous>)

    console.log
      ­ƒôì Route: ^\/api\/organizations\/?(?=\/|$)/:id/images

      at log (server.js:448:17)
          at Array.forEach (<anonymous>)
          at Array.forEach (<anonymous>)

    console.log
      ­ƒôì Route: ^\/api\/organizations\/?(?=\/|$)/:id/logo

      at log (server.js:448:17)
          at Array.forEach (<anonymous>)
          at Array.forEach (<anonymous>)

    console.log
      ­ƒôì Route: ^\/api\/organizations\/?(?=\/|$)/:id/images

      at log (server.js:448:17)
          at Array.forEach (<anonymous>)
          at Array.forEach (<anonymous>)

    console.log
      ­ƒôì Route: ^\/api\/invitations\/?(?=\/|$)/:orgId/invite

      at log (server.js:448:17)
          at Array.forEach (<anonymous>)
          at Array.forEach (<anonymous>)

    console.log
      ­ƒôì Route: ^\/api\/invitations\/?(?=\/|$)/:token

      at log (server.js:448:17)
          at Array.forEach (<anonymous>)
          at Array.forEach (<anonymous>)

    console.log
      ­ƒôì Route: ^\/api\/invitations\/?(?=\/|$)/:token/accept

      at log (server.js:448:17)
          at Array.forEach (<anonymous>)
          at Array.forEach (<anonymous>)

    console.log
      ­ƒôì Route: ^\/api\/invitations\/?(?=\/|$)/:token/decline

      at log (server.js:448:17)
          at Array.forEach (<anonymous>)
          at Array.forEach (<anonymous>)

    console.log
      ­ƒôì Route: ^\/api\/invitations\/?(?=\/|$)/:orgId/invitations

      at log (server.js:448:17)
          at Array.forEach (<anonymous>)
          at Array.forEach (<anonymous>)

    console.log
      ­ƒôì Route: ^\/api\/platform-admin\/?(?=\/|$)/stats

      at log (server.js:448:17)
          at Array.forEach (<anonymous>)
          at Array.forEach (<anonymous>)

    console.log
      ­ƒôì Route: ^\/api\/platform-admin\/?(?=\/|$)/organizations

      at log (server.js:448:17)
          at Array.forEach (<anonymous>)
          at Array.forEach (<anonymous>)

    console.log
      ­ƒôì Route: ^\/api\/platform-admin\/?(?=\/|$)/users

      at log (server.js:448:17)
          at Array.forEach (<anonymous>)
          at Array.forEach (<anonymous>)

    console.log
      ­ƒôì Route: ^\/api\/platform-admin\/?(?=\/|$)/stripe/overview

      at log (server.js:448:17)
          at Array.forEach (<anonymous>)
          at Array.forEach (<anonymous>)

    console.log
      ­ƒôì Route: ^\/api\/platform-admin\/?(?=\/|$)/organization/:id

      at log (server.js:448:17)
          at Array.forEach (<anonymous>)
          at Array.forEach (<anonymous>)

    console.log
      ­ƒôì Route: ^\/api\/platform-admin\/?(?=\/|$)/organizations/:id/status

      at log (server.js:448:17)
          at Array.forEach (<anonymous>)
          at Array.forEach (<anonymous>)

    console.log
      ­ƒôì Route: ^\/api\/platform-admin\/?(?=\/|$)/organizations/:id

      at log (server.js:448:17)
          at Array.forEach (<anonymous>)
          at Array.forEach (<anonymous>)

    console.log
      ­ƒôì Route: ^\/api\/platform-admin\/?(?=\/|$)/set-admin/:userId

      at log (server.js:448:17)
          at Array.forEach (<anonymous>)
          at Array.forEach (<anonymous>)

    console.log
      ­ƒôì Route: ^\/api\/platform-admin\/?(?=\/|$)/activity

      at log (server.js:448:17)
          at Array.forEach (<anonymous>)
          at Array.forEach (<anonymous>)

    console.log
      ­ƒôì Route: ^\/api\/platform-admin\/?(?=\/|$)/users

      at log (server.js:448:17)
          at Array.forEach (<anonymous>)
          at Array.forEach (<anonymous>)

    console.log
      ­ƒôì Route: ^\/api\/platform-admin\/?(?=\/|$)/users/:userId/status

      at log (server.js:448:17)
          at Array.forEach (<anonymous>)
          at Array.forEach (<anonymous>)

    console.log
      ­ƒôì Route: ^\/api\/platform-admin\/?(?=\/|$)/users/:userId

      at log (server.js:448:17)
          at Array.forEach (<anonymous>)
          at Array.forEach (<anonymous>)

    console.log
      ­ƒôì Route: ^\/api\/platform-admin\/?(?=\/|$)/generate-mock-data

      at log (server.js:448:17)
          at Array.forEach (<anonymous>)
          at Array.forEach (<anonymous>)

    console.log
      ­ƒôì Route: ^\/api\/platform-admin\/?(?=\/|$)/onboard-club

      at log (server.js:448:17)
          at Array.forEach (<anonymous>)
          at Array.forEach (<anonymous>)

    console.log
      ­ƒôì Route: ^\/api\/platform-admin\/?(?=\/|$)/scout-verifications

      at log (server.js:448:17)
          at Array.forEach (<anonymous>)
          at Array.forEach (<anonymous>)

    console.log
      ­ƒôì Route: ^\/api\/platform-admin\/?(?=\/|$)/scout-verifications/:id/resolve

      at log (server.js:448:17)
          at Array.forEach (<anonymous>)
          at Array.forEach (<anonymous>)

    console.log
      ­ƒôì Route: ^\/api\/clubs\/?(?=\/|$)/

      at log (server.js:448:17)
          at Array.forEach (<anonymous>)
          at Array.forEach (<anonymous>)

    console.log
      ­ƒôì Route: ^\/api\/clubs\/?(?=\/|$)/:id/public-listings

      at log (server.js:448:17)
          at Array.forEach (<anonymous>)
          at Array.forEach (<anonymous>)

    console.log
      ­ƒôì Route: ^\/api\/clubs\/?(?=\/|$)/:id

      at log (server.js:448:17)
          at Array.forEach (<anonymous>)
          at Array.forEach (<anonymous>)

    console.log
      ­ƒôì Route: ^\/api\/clubs\/?(?=\/|$)/:id/claim

      at log (server.js:448:17)
          at Array.forEach (<anonymous>)
          at Array.forEach (<anonymous>)

    console.log
      ­ƒôì Route: ^\/api\/clubs\/?(?=\/|$)/:id/teams

      at log (server.js:448:17)
          at Array.forEach (<anonymous>)
          at Array.forEach (<anonymous>)

    console.log
      ­ƒôì Route: ^\/api\/clubs\/?(?=\/|$)/

      at log (server.js:448:17)
          at Array.forEach (<anonymous>)
          at Array.forEach (<anonymous>)

    console.log
      ­ƒôì Route: ^\/api\/clubs\/?(?=\/|$)/:id

      at log (server.js:448:17)
          at Array.forEach (<anonymous>)
          at Array.forEach (<anonymous>)

    console.log
      ­ƒôì Route: ^\/api\/clubs\/?(?=\/|$)/:id

      at log (server.js:448:17)
          at Array.forEach (<anonymous>)
          at Array.forEach (<anonymous>)

    console.log
      ­ƒôì Route: ^\/api\/clubs\/?(?=\/|$)/:id/apply

      at log (server.js:448:17)
          at Array.forEach (<anonymous>)
          at Array.forEach (<anonymous>)

    console.log
      ­ƒôì Route: ^\/api\/clubs\/?(?=\/|$)/:id/applications

      at log (server.js:448:17)
          at Array.forEach (<anonymous>)
          at Array.forEach (<anonymous>)

    console.log
      ­ƒôì Route: ^\/api\/clubs\/?(?=\/|$)/applications/:applicationId/review

      at log (server.js:448:17)
          at Array.forEach (<anonymous>)
          at Array.forEach (<anonymous>)

    console.log
      ­ƒôì Route: ^\/api\/clubs\/?(?=\/|$)/:id/stats

      at log (server.js:448:17)
          at Array.forEach (<anonymous>)
          at Array.forEach (<anonymous>)

    console.log
      ­ƒôì Route: ^\/api\/clubs\/?(?=\/|$)/:id/images

      at log (server.js:448:17)
          at Array.forEach (<anonymous>)
          at Array.forEach (<anonymous>)

    console.log
      ­ƒôì Route: ^\/api\/clubs\/?(?=\/|$)/:id/images

      at log (server.js:448:17)
          at Array.forEach (<anonymous>)
          at Array.forEach (<anonymous>)

    console.log
      ­ƒôì Route: ^\/api\/clubs\/?(?=\/|$)/:id/reviews

      at log (server.js:448:17)
          at Array.forEach (<anonymous>)
          at Array.forEach (<anonymous>)

    console.log
      ­ƒôì Route: ^\/api\/clubs\/?(?=\/|$)/:id/reviews

      at log (server.js:448:17)
          at Array.forEach (<anonymous>)
          at Array.forEach (<anonymous>)

    console.log
      ­ƒôì Route: ^\/api\/players\/?(?=\/|$)/family

      at log (server.js:448:17)
          at Array.forEach (<anonymous>)
          at Array.forEach (<anonymous>)

    console.log
      ­ƒôì Route: ^\/api\/players\/?(?=\/|$)/

      at log (server.js:448:17)
          at Array.forEach (<anonymous>)
          at Array.forEach (<anonymous>)

    console.log
      ­ƒôì Route: ^\/api\/players\/?(?=\/|$)/filtered/:filter

      at log (server.js:448:17)
          at Array.forEach (<anonymous>)
          at Array.forEach (<anonymous>)

    console.log
      ­ƒôì Route: ^\/api\/players\/?(?=\/|$)/scout

      at log (server.js:448:17)
          at Array.forEach (<anonymous>)
          at Array.forEach (<anonymous>)

    console.log
      ­ƒôì Route: ^\/api\/players\/?(?=\/|$)/:id

      at log (server.js:448:17)
          at Array.forEach (<anonymous>)
          at Array.forEach (<anonymous>)

    console.log
      ­ƒôì Route: ^\/api\/players\/?(?=\/|$)/filtered/:filter

      at log (server.js:448:17)
          at Array.forEach (<anonymous>)
          at Array.forEach (<anonymous>)

    console.log
      ­ƒôì Route: ^\/api\/players\/?(?=\/|$)/

      at log (server.js:448:17)
          at Array.forEach (<anonymous>)
          at Array.forEach (<anonymous>)

    console.log
      ­ƒôì Route: ^\/api\/players\/?(?=\/|$)/:id

      at log (server.js:448:17)
          at Array.forEach (<anonymous>)
          at Array.forEach (<anonymous>)

    console.log
      ­ƒôì Route: ^\/api\/players\/?(?=\/|$)/:id

      at log (server.js:448:17)
          at Array.forEach (<anonymous>)
          at Array.forEach (<anonymous>)

    console.log
      ­ƒôì Route: ^\/api\/players\/?(?=\/|$)/:id/stats

      at log (server.js:448:17)
          at Array.forEach (<anonymous>)
          at Array.forEach (<anonymous>)

    console.log
      ­ƒôì Route: ^\/api\/players\/?(?=\/|$)/:id/payment-status

      at log (server.js:448:17)
          at Array.forEach (<anonymous>)
          at Array.forEach (<anonymous>)

    console.log
      ­ƒôì Route: ^\/api\/players\/?(?=\/|$)/child

      at log (server.js:448:17)
          at Array.forEach (<anonymous>)
          at Array.forEach (<anonymous>)

    console.log
      ­ƒôì Route: ^\/api\/players\/?(?=\/|$)/child/:id

      at log (server.js:448:17)
          at Array.forEach (<anonymous>)
          at Array.forEach (<anonymous>)

    console.log
      ­ƒôì Route: ^\/api\/players\/?(?=\/|$)/:id/history

      at log (server.js:448:17)
          at Array.forEach (<anonymous>)
          at Array.forEach (<anonymous>)

    console.log
      ­ƒôì Route: ^\/api\/players\/?(?=\/|$)/:id/history

      at log (server.js:448:17)
          at Array.forEach (<anonymous>)
          at Array.forEach (<anonymous>)

    console.log
      ­ƒôì Route: ^\/api\/players\/?(?=\/|$)/history/:historyId

      at log (server.js:448:17)
          at Array.forEach (<anonymous>)
          at Array.forEach (<anonymous>)

    console.log
      ­ƒôì Route: ^\/api\/players\/?(?=\/|$)/:id/history

      at log (server.js:448:17)
          at Array.forEach (<anonymous>)
          at Array.forEach (<anonymous>)

    console.log
      ­ƒôì Route: ^\/api\/players\/?(?=\/|$)/:id/history

      at log (server.js:448:17)
          at Array.forEach (<anonymous>)
          at Array.forEach (<anonymous>)

    console.log
      ­ƒôì Route: ^\/api\/players\/?(?=\/|$)/:id/history/:historyId

      at log (server.js:448:17)
          at Array.forEach (<anonymous>)
          at Array.forEach (<anonymous>)

    console.log
      ­ƒôì Route: ^\/api\/players\/?(?=\/|$)/:id/stats

      at log (server.js:448:17)
          at Array.forEach (<anonymous>)
          at Array.forEach (<anonymous>)

    console.log
      ­ƒôì Route: ^\/api\/players\/?(?=\/|$)/:id/activities

      at log (server.js:448:17)
          at Array.forEach (<anonymous>)
          at Array.forEach (<anonymous>)

    console.log
      ­ƒôì Route: ^\/api\/staff\/?(?=\/|$)/

      at log (server.js:448:17)
          at Array.forEach (<anonymous>)
          at Array.forEach (<anonymous>)

    console.log
      ­ƒôì Route: ^\/api\/staff\/?(?=\/|$)/:id

      at log (server.js:448:17)
          at Array.forEach (<anonymous>)
          at Array.forEach (<anonymous>)

    console.log
      ­ƒôì Route: ^\/api\/staff\/?(?=\/|$)/:id/performance

      at log (server.js:448:17)
          at Array.forEach (<anonymous>)
          at Array.forEach (<anonymous>)

    console.log
      ­ƒôì Route: ^\/api\/staff\/?(?=\/|$)/:id/role

      at log (server.js:448:17)
          at Array.forEach (<anonymous>)
          at Array.forEach (<anonymous>)

    console.log
      ­ƒôì Route: ^\/api\/staff\/?(?=\/|$)/:id/schedule

      at log (server.js:448:17)
          at Array.forEach (<anonymous>)
          at Array.forEach (<anonymous>)

    console.log
      ­ƒôì Route: ^\/api\/staff\/?(?=\/|$)/

      at log (server.js:448:17)
          at Array.forEach (<anonymous>)
          at Array.forEach (<anonymous>)

    console.log
      ­ƒôì Route: ^\/api\/staff\/?(?=\/|$)/:id

      at log (server.js:448:17)
          at Array.forEach (<anonymous>)
          at Array.forEach (<anonymous>)

    console.log
      ­ƒôì Route: ^\/api\/staff\/?(?=\/|$)/:id

      at log (server.js:448:17)
          at Array.forEach (<anonymous>)
          at Array.forEach (<anonymous>)

    console.log
      ­ƒôì Route: ^\/api\/staff\/?(?=\/|$)/club/:clubId

      at log (server.js:448:17)
          at Array.forEach (<anonymous>)
          at Array.forEach (<anonymous>)

    console.log
      ­ƒôì Route: ^\/api\/staff\/?(?=\/|$)/:id/permissions

      at log (server.js:448:17)
          at Array.forEach (<anonymous>)
          at Array.forEach (<anonymous>)

    console.log
      ­ƒôì Route: ^\/api\/staff\/?(?=\/|$)/:id/dashboard

      at log (server.js:448:17)
          at Array.forEach (<anonymous>)
          at Array.forEach (<anonymous>)

    console.log
      ­ƒôì Route: ^\/api\/staff\/?(?=\/|$)/:id/performance

      at log (server.js:448:17)
          at Array.forEach (<anonymous>)
          at Array.forEach (<anonymous>)

    console.log
      ­ƒôì Route: ^\/api\/staff\/?(?=\/|$)/:id/role

      at log (server.js:448:17)
          at Array.forEach (<anonymous>)
          at Array.forEach (<anonymous>)

    console.log
      ­ƒôì Route: ^\/api\/staff\/?(?=\/|$)/:id/schedule

      at log (server.js:448:17)
          at Array.forEach (<anonymous>)
          at Array.forEach (<anonymous>)

    console.log
      ­ƒôì Route: ^\/api\/staff\/?(?=\/|$)/:id/verify-scout

      at log (server.js:448:17)
          at Array.forEach (<anonymous>)
          at Array.forEach (<anonymous>)

    console.log
      ­ƒôì Route: ^\/api\/teams\/?(?=\/|$)/

      at log (server.js:448:17)
          at Array.forEach (<anonymous>)
          at Array.forEach (<anonymous>)

    console.log
      ­ƒôì Route: ^\/api\/teams\/?(?=\/|$)/player/:userId

      at log (server.js:448:17)
          at Array.forEach (<anonymous>)
          at Array.forEach (<anonymous>)

    console.log
      ­ƒôì Route: ^\/api\/teams\/?(?=\/|$)/:id

      at log (server.js:448:17)
          at Array.forEach (<anonymous>)
          at Array.forEach (<anonymous>)

    console.log
      ­ƒôì Route: ^\/api\/teams\/?(?=\/|$)/

      at log (server.js:448:17)
          at Array.forEach (<anonymous>)
          at Array.forEach (<anonymous>)

    console.log
      ­ƒôì Route: ^\/api\/teams\/?(?=\/|$)/:id

      at log (server.js:448:17)
          at Array.forEach (<anonymous>)
          at Array.forEach (<anonymous>)

    console.log
      ­ƒôì Route: ^\/api\/teams\/?(?=\/|$)/:id

      at log (server.js:448:17)
          at Array.forEach (<anonymous>)
          at Array.forEach (<anonymous>)

    console.log
      ­ƒôì Route: ^\/api\/teams\/?(?=\/|$)/:id/players

      at log (server.js:448:17)
          at Array.forEach (<anonymous>)
          at Array.forEach (<anonymous>)

    console.log
      ­ƒôì Route: ^\/api\/teams\/?(?=\/|$)/:id/players/:playerId

      at log (server.js:448:17)
          at Array.forEach (<anonymous>)
          at Array.forEach (<anonymous>)

    console.log
      ­ƒôì Route: ^\/api\/teams\/?(?=\/|$)/:id/stats

      at log (server.js:448:17)
          at Array.forEach (<anonymous>)
          at Array.forEach (<anonymous>)

    console.log
      ­ƒôì Route: ^\/api\/teams\/?(?=\/|$)/:id/availability

      at log (server.js:448:17)
          at Array.forEach (<anonymous>)
          at Array.forEach (<anonymous>)

    console.log
      ­ƒôì Route: ^\/api\/teams\/?(?=\/|$)/:id/dashboard

      at log (server.js:448:17)
          at Array.forEach (<anonymous>)
          at Array.forEach (<anonymous>)

    console.log
      ­ƒôì Route: ^\/api\/events\/?(?=\/|$)/

      at log (server.js:448:17)
          at Array.forEach (<anonymous>)
          at Array.forEach (<anonymous>)

    console.log
      ­ƒôì Route: ^\/api\/events\/?(?=\/|$)/:id

      at log (server.js:448:17)
          at Array.forEach (<anonymous>)
          at Array.forEach (<anonymous>)

    console.log
      ­ƒôì Route: ^\/api\/events\/?(?=\/|$)/

      at log (server.js:448:17)
          at Array.forEach (<anonymous>)
          at Array.forEach (<anonymous>)

    console.log
      ­ƒôì Route: ^\/api\/events\/?(?=\/|$)/:id

      at log (server.js:448:17)
          at Array.forEach (<anonymous>)
          at Array.forEach (<anonymous>)

    console.log
      ­ƒôì Route: ^\/api\/events\/?(?=\/|$)/:id

      at log (server.js:448:17)
          at Array.forEach (<anonymous>)
          at Array.forEach (<anonymous>)

    console.log
      ­ƒôì Route: ^\/api\/events\/?(?=\/|$)/:id/book

      at log (server.js:448:17)
          at Array.forEach (<anonymous>)
          at Array.forEach (<anonymous>)

    console.log
      ­ƒôì Route: ^\/api\/events\/?(?=\/|$)/bookings/:bookingId/cancel

      at log (server.js:448:17)
          at Array.forEach (<anonymous>)
          at Array.forEach (<anonymous>)

    console.log
      ­ƒôì Route: ^\/api\/events\/?(?=\/|$)/:id/bookings

      at log (server.js:448:17)
          at Array.forEach (<anonymous>)
          at Array.forEach (<anonymous>)

    console.log
      ­ƒôì Route: ^\/api\/events\/?(?=\/|$)/bookings/my-bookings

      at log (server.js:448:17)
          at Array.forEach (<anonymous>)
          at Array.forEach (<anonymous>)

    console.log
      ­ƒôì Route: ^\/api\/events\/?(?=\/|$)/:id/roster

      at log (server.js:448:17)
          at Array.forEach (<anonymous>)
          at Array.forEach (<anonymous>)

    console.log
      ­ƒôì Route: ^\/api\/events\/?(?=\/|$)/:id/nudge

      at log (server.js:448:17)
          at Array.forEach (<anonymous>)
          at Array.forEach (<anonymous>)

    console.log
      ­ƒôì Route: ^\/api\/events\/?(?=\/|$)/:id/availability

      at log (server.js:448:17)
          at Array.forEach (<anonymous>)
          at Array.forEach (<anonymous>)

    console.log
      ­ƒôì Route: ^\/api\/events\/?(?=\/|$)/:id/availability/override

      at log (server.js:448:17)
          at Array.forEach (<anonymous>)
          at Array.forEach (<anonymous>)

    console.log
      ­ƒôì Route: ^\/api\/events\/?(?=\/|$)/:id/availability

      at log (server.js:448:17)
          at Array.forEach (<anonymous>)
          at Array.forEach (<anonymous>)

    console.log
      ­ƒôì Route: ^\/api\/events\/?(?=\/|$)/:id/notify

      at log (server.js:448:17)
          at Array.forEach (<anonymous>)
          at Array.forEach (<anonymous>)

    console.log
      ­ƒôì Route: ^\/api\/events\/?(?=\/|$)/:id

      at log (server.js:448:17)
          at Array.forEach (<anonymous>)
          at Array.forEach (<anonymous>)

    console.log
      ­ƒôì Route: ^\/api\/events\/?(?=\/|$)/:id/checkin

      at log (server.js:448:17)
          at Array.forEach (<anonymous>)
          at Array.forEach (<anonymous>)

    console.log
      ­ƒôì Route: ^\/api\/events\/?(?=\/|$)/:id/checkins

      at log (server.js:448:17)
          at Array.forEach (<anonymous>)
          at Array.forEach (<anonymous>)

    console.log
      ­ƒôì Route: ^\/api\/events\/?(?=\/|$)/:id/result

      at log (server.js:448:17)
          at Array.forEach (<anonymous>)
          at Array.forEach (<anonymous>)

    console.log
      ­ƒôì Route: ^\/api\/events\/?(?=\/|$)/:id/groups

      at log (server.js:448:17)
          at Array.forEach (<anonymous>)
          at Array.forEach (<anonymous>)

    console.log
      ­ƒôì Route: ^\/api\/events\/?(?=\/|$)/:id/players

      at log (server.js:448:17)
          at Array.forEach (<anonymous>)
          at Array.forEach (<anonymous>)

    console.log
      ­ƒôì Route: ^\/api\/events\/?(?=\/|$)/:id/groups

      at log (server.js:448:17)
          at Array.forEach (<anonymous>)
          at Array.forEach (<anonymous>)

    console.log
      ­ƒôì Route: ^\/api\/events\/?(?=\/|$)/:id/assign-group

      at log (server.js:448:17)
          at Array.forEach (<anonymous>)
          at Array.forEach (<anonymous>)

    console.log
      ­ƒôì Route: ^\/api\/events\/?(?=\/|$)/:id/bibs

      at log (server.js:448:17)
          at Array.forEach (<anonymous>)
          at Array.forEach (<anonymous>)

    console.log
      ­ƒôì Route: ^\/api\/events\/?(?=\/|$)/:id/export

      at log (server.js:448:17)
          at Array.forEach (<anonymous>)
          at Array.forEach (<anonymous>)

    console.log
      ­ƒôì Route: ^\/api\/events\/?(?=\/|$)/:id/checkin

      at log (server.js:448:17)
          at Array.forEach (<anonymous>)
          at Array.forEach (<anonymous>)

    console.log
      ­ƒôì Route: ^\/api\/events\/?(?=\/|$)/:id/results

      at log (server.js:448:17)
          at Array.forEach (<anonymous>)
          at Array.forEach (<anonymous>)

    console.log
      ­ƒôì Route: ^\/api\/events\/?(?=\/|$)/:id/player-stats

      at log (server.js:448:17)
          at Array.forEach (<anonymous>)
          at Array.forEach (<anonymous>)

    console.log
      ­ƒôì Route: ^\/api\/payments\/?(?=\/|$)/config

      at log (server.js:448:17)
          at Array.forEach (<anonymous>)
          at Array.forEach (<anonymous>)

    console.log
      ­ƒôì Route: ^\/api\/payments\/?(?=\/|$)/stripe/connect/status

      at log (server.js:448:17)
          at Array.forEach (<anonymous>)
          at Array.forEach (<anonymous>)

    console.log
      ­ƒôì Route: ^\/api\/payments\/?(?=\/|$)/stripe/connect/onboard

      at log (server.js:448:17)
          at Array.forEach (<anonymous>)
          at Array.forEach (<anonymous>)

    console.log
      ­ƒôì Route: ^\/api\/payments\/?(?=\/|$)/stripe/connect/manage

      at log (server.js:448:17)
          at Array.forEach (<anonymous>)
          at Array.forEach (<anonymous>)

    console.log
      ­ƒôì Route: ^\/api\/payments\/?(?=\/|$)/health

      at log (server.js:448:17)
          at Array.forEach (<anonymous>)
          at Array.forEach (<anonymous>)

    console.log
      ­ƒôì Route: ^\/api\/payments\/?(?=\/|$)/plans

      at log (server.js:448:17)
          at Array.forEach (<anonymous>)
          at Array.forEach (<anonymous>)

    console.log
      ­ƒôì Route: ^\/api\/payments\/?(?=\/|$)/plans/import

      at log (server.js:448:17)
          at Array.forEach (<anonymous>)
          at Array.forEach (<anonymous>)

    console.log
      ­ƒôì Route: ^\/api\/payments\/?(?=\/|$)/plans

      at log (server.js:448:17)
          at Array.forEach (<anonymous>)
          at Array.forEach (<anonymous>)

    console.log
      ­ƒôì Route: ^\/api\/payments\/?(?=\/|$)/plans/:id

      at log (server.js:448:17)
          at Array.forEach (<anonymous>)
          at Array.forEach (<anonymous>)

    console.log
      ­ƒôì Route: ^\/api\/payments\/?(?=\/|$)/plans/:id

      at log (server.js:448:17)
          at Array.forEach (<anonymous>)
          at Array.forEach (<anonymous>)

    console.log
      ­ƒôì Route: ^\/api\/payments\/?(?=\/|$)/plan/current

      at log (server.js:448:17)
          at Array.forEach (<anonymous>)
          at Array.forEach (<anonymous>)

    console.log
      ­ƒôì Route: ^\/api\/payments\/?(?=\/|$)/plan/assign

      at log (server.js:448:17)
          at Array.forEach (<anonymous>)
          at Array.forEach (<anonymous>)

    console.log
      ­ƒôì Route: ^\/api\/payments\/?(?=\/|$)/bulk-assign-plan-legacy

      at log (server.js:448:17)
          at Array.forEach (<anonymous>)
          at Array.forEach (<anonymous>)

    console.log
      ­ƒôì Route: ^\/api\/payments\/?(?=\/|$)/plan/cancel

      at log (server.js:448:17)
          at Array.forEach (<anonymous>)
          at Array.forEach (<anonymous>)

    console.log
      ­ƒôì Route: ^\/api\/payments\/?(?=\/|$)/

      at log (server.js:448:17)
          at Array.forEach (<anonymous>)
          at Array.forEach (<anonymous>)

    console.log
      ­ƒôì Route: ^\/api\/payments\/?(?=\/|$)/create-intent

      at log (server.js:448:17)
          at Array.forEach (<anonymous>)
          at Array.forEach (<anonymous>)

    console.log
      ­ƒôì Route: ^\/api\/payments\/?(?=\/|$)/confirm-payment

      at log (server.js:448:17)
          at Array.forEach (<anonymous>)
          at Array.forEach (<anonymous>)

    console.log
      ­ƒôì Route: ^\/api\/payments\/?(?=\/|$)/public/:id

      at log (server.js:448:17)
          at Array.forEach (<anonymous>)
          at Array.forEach (<anonymous>)

    console.log
      ­ƒôì Route: ^\/api\/payments\/?(?=\/|$)/:id/payment-link

      at log (server.js:448:17)
          at Array.forEach (<anonymous>)
          at Array.forEach (<anonymous>)

    console.log
      ­ƒôì Route: ^\/api\/payments\/?(?=\/|$)/book-event

      at log (server.js:448:17)
          at Array.forEach (<anonymous>)
          at Array.forEach (<anonymous>)

    console.log
      ­ƒôì Route: ^\/api\/payments\/?(?=\/|$)/

      at log (server.js:448:17)
          at Array.forEach (<anonymous>)
          at Array.forEach (<anonymous>)

    console.log
      ­ƒôì Route: ^\/api\/payments\/?(?=\/|$)/assign-player-plan

      at log (server.js:448:17)
          at Array.forEach (<anonymous>)
          at Array.forEach (<anonymous>)

    console.log
      ­ƒôì Route: ^\/api\/payments\/?(?=\/|$)/bulk-assign-plan

      at log (server.js:448:17)
          at Array.forEach (<anonymous>)
          at Array.forEach (<anonymous>)

    console.log
      ­ƒôì Route: ^\/api\/payments\/?(?=\/|$)/cleanup

      at log (server.js:448:17)
          at Array.forEach (<anonymous>)
          at Array.forEach (<anonymous>)

    console.log
      ­ƒôì Route: ^\/api\/stripe-payouts\/?(?=\/|$)/configure-payout/:accountId

      at log (server.js:448:17)
          at Array.forEach (<anonymous>)
          at Array.forEach (<anonymous>)

    console.log
      ­ƒôì Route: ^\/api\/stripe-payouts\/?(?=\/|$)/payout-schedule/:accountId

      at log (server.js:448:17)
          at Array.forEach (<anonymous>)
          at Array.forEach (<anonymous>)

    console.log
      ­ƒôì Route: ^\/api\/stripe-payouts\/?(?=\/|$)/configure-all-payouts

      at log (server.js:448:17)
          at Array.forEach (<anonymous>)
          at Array.forEach (<anonymous>)

    console.log
      ­ƒôì Route: ^\/api\/stripe-payouts\/?(?=\/|$)/manual-payout/:accountId

      at log (server.js:448:17)
          at Array.forEach (<anonymous>)
          at Array.forEach (<anonymous>)

    console.log
      ­ƒôì Route: ^\/api\/dashboard\/?(?=\/|$)/admin

      at log (server.js:448:17)
          at Array.forEach (<anonymous>)
          at Array.forEach (<anonymous>)

    console.log
      ­ƒôì Route: ^\/api\/dashboard\/?(?=\/|$)/player

      at log (server.js:448:17)
          at Array.forEach (<anonymous>)
          at Array.forEach (<anonymous>)

    console.log
      ­ƒôì Route: ^\/api\/dashboard\/?(?=\/|$)/invitations/:orgId/accept

      at log (server.js:448:17)
          at Array.forEach (<anonymous>)
          at Array.forEach (<anonymous>)

    console.log
      ­ƒôì Route: ^\/api\/dashboard\/?(?=\/|$)/invitations/:orgId/decline

      at log (server.js:448:17)
          at Array.forEach (<anonymous>)
          at Array.forEach (<anonymous>)

    console.log
      ­ƒôì Route: ^\/api\/invites\/?(?=\/|$)/generate

      at log (server.js:448:17)
          at Array.forEach (<anonymous>)
          at Array.forEach (<anonymous>)

    console.log
      ­ƒôì Route: ^\/api\/invites\/?(?=\/|$)/details/:token

      at log (server.js:448:17)
          at Array.forEach (<anonymous>)
          at Array.forEach (<anonymous>)

    console.log
      ­ƒôì Route: ^\/api\/invites\/?(?=\/|$)/accept/:token

      at log (server.js:448:17)
          at Array.forEach (<anonymous>)
          at Array.forEach (<anonymous>)

    console.log
      ­ƒôì Route: ^\/api\/invites\/?(?=\/|$)/decline/:token

      at log (server.js:448:17)
          at Array.forEach (<anonymous>)
          at Array.forEach (<anonymous>)

    console.log
      ­ƒôì Route: ^\/api\/invites\/?(?=\/|$)/sent

      at log (server.js:448:17)
          at Array.forEach (<anonymous>)
          at Array.forEach (<anonymous>)

    console.log
      ­ƒôì Route: ^\/api\/products\/?(?=\/|$)/

      at log (server.js:448:17)
          at Array.forEach (<anonymous>)
          at Array.forEach (<anonymous>)

    console.log
      ­ƒôì Route: ^\/api\/products\/?(?=\/|$)/

      at log (server.js:448:17)
          at Array.forEach (<anonymous>)
          at Array.forEach (<anonymous>)

    console.log
      ­ƒôì Route: ^\/api\/products\/?(?=\/|$)/purchase

      at log (server.js:448:17)
          at Array.forEach (<anonymous>)
          at Array.forEach (<anonymous>)

    console.log
      ­ƒôì Route: ^\/api\/products\/?(?=\/|$)/:id

      at log (server.js:448:17)
          at Array.forEach (<anonymous>)
          at Array.forEach (<anonymous>)

    console.log
      ­ƒôì Route: ^\/api\/products\/?(?=\/|$)/:id

      at log (server.js:448:17)
          at Array.forEach (<anonymous>)
          at Array.forEach (<anonymous>)

    console.log
      ­ƒôì Route: ^\/api\/campaigns\/?(?=\/|$)/

      at log (server.js:448:17)
          at Array.forEach (<anonymous>)
          at Array.forEach (<anonymous>)

    console.log
      ­ƒôì Route: ^\/api\/campaigns\/?(?=\/|$)/

      at log (server.js:448:17)
          at Array.forEach (<anonymous>)
          at Array.forEach (<anonymous>)

    console.log
      ­ƒôì Route: ^\/api\/campaigns\/?(?=\/|$)/:id/send

      at log (server.js:448:17)
          at Array.forEach (<anonymous>)
          at Array.forEach (<anonymous>)

    console.log
      ­ƒôì Route: ^\/api\/listings\/?(?=\/|$)/

      at log (server.js:448:17)
          at Array.forEach (<anonymous>)
          at Array.forEach (<anonymous>)

    console.log
      ­ƒôì Route: ^\/api\/listings\/?(?=\/|$)/

      at log (server.js:448:17)
          at Array.forEach (<anonymous>)
          at Array.forEach (<anonymous>)

    console.log
      ­ƒôì Route: ^\/api\/listings\/?(?=\/|$)/:id/applications

      at log (server.js:448:17)
          at Array.forEach (<anonymous>)
          at Array.forEach (<anonymous>)

    console.log
      ­ƒôì Route: ^\/api\/listings\/?(?=\/|$)/applications/:id/status

      at log (server.js:448:17)
          at Array.forEach (<anonymous>)
          at Array.forEach (<anonymous>)

    console.log
      ­ƒôì Route: ^\/api\/listings\/?(?=\/|$)/applications/:id/invite

      at log (server.js:448:17)
          at Array.forEach (<anonymous>)
          at Array.forEach (<anonymous>)

    console.log
      ­ƒôì Route: ^\/api\/listings\/?(?=\/|$)/:id

      at log (server.js:448:17)
          at Array.forEach (<anonymous>)
          at Array.forEach (<anonymous>)

    console.log
      ­ƒôì Route: ^\/api\/notifications\/?(?=\/|$)/

      at log (server.js:448:17)
          at Array.forEach (<anonymous>)
          at Array.forEach (<anonymous>)

    console.log
      ­ƒôì Route: ^\/api\/notifications\/?(?=\/|$)/

      at log (server.js:448:17)
          at Array.forEach (<anonymous>)
          at Array.forEach (<anonymous>)

    console.log
      ­ƒôì Route: ^\/api\/notifications\/?(?=\/|$)/:id/read

      at log (server.js:448:17)
          at Array.forEach (<anonymous>)
          at Array.forEach (<anonymous>)

    console.log
      ­ƒôì Route: ^\/api\/notifications\/?(?=\/|$)/read-all

      at log (server.js:448:17)
          at Array.forEach (<anonymous>)
          at Array.forEach (<anonymous>)

    console.log
      ­ƒôì Route: ^\/api\/debug\/?(?=\/|$)/check-org/:id

      at log (server.js:448:17)
          at Array.forEach (<anonymous>)
          at Array.forEach (<anonymous>)

    console.log
      ­ƒôì Route: ^\/api\/talent-id\/?(?=\/|$)/register

      at log (server.js:448:17)
          at Array.forEach (<anonymous>)
          at Array.forEach (<anonymous>)

    console.log
      ­ƒôì Route: ^\/api\/talent-id\/?(?=\/|$)/events/:id/dashboard

      at log (server.js:448:17)
          at Array.forEach (<anonymous>)
          at Array.forEach (<anonymous>)

    console.log
      ­ƒôì Route: ^\/api\/talent-id\/?(?=\/|$)/events/:id/schedule

      at log (server.js:448:17)
          at Array.forEach (<anonymous>)
          at Array.forEach (<anonymous>)

    console.log
      ­ƒôì Route: ^\/api\/talent-id\/?(?=\/|$)/bibs/batch

      at log (server.js:448:17)
          at Array.forEach (<anonymous>)
          at Array.forEach (<anonymous>)

    console.log
      ­ƒôì Route: ^\/api\/talent-id\/?(?=\/|$)/events/:id/groups

      at log (server.js:448:17)
          at Array.forEach (<anonymous>)
          at Array.forEach (<anonymous>)

    console.log
      ­ƒôì Route: ^\/api\/talent-id\/?(?=\/|$)/events/:id/auto-assign

      at log (server.js:448:17)
          at Array.forEach (<anonymous>)
          at Array.forEach (<anonymous>)

    console.log
      ­ƒôì Route: ^\/api\/talent-id\/?(?=\/|$)/registrations/:id/checkin

      at log (server.js:448:17)
          at Array.forEach (<anonymous>)
          at Array.forEach (<anonymous>)

    console.log
      ­ƒôì Route: ^\/api\/scouting\/?(?=\/|$)/reports

      at log (server.js:448:17)
          at Array.forEach (<anonymous>)
          at Array.forEach (<anonymous>)

    console.log
      ­ƒôì Route: ^\/api\/scouting\/?(?=\/|$)/reports

      at log (server.js:448:17)
          at Array.forEach (<anonymous>)
          at Array.forEach (<anonymous>)

    console.log
      ­ƒôì Route: ^\/api\/scouting\/?(?=\/|$)/assignments

      at log (server.js:448:17)
          at Array.forEach (<anonymous>)
          at Array.forEach (<anonymous>)

    console.log
      ­ƒôì Route: ^\/api\/scouting\/?(?=\/|$)/contact-requests

      at log (server.js:448:17)
          at Array.forEach (<anonymous>)
          at Array.forEach (<anonymous>)

    console.log
      ­ƒôì Route: ^\/api\/scouting\/?(?=\/|$)/analytics

      at log (server.js:448:17)
          at Array.forEach (<anonymous>)
          at Array.forEach (<anonymous>)

    console.log
      ­ƒôì Route: ^\/api\/scouting\/?(?=\/|$)/verify-me

      at log (server.js:448:17)
          at Array.forEach (<anonymous>)
          at Array.forEach (<anonymous>)

    console.log
      ­ƒôì Route: ^\/api\/scouting\/?(?=\/|$)/watchlist

      at log (server.js:448:17)
          at Array.forEach (<anonymous>)
          at Array.forEach (<anonymous>)

    console.log
      ­ƒôì Route: ^\/api\/scouting\/?(?=\/|$)/watchlist

      at log (server.js:448:17)
          at Array.forEach (<anonymous>)
          at Array.forEach (<anonymous>)

    console.log
      ­ƒôì Route: ^\/api\/scouting\/?(?=\/|$)/watchlist/:playerId

      at log (server.js:448:17)
          at Array.forEach (<anonymous>)
          at Array.forEach (<anonymous>)

    console.log
      ­ƒôì Route: ^\/api\/scouting\/?(?=\/|$)/medical/:id

      at log (server.js:448:17)
          at Array.forEach (<anonymous>)
          at Array.forEach (<anonymous>)

    console.log
      ­ƒôì Route: ^\/api\/venues\/?(?=\/|$)/

      at log (server.js:448:17)
          at Array.forEach (<anonymous>)
          at Array.forEach (<anonymous>)

    console.log
      ­ƒôì Route: ^\/api\/venues\/?(?=\/|$)/:id

      at log (server.js:448:17)
          at Array.forEach (<anonymous>)
          at Array.forEach (<anonymous>)

    console.log
      ­ƒôì Route: ^\/api\/venues\/?(?=\/|$)/

      at log (server.js:448:17)
          at Array.forEach (<anonymous>)
          at Array.forEach (<anonymous>)

    console.log
      ­ƒôì Route: ^\/api\/venues\/?(?=\/|$)/:id/availability

      at log (server.js:448:17)
          at Array.forEach (<anonymous>)
          at Array.forEach (<anonymous>)

    console.log
      ­ƒôì Route: ^\/api\/venues\/?(?=\/|$)/:id/documents

      at log (server.js:448:17)
          at Array.forEach (<anonymous>)
          at Array.forEach (<anonymous>)

    console.log
      ­ƒôì Route: ^\/api\/venues\/?(?=\/|$)/:id/book

      at log (server.js:448:17)
          at Array.forEach (<anonymous>)
          at Array.forEach (<anonymous>)

    console.log
      ­ƒôì Route: ^\/api\/venues\/?(?=\/|$)/bookings/my

      at log (server.js:448:17)
          at Array.forEach (<anonymous>)
          at Array.forEach (<anonymous>)

    console.log
      ­ƒôì Route: ^\/api\/venues\/?(?=\/|$)/bookings/:id/status

      at log (server.js:448:17)
          at Array.forEach (<anonymous>)
          at Array.forEach (<anonymous>)

    console.log
      ­ƒôì Route: ^\/api\/leagues\/?(?=\/|$)/

      at log (server.js:448:17)
          at Array.forEach (<anonymous>)
          at Array.forEach (<anonymous>)

    console.log
      ­ƒôì Route: ^\/api\/leagues\/?(?=\/|$)/

      at log (server.js:448:17)
          at Array.forEach (<anonymous>)
          at Array.forEach (<anonymous>)

    console.log
      ­ƒôì Route: ^\/api\/leagues\/?(?=\/|$)/:id

      at log (server.js:448:17)
          at Array.forEach (<anonymous>)
          at Array.forEach (<anonymous>)

    console.log
      ­ƒôì Route: ^\/api\/leagues\/?(?=\/|$)/:id/standings

      at log (server.js:448:17)
          at Array.forEach (<anonymous>)
          at Array.forEach (<anonymous>)

    console.log
      ­ƒôì Route: ^\/api\/leagues\/?(?=\/|$)/:id/teams

      at log (server.js:448:17)
          at Array.forEach (<anonymous>)
          at Array.forEach (<anonymous>)

    console.log
      ­ƒôì Route: ^\/api\/leagues\/?(?=\/|$)/:id/fixtures/generate

      at log (server.js:448:17)
          at Array.forEach (<anonymous>)
          at Array.forEach (<anonymous>)

    console.log
      ­ƒôì Route: ^\/api\/leagues\/?(?=\/|$)/:id/fixtures

      at log (server.js:448:17)
          at Array.forEach (<anonymous>)
          at Array.forEach (<anonymous>)

    console.log
      ­ƒôì Route: ^\/api\/leagues\/?(?=\/|$)/fixtures/:id/score

      at log (server.js:448:17)
          at Array.forEach (<anonymous>)
          at Array.forEach (<anonymous>)

    console.log
      ­ƒôì Route: ^\/api\/leagues\/?(?=\/|$)/fixtures/:id/assign-referee

      at log (server.js:448:17)
          at Array.forEach (<anonymous>)
          at Array.forEach (<anonymous>)

    console.log
      ­ƒôì Route: ^\/api\/tournaments\/?(?=\/|$)/register

      at log (server.js:448:17)
          at Array.forEach (<anonymous>)
          at Array.forEach (<anonymous>)

    console.log
      ­ƒôì Route: ^\/api\/tournaments\/?(?=\/|$)/

      at log (server.js:448:17)
          at Array.forEach (<anonymous>)
          at Array.forEach (<anonymous>)

    console.log
      ­ƒôì Route: ^\/api\/tournaments\/?(?=\/|$)/:id/dashboard

      at log (server.js:448:17)
          at Array.forEach (<anonymous>)
          at Array.forEach (<anonymous>)

    console.log
      ­ƒôì Route: ^\/api\/tournaments\/?(?=\/|$)/:id/groups

      at log (server.js:448:17)
          at Array.forEach (<anonymous>)
          at Array.forEach (<anonymous>)

    console.log
      ­ƒôì Route: ^\/api\/tournaments\/?(?=\/|$)/:id/groups/assign

      at log (server.js:448:17)
          at Array.forEach (<anonymous>)
          at Array.forEach (<anonymous>)

    console.log
      ­ƒôì Route: ^\/api\/tournaments\/?(?=\/|$)/:id/generate-fixtures

      at log (server.js:448:17)
          at Array.forEach (<anonymous>)
          at Array.forEach (<anonymous>)

    console.log
      ­ƒôì Route: ^\/api\/tournaments\/?(?=\/|$)/matches/:id/lineups

      at log (server.js:448:17)
          at Array.forEach (<anonymous>)
          at Array.forEach (<anonymous>)

    console.log
      ­ƒôì Route: ^\/api\/tournaments\/?(?=\/|$)/matches/:id/result

      at log (server.js:448:17)
          at Array.forEach (<anonymous>)
          at Array.forEach (<anonymous>)

    console.log
      ­ƒôì Route: ^\/api\/tournaments\/?(?=\/|$)/:id/pitches

      at log (server.js:448:17)
          at Array.forEach (<anonymous>)
          at Array.forEach (<anonymous>)

    console.log
      ­ƒôì Route: ^\/api\/tournaments\/?(?=\/|$)/:id/pitches/bulk

      at log (server.js:448:17)
          at Array.forEach (<anonymous>)
          at Array.forEach (<anonymous>)

    console.log
      ­ƒôì Route: ^\/api\/tournaments\/?(?=\/|$)/:id/pitches

      at log (server.js:448:17)
          at Array.forEach (<anonymous>)
          at Array.forEach (<anonymous>)

    console.log
      ­ƒôì Route: ^\/api\/tournaments\/?(?=\/|$)/:id/auto-schedule

      at log (server.js:448:17)
          at Array.forEach (<anonymous>)
          at Array.forEach (<anonymous>)

    console.log
      ­ƒôì Route: ^\/api\/tournaments\/?(?=\/|$)/teams/:id/status

      at log (server.js:448:17)
          at Array.forEach (<anonymous>)
          at Array.forEach (<anonymous>)

    console.log
      ­ƒôì Route: ^\/api\/tournaments\/?(?=\/|$)/teams/:id/link

      at log (server.js:448:17)
          at Array.forEach (<anonymous>)
          at Array.forEach (<anonymous>)

    console.log
      ­ƒôì Route: ^\/api\/tournaments\/?(?=\/|$)/matches/:id/assign-team

      at log (server.js:448:17)
          at Array.forEach (<anonymous>)
          at Array.forEach (<anonymous>)

    console.log
      ­ƒôì Route: ^\/api\/tournaments\/?(?=\/|$)/:id/bracket

      at log (server.js:448:17)
          at Array.forEach (<anonymous>)
          at Array.forEach (<anonymous>)

    console.log
      ­ƒôì Route: ^\/api\/tournaments\/?(?=\/|$)/matches/:id/video

      at log (server.js:448:17)
          at Array.forEach (<anonymous>)
          at Array.forEach (<anonymous>)

    console.log
      ­ƒôì Route: ^\/api\/tournaments\/?(?=\/|$)/:id/invite-staff

      at log (server.js:448:17)
          at Array.forEach (<anonymous>)
          at Array.forEach (<anonymous>)

    console.log
      ­ƒôì Route: ^\/api\/tournaments\/?(?=\/|$)/:id/invite-team

      at log (server.js:448:17)
          at Array.forEach (<anonymous>)
          at Array.forEach (<anonymous>)

    console.log
      ­ƒôì Route: ^\/api\/tournaments\/?(?=\/|$)/pitches/:id

      at log (server.js:448:17)
          at Array.forEach (<anonymous>)
          at Array.forEach (<anonymous>)

    console.log
      ­ƒôì Route: ^\/api\/tournaments\/?(?=\/|$)/matches/:id/video

      at log (server.js:448:17)
          at Array.forEach (<anonymous>)
          at Array.forEach (<anonymous>)

    console.log
      ­ƒôì Route: ^\/api\/tournaments\/?(?=\/|$)/matches/:id/video

      at log (server.js:448:17)
          at Array.forEach (<anonymous>)
          at Array.forEach (<anonymous>)

    console.log
      ­ƒôì Route: ^\/api\/tournaments\/?(?=\/|$)/:id/layout

      at log (server.js:448:17)
          at Array.forEach (<anonymous>)
          at Array.forEach (<anonymous>)

    console.log
      ­ƒôì Route: ^\/api\/tournaments\/?(?=\/|$)/:id/invite

      at log (server.js:448:17)
          at Array.forEach (<anonymous>)
          at Array.forEach (<anonymous>)

    console.log
      ­ƒôì Route: ^\/api\/polls\/?(?=\/|$)/

      at log (server.js:448:17)
          at Array.forEach (<anonymous>)
          at Array.forEach (<anonymous>)

    console.log
      ­ƒôì Route: ^\/api\/polls\/?(?=\/|$)/

      at log (server.js:448:17)
          at Array.forEach (<anonymous>)
          at Array.forEach (<anonymous>)

    console.log
      ­ƒôì Route: ^\/api\/polls\/?(?=\/|$)/:id/vote

      at log (server.js:448:17)
          at Array.forEach (<anonymous>)
          at Array.forEach (<anonymous>)

    console.log
      ­ƒôì Route: ^\/api\/email\/?(?=\/|$)/send

      at log (server.js:448:17)
          at Array.forEach (<anonymous>)
          at Array.forEach (<anonymous>)

    console.log
      ­ƒôì Route: ^\/api\/email\/?(?=\/|$)/send-invite

      at log (server.js:448:17)
          at Array.forEach (<anonymous>)
          at Array.forEach (<anonymous>)

    console.log
      ­ƒôì Route: ^\/api\/tactical\/?(?=\/|$)/

      at log (server.js:448:17)
          at Array.forEach (<anonymous>)
          at Array.forEach (<anonymous>)

    console.log
      ­ƒôì Route: ^\/api\/tactical\/?(?=\/|$)/

      at log (server.js:448:17)
          at Array.forEach (<anonymous>)
          at Array.forEach (<anonymous>)

    console.log
      ­ƒôì Route: ^\/api\/tactical\/?(?=\/|$)/:id

      at log (server.js:448:17)
          at Array.forEach (<anonymous>)
          at Array.forEach (<anonymous>)

    console.log
      ­ƒôì Route: ^\/api\/forms\/?(?=\/|$)/

      at log (server.js:448:17)
          at Array.forEach (<anonymous>)
          at Array.forEach (<anonymous>)

    console.log
      ­ƒôì Route: ^\/api\/forms\/?(?=\/|$)/

      at log (server.js:448:17)
          at Array.forEach (<anonymous>)
          at Array.forEach (<anonymous>)

    console.log
      ­ƒôì Route: ^\/api\/forms\/?(?=\/|$)/:id

      at log (server.js:448:17)
          at Array.forEach (<anonymous>)
          at Array.forEach (<anonymous>)

    console.log
      ­ƒôì Route: ^\/api\/forms\/?(?=\/|$)/:id

      at log (server.js:448:17)
          at Array.forEach (<anonymous>)
          at Array.forEach (<anonymous>)

    console.log
      ­ƒôì Route: ^\/api\/forms\/?(?=\/|$)/:id

      at log (server.js:448:17)
          at Array.forEach (<anonymous>)
          at Array.forEach (<anonymous>)

    console.log
      ­ƒôì Route: ^\/api\/forms\/?(?=\/|$)/:id/submit

      at log (server.js:448:17)
          at Array.forEach (<anonymous>)
          at Array.forEach (<anonymous>)

    console.log
      ­ƒôì Route: ^\/api\/forms\/?(?=\/|$)/:id/responses

      at log (server.js:448:17)
          at Array.forEach (<anonymous>)
          at Array.forEach (<anonymous>)

    console.log
      ­ƒôì Route: ^\/api\/training\/?(?=\/|$)/drills

      at log (server.js:448:17)
          at Array.forEach (<anonymous>)
          at Array.forEach (<anonymous>)

    console.log
      ­ƒôì Route: ^\/api\/training\/?(?=\/|$)/drills

      at log (server.js:448:17)
          at Array.forEach (<anonymous>)
          at Array.forEach (<anonymous>)

    console.log
      ­ƒôì Route: ^\/api\/training\/?(?=\/|$)/drills/:id

      at log (server.js:448:17)
          at Array.forEach (<anonymous>)
          at Array.forEach (<anonymous>)

    console.log
      ­ƒôì Route: ^\/api\/training\/?(?=\/|$)/drills/:id

      at log (server.js:448:17)
          at Array.forEach (<anonymous>)
          at Array.forEach (<anonymous>)

    console.log
      ­ƒôì Route: ^\/api\/training\/?(?=\/|$)/drills/:id

      at log (server.js:448:17)
          at Array.forEach (<anonymous>)
          at Array.forEach (<anonymous>)

    console.log
      ­ƒôì Route: ^\/api\/training\/?(?=\/|$)/drills/:id/assign

      at log (server.js:448:17)
          at Array.forEach (<anonymous>)
          at Array.forEach (<anonymous>)

    console.log
      ­ƒôì Route: ^\/api\/training\/?(?=\/|$)/my-drills

      at log (server.js:448:17)
          at Array.forEach (<anonymous>)
          at Array.forEach (<anonymous>)

    console.log
      ­ƒôì Route: ^\/api\/training\/?(?=\/|$)/submissions

      at log (server.js:448:17)
          at Array.forEach (<anonymous>)
          at Array.forEach (<anonymous>)

    console.log
      ­ƒôì Route: ^\/api\/training\/?(?=\/|$)/submissions

      at log (server.js:448:17)
          at Array.forEach (<anonymous>)
          at Array.forEach (<anonymous>)

    console.log
      ­ƒôì Route: ^\/api\/training\/?(?=\/|$)/submissions/:id/review

      at log (server.js:448:17)
          at Array.forEach (<anonymous>)
          at Array.forEach (<anonymous>)

    console.log
      ­ƒôì Route: ^\/api\/training\/?(?=\/|$)/skills/:playerId

      at log (server.js:448:17)
          at Array.forEach (<anonymous>)
          at Array.forEach (<anonymous>)

    console.log
      ­ƒôì Route: ^\/api\/training\/?(?=\/|$)/team-progress/:teamId

      at log (server.js:448:17)
          at Array.forEach (<anonymous>)
          at Array.forEach (<anonymous>)

    console.log
      2026-04-11T15:19:51.991Z - POST /api/events - ::ffff:127.0.0.1

      at log (server.js:227:11)

    console.log
      2026-04-11T15:19:52.008Z - GET /api/events?upcoming=true - ::ffff:127.0.0.1

      at log (server.js:227:11)

    console.log
      2026-04-11T15:19:52.019Z - GET /api/events/event-1 - ::ffff:127.0.0.1

      at log (server.js:227:11)

    console.log
      2026-04-11T15:19:52.028Z - POST /api/events - ::ffff:127.0.0.1

      at log (server.js:227:11)

    console.log
      2026-04-11T15:19:52.039Z - POST /api/events/past-event/book - ::ffff:127.0.0.1

      at log (server.js:227:11)

PASS tests/feature-onboard-search-stripe.test.js
  ÔùÅ Console

    console.log
      ÔÜá´©Å  Payment processing is DISABLED. Set ENABLE_PAYMENT_PROCESSING=true in .env to enable.

      at Object.log (middleware/payment-guard.js:20:11)

    console.log
      ­ƒôì Route: /api/run-temp-migration

      at log (server.js:444:13)
          at Array.forEach (<anonymous>)

    console.log
      ­ƒôì Route: *

      at log (server.js:444:13)
          at Array.forEach (<anonymous>)

    console.log
      ­ƒôì Route: /api/test-now

      at log (server.js:444:13)
          at Array.forEach (<anonymous>)

    console.log
      ­ƒôì Route: /health

      at log (server.js:444:13)
          at Array.forEach (<anonymous>)

    console.log
      ­ƒôì Route: /api/health

      at log (server.js:444:13)
          at Array.forEach (<anonymous>)

    console.log
      ­ƒôì Route: /api/public-debug/:id

      at log (server.js:444:13)
          at Array.forEach (<anonymous>)

    console.log
      ­ƒôì Route: ^\/api\/auth\/?(?=\/|$)/register

      at log (server.js:448:17)
          at Array.forEach (<anonymous>)
          at Array.forEach (<anonymous>)

    console.log
      ­ƒôì Route: ^\/api\/auth\/?(?=\/|$)/login

      at log (server.js:448:17)
          at Array.forEach (<anonymous>)
          at Array.forEach (<anonymous>)

    console.log
      ­ƒôì Route: ^\/api\/auth\/?(?=\/|$)/logout

      at log (server.js:448:17)
          at Array.forEach (<anonymous>)
          at Array.forEach (<anonymous>)

    console.log
      ­ƒôì Route: ^\/api\/auth\/?(?=\/|$)/seed-demo-users

      at log (server.js:448:17)
          at Array.forEach (<anonymous>)
          at Array.forEach (<anonymous>)

    console.log
      ­ƒôì Route: ^\/api\/auth\/?(?=\/|$)/me

      at log (server.js:448:17)
          at Array.forEach (<anonymous>)
          at Array.forEach (<anonymous>)

    console.log
      ­ƒôì Route: ^\/api\/auth\/?(?=\/|$)/find-user

      at log (server.js:448:17)
          at Array.forEach (<anonymous>)
          at Array.forEach (<anonymous>)

    console.log
      ­ƒôì Route: ^\/api\/auth\/?(?=\/|$)/add-child

      at log (server.js:448:17)
          at Array.forEach (<anonymous>)
          at Array.forEach (<anonymous>)

    console.log
      ­ƒôì Route: ^\/api\/auth\/?(?=\/|$)/children

      at log (server.js:448:17)
          at Array.forEach (<anonymous>)
          at Array.forEach (<anonymous>)

    console.log
      ­ƒôì Route: ^\/api\/auth\/?(?=\/|$)/children/:childId

      at log (server.js:448:17)
          at Array.forEach (<anonymous>)
          at Array.forEach (<anonymous>)

    console.log
      ­ƒôì Route: ^\/api\/auth\/?(?=\/|$)/organizations

      at log (server.js:448:17)
          at Array.forEach (<anonymous>)
          at Array.forEach (<anonymous>)

    console.log
      ­ƒôì Route: ^\/api\/auth\/?(?=\/|$)/context

      at log (server.js:448:17)
          at Array.forEach (<anonymous>)
          at Array.forEach (<anonymous>)

    console.log
      ­ƒôì Route: ^\/api\/auth\/?(?=\/|$)/switch-organization

      at log (server.js:448:17)
          at Array.forEach (<anonymous>)
          at Array.forEach (<anonymous>)

    console.log
      ­ƒôì Route: ^\/api\/auth\/?(?=\/|$)/profile

      at log (server.js:448:17)
          at Array.forEach (<anonymous>)
          at Array.forEach (<anonymous>)

    console.log
      ­ƒôì Route: ^\/api\/auth\/?(?=\/|$)/profile

      at log (server.js:448:17)
          at Array.forEach (<anonymous>)
          at Array.forEach (<anonymous>)

    console.log
      ­ƒôì Route: ^\/api\/auth\/?(?=\/|$)/gdpr/export

      at log (server.js:448:17)
          at Array.forEach (<anonymous>)
          at Array.forEach (<anonymous>)

    console.log
      ­ƒôì Route: ^\/api\/auth\/?(?=\/|$)/gdpr/delete

      at log (server.js:448:17)
          at Array.forEach (<anonymous>)
          at Array.forEach (<anonymous>)

    console.log
      ­ƒôì Route: ^\/api\/auth\/?(?=\/|$)/forgot-password

      at log (server.js:448:17)
          at Array.forEach (<anonymous>)
          at Array.forEach (<anonymous>)

    console.log
      ­ƒôì Route: ^\/api\/auth\/?(?=\/|$)/reset-password

      at log (server.js:448:17)
          at Array.forEach (<anonymous>)
          at Array.forEach (<anonymous>)

    console.log
      ­ƒôì Route: ^\/api\/auth\/?(?=\/|$)/profile-personal

      at log (server.js:448:17)
          at Array.forEach (<anonymous>)
          at Array.forEach (<anonymous>)

    console.log
      ­ƒôì Route: ^\/api\/auth\/?(?=\/|$)/change-password

      at log (server.js:448:17)
          at Array.forEach (<anonymous>)
          at Array.forEach (<anonymous>)

    console.log
      ­ƒôì Route: ^\/api\/auth\/?(?=\/|$)/settings

      at log (server.js:448:17)
          at Array.forEach (<anonymous>)
          at Array.forEach (<anonymous>)

    console.log
      ­ƒôì Route: ^\/api\/auth\/?(?=\/|$)/settings

      at log (server.js:448:17)
          at Array.forEach (<anonymous>)
          at Array.forEach (<anonymous>)

    console.log
      ­ƒôì Route: ^\/api\/auth\/?(?=\/|$)/account

      at log (server.js:448:17)
          at Array.forEach (<anonymous>)
          at Array.forEach (<anonymous>)

    console.log
      ­ƒôì Route: ^\/api\/auth\/?(?=\/|$)/tours/complete

      at log (server.js:448:17)
          at Array.forEach (<anonymous>)
          at Array.forEach (<anonymous>)

    console.log
      ­ƒôì Route: ^\/api\/auth\/?(?=\/|$)/switch-organization

      at log (server.js:448:17)
          at Array.forEach (<anonymous>)
          at Array.forEach (<anonymous>)

    console.log
      ­ƒôì Route: ^\/api\/auth\/?(?=\/|$)/context

      at log (server.js:448:17)
          at Array.forEach (<anonymous>)
          at Array.forEach (<anonymous>)

    console.log
      ­ƒôì Route: ^\/api\/auth\/?(?=\/|$)/me

      at log (server.js:448:17)
          at Array.forEach (<anonymous>)
          at Array.forEach (<anonymous>)

    console.log
      ­ƒôì Route: ^\/api\/organizations\/?(?=\/|$)/

      at log (server.js:448:17)
          at Array.forEach (<anonymous>)
          at Array.forEach (<anonymous>)

    console.log
      ­ƒôì Route: ^\/api\/organizations\/?(?=\/|$)/:id

      at log (server.js:448:17)
          at Array.forEach (<anonymous>)
          at Array.forEach (<anonymous>)

    console.log
      ­ƒôì Route: ^\/api\/organizations\/?(?=\/|$)/super/:id

      at log (server.js:448:17)
          at Array.forEach (<anonymous>)
          at Array.forEach (<anonymous>)

    console.log
      ­ƒôì Route: ^\/api\/organizations\/?(?=\/|$)/

      at log (server.js:448:17)
          at Array.forEach (<anonymous>)
          at Array.forEach (<anonymous>)

    console.log
      ­ƒôì Route: ^\/api\/organizations\/?(?=\/|$)/:id

      at log (server.js:448:17)
          at Array.forEach (<anonymous>)
          at Array.forEach (<anonymous>)

    console.log
      ­ƒôì Route: ^\/api\/organizations\/?(?=\/|$)/:id

      at log (server.js:448:17)
          at Array.forEach (<anonymous>)
          at Array.forEach (<anonymous>)

    console.log
      ­ƒôì Route: ^\/api\/organizations\/?(?=\/|$)/:id/members

      at log (server.js:448:17)
          at Array.forEach (<anonymous>)
          at Array.forEach (<anonymous>)

    console.log
      ­ƒôì Route: ^\/api\/organizations\/?(?=\/|$)/:id/images

      at log (server.js:448:17)
          at Array.forEach (<anonymous>)
          at Array.forEach (<anonymous>)

    console.log
      ­ƒôì Route: ^\/api\/organizations\/?(?=\/|$)/:id/logo

      at log (server.js:448:17)
          at Array.forEach (<anonymous>)
          at Array.forEach (<anonymous>)

    console.log
      ­ƒôì Route: ^\/api\/organizations\/?(?=\/|$)/:id/images

      at log (server.js:448:17)
          at Array.forEach (<anonymous>)
          at Array.forEach (<anonymous>)

    console.log
      ­ƒôì Route: ^\/api\/invitations\/?(?=\/|$)/:orgId/invite

      at log (server.js:448:17)
          at Array.forEach (<anonymous>)
          at Array.forEach (<anonymous>)

    console.log
      ­ƒôì Route: ^\/api\/invitations\/?(?=\/|$)/:token

      at log (server.js:448:17)
          at Array.forEach (<anonymous>)
          at Array.forEach (<anonymous>)

    console.log
      ­ƒôì Route: ^\/api\/invitations\/?(?=\/|$)/:token/accept

      at log (server.js:448:17)
          at Array.forEach (<anonymous>)
          at Array.forEach (<anonymous>)

    console.log
      ­ƒôì Route: ^\/api\/invitations\/?(?=\/|$)/:token/decline

      at log (server.js:448:17)
          at Array.forEach (<anonymous>)
          at Array.forEach (<anonymous>)

    console.log
      ­ƒôì Route: ^\/api\/invitations\/?(?=\/|$)/:orgId/invitations

      at log (server.js:448:17)
          at Array.forEach (<anonymous>)
          at Array.forEach (<anonymous>)

    console.log
      ­ƒôì Route: ^\/api\/platform-admin\/?(?=\/|$)/stats

      at log (server.js:448:17)
          at Array.forEach (<anonymous>)
          at Array.forEach (<anonymous>)

    console.log
      ­ƒôì Route: ^\/api\/platform-admin\/?(?=\/|$)/organizations

      at log (server.js:448:17)
          at Array.forEach (<anonymous>)
          at Array.forEach (<anonymous>)

    console.log
      ­ƒôì Route: ^\/api\/platform-admin\/?(?=\/|$)/users

      at log (server.js:448:17)
          at Array.forEach (<anonymous>)
          at Array.forEach (<anonymous>)

    console.log
      ­ƒôì Route: ^\/api\/platform-admin\/?(?=\/|$)/stripe/overview

      at log (server.js:448:17)
          at Array.forEach (<anonymous>)
          at Array.forEach (<anonymous>)

    console.log
      ­ƒôì Route: ^\/api\/platform-admin\/?(?=\/|$)/organization/:id

      at log (server.js:448:17)
          at Array.forEach (<anonymous>)
          at Array.forEach (<anonymous>)

    console.log
      ­ƒôì Route: ^\/api\/platform-admin\/?(?=\/|$)/organizations/:id/status

      at log (server.js:448:17)
          at Array.forEach (<anonymous>)
          at Array.forEach (<anonymous>)

    console.log
      ­ƒôì Route: ^\/api\/platform-admin\/?(?=\/|$)/organizations/:id

      at log (server.js:448:17)
          at Array.forEach (<anonymous>)
          at Array.forEach (<anonymous>)

    console.log
      ­ƒôì Route: ^\/api\/platform-admin\/?(?=\/|$)/set-admin/:userId

      at log (server.js:448:17)
          at Array.forEach (<anonymous>)
          at Array.forEach (<anonymous>)

    console.log
      ­ƒôì Route: ^\/api\/platform-admin\/?(?=\/|$)/activity

      at log (server.js:448:17)
          at Array.forEach (<anonymous>)
          at Array.forEach (<anonymous>)

    console.log
      ­ƒôì Route: ^\/api\/platform-admin\/?(?=\/|$)/users

      at log (server.js:448:17)
          at Array.forEach (<anonymous>)
          at Array.forEach (<anonymous>)

    console.log
      ­ƒôì Route: ^\/api\/platform-admin\/?(?=\/|$)/users/:userId/status

      at log (server.js:448:17)
          at Array.forEach (<anonymous>)
          at Array.forEach (<anonymous>)

    console.log
      ­ƒôì Route: ^\/api\/platform-admin\/?(?=\/|$)/users/:userId

      at log (server.js:448:17)
          at Array.forEach (<anonymous>)
          at Array.forEach (<anonymous>)

    console.log
      ­ƒôì Route: ^\/api\/platform-admin\/?(?=\/|$)/generate-mock-data

      at log (server.js:448:17)
          at Array.forEach (<anonymous>)
          at Array.forEach (<anonymous>)

    console.log
      ­ƒôì Route: ^\/api\/platform-admin\/?(?=\/|$)/onboard-club

      at log (server.js:448:17)
          at Array.forEach (<anonymous>)
          at Array.forEach (<anonymous>)

    console.log
      ­ƒôì Route: ^\/api\/platform-admin\/?(?=\/|$)/scout-verifications

      at log (server.js:448:17)
          at Array.forEach (<anonymous>)
          at Array.forEach (<anonymous>)

    console.log
      ­ƒôì Route: ^\/api\/platform-admin\/?(?=\/|$)/scout-verifications/:id/resolve

      at log (server.js:448:17)
          at Array.forEach (<anonymous>)
          at Array.forEach (<anonymous>)

    console.log
      ­ƒôì Route: ^\/api\/clubs\/?(?=\/|$)/

      at log (server.js:448:17)
          at Array.forEach (<anonymous>)
          at Array.forEach (<anonymous>)

    console.log
      ­ƒôì Route: ^\/api\/clubs\/?(?=\/|$)/:id/public-listings

      at log (server.js:448:17)
          at Array.forEach (<anonymous>)
          at Array.forEach (<anonymous>)

    console.log
      ­ƒôì Route: ^\/api\/clubs\/?(?=\/|$)/:id

      at log (server.js:448:17)
          at Array.forEach (<anonymous>)
          at Array.forEach (<anonymous>)

    console.log
      ­ƒôì Route: ^\/api\/clubs\/?(?=\/|$)/:id/claim

      at log (server.js:448:17)
          at Array.forEach (<anonymous>)
          at Array.forEach (<anonymous>)

    console.log
      ­ƒôì Route: ^\/api\/clubs\/?(?=\/|$)/:id/teams

      at log (server.js:448:17)
          at Array.forEach (<anonymous>)
          at Array.forEach (<anonymous>)

    console.log
      ­ƒôì Route: ^\/api\/clubs\/?(?=\/|$)/

      at log (server.js:448:17)
          at Array.forEach (<anonymous>)
          at Array.forEach (<anonymous>)

    console.log
      ­ƒôì Route: ^\/api\/clubs\/?(?=\/|$)/:id

      at log (server.js:448:17)
          at Array.forEach (<anonymous>)
          at Array.forEach (<anonymous>)

    console.log
      ­ƒôì Route: ^\/api\/clubs\/?(?=\/|$)/:id

      at log (server.js:448:17)
          at Array.forEach (<anonymous>)
          at Array.forEach (<anonymous>)

    console.log
      ­ƒôì Route: ^\/api\/clubs\/?(?=\/|$)/:id/apply

      at log (server.js:448:17)
          at Array.forEach (<anonymous>)
          at Array.forEach (<anonymous>)

    console.log
      ­ƒôì Route: ^\/api\/clubs\/?(?=\/|$)/:id/applications

      at log (server.js:448:17)
          at Array.forEach (<anonymous>)
          at Array.forEach (<anonymous>)

    console.log
      ­ƒôì Route: ^\/api\/clubs\/?(?=\/|$)/applications/:applicationId/review

      at log (server.js:448:17)
          at Array.forEach (<anonymous>)
          at Array.forEach (<anonymous>)

    console.log
      ­ƒôì Route: ^\/api\/clubs\/?(?=\/|$)/:id/stats

      at log (server.js:448:17)
          at Array.forEach (<anonymous>)
          at Array.forEach (<anonymous>)

    console.log
      ­ƒôì Route: ^\/api\/clubs\/?(?=\/|$)/:id/images

      at log (server.js:448:17)
          at Array.forEach (<anonymous>)
          at Array.forEach (<anonymous>)

    console.log
      ­ƒôì Route: ^\/api\/clubs\/?(?=\/|$)/:id/images

      at log (server.js:448:17)
          at Array.forEach (<anonymous>)
          at Array.forEach (<anonymous>)

    console.log
      ­ƒôì Route: ^\/api\/clubs\/?(?=\/|$)/:id/reviews

      at log (server.js:448:17)
          at Array.forEach (<anonymous>)
          at Array.forEach (<anonymous>)

    console.log
      ­ƒôì Route: ^\/api\/clubs\/?(?=\/|$)/:id/reviews

      at log (server.js:448:17)
          at Array.forEach (<anonymous>)
          at Array.forEach (<anonymous>)

    console.log
      ­ƒôì Route: ^\/api\/players\/?(?=\/|$)/family

      at log (server.js:448:17)
          at Array.forEach (<anonymous>)
          at Array.forEach (<anonymous>)

    console.log
      ­ƒôì Route: ^\/api\/players\/?(?=\/|$)/

      at log (server.js:448:17)
          at Array.forEach (<anonymous>)
          at Array.forEach (<anonymous>)

    console.log
      ­ƒôì Route: ^\/api\/players\/?(?=\/|$)/filtered/:filter

      at log (server.js:448:17)
          at Array.forEach (<anonymous>)
          at Array.forEach (<anonymous>)

    console.log
      ­ƒôì Route: ^\/api\/players\/?(?=\/|$)/scout

      at log (server.js:448:17)
          at Array.forEach (<anonymous>)
          at Array.forEach (<anonymous>)

    console.log
      ­ƒôì Route: ^\/api\/players\/?(?=\/|$)/:id

      at log (server.js:448:17)
          at Array.forEach (<anonymous>)
          at Array.forEach (<anonymous>)

    console.log
      ­ƒôì Route: ^\/api\/players\/?(?=\/|$)/filtered/:filter

      at log (server.js:448:17)
          at Array.forEach (<anonymous>)
          at Array.forEach (<anonymous>)

    console.log
      ­ƒôì Route: ^\/api\/players\/?(?=\/|$)/

      at log (server.js:448:17)
          at Array.forEach (<anonymous>)
          at Array.forEach (<anonymous>)

    console.log
      ­ƒôì Route: ^\/api\/players\/?(?=\/|$)/:id

      at log (server.js:448:17)
          at Array.forEach (<anonymous>)
          at Array.forEach (<anonymous>)

    console.log
      ­ƒôì Route: ^\/api\/players\/?(?=\/|$)/:id

      at log (server.js:448:17)
          at Array.forEach (<anonymous>)
          at Array.forEach (<anonymous>)

    console.log
      ­ƒôì Route: ^\/api\/players\/?(?=\/|$)/:id/stats

      at log (server.js:448:17)
          at Array.forEach (<anonymous>)
          at Array.forEach (<anonymous>)

    console.log
      ­ƒôì Route: ^\/api\/players\/?(?=\/|$)/:id/payment-status

      at log (server.js:448:17)
          at Array.forEach (<anonymous>)
          at Array.forEach (<anonymous>)

    console.log
      ­ƒôì Route: ^\/api\/players\/?(?=\/|$)/child

      at log (server.js:448:17)
          at Array.forEach (<anonymous>)
          at Array.forEach (<anonymous>)

    console.log
      ­ƒôì Route: ^\/api\/players\/?(?=\/|$)/child/:id

      at log (server.js:448:17)
          at Array.forEach (<anonymous>)
          at Array.forEach (<anonymous>)

    console.log
      ­ƒôì Route: ^\/api\/players\/?(?=\/|$)/:id/history

      at log (server.js:448:17)
          at Array.forEach (<anonymous>)
          at Array.forEach (<anonymous>)

    console.log
      ­ƒôì Route: ^\/api\/players\/?(?=\/|$)/:id/history

      at log (server.js:448:17)
          at Array.forEach (<anonymous>)
          at Array.forEach (<anonymous>)

    console.log
      ­ƒôì Route: ^\/api\/players\/?(?=\/|$)/history/:historyId

      at log (server.js:448:17)
          at Array.forEach (<anonymous>)
          at Array.forEach (<anonymous>)

    console.log
      ­ƒôì Route: ^\/api\/players\/?(?=\/|$)/:id/history

      at log (server.js:448:17)
          at Array.forEach (<anonymous>)
          at Array.forEach (<anonymous>)

    console.log
      ­ƒôì Route: ^\/api\/players\/?(?=\/|$)/:id/history

      at log (server.js:448:17)
          at Array.forEach (<anonymous>)
          at Array.forEach (<anonymous>)

    console.log
      ­ƒôì Route: ^\/api\/players\/?(?=\/|$)/:id/history/:historyId

      at log (server.js:448:17)
          at Array.forEach (<anonymous>)
          at Array.forEach (<anonymous>)

    console.log
      ­ƒôì Route: ^\/api\/players\/?(?=\/|$)/:id/stats

      at log (server.js:448:17)
          at Array.forEach (<anonymous>)
          at Array.forEach (<anonymous>)

    console.log
      ­ƒôì Route: ^\/api\/players\/?(?=\/|$)/:id/activities

      at log (server.js:448:17)
          at Array.forEach (<anonymous>)
          at Array.forEach (<anonymous>)

    console.log
      ­ƒôì Route: ^\/api\/staff\/?(?=\/|$)/

      at log (server.js:448:17)
          at Array.forEach (<anonymous>)
          at Array.forEach (<anonymous>)

    console.log
      ­ƒôì Route: ^\/api\/staff\/?(?=\/|$)/:id

      at log (server.js:448:17)
          at Array.forEach (<anonymous>)
          at Array.forEach (<anonymous>)

    console.log
      ­ƒôì Route: ^\/api\/staff\/?(?=\/|$)/:id/performance

      at log (server.js:448:17)
          at Array.forEach (<anonymous>)
          at Array.forEach (<anonymous>)

    console.log
      ­ƒôì Route: ^\/api\/staff\/?(?=\/|$)/:id/role

      at log (server.js:448:17)
          at Array.forEach (<anonymous>)
          at Array.forEach (<anonymous>)

    console.log
      ­ƒôì Route: ^\/api\/staff\/?(?=\/|$)/:id/schedule

      at log (server.js:448:17)
          at Array.forEach (<anonymous>)
          at Array.forEach (<anonymous>)

    console.log
      ­ƒôì Route: ^\/api\/staff\/?(?=\/|$)/

      at log (server.js:448:17)
          at Array.forEach (<anonymous>)
          at Array.forEach (<anonymous>)

    console.log
      ­ƒôì Route: ^\/api\/staff\/?(?=\/|$)/:id

      at log (server.js:448:17)
          at Array.forEach (<anonymous>)
          at Array.forEach (<anonymous>)

    console.log
      ­ƒôì Route: ^\/api\/staff\/?(?=\/|$)/:id

      at log (server.js:448:17)
          at Array.forEach (<anonymous>)
          at Array.forEach (<anonymous>)

    console.log
      ­ƒôì Route: ^\/api\/staff\/?(?=\/|$)/club/:clubId

      at log (server.js:448:17)
          at Array.forEach (<anonymous>)
          at Array.forEach (<anonymous>)

    console.log
      ­ƒôì Route: ^\/api\/staff\/?(?=\/|$)/:id/permissions

      at log (server.js:448:17)
          at Array.forEach (<anonymous>)
          at Array.forEach (<anonymous>)

    console.log
      ­ƒôì Route: ^\/api\/staff\/?(?=\/|$)/:id/dashboard

      at log (server.js:448:17)
          at Array.forEach (<anonymous>)
          at Array.forEach (<anonymous>)

    console.log
      ­ƒôì Route: ^\/api\/staff\/?(?=\/|$)/:id/performance

      at log (server.js:448:17)
          at Array.forEach (<anonymous>)
          at Array.forEach (<anonymous>)

    console.log
      ­ƒôì Route: ^\/api\/staff\/?(?=\/|$)/:id/role

      at log (server.js:448:17)
          at Array.forEach (<anonymous>)
          at Array.forEach (<anonymous>)

    console.log
      ­ƒôì Route: ^\/api\/staff\/?(?=\/|$)/:id/schedule

      at log (server.js:448:17)
          at Array.forEach (<anonymous>)
          at Array.forEach (<anonymous>)

    console.log
      ­ƒôì Route: ^\/api\/staff\/?(?=\/|$)/:id/verify-scout

      at log (server.js:448:17)
          at Array.forEach (<anonymous>)
          at Array.forEach (<anonymous>)

    console.log
      ­ƒôì Route: ^\/api\/teams\/?(?=\/|$)/

      at log (server.js:448:17)
          at Array.forEach (<anonymous>)
          at Array.forEach (<anonymous>)

    console.log
      ­ƒôì Route: ^\/api\/teams\/?(?=\/|$)/player/:userId

      at log (server.js:448:17)
          at Array.forEach (<anonymous>)
          at Array.forEach (<anonymous>)

    console.log
      ­ƒôì Route: ^\/api\/teams\/?(?=\/|$)/:id

      at log (server.js:448:17)
          at Array.forEach (<anonymous>)
          at Array.forEach (<anonymous>)

    console.log
      ­ƒôì Route: ^\/api\/teams\/?(?=\/|$)/

      at log (server.js:448:17)
          at Array.forEach (<anonymous>)
          at Array.forEach (<anonymous>)

    console.log
      ­ƒôì Route: ^\/api\/teams\/?(?=\/|$)/:id

      at log (server.js:448:17)
          at Array.forEach (<anonymous>)
          at Array.forEach (<anonymous>)

    console.log
      ­ƒôì Route: ^\/api\/teams\/?(?=\/|$)/:id

      at log (server.js:448:17)
          at Array.forEach (<anonymous>)
          at Array.forEach (<anonymous>)

    console.log
      ­ƒôì Route: ^\/api\/teams\/?(?=\/|$)/:id/players

      at log (server.js:448:17)
          at Array.forEach (<anonymous>)
          at Array.forEach (<anonymous>)

    console.log
      ­ƒôì Route: ^\/api\/teams\/?(?=\/|$)/:id/players/:playerId

      at log (server.js:448:17)
          at Array.forEach (<anonymous>)
          at Array.forEach (<anonymous>)

    console.log
      ­ƒôì Route: ^\/api\/teams\/?(?=\/|$)/:id/stats

      at log (server.js:448:17)
          at Array.forEach (<anonymous>)
          at Array.forEach (<anonymous>)

    console.log
      ­ƒôì Route: ^\/api\/teams\/?(?=\/|$)/:id/availability

      at log (server.js:448:17)
          at Array.forEach (<anonymous>)
          at Array.forEach (<anonymous>)

    console.log
      ­ƒôì Route: ^\/api\/teams\/?(?=\/|$)/:id/dashboard

      at log (server.js:448:17)
          at Array.forEach (<anonymous>)
          at Array.forEach (<anonymous>)

    console.log
      ­ƒôì Route: ^\/api\/events\/?(?=\/|$)/

      at log (server.js:448:17)
          at Array.forEach (<anonymous>)
          at Array.forEach (<anonymous>)

    console.log
      ­ƒôì Route: ^\/api\/events\/?(?=\/|$)/:id

      at log (server.js:448:17)
          at Array.forEach (<anonymous>)
          at Array.forEach (<anonymous>)

    console.log
      ­ƒôì Route: ^\/api\/events\/?(?=\/|$)/

      at log (server.js:448:17)
          at Array.forEach (<anonymous>)
          at Array.forEach (<anonymous>)

    console.log
      ­ƒôì Route: ^\/api\/events\/?(?=\/|$)/:id

      at log (server.js:448:17)
          at Array.forEach (<anonymous>)
          at Array.forEach (<anonymous>)

    console.log
      ­ƒôì Route: ^\/api\/events\/?(?=\/|$)/:id

      at log (server.js:448:17)
          at Array.forEach (<anonymous>)
          at Array.forEach (<anonymous>)

    console.log
      ­ƒôì Route: ^\/api\/events\/?(?=\/|$)/:id/book

      at log (server.js:448:17)
          at Array.forEach (<anonymous>)
          at Array.forEach (<anonymous>)

    console.log
      ­ƒôì Route: ^\/api\/events\/?(?=\/|$)/bookings/:bookingId/cancel

      at log (server.js:448:17)
          at Array.forEach (<anonymous>)
          at Array.forEach (<anonymous>)

    console.log
      ­ƒôì Route: ^\/api\/events\/?(?=\/|$)/:id/bookings

      at log (server.js:448:17)
          at Array.forEach (<anonymous>)
          at Array.forEach (<anonymous>)

    console.log
      ­ƒôì Route: ^\/api\/events\/?(?=\/|$)/bookings/my-bookings

      at log (server.js:448:17)
          at Array.forEach (<anonymous>)
          at Array.forEach (<anonymous>)

    console.log
      ­ƒôì Route: ^\/api\/events\/?(?=\/|$)/:id/roster

      at log (server.js:448:17)
          at Array.forEach (<anonymous>)
          at Array.forEach (<anonymous>)

    console.log
      ­ƒôì Route: ^\/api\/events\/?(?=\/|$)/:id/nudge

      at log (server.js:448:17)
          at Array.forEach (<anonymous>)
          at Array.forEach (<anonymous>)

    console.log
      ­ƒôì Route: ^\/api\/events\/?(?=\/|$)/:id/availability

      at log (server.js:448:17)
          at Array.forEach (<anonymous>)
          at Array.forEach (<anonymous>)

    console.log
      ­ƒôì Route: ^\/api\/events\/?(?=\/|$)/:id/availability/override

      at log (server.js:448:17)
          at Array.forEach (<anonymous>)
          at Array.forEach (<anonymous>)

    console.log
      ­ƒôì Route: ^\/api\/events\/?(?=\/|$)/:id/availability

      at log (server.js:448:17)
          at Array.forEach (<anonymous>)
          at Array.forEach (<anonymous>)

    console.log
      ­ƒôì Route: ^\/api\/events\/?(?=\/|$)/:id/notify

      at log (server.js:448:17)
          at Array.forEach (<anonymous>)
          at Array.forEach (<anonymous>)

    console.log
      ­ƒôì Route: ^\/api\/events\/?(?=\/|$)/:id

      at log (server.js:448:17)
          at Array.forEach (<anonymous>)
          at Array.forEach (<anonymous>)

    console.log
      ­ƒôì Route: ^\/api\/events\/?(?=\/|$)/:id/checkin

      at log (server.js:448:17)
          at Array.forEach (<anonymous>)
          at Array.forEach (<anonymous>)

    console.log
      ­ƒôì Route: ^\/api\/events\/?(?=\/|$)/:id/checkins

      at log (server.js:448:17)
          at Array.forEach (<anonymous>)
          at Array.forEach (<anonymous>)

    console.log
      ­ƒôì Route: ^\/api\/events\/?(?=\/|$)/:id/result

      at log (server.js:448:17)
          at Array.forEach (<anonymous>)
          at Array.forEach (<anonymous>)

    console.log
      ­ƒôì Route: ^\/api\/events\/?(?=\/|$)/:id/groups

      at log (server.js:448:17)
          at Array.forEach (<anonymous>)
          at Array.forEach (<anonymous>)

    console.log
      ­ƒôì Route: ^\/api\/events\/?(?=\/|$)/:id/players

      at log (server.js:448:17)
          at Array.forEach (<anonymous>)
          at Array.forEach (<anonymous>)

    console.log
      ­ƒôì Route: ^\/api\/events\/?(?=\/|$)/:id/groups

      at log (server.js:448:17)
          at Array.forEach (<anonymous>)
          at Array.forEach (<anonymous>)

    console.log
      ­ƒôì Route: ^\/api\/events\/?(?=\/|$)/:id/assign-group

      at log (server.js:448:17)
          at Array.forEach (<anonymous>)
          at Array.forEach (<anonymous>)

    console.log
      ­ƒôì Route: ^\/api\/events\/?(?=\/|$)/:id/bibs

      at log (server.js:448:17)
          at Array.forEach (<anonymous>)
          at Array.forEach (<anonymous>)

    console.log
      ­ƒôì Route: ^\/api\/events\/?(?=\/|$)/:id/export

      at log (server.js:448:17)
          at Array.forEach (<anonymous>)
          at Array.forEach (<anonymous>)

    console.log
      ­ƒôì Route: ^\/api\/events\/?(?=\/|$)/:id/checkin

      at log (server.js:448:17)
          at Array.forEach (<anonymous>)
          at Array.forEach (<anonymous>)

    console.log
      ­ƒôì Route: ^\/api\/events\/?(?=\/|$)/:id/results

      at log (server.js:448:17)
          at Array.forEach (<anonymous>)
          at Array.forEach (<anonymous>)

    console.log
      ­ƒôì Route: ^\/api\/events\/?(?=\/|$)/:id/player-stats

      at log (server.js:448:17)
          at Array.forEach (<anonymous>)
          at Array.forEach (<anonymous>)

    console.log
      ­ƒôì Route: ^\/api\/payments\/?(?=\/|$)/config

      at log (server.js:448:17)
          at Array.forEach (<anonymous>)
          at Array.forEach (<anonymous>)

    console.log
      ­ƒôì Route: ^\/api\/payments\/?(?=\/|$)/stripe/connect/status

      at log (server.js:448:17)
          at Array.forEach (<anonymous>)
          at Array.forEach (<anonymous>)

    console.log
      ­ƒôì Route: ^\/api\/payments\/?(?=\/|$)/stripe/connect/onboard

      at log (server.js:448:17)
          at Array.forEach (<anonymous>)
          at Array.forEach (<anonymous>)

    console.log
      ­ƒôì Route: ^\/api\/payments\/?(?=\/|$)/stripe/connect/manage

      at log (server.js:448:17)
          at Array.forEach (<anonymous>)
          at Array.forEach (<anonymous>)

    console.log
      ­ƒôì Route: ^\/api\/payments\/?(?=\/|$)/health

      at log (server.js:448:17)
          at Array.forEach (<anonymous>)
          at Array.forEach (<anonymous>)

    console.log
      ­ƒôì Route: ^\/api\/payments\/?(?=\/|$)/plans

      at log (server.js:448:17)
          at Array.forEach (<anonymous>)
          at Array.forEach (<anonymous>)

    console.log
      ­ƒôì Route: ^\/api\/payments\/?(?=\/|$)/plans/import

      at log (server.js:448:17)
          at Array.forEach (<anonymous>)
          at Array.forEach (<anonymous>)

    console.log
      ­ƒôì Route: ^\/api\/payments\/?(?=\/|$)/plans

      at log (server.js:448:17)
          at Array.forEach (<anonymous>)
          at Array.forEach (<anonymous>)

    console.log
      ­ƒôì Route: ^\/api\/payments\/?(?=\/|$)/plans/:id

      at log (server.js:448:17)
          at Array.forEach (<anonymous>)
          at Array.forEach (<anonymous>)

    console.log
      ­ƒôì Route: ^\/api\/payments\/?(?=\/|$)/plans/:id

      at log (server.js:448:17)
          at Array.forEach (<anonymous>)
          at Array.forEach (<anonymous>)

    console.log
      ­ƒôì Route: ^\/api\/payments\/?(?=\/|$)/plan/current

      at log (server.js:448:17)
          at Array.forEach (<anonymous>)
          at Array.forEach (<anonymous>)

    console.log
      ­ƒôì Route: ^\/api\/payments\/?(?=\/|$)/plan/assign

      at log (server.js:448:17)
          at Array.forEach (<anonymous>)
          at Array.forEach (<anonymous>)

    console.log
      ­ƒôì Route: ^\/api\/payments\/?(?=\/|$)/bulk-assign-plan-legacy

      at log (server.js:448:17)
          at Array.forEach (<anonymous>)
          at Array.forEach (<anonymous>)

    console.log
      ­ƒôì Route: ^\/api\/payments\/?(?=\/|$)/plan/cancel

      at log (server.js:448:17)
          at Array.forEach (<anonymous>)
          at Array.forEach (<anonymous>)

    console.log
      ­ƒôì Route: ^\/api\/payments\/?(?=\/|$)/

      at log (server.js:448:17)
          at Array.forEach (<anonymous>)
          at Array.forEach (<anonymous>)

    console.log
      ­ƒôì Route: ^\/api\/payments\/?(?=\/|$)/create-intent

      at log (server.js:448:17)
          at Array.forEach (<anonymous>)
          at Array.forEach (<anonymous>)

    console.log
      ­ƒôì Route: ^\/api\/payments\/?(?=\/|$)/confirm-payment

      at log (server.js:448:17)
          at Array.forEach (<anonymous>)
          at Array.forEach (<anonymous>)

    console.log
      ­ƒôì Route: ^\/api\/payments\/?(?=\/|$)/public/:id

      at log (server.js:448:17)
          at Array.forEach (<anonymous>)
          at Array.forEach (<anonymous>)

    console.log
      ­ƒôì Route: ^\/api\/payments\/?(?=\/|$)/:id/payment-link

      at log (server.js:448:17)
          at Array.forEach (<anonymous>)
          at Array.forEach (<anonymous>)

    console.log
      ­ƒôì Route: ^\/api\/payments\/?(?=\/|$)/book-event

      at log (server.js:448:17)
          at Array.forEach (<anonymous>)
          at Array.forEach (<anonymous>)

    console.log
      ­ƒôì Route: ^\/api\/payments\/?(?=\/|$)/

      at log (server.js:448:17)
          at Array.forEach (<anonymous>)
          at Array.forEach (<anonymous>)

    console.log
      ­ƒôì Route: ^\/api\/payments\/?(?=\/|$)/assign-player-plan

      at log (server.js:448:17)
          at Array.forEach (<anonymous>)
          at Array.forEach (<anonymous>)

    console.log
      ­ƒôì Route: ^\/api\/payments\/?(?=\/|$)/bulk-assign-plan

      at log (server.js:448:17)
          at Array.forEach (<anonymous>)
          at Array.forEach (<anonymous>)

    console.log
      ­ƒôì Route: ^\/api\/payments\/?(?=\/|$)/cleanup

      at log (server.js:448:17)
          at Array.forEach (<anonymous>)
          at Array.forEach (<anonymous>)

    console.log
      ­ƒôì Route: ^\/api\/stripe-payouts\/?(?=\/|$)/configure-payout/:accountId

      at log (server.js:448:17)
          at Array.forEach (<anonymous>)
          at Array.forEach (<anonymous>)

    console.log
      ­ƒôì Route: ^\/api\/stripe-payouts\/?(?=\/|$)/payout-schedule/:accountId

      at log (server.js:448:17)
          at Array.forEach (<anonymous>)
          at Array.forEach (<anonymous>)

    console.log
      ­ƒôì Route: ^\/api\/stripe-payouts\/?(?=\/|$)/configure-all-payouts

      at log (server.js:448:17)
          at Array.forEach (<anonymous>)
          at Array.forEach (<anonymous>)

    console.log
      ­ƒôì Route: ^\/api\/stripe-payouts\/?(?=\/|$)/manual-payout/:accountId

      at log (server.js:448:17)
          at Array.forEach (<anonymous>)
          at Array.forEach (<anonymous>)

    console.log
      ­ƒôì Route: ^\/api\/dashboard\/?(?=\/|$)/admin

      at log (server.js:448:17)
          at Array.forEach (<anonymous>)
          at Array.forEach (<anonymous>)

    console.log
      ­ƒôì Route: ^\/api\/dashboard\/?(?=\/|$)/player

      at log (server.js:448:17)
          at Array.forEach (<anonymous>)
          at Array.forEach (<anonymous>)

    console.log
      ­ƒôì Route: ^\/api\/dashboard\/?(?=\/|$)/invitations/:orgId/accept

      at log (server.js:448:17)
          at Array.forEach (<anonymous>)
          at Array.forEach (<anonymous>)

    console.log
      ­ƒôì Route: ^\/api\/dashboard\/?(?=\/|$)/invitations/:orgId/decline

      at log (server.js:448:17)
          at Array.forEach (<anonymous>)
          at Array.forEach (<anonymous>)

    console.log
      ­ƒôì Route: ^\/api\/invites\/?(?=\/|$)/generate

      at log (server.js:448:17)
          at Array.forEach (<anonymous>)
          at Array.forEach (<anonymous>)

    console.log
      ­ƒôì Route: ^\/api\/invites\/?(?=\/|$)/details/:token

      at log (server.js:448:17)
          at Array.forEach (<anonymous>)
          at Array.forEach (<anonymous>)

    console.log
      ­ƒôì Route: ^\/api\/invites\/?(?=\/|$)/accept/:token

      at log (server.js:448:17)
          at Array.forEach (<anonymous>)
          at Array.forEach (<anonymous>)

    console.log
      ­ƒôì Route: ^\/api\/invites\/?(?=\/|$)/decline/:token

      at log (server.js:448:17)
          at Array.forEach (<anonymous>)
          at Array.forEach (<anonymous>)

    console.log
      ­ƒôì Route: ^\/api\/invites\/?(?=\/|$)/sent

      at log (server.js:448:17)
          at Array.forEach (<anonymous>)
          at Array.forEach (<anonymous>)

    console.log
      ­ƒôì Route: ^\/api\/products\/?(?=\/|$)/

      at log (server.js:448:17)
          at Array.forEach (<anonymous>)
          at Array.forEach (<anonymous>)

    console.log
      ­ƒôì Route: ^\/api\/products\/?(?=\/|$)/

      at log (server.js:448:17)
          at Array.forEach (<anonymous>)
          at Array.forEach (<anonymous>)

    console.log
      ­ƒôì Route: ^\/api\/products\/?(?=\/|$)/purchase

      at log (server.js:448:17)
          at Array.forEach (<anonymous>)
          at Array.forEach (<anonymous>)

    console.log
      ­ƒôì Route: ^\/api\/products\/?(?=\/|$)/:id

      at log (server.js:448:17)
          at Array.forEach (<anonymous>)
          at Array.forEach (<anonymous>)

    console.log
      ­ƒôì Route: ^\/api\/products\/?(?=\/|$)/:id

      at log (server.js:448:17)
          at Array.forEach (<anonymous>)
          at Array.forEach (<anonymous>)

    console.log
      ­ƒôì Route: ^\/api\/campaigns\/?(?=\/|$)/

      at log (server.js:448:17)
          at Array.forEach (<anonymous>)
          at Array.forEach (<anonymous>)

    console.log
      ­ƒôì Route: ^\/api\/campaigns\/?(?=\/|$)/

      at log (server.js:448:17)
          at Array.forEach (<anonymous>)
          at Array.forEach (<anonymous>)

    console.log
      ­ƒôì Route: ^\/api\/campaigns\/?(?=\/|$)/:id/send

      at log (server.js:448:17)
          at Array.forEach (<anonymous>)
          at Array.forEach (<anonymous>)

    console.log
      ­ƒôì Route: ^\/api\/listings\/?(?=\/|$)/

      at log (server.js:448:17)
          at Array.forEach (<anonymous>)
          at Array.forEach (<anonymous>)

    console.log
      ­ƒôì Route: ^\/api\/listings\/?(?=\/|$)/

      at log (server.js:448:17)
          at Array.forEach (<anonymous>)
          at Array.forEach (<anonymous>)

    console.log
      ­ƒôì Route: ^\/api\/listings\/?(?=\/|$)/:id/applications

      at log (server.js:448:17)
          at Array.forEach (<anonymous>)
          at Array.forEach (<anonymous>)

    console.log
      ­ƒôì Route: ^\/api\/listings\/?(?=\/|$)/applications/:id/status

      at log (server.js:448:17)
          at Array.forEach (<anonymous>)
          at Array.forEach (<anonymous>)

    console.log
      ­ƒôì Route: ^\/api\/listings\/?(?=\/|$)/applications/:id/invite

      at log (server.js:448:17)
          at Array.forEach (<anonymous>)
          at Array.forEach (<anonymous>)

    console.log
      ­ƒôì Route: ^\/api\/listings\/?(?=\/|$)/:id

      at log (server.js:448:17)
          at Array.forEach (<anonymous>)
          at Array.forEach (<anonymous>)

    console.log
      ­ƒôì Route: ^\/api\/notifications\/?(?=\/|$)/

      at log (server.js:448:17)
          at Array.forEach (<anonymous>)
          at Array.forEach (<anonymous>)

    console.log
      ­ƒôì Route: ^\/api\/notifications\/?(?=\/|$)/

      at log (server.js:448:17)
          at Array.forEach (<anonymous>)
          at Array.forEach (<anonymous>)

    console.log
      ­ƒôì Route: ^\/api\/notifications\/?(?=\/|$)/:id/read

      at log (server.js:448:17)
          at Array.forEach (<anonymous>)
          at Array.forEach (<anonymous>)

    console.log
      ­ƒôì Route: ^\/api\/notifications\/?(?=\/|$)/read-all

      at log (server.js:448:17)
          at Array.forEach (<anonymous>)
          at Array.forEach (<anonymous>)

    console.log
      ­ƒôì Route: ^\/api\/debug\/?(?=\/|$)/check-org/:id

      at log (server.js:448:17)
          at Array.forEach (<anonymous>)
          at Array.forEach (<anonymous>)

    console.log
      ­ƒôì Route: ^\/api\/talent-id\/?(?=\/|$)/register

      at log (server.js:448:17)
          at Array.forEach (<anonymous>)
          at Array.forEach (<anonymous>)

    console.log
      ­ƒôì Route: ^\/api\/talent-id\/?(?=\/|$)/events/:id/dashboard

      at log (server.js:448:17)
          at Array.forEach (<anonymous>)
          at Array.forEach (<anonymous>)

    console.log
      ­ƒôì Route: ^\/api\/talent-id\/?(?=\/|$)/events/:id/schedule

      at log (server.js:448:17)
          at Array.forEach (<anonymous>)
          at Array.forEach (<anonymous>)

    console.log
      ­ƒôì Route: ^\/api\/talent-id\/?(?=\/|$)/bibs/batch

      at log (server.js:448:17)
          at Array.forEach (<anonymous>)
          at Array.forEach (<anonymous>)

    console.log
      ­ƒôì Route: ^\/api\/talent-id\/?(?=\/|$)/events/:id/groups

      at log (server.js:448:17)
          at Array.forEach (<anonymous>)
          at Array.forEach (<anonymous>)

    console.log
      ­ƒôì Route: ^\/api\/talent-id\/?(?=\/|$)/events/:id/auto-assign

      at log (server.js:448:17)
          at Array.forEach (<anonymous>)
          at Array.forEach (<anonymous>)

    console.log
      ­ƒôì Route: ^\/api\/talent-id\/?(?=\/|$)/registrations/:id/checkin

      at log (server.js:448:17)
          at Array.forEach (<anonymous>)
          at Array.forEach (<anonymous>)

    console.log
      ­ƒôì Route: ^\/api\/scouting\/?(?=\/|$)/reports

      at log (server.js:448:17)
          at Array.forEach (<anonymous>)
          at Array.forEach (<anonymous>)

    console.log
      ­ƒôì Route: ^\/api\/scouting\/?(?=\/|$)/reports

      at log (server.js:448:17)
          at Array.forEach (<anonymous>)
          at Array.forEach (<anonymous>)

    console.log
      ­ƒôì Route: ^\/api\/scouting\/?(?=\/|$)/assignments

      at log (server.js:448:17)
          at Array.forEach (<anonymous>)
          at Array.forEach (<anonymous>)

    console.log
      ­ƒôì Route: ^\/api\/scouting\/?(?=\/|$)/contact-requests

      at log (server.js:448:17)
          at Array.forEach (<anonymous>)
          at Array.forEach (<anonymous>)

    console.log
      ­ƒôì Route: ^\/api\/scouting\/?(?=\/|$)/analytics

      at log (server.js:448:17)
          at Array.forEach (<anonymous>)
          at Array.forEach (<anonymous>)

    console.log
      ­ƒôì Route: ^\/api\/scouting\/?(?=\/|$)/verify-me

      at log (server.js:448:17)
          at Array.forEach (<anonymous>)
          at Array.forEach (<anonymous>)

    console.log
      ­ƒôì Route: ^\/api\/scouting\/?(?=\/|$)/watchlist

      at log (server.js:448:17)
          at Array.forEach (<anonymous>)
          at Array.forEach (<anonymous>)

    console.log
      ­ƒôì Route: ^\/api\/scouting\/?(?=\/|$)/watchlist

      at log (server.js:448:17)
          at Array.forEach (<anonymous>)
          at Array.forEach (<anonymous>)

    console.log
      ­ƒôì Route: ^\/api\/scouting\/?(?=\/|$)/watchlist/:playerId

      at log (server.js:448:17)
          at Array.forEach (<anonymous>)
          at Array.forEach (<anonymous>)

    console.log
      ­ƒôì Route: ^\/api\/scouting\/?(?=\/|$)/medical/:id

      at log (server.js:448:17)
          at Array.forEach (<anonymous>)
          at Array.forEach (<anonymous>)

    console.log
      ­ƒôì Route: ^\/api\/venues\/?(?=\/|$)/

      at log (server.js:448:17)
          at Array.forEach (<anonymous>)
          at Array.forEach (<anonymous>)

    console.log
      ­ƒôì Route: ^\/api\/venues\/?(?=\/|$)/:id

      at log (server.js:448:17)
          at Array.forEach (<anonymous>)
          at Array.forEach (<anonymous>)

    console.log
      ­ƒôì Route: ^\/api\/venues\/?(?=\/|$)/

      at log (server.js:448:17)
          at Array.forEach (<anonymous>)
          at Array.forEach (<anonymous>)

    console.log
      ­ƒôì Route: ^\/api\/venues\/?(?=\/|$)/:id/availability

      at log (server.js:448:17)
          at Array.forEach (<anonymous>)
          at Array.forEach (<anonymous>)

    console.log
      ­ƒôì Route: ^\/api\/venues\/?(?=\/|$)/:id/documents

      at log (server.js:448:17)
          at Array.forEach (<anonymous>)
          at Array.forEach (<anonymous>)

    console.log
      ­ƒôì Route: ^\/api\/venues\/?(?=\/|$)/:id/book

      at log (server.js:448:17)
          at Array.forEach (<anonymous>)
          at Array.forEach (<anonymous>)

    console.log
      ­ƒôì Route: ^\/api\/venues\/?(?=\/|$)/bookings/my

      at log (server.js:448:17)
          at Array.forEach (<anonymous>)
          at Array.forEach (<anonymous>)

    console.log
      ­ƒôì Route: ^\/api\/venues\/?(?=\/|$)/bookings/:id/status

      at log (server.js:448:17)
          at Array.forEach (<anonymous>)
          at Array.forEach (<anonymous>)

    console.log
      ­ƒôì Route: ^\/api\/leagues\/?(?=\/|$)/

      at log (server.js:448:17)
          at Array.forEach (<anonymous>)
          at Array.forEach (<anonymous>)

    console.log
      ­ƒôì Route: ^\/api\/leagues\/?(?=\/|$)/

      at log (server.js:448:17)
          at Array.forEach (<anonymous>)
          at Array.forEach (<anonymous>)

    console.log
      ­ƒôì Route: ^\/api\/leagues\/?(?=\/|$)/:id

      at log (server.js:448:17)
          at Array.forEach (<anonymous>)
          at Array.forEach (<anonymous>)

    console.log
      ­ƒôì Route: ^\/api\/leagues\/?(?=\/|$)/:id/standings

      at log (server.js:448:17)
          at Array.forEach (<anonymous>)
          at Array.forEach (<anonymous>)

    console.log
      ­ƒôì Route: ^\/api\/leagues\/?(?=\/|$)/:id/teams

      at log (server.js:448:17)
          at Array.forEach (<anonymous>)
          at Array.forEach (<anonymous>)

    console.log
      ­ƒôì Route: ^\/api\/leagues\/?(?=\/|$)/:id/fixtures/generate

      at log (server.js:448:17)
          at Array.forEach (<anonymous>)
          at Array.forEach (<anonymous>)

    console.log
      ­ƒôì Route: ^\/api\/leagues\/?(?=\/|$)/:id/fixtures

      at log (server.js:448:17)
          at Array.forEach (<anonymous>)
          at Array.forEach (<anonymous>)

    console.log
      ­ƒôì Route: ^\/api\/leagues\/?(?=\/|$)/fixtures/:id/score

      at log (server.js:448:17)
          at Array.forEach (<anonymous>)
          at Array.forEach (<anonymous>)

    console.log
      ­ƒôì Route: ^\/api\/leagues\/?(?=\/|$)/fixtures/:id/assign-referee

      at log (server.js:448:17)
          at Array.forEach (<anonymous>)
          at Array.forEach (<anonymous>)

    console.log
      ­ƒôì Route: ^\/api\/tournaments\/?(?=\/|$)/register

      at log (server.js:448:17)
          at Array.forEach (<anonymous>)
          at Array.forEach (<anonymous>)

    console.log
      ­ƒôì Route: ^\/api\/tournaments\/?(?=\/|$)/

      at log (server.js:448:17)
          at Array.forEach (<anonymous>)
          at Array.forEach (<anonymous>)

    console.log
      ­ƒôì Route: ^\/api\/tournaments\/?(?=\/|$)/:id/dashboard

      at log (server.js:448:17)
          at Array.forEach (<anonymous>)
          at Array.forEach (<anonymous>)

    console.log
      ­ƒôì Route: ^\/api\/tournaments\/?(?=\/|$)/:id/groups

      at log (server.js:448:17)
          at Array.forEach (<anonymous>)
          at Array.forEach (<anonymous>)

    console.log
      ­ƒôì Route: ^\/api\/tournaments\/?(?=\/|$)/:id/groups/assign

      at log (server.js:448:17)
          at Array.forEach (<anonymous>)
          at Array.forEach (<anonymous>)

    console.log
      ­ƒôì Route: ^\/api\/tournaments\/?(?=\/|$)/:id/generate-fixtures

      at log (server.js:448:17)
          at Array.forEach (<anonymous>)
          at Array.forEach (<anonymous>)

    console.log
      ­ƒôì Route: ^\/api\/tournaments\/?(?=\/|$)/matches/:id/lineups

      at log (server.js:448:17)
          at Array.forEach (<anonymous>)
          at Array.forEach (<anonymous>)

    console.log
      ­ƒôì Route: ^\/api\/tournaments\/?(?=\/|$)/matches/:id/result

      at log (server.js:448:17)
          at Array.forEach (<anonymous>)
          at Array.forEach (<anonymous>)

    console.log
      ­ƒôì Route: ^\/api\/tournaments\/?(?=\/|$)/:id/pitches

      at log (server.js:448:17)
          at Array.forEach (<anonymous>)
          at Array.forEach (<anonymous>)

    console.log
      ­ƒôì Route: ^\/api\/tournaments\/?(?=\/|$)/:id/pitches/bulk

      at log (server.js:448:17)
          at Array.forEach (<anonymous>)
          at Array.forEach (<anonymous>)

    console.log
      ­ƒôì Route: ^\/api\/tournaments\/?(?=\/|$)/:id/pitches

      at log (server.js:448:17)
          at Array.forEach (<anonymous>)
          at Array.forEach (<anonymous>)

    console.log
      ­ƒôì Route: ^\/api\/tournaments\/?(?=\/|$)/:id/auto-schedule

      at log (server.js:448:17)
          at Array.forEach (<anonymous>)
          at Array.forEach (<anonymous>)

    console.log
      ­ƒôì Route: ^\/api\/tournaments\/?(?=\/|$)/teams/:id/status

      at log (server.js:448:17)
          at Array.forEach (<anonymous>)
          at Array.forEach (<anonymous>)

    console.log
      ­ƒôì Route: ^\/api\/tournaments\/?(?=\/|$)/teams/:id/link

      at log (server.js:448:17)
          at Array.forEach (<anonymous>)
          at Array.forEach (<anonymous>)

    console.log
      ­ƒôì Route: ^\/api\/tournaments\/?(?=\/|$)/matches/:id/assign-team

      at log (server.js:448:17)
          at Array.forEach (<anonymous>)
          at Array.forEach (<anonymous>)

    console.log
      ­ƒôì Route: ^\/api\/tournaments\/?(?=\/|$)/:id/bracket

      at log (server.js:448:17)
          at Array.forEach (<anonymous>)
          at Array.forEach (<anonymous>)

    console.log
      ­ƒôì Route: ^\/api\/tournaments\/?(?=\/|$)/matches/:id/video

      at log (server.js:448:17)
          at Array.forEach (<anonymous>)
          at Array.forEach (<anonymous>)

    console.log
      ­ƒôì Route: ^\/api\/tournaments\/?(?=\/|$)/:id/invite-staff

      at log (server.js:448:17)
          at Array.forEach (<anonymous>)
          at Array.forEach (<anonymous>)

    console.log
      ­ƒôì Route: ^\/api\/tournaments\/?(?=\/|$)/:id/invite-team

      at log (server.js:448:17)
          at Array.forEach (<anonymous>)
          at Array.forEach (<anonymous>)

    console.log
      ­ƒôì Route: ^\/api\/tournaments\/?(?=\/|$)/pitches/:id

      at log (server.js:448:17)
          at Array.forEach (<anonymous>)
          at Array.forEach (<anonymous>)

    console.log
      ­ƒôì Route: ^\/api\/tournaments\/?(?=\/|$)/matches/:id/video

      at log (server.js:448:17)
          at Array.forEach (<anonymous>)
          at Array.forEach (<anonymous>)

    console.log
      ­ƒôì Route: ^\/api\/tournaments\/?(?=\/|$)/matches/:id/video

      at log (server.js:448:17)
          at Array.forEach (<anonymous>)
          at Array.forEach (<anonymous>)

    console.log
      ­ƒôì Route: ^\/api\/tournaments\/?(?=\/|$)/:id/layout

      at log (server.js:448:17)
          at Array.forEach (<anonymous>)
          at Array.forEach (<anonymous>)

    console.log
      ­ƒôì Route: ^\/api\/tournaments\/?(?=\/|$)/:id/invite

      at log (server.js:448:17)
          at Array.forEach (<anonymous>)
          at Array.forEach (<anonymous>)

    console.log
      ­ƒôì Route: ^\/api\/polls\/?(?=\/|$)/

      at log (server.js:448:17)
          at Array.forEach (<anonymous>)
          at Array.forEach (<anonymous>)

    console.log
      ­ƒôì Route: ^\/api\/polls\/?(?=\/|$)/

      at log (server.js:448:17)
          at Array.forEach (<anonymous>)
          at Array.forEach (<anonymous>)

    console.log
      ­ƒôì Route: ^\/api\/polls\/?(?=\/|$)/:id/vote

      at log (server.js:448:17)
          at Array.forEach (<anonymous>)
          at Array.forEach (<anonymous>)

    console.log
      ­ƒôì Route: ^\/api\/email\/?(?=\/|$)/send

      at log (server.js:448:17)
          at Array.forEach (<anonymous>)
          at Array.forEach (<anonymous>)

    console.log
      ­ƒôì Route: ^\/api\/email\/?(?=\/|$)/send-invite

      at log (server.js:448:17)
          at Array.forEach (<anonymous>)
          at Array.forEach (<anonymous>)

    console.log
      ­ƒôì Route: ^\/api\/tactical\/?(?=\/|$)/

      at log (server.js:448:17)
          at Array.forEach (<anonymous>)
          at Array.forEach (<anonymous>)

    console.log
      ­ƒôì Route: ^\/api\/tactical\/?(?=\/|$)/

      at log (server.js:448:17)
          at Array.forEach (<anonymous>)
          at Array.forEach (<anonymous>)

    console.log
      ­ƒôì Route: ^\/api\/tactical\/?(?=\/|$)/:id

      at log (server.js:448:17)
          at Array.forEach (<anonymous>)
          at Array.forEach (<anonymous>)

    console.log
      ­ƒôì Route: ^\/api\/forms\/?(?=\/|$)/

      at log (server.js:448:17)
          at Array.forEach (<anonymous>)
          at Array.forEach (<anonymous>)

    console.log
      ­ƒôì Route: ^\/api\/forms\/?(?=\/|$)/

      at log (server.js:448:17)
          at Array.forEach (<anonymous>)
          at Array.forEach (<anonymous>)

    console.log
      ­ƒôì Route: ^\/api\/forms\/?(?=\/|$)/:id

      at log (server.js:448:17)
          at Array.forEach (<anonymous>)
          at Array.forEach (<anonymous>)

    console.log
      ­ƒôì Route: ^\/api\/forms\/?(?=\/|$)/:id

      at log (server.js:448:17)
          at Array.forEach (<anonymous>)
          at Array.forEach (<anonymous>)

    console.log
      ­ƒôì Route: ^\/api\/forms\/?(?=\/|$)/:id

      at log (server.js:448:17)
          at Array.forEach (<anonymous>)
          at Array.forEach (<anonymous>)

    console.log
      ­ƒôì Route: ^\/api\/forms\/?(?=\/|$)/:id/submit

      at log (server.js:448:17)
          at Array.forEach (<anonymous>)
          at Array.forEach (<anonymous>)

    console.log
      ­ƒôì Route: ^\/api\/forms\/?(?=\/|$)/:id/responses

      at log (server.js:448:17)
          at Array.forEach (<anonymous>)
          at Array.forEach (<anonymous>)

    console.log
      ­ƒôì Route: ^\/api\/training\/?(?=\/|$)/drills

      at log (server.js:448:17)
          at Array.forEach (<anonymous>)
          at Array.forEach (<anonymous>)

    console.log
      ­ƒôì Route: ^\/api\/training\/?(?=\/|$)/drills

      at log (server.js:448:17)
          at Array.forEach (<anonymous>)
          at Array.forEach (<anonymous>)

    console.log
      ­ƒôì Route: ^\/api\/training\/?(?=\/|$)/drills/:id

      at log (server.js:448:17)
          at Array.forEach (<anonymous>)
          at Array.forEach (<anonymous>)

    console.log
      ­ƒôì Route: ^\/api\/training\/?(?=\/|$)/drills/:id

      at log (server.js:448:17)
          at Array.forEach (<anonymous>)
          at Array.forEach (<anonymous>)

    console.log
      ­ƒôì Route: ^\/api\/training\/?(?=\/|$)/drills/:id

      at log (server.js:448:17)
          at Array.forEach (<anonymous>)
          at Array.forEach (<anonymous>)

    console.log
      ­ƒôì Route: ^\/api\/training\/?(?=\/|$)/drills/:id/assign

      at log (server.js:448:17)
          at Array.forEach (<anonymous>)
          at Array.forEach (<anonymous>)

    console.log
      ­ƒôì Route: ^\/api\/training\/?(?=\/|$)/my-drills

      at log (server.js:448:17)
          at Array.forEach (<anonymous>)
          at Array.forEach (<anonymous>)

    console.log
      ­ƒôì Route: ^\/api\/training\/?(?=\/|$)/submissions

      at log (server.js:448:17)
          at Array.forEach (<anonymous>)
          at Array.forEach (<anonymous>)

    console.log
      ­ƒôì Route: ^\/api\/training\/?(?=\/|$)/submissions

      at log (server.js:448:17)
          at Array.forEach (<anonymous>)
          at Array.forEach (<anonymous>)

    console.log
      ­ƒôì Route: ^\/api\/training\/?(?=\/|$)/submissions/:id/review

      at log (server.js:448:17)
          at Array.forEach (<anonymous>)
          at Array.forEach (<anonymous>)

    console.log
      ­ƒôì Route: ^\/api\/training\/?(?=\/|$)/skills/:playerId

      at log (server.js:448:17)
          at Array.forEach (<anonymous>)
          at Array.forEach (<anonymous>)

    console.log
      ­ƒôì Route: ^\/api\/training\/?(?=\/|$)/team-progress/:teamId

      at log (server.js:448:17)
          at Array.forEach (<anonymous>)
          at Array.forEach (<anonymous>)

    console.log
      2026-04-11T15:19:52.600Z - POST /api/platform-admin/onboard-club - ::ffff:127.0.0.1

      at log (server.js:227:11)

    console.log
      Ô£à Token verified for user: super@test.com

      at log (middleware/auth.js:56:13)

    console.log
      Onboarding: Searching Stripe for account with email ardwick@example.com...

      at log (routes/platform-admin.js:872:19)

    console.log
      Onboarding: Found MATCHING Stripe Account on Platform: acct_found_via_search

      at log (routes/platform-admin.js:883:21)

    console.log
      ­ƒôØ Creating new user for: ardwick@example.com

      at log (routes/platform-admin.js:898:17)

    console.log
      Ô£à User created with ID: 101

      at log (routes/platform-admin.js:924:17)

    console.log
      ­ƒôº Sending welcome email to: ardwick@example.com

      at log (routes/platform-admin.js:932:19)

    console.log
      Ô£à Welcome email sent successfully

      at log (routes/platform-admin.js:941:19)

    console.log
      ­ƒÅó Creating organization: Ardwick FC

      at log (routes/platform-admin.js:951:15)

    console.log
      Ô£à Organization created with ID: 501

      at log (routes/platform-admin.js:972:15)

    console.log
      ­ƒöù Linking user to organization...

      at log (routes/platform-admin.js:975:15)

    console.log
      Ô£à Onboarding completed successfully

      at log (routes/platform-admin.js:995:15)

PASS tests/feature-stripe-enhancements.test.js
  ÔùÅ Console

    console.log
      ÔÜá´©Å  Payment processing is DISABLED. Set ENABLE_PAYMENT_PROCESSING=true in .env to enable.

      at Object.log (middleware/payment-guard.js:20:11)

    console.log
      ­ƒôì Route: /api/run-temp-migration

      at log (server.js:444:13)
          at Array.forEach (<anonymous>)

    console.log
      ­ƒôì Route: *

      at log (server.js:444:13)
          at Array.forEach (<anonymous>)

    console.log
      ­ƒôì Route: /api/test-now

      at log (server.js:444:13)
          at Array.forEach (<anonymous>)

    console.log
      ­ƒôì Route: /health

      at log (server.js:444:13)
          at Array.forEach (<anonymous>)

    console.log
      ­ƒôì Route: /api/health

      at log (server.js:444:13)
          at Array.forEach (<anonymous>)

    console.log
      ­ƒôì Route: /api/public-debug/:id

      at log (server.js:444:13)
          at Array.forEach (<anonymous>)

    console.log
      ­ƒôì Route: ^\/api\/auth\/?(?=\/|$)/register

      at log (server.js:448:17)
          at Array.forEach (<anonymous>)
          at Array.forEach (<anonymous>)

    console.log
      ­ƒôì Route: ^\/api\/auth\/?(?=\/|$)/login

      at log (server.js:448:17)
          at Array.forEach (<anonymous>)
          at Array.forEach (<anonymous>)

    console.log
      ­ƒôì Route: ^\/api\/auth\/?(?=\/|$)/logout

      at log (server.js:448:17)
          at Array.forEach (<anonymous>)
          at Array.forEach (<anonymous>)

    console.log
      ­ƒôì Route: ^\/api\/auth\/?(?=\/|$)/seed-demo-users

      at log (server.js:448:17)
          at Array.forEach (<anonymous>)
          at Array.forEach (<anonymous>)

    console.log
      ­ƒôì Route: ^\/api\/auth\/?(?=\/|$)/me

      at log (server.js:448:17)
          at Array.forEach (<anonymous>)
          at Array.forEach (<anonymous>)

    console.log
      ­ƒôì Route: ^\/api\/auth\/?(?=\/|$)/find-user

      at log (server.js:448:17)
          at Array.forEach (<anonymous>)
          at Array.forEach (<anonymous>)

    console.log
      ­ƒôì Route: ^\/api\/auth\/?(?=\/|$)/add-child

      at log (server.js:448:17)
          at Array.forEach (<anonymous>)
          at Array.forEach (<anonymous>)

    console.log
      ­ƒôì Route: ^\/api\/auth\/?(?=\/|$)/children

      at log (server.js:448:17)
          at Array.forEach (<anonymous>)
          at Array.forEach (<anonymous>)

    console.log
      ­ƒôì Route: ^\/api\/auth\/?(?=\/|$)/children/:childId

      at log (server.js:448:17)
          at Array.forEach (<anonymous>)
          at Array.forEach (<anonymous>)

    console.log
      ­ƒôì Route: ^\/api\/auth\/?(?=\/|$)/organizations

      at log (server.js:448:17)
          at Array.forEach (<anonymous>)
          at Array.forEach (<anonymous>)

    console.log
      ­ƒôì Route: ^\/api\/auth\/?(?=\/|$)/context

      at log (server.js:448:17)
          at Array.forEach (<anonymous>)
          at Array.forEach (<anonymous>)

    console.log
      ­ƒôì Route: ^\/api\/auth\/?(?=\/|$)/switch-organization

      at log (server.js:448:17)
          at Array.forEach (<anonymous>)
          at Array.forEach (<anonymous>)

    console.log
      ­ƒôì Route: ^\/api\/auth\/?(?=\/|$)/profile

      at log (server.js:448:17)
          at Array.forEach (<anonymous>)
          at Array.forEach (<anonymous>)

    console.log
      ­ƒôì Route: ^\/api\/auth\/?(?=\/|$)/profile

      at log (server.js:448:17)
          at Array.forEach (<anonymous>)
          at Array.forEach (<anonymous>)

    console.log
      ­ƒôì Route: ^\/api\/auth\/?(?=\/|$)/gdpr/export

      at log (server.js:448:17)
          at Array.forEach (<anonymous>)
          at Array.forEach (<anonymous>)

    console.log
      ­ƒôì Route: ^\/api\/auth\/?(?=\/|$)/gdpr/delete

      at log (server.js:448:17)
          at Array.forEach (<anonymous>)
          at Array.forEach (<anonymous>)

    console.log
      ­ƒôì Route: ^\/api\/auth\/?(?=\/|$)/forgot-password

      at log (server.js:448:17)
          at Array.forEach (<anonymous>)
          at Array.forEach (<anonymous>)

    console.log
      ­ƒôì Route: ^\/api\/auth\/?(?=\/|$)/reset-password

      at log (server.js:448:17)
          at Array.forEach (<anonymous>)
          at Array.forEach (<anonymous>)

    console.log
      ­ƒôì Route: ^\/api\/auth\/?(?=\/|$)/profile-personal

      at log (server.js:448:17)
          at Array.forEach (<anonymous>)
          at Array.forEach (<anonymous>)

    console.log
      ­ƒôì Route: ^\/api\/auth\/?(?=\/|$)/change-password

      at log (server.js:448:17)
          at Array.forEach (<anonymous>)
          at Array.forEach (<anonymous>)

    console.log
      ­ƒôì Route: ^\/api\/auth\/?(?=\/|$)/settings

      at log (server.js:448:17)
          at Array.forEach (<anonymous>)
          at Array.forEach (<anonymous>)

    console.log
      ­ƒôì Route: ^\/api\/auth\/?(?=\/|$)/settings

      at log (server.js:448:17)
          at Array.forEach (<anonymous>)
          at Array.forEach (<anonymous>)

    console.log
      ­ƒôì Route: ^\/api\/auth\/?(?=\/|$)/account

      at log (server.js:448:17)
          at Array.forEach (<anonymous>)
          at Array.forEach (<anonymous>)

    console.log
      ­ƒôì Route: ^\/api\/auth\/?(?=\/|$)/tours/complete

      at log (server.js:448:17)
          at Array.forEach (<anonymous>)
          at Array.forEach (<anonymous>)

    console.log
      ­ƒôì Route: ^\/api\/auth\/?(?=\/|$)/switch-organization

      at log (server.js:448:17)
          at Array.forEach (<anonymous>)
          at Array.forEach (<anonymous>)

    console.log
      ­ƒôì Route: ^\/api\/auth\/?(?=\/|$)/context

      at log (server.js:448:17)
          at Array.forEach (<anonymous>)
          at Array.forEach (<anonymous>)

    console.log
      ­ƒôì Route: ^\/api\/auth\/?(?=\/|$)/me

      at log (server.js:448:17)
          at Array.forEach (<anonymous>)
          at Array.forEach (<anonymous>)

    console.log
      ­ƒôì Route: ^\/api\/organizations\/?(?=\/|$)/

      at log (server.js:448:17)
          at Array.forEach (<anonymous>)
          at Array.forEach (<anonymous>)

    console.log
      ­ƒôì Route: ^\/api\/organizations\/?(?=\/|$)/:id

      at log (server.js:448:17)
          at Array.forEach (<anonymous>)
          at Array.forEach (<anonymous>)

    console.log
      ­ƒôì Route: ^\/api\/organizations\/?(?=\/|$)/super/:id

      at log (server.js:448:17)
          at Array.forEach (<anonymous>)
          at Array.forEach (<anonymous>)

    console.log
      ­ƒôì Route: ^\/api\/organizations\/?(?=\/|$)/

      at log (server.js:448:17)
          at Array.forEach (<anonymous>)
          at Array.forEach (<anonymous>)

    console.log
      ­ƒôì Route: ^\/api\/organizations\/?(?=\/|$)/:id

      at log (server.js:448:17)
          at Array.forEach (<anonymous>)
          at Array.forEach (<anonymous>)

    console.log
      ­ƒôì Route: ^\/api\/organizations\/?(?=\/|$)/:id

      at log (server.js:448:17)
          at Array.forEach (<anonymous>)
          at Array.forEach (<anonymous>)

    console.log
      ­ƒôì Route: ^\/api\/organizations\/?(?=\/|$)/:id/members

      at log (server.js:448:17)
          at Array.forEach (<anonymous>)
          at Array.forEach (<anonymous>)

    console.log
      ­ƒôì Route: ^\/api\/organizations\/?(?=\/|$)/:id/images

      at log (server.js:448:17)
          at Array.forEach (<anonymous>)
          at Array.forEach (<anonymous>)

    console.log
      ­ƒôì Route: ^\/api\/organizations\/?(?=\/|$)/:id/logo

      at log (server.js:448:17)
          at Array.forEach (<anonymous>)
          at Array.forEach (<anonymous>)

    console.log
      ­ƒôì Route: ^\/api\/organizations\/?(?=\/|$)/:id/images

      at log (server.js:448:17)
          at Array.forEach (<anonymous>)
          at Array.forEach (<anonymous>)

    console.log
      ­ƒôì Route: ^\/api\/invitations\/?(?=\/|$)/:orgId/invite

      at log (server.js:448:17)
          at Array.forEach (<anonymous>)
          at Array.forEach (<anonymous>)

    console.log
      ­ƒôì Route: ^\/api\/invitations\/?(?=\/|$)/:token

      at log (server.js:448:17)
          at Array.forEach (<anonymous>)
          at Array.forEach (<anonymous>)

    console.log
      ­ƒôì Route: ^\/api\/invitations\/?(?=\/|$)/:token/accept

      at log (server.js:448:17)
          at Array.forEach (<anonymous>)
          at Array.forEach (<anonymous>)

    console.log
      ­ƒôì Route: ^\/api\/invitations\/?(?=\/|$)/:token/decline

      at log (server.js:448:17)
          at Array.forEach (<anonymous>)
          at Array.forEach (<anonymous>)

    console.log
      ­ƒôì Route: ^\/api\/invitations\/?(?=\/|$)/:orgId/invitations

      at log (server.js:448:17)
          at Array.forEach (<anonymous>)
          at Array.forEach (<anonymous>)

    console.log
      ­ƒôì Route: ^\/api\/platform-admin\/?(?=\/|$)/stats

      at log (server.js:448:17)
          at Array.forEach (<anonymous>)
          at Array.forEach (<anonymous>)

    console.log
      ­ƒôì Route: ^\/api\/platform-admin\/?(?=\/|$)/organizations

      at log (server.js:448:17)
          at Array.forEach (<anonymous>)
          at Array.forEach (<anonymous>)

    console.log
      ­ƒôì Route: ^\/api\/platform-admin\/?(?=\/|$)/users

      at log (server.js:448:17)
          at Array.forEach (<anonymous>)
          at Array.forEach (<anonymous>)

    console.log
      ­ƒôì Route: ^\/api\/platform-admin\/?(?=\/|$)/stripe/overview

      at log (server.js:448:17)
          at Array.forEach (<anonymous>)
          at Array.forEach (<anonymous>)

    console.log
      ­ƒôì Route: ^\/api\/platform-admin\/?(?=\/|$)/organization/:id

      at log (server.js:448:17)
          at Array.forEach (<anonymous>)
          at Array.forEach (<anonymous>)

    console.log
      ­ƒôì Route: ^\/api\/platform-admin\/?(?=\/|$)/organizations/:id/status

      at log (server.js:448:17)
          at Array.forEach (<anonymous>)
          at Array.forEach (<anonymous>)

    console.log
      ­ƒôì Route: ^\/api\/platform-admin\/?(?=\/|$)/organizations/:id

      at log (server.js:448:17)
          at Array.forEach (<anonymous>)
          at Array.forEach (<anonymous>)

    console.log
      ­ƒôì Route: ^\/api\/platform-admin\/?(?=\/|$)/set-admin/:userId

      at log (server.js:448:17)
          at Array.forEach (<anonymous>)
          at Array.forEach (<anonymous>)

    console.log
      ­ƒôì Route: ^\/api\/platform-admin\/?(?=\/|$)/activity

      at log (server.js:448:17)
          at Array.forEach (<anonymous>)
          at Array.forEach (<anonymous>)

    console.log
      ­ƒôì Route: ^\/api\/platform-admin\/?(?=\/|$)/users

      at log (server.js:448:17)
          at Array.forEach (<anonymous>)
          at Array.forEach (<anonymous>)

    console.log
      ­ƒôì Route: ^\/api\/platform-admin\/?(?=\/|$)/users/:userId/status

      at log (server.js:448:17)
          at Array.forEach (<anonymous>)
          at Array.forEach (<anonymous>)

    console.log
      ­ƒôì Route: ^\/api\/platform-admin\/?(?=\/|$)/users/:userId

      at log (server.js:448:17)
          at Array.forEach (<anonymous>)
          at Array.forEach (<anonymous>)

    console.log
      ­ƒôì Route: ^\/api\/platform-admin\/?(?=\/|$)/generate-mock-data

      at log (server.js:448:17)
          at Array.forEach (<anonymous>)
          at Array.forEach (<anonymous>)

    console.log
      ­ƒôì Route: ^\/api\/platform-admin\/?(?=\/|$)/onboard-club

      at log (server.js:448:17)
          at Array.forEach (<anonymous>)
          at Array.forEach (<anonymous>)

    console.log
      ­ƒôì Route: ^\/api\/platform-admin\/?(?=\/|$)/scout-verifications

      at log (server.js:448:17)
          at Array.forEach (<anonymous>)
          at Array.forEach (<anonymous>)

    console.log
      ­ƒôì Route: ^\/api\/platform-admin\/?(?=\/|$)/scout-verifications/:id/resolve

      at log (server.js:448:17)
          at Array.forEach (<anonymous>)
          at Array.forEach (<anonymous>)

    console.log
      ­ƒôì Route: ^\/api\/clubs\/?(?=\/|$)/

      at log (server.js:448:17)
          at Array.forEach (<anonymous>)
          at Array.forEach (<anonymous>)

    console.log
      ­ƒôì Route: ^\/api\/clubs\/?(?=\/|$)/:id/public-listings

      at log (server.js:448:17)
          at Array.forEach (<anonymous>)
          at Array.forEach (<anonymous>)

    console.log
      ­ƒôì Route: ^\/api\/clubs\/?(?=\/|$)/:id

      at log (server.js:448:17)
          at Array.forEach (<anonymous>)
          at Array.forEach (<anonymous>)

    console.log
      ­ƒôì Route: ^\/api\/clubs\/?(?=\/|$)/:id/claim

      at log (server.js:448:17)
          at Array.forEach (<anonymous>)
          at Array.forEach (<anonymous>)

    console.log
      ­ƒôì Route: ^\/api\/clubs\/?(?=\/|$)/:id/teams

      at log (server.js:448:17)
          at Array.forEach (<anonymous>)
          at Array.forEach (<anonymous>)

    console.log
      ­ƒôì Route: ^\/api\/clubs\/?(?=\/|$)/

      at log (server.js:448:17)
          at Array.forEach (<anonymous>)
          at Array.forEach (<anonymous>)

    console.log
      ­ƒôì Route: ^\/api\/clubs\/?(?=\/|$)/:id

      at log (server.js:448:17)
          at Array.forEach (<anonymous>)
          at Array.forEach (<anonymous>)

    console.log
      ­ƒôì Route: ^\/api\/clubs\/?(?=\/|$)/:id

      at log (server.js:448:17)
          at Array.forEach (<anonymous>)
          at Array.forEach (<anonymous>)

    console.log
      ­ƒôì Route: ^\/api\/clubs\/?(?=\/|$)/:id/apply

      at log (server.js:448:17)
          at Array.forEach (<anonymous>)
          at Array.forEach (<anonymous>)

    console.log
      ­ƒôì Route: ^\/api\/clubs\/?(?=\/|$)/:id/applications

      at log (server.js:448:17)
          at Array.forEach (<anonymous>)
          at Array.forEach (<anonymous>)

    console.log
      ­ƒôì Route: ^\/api\/clubs\/?(?=\/|$)/applications/:applicationId/review

      at log (server.js:448:17)
          at Array.forEach (<anonymous>)
          at Array.forEach (<anonymous>)

    console.log
      ­ƒôì Route: ^\/api\/clubs\/?(?=\/|$)/:id/stats

      at log (server.js:448:17)
          at Array.forEach (<anonymous>)
          at Array.forEach (<anonymous>)

    console.log
      ­ƒôì Route: ^\/api\/clubs\/?(?=\/|$)/:id/images

      at log (server.js:448:17)
          at Array.forEach (<anonymous>)
          at Array.forEach (<anonymous>)

    console.log
      ­ƒôì Route: ^\/api\/clubs\/?(?=\/|$)/:id/images

      at log (server.js:448:17)
          at Array.forEach (<anonymous>)
          at Array.forEach (<anonymous>)

    console.log
      ­ƒôì Route: ^\/api\/clubs\/?(?=\/|$)/:id/reviews

      at log (server.js:448:17)
          at Array.forEach (<anonymous>)
          at Array.forEach (<anonymous>)

    console.log
      ­ƒôì Route: ^\/api\/clubs\/?(?=\/|$)/:id/reviews

      at log (server.js:448:17)
          at Array.forEach (<anonymous>)
          at Array.forEach (<anonymous>)

    console.log
      ­ƒôì Route: ^\/api\/players\/?(?=\/|$)/family

      at log (server.js:448:17)
          at Array.forEach (<anonymous>)
          at Array.forEach (<anonymous>)

    console.log
      ­ƒôì Route: ^\/api\/players\/?(?=\/|$)/

      at log (server.js:448:17)
          at Array.forEach (<anonymous>)
          at Array.forEach (<anonymous>)

    console.log
      ­ƒôì Route: ^\/api\/players\/?(?=\/|$)/filtered/:filter

      at log (server.js:448:17)
          at Array.forEach (<anonymous>)
          at Array.forEach (<anonymous>)

    console.log
      ­ƒôì Route: ^\/api\/players\/?(?=\/|$)/scout

      at log (server.js:448:17)
          at Array.forEach (<anonymous>)
          at Array.forEach (<anonymous>)

    console.log
      ­ƒôì Route: ^\/api\/players\/?(?=\/|$)/:id

      at log (server.js:448:17)
          at Array.forEach (<anonymous>)
          at Array.forEach (<anonymous>)

    console.log
      ­ƒôì Route: ^\/api\/players\/?(?=\/|$)/filtered/:filter

      at log (server.js:448:17)
          at Array.forEach (<anonymous>)
          at Array.forEach (<anonymous>)

    console.log
      ­ƒôì Route: ^\/api\/players\/?(?=\/|$)/

      at log (server.js:448:17)
          at Array.forEach (<anonymous>)
          at Array.forEach (<anonymous>)

    console.log
      ­ƒôì Route: ^\/api\/players\/?(?=\/|$)/:id

      at log (server.js:448:17)
          at Array.forEach (<anonymous>)
          at Array.forEach (<anonymous>)

    console.log
      ­ƒôì Route: ^\/api\/players\/?(?=\/|$)/:id

      at log (server.js:448:17)
          at Array.forEach (<anonymous>)
          at Array.forEach (<anonymous>)

    console.log
      ­ƒôì Route: ^\/api\/players\/?(?=\/|$)/:id/stats

      at log (server.js:448:17)
          at Array.forEach (<anonymous>)
          at Array.forEach (<anonymous>)

    console.log
      ­ƒôì Route: ^\/api\/players\/?(?=\/|$)/:id/payment-status

      at log (server.js:448:17)
          at Array.forEach (<anonymous>)
          at Array.forEach (<anonymous>)

    console.log
      ­ƒôì Route: ^\/api\/players\/?(?=\/|$)/child

      at log (server.js:448:17)
          at Array.forEach (<anonymous>)
          at Array.forEach (<anonymous>)

    console.log
      ­ƒôì Route: ^\/api\/players\/?(?=\/|$)/child/:id

      at log (server.js:448:17)
          at Array.forEach (<anonymous>)
          at Array.forEach (<anonymous>)

    console.log
      ­ƒôì Route: ^\/api\/players\/?(?=\/|$)/:id/history

      at log (server.js:448:17)
          at Array.forEach (<anonymous>)
          at Array.forEach (<anonymous>)

    console.log
      ­ƒôì Route: ^\/api\/players\/?(?=\/|$)/:id/history

      at log (server.js:448:17)
          at Array.forEach (<anonymous>)
          at Array.forEach (<anonymous>)

    console.log
      ­ƒôì Route: ^\/api\/players\/?(?=\/|$)/history/:historyId

      at log (server.js:448:17)
          at Array.forEach (<anonymous>)
          at Array.forEach (<anonymous>)

    console.log
      ­ƒôì Route: ^\/api\/players\/?(?=\/|$)/:id/history

      at log (server.js:448:17)
          at Array.forEach (<anonymous>)
          at Array.forEach (<anonymous>)

    console.log
      ­ƒôì Route: ^\/api\/players\/?(?=\/|$)/:id/history

      at log (server.js:448:17)
          at Array.forEach (<anonymous>)
          at Array.forEach (<anonymous>)

    console.log
      ­ƒôì Route: ^\/api\/players\/?(?=\/|$)/:id/history/:historyId

      at log (server.js:448:17)
          at Array.forEach (<anonymous>)
          at Array.forEach (<anonymous>)

    console.log
      ­ƒôì Route: ^\/api\/players\/?(?=\/|$)/:id/stats

      at log (server.js:448:17)
          at Array.forEach (<anonymous>)
          at Array.forEach (<anonymous>)

    console.log
      ­ƒôì Route: ^\/api\/players\/?(?=\/|$)/:id/activities

      at log (server.js:448:17)
          at Array.forEach (<anonymous>)
          at Array.forEach (<anonymous>)

    console.log
      ­ƒôì Route: ^\/api\/staff\/?(?=\/|$)/

      at log (server.js:448:17)
          at Array.forEach (<anonymous>)
          at Array.forEach (<anonymous>)

    console.log
      ­ƒôì Route: ^\/api\/staff\/?(?=\/|$)/:id

      at log (server.js:448:17)
          at Array.forEach (<anonymous>)
          at Array.forEach (<anonymous>)

    console.log
      ­ƒôì Route: ^\/api\/staff\/?(?=\/|$)/:id/performance

      at log (server.js:448:17)
          at Array.forEach (<anonymous>)
          at Array.forEach (<anonymous>)

    console.log
      ­ƒôì Route: ^\/api\/staff\/?(?=\/|$)/:id/role

      at log (server.js:448:17)
          at Array.forEach (<anonymous>)
          at Array.forEach (<anonymous>)

    console.log
      ­ƒôì Route: ^\/api\/staff\/?(?=\/|$)/:id/schedule

      at log (server.js:448:17)
          at Array.forEach (<anonymous>)
          at Array.forEach (<anonymous>)

    console.log
      ­ƒôì Route: ^\/api\/staff\/?(?=\/|$)/

      at log (server.js:448:17)
          at Array.forEach (<anonymous>)
          at Array.forEach (<anonymous>)

    console.log
      ­ƒôì Route: ^\/api\/staff\/?(?=\/|$)/:id

      at log (server.js:448:17)
          at Array.forEach (<anonymous>)
          at Array.forEach (<anonymous>)

    console.log
      ­ƒôì Route: ^\/api\/staff\/?(?=\/|$)/:id

      at log (server.js:448:17)
          at Array.forEach (<anonymous>)
          at Array.forEach (<anonymous>)

    console.log
      ­ƒôì Route: ^\/api\/staff\/?(?=\/|$)/club/:clubId

      at log (server.js:448:17)
          at Array.forEach (<anonymous>)
          at Array.forEach (<anonymous>)

    console.log
      ­ƒôì Route: ^\/api\/staff\/?(?=\/|$)/:id/permissions

      at log (server.js:448:17)
          at Array.forEach (<anonymous>)
          at Array.forEach (<anonymous>)

    console.log
      ­ƒôì Route: ^\/api\/staff\/?(?=\/|$)/:id/dashboard

      at log (server.js:448:17)
          at Array.forEach (<anonymous>)
          at Array.forEach (<anonymous>)

    console.log
      ­ƒôì Route: ^\/api\/staff\/?(?=\/|$)/:id/performance

      at log (server.js:448:17)
          at Array.forEach (<anonymous>)
          at Array.forEach (<anonymous>)

    console.log
      ­ƒôì Route: ^\/api\/staff\/?(?=\/|$)/:id/role

      at log (server.js:448:17)
          at Array.forEach (<anonymous>)
          at Array.forEach (<anonymous>)

    console.log
      ­ƒôì Route: ^\/api\/staff\/?(?=\/|$)/:id/schedule

      at log (server.js:448:17)
          at Array.forEach (<anonymous>)
          at Array.forEach (<anonymous>)

    console.log
      ­ƒôì Route: ^\/api\/staff\/?(?=\/|$)/:id/verify-scout

      at log (server.js:448:17)
          at Array.forEach (<anonymous>)
          at Array.forEach (<anonymous>)

    console.log
      ­ƒôì Route: ^\/api\/teams\/?(?=\/|$)/

      at log (server.js:448:17)
          at Array.forEach (<anonymous>)
          at Array.forEach (<anonymous>)

    console.log
      ­ƒôì Route: ^\/api\/teams\/?(?=\/|$)/player/:userId

      at log (server.js:448:17)
          at Array.forEach (<anonymous>)
          at Array.forEach (<anonymous>)

    console.log
      ­ƒôì Route: ^\/api\/teams\/?(?=\/|$)/:id

      at log (server.js:448:17)
          at Array.forEach (<anonymous>)
          at Array.forEach (<anonymous>)

    console.log
      ­ƒôì Route: ^\/api\/teams\/?(?=\/|$)/

      at log (server.js:448:17)
          at Array.forEach (<anonymous>)
          at Array.forEach (<anonymous>)

    console.log
      ­ƒôì Route: ^\/api\/teams\/?(?=\/|$)/:id

      at log (server.js:448:17)
          at Array.forEach (<anonymous>)
          at Array.forEach (<anonymous>)

    console.log
      ­ƒôì Route: ^\/api\/teams\/?(?=\/|$)/:id

      at log (server.js:448:17)
          at Array.forEach (<anonymous>)
          at Array.forEach (<anonymous>)

    console.log
      ­ƒôì Route: ^\/api\/teams\/?(?=\/|$)/:id/players

      at log (server.js:448:17)
          at Array.forEach (<anonymous>)
          at Array.forEach (<anonymous>)

    console.log
      ­ƒôì Route: ^\/api\/teams\/?(?=\/|$)/:id/players/:playerId

      at log (server.js:448:17)
          at Array.forEach (<anonymous>)
          at Array.forEach (<anonymous>)

    console.log
      ­ƒôì Route: ^\/api\/teams\/?(?=\/|$)/:id/stats

      at log (server.js:448:17)
          at Array.forEach (<anonymous>)
          at Array.forEach (<anonymous>)

    console.log
      ­ƒôì Route: ^\/api\/teams\/?(?=\/|$)/:id/availability

      at log (server.js:448:17)
          at Array.forEach (<anonymous>)
          at Array.forEach (<anonymous>)

    console.log
      ­ƒôì Route: ^\/api\/teams\/?(?=\/|$)/:id/dashboard

      at log (server.js:448:17)
          at Array.forEach (<anonymous>)
          at Array.forEach (<anonymous>)

    console.log
      ­ƒôì Route: ^\/api\/events\/?(?=\/|$)/

      at log (server.js:448:17)
          at Array.forEach (<anonymous>)
          at Array.forEach (<anonymous>)

    console.log
      ­ƒôì Route: ^\/api\/events\/?(?=\/|$)/:id

      at log (server.js:448:17)
          at Array.forEach (<anonymous>)
          at Array.forEach (<anonymous>)

    console.log
      ­ƒôì Route: ^\/api\/events\/?(?=\/|$)/

      at log (server.js:448:17)
          at Array.forEach (<anonymous>)
          at Array.forEach (<anonymous>)

    console.log
      ­ƒôì Route: ^\/api\/events\/?(?=\/|$)/:id

      at log (server.js:448:17)
          at Array.forEach (<anonymous>)
          at Array.forEach (<anonymous>)

    console.log
      ­ƒôì Route: ^\/api\/events\/?(?=\/|$)/:id

      at log (server.js:448:17)
          at Array.forEach (<anonymous>)
          at Array.forEach (<anonymous>)

    console.log
      ­ƒôì Route: ^\/api\/events\/?(?=\/|$)/:id/book

      at log (server.js:448:17)
          at Array.forEach (<anonymous>)
          at Array.forEach (<anonymous>)

    console.log
      ­ƒôì Route: ^\/api\/events\/?(?=\/|$)/bookings/:bookingId/cancel

      at log (server.js:448:17)
          at Array.forEach (<anonymous>)
          at Array.forEach (<anonymous>)

    console.log
      ­ƒôì Route: ^\/api\/events\/?(?=\/|$)/:id/bookings

      at log (server.js:448:17)
          at Array.forEach (<anonymous>)
          at Array.forEach (<anonymous>)

    console.log
      ­ƒôì Route: ^\/api\/events\/?(?=\/|$)/bookings/my-bookings

      at log (server.js:448:17)
          at Array.forEach (<anonymous>)
          at Array.forEach (<anonymous>)

    console.log
      ­ƒôì Route: ^\/api\/events\/?(?=\/|$)/:id/roster

      at log (server.js:448:17)
          at Array.forEach (<anonymous>)
          at Array.forEach (<anonymous>)

    console.log
      ­ƒôì Route: ^\/api\/events\/?(?=\/|$)/:id/nudge

      at log (server.js:448:17)
          at Array.forEach (<anonymous>)
          at Array.forEach (<anonymous>)

    console.log
      ­ƒôì Route: ^\/api\/events\/?(?=\/|$)/:id/availability

      at log (server.js:448:17)
          at Array.forEach (<anonymous>)
          at Array.forEach (<anonymous>)

    console.log
      ­ƒôì Route: ^\/api\/events\/?(?=\/|$)/:id/availability/override

      at log (server.js:448:17)
          at Array.forEach (<anonymous>)
          at Array.forEach (<anonymous>)

    console.log
      ­ƒôì Route: ^\/api\/events\/?(?=\/|$)/:id/availability

      at log (server.js:448:17)
          at Array.forEach (<anonymous>)
          at Array.forEach (<anonymous>)

    console.log
      ­ƒôì Route: ^\/api\/events\/?(?=\/|$)/:id/notify

      at log (server.js:448:17)
          at Array.forEach (<anonymous>)
          at Array.forEach (<anonymous>)

    console.log
      ­ƒôì Route: ^\/api\/events\/?(?=\/|$)/:id

      at log (server.js:448:17)
          at Array.forEach (<anonymous>)
          at Array.forEach (<anonymous>)

    console.log
      ­ƒôì Route: ^\/api\/events\/?(?=\/|$)/:id/checkin

      at log (server.js:448:17)
          at Array.forEach (<anonymous>)
          at Array.forEach (<anonymous>)

    console.log
      ­ƒôì Route: ^\/api\/events\/?(?=\/|$)/:id/checkins

      at log (server.js:448:17)
          at Array.forEach (<anonymous>)
          at Array.forEach (<anonymous>)

    console.log
      ­ƒôì Route: ^\/api\/events\/?(?=\/|$)/:id/result

      at log (server.js:448:17)
          at Array.forEach (<anonymous>)
          at Array.forEach (<anonymous>)

    console.log
      ­ƒôì Route: ^\/api\/events\/?(?=\/|$)/:id/groups

      at log (server.js:448:17)
          at Array.forEach (<anonymous>)
          at Array.forEach (<anonymous>)

    console.log
      ­ƒôì Route: ^\/api\/events\/?(?=\/|$)/:id/players

      at log (server.js:448:17)
          at Array.forEach (<anonymous>)
          at Array.forEach (<anonymous>)

    console.log
      ­ƒôì Route: ^\/api\/events\/?(?=\/|$)/:id/groups

      at log (server.js:448:17)
          at Array.forEach (<anonymous>)
          at Array.forEach (<anonymous>)

    console.log
      ­ƒôì Route: ^\/api\/events\/?(?=\/|$)/:id/assign-group

      at log (server.js:448:17)
          at Array.forEach (<anonymous>)
          at Array.forEach (<anonymous>)

    console.log
      ­ƒôì Route: ^\/api\/events\/?(?=\/|$)/:id/bibs

      at log (server.js:448:17)
          at Array.forEach (<anonymous>)
          at Array.forEach (<anonymous>)

    console.log
      ­ƒôì Route: ^\/api\/events\/?(?=\/|$)/:id/export

      at log (server.js:448:17)
          at Array.forEach (<anonymous>)
          at Array.forEach (<anonymous>)

    console.log
      ­ƒôì Route: ^\/api\/events\/?(?=\/|$)/:id/checkin

      at log (server.js:448:17)
          at Array.forEach (<anonymous>)
          at Array.forEach (<anonymous>)

    console.log
      ­ƒôì Route: ^\/api\/events\/?(?=\/|$)/:id/results

      at log (server.js:448:17)
          at Array.forEach (<anonymous>)
          at Array.forEach (<anonymous>)

    console.log
      ­ƒôì Route: ^\/api\/events\/?(?=\/|$)/:id/player-stats

      at log (server.js:448:17)
          at Array.forEach (<anonymous>)
          at Array.forEach (<anonymous>)

    console.log
      ­ƒôì Route: ^\/api\/payments\/?(?=\/|$)/config

      at log (server.js:448:17)
          at Array.forEach (<anonymous>)
          at Array.forEach (<anonymous>)

    console.log
      ­ƒôì Route: ^\/api\/payments\/?(?=\/|$)/stripe/connect/status

      at log (server.js:448:17)
          at Array.forEach (<anonymous>)
          at Array.forEach (<anonymous>)

    console.log
      ­ƒôì Route: ^\/api\/payments\/?(?=\/|$)/stripe/connect/onboard

      at log (server.js:448:17)
          at Array.forEach (<anonymous>)
          at Array.forEach (<anonymous>)

    console.log
      ­ƒôì Route: ^\/api\/payments\/?(?=\/|$)/stripe/connect/manage

      at log (server.js:448:17)
          at Array.forEach (<anonymous>)
          at Array.forEach (<anonymous>)

    console.log
      ­ƒôì Route: ^\/api\/payments\/?(?=\/|$)/health

      at log (server.js:448:17)
          at Array.forEach (<anonymous>)
          at Array.forEach (<anonymous>)

    console.log
      ­ƒôì Route: ^\/api\/payments\/?(?=\/|$)/plans

      at log (server.js:448:17)
          at Array.forEach (<anonymous>)
          at Array.forEach (<anonymous>)

    console.log
      ­ƒôì Route: ^\/api\/payments\/?(?=\/|$)/plans/import

      at log (server.js:448:17)
          at Array.forEach (<anonymous>)
          at Array.forEach (<anonymous>)

    console.log
      ­ƒôì Route: ^\/api\/payments\/?(?=\/|$)/plans

      at log (server.js:448:17)
          at Array.forEach (<anonymous>)
          at Array.forEach (<anonymous>)

    console.log
      ­ƒôì Route: ^\/api\/payments\/?(?=\/|$)/plans/:id

      at log (server.js:448:17)
          at Array.forEach (<anonymous>)
          at Array.forEach (<anonymous>)

    console.log
      ­ƒôì Route: ^\/api\/payments\/?(?=\/|$)/plans/:id

      at log (server.js:448:17)
          at Array.forEach (<anonymous>)
          at Array.forEach (<anonymous>)

    console.log
      ­ƒôì Route: ^\/api\/payments\/?(?=\/|$)/plan/current

      at log (server.js:448:17)
          at Array.forEach (<anonymous>)
          at Array.forEach (<anonymous>)

    console.log
      ­ƒôì Route: ^\/api\/payments\/?(?=\/|$)/plan/assign

      at log (server.js:448:17)
          at Array.forEach (<anonymous>)
          at Array.forEach (<anonymous>)

    console.log
      ­ƒôì Route: ^\/api\/payments\/?(?=\/|$)/bulk-assign-plan-legacy

      at log (server.js:448:17)
          at Array.forEach (<anonymous>)
          at Array.forEach (<anonymous>)

    console.log
      ­ƒôì Route: ^\/api\/payments\/?(?=\/|$)/plan/cancel

      at log (server.js:448:17)
          at Array.forEach (<anonymous>)
          at Array.forEach (<anonymous>)

    console.log
      ­ƒôì Route: ^\/api\/payments\/?(?=\/|$)/

      at log (server.js:448:17)
          at Array.forEach (<anonymous>)
          at Array.forEach (<anonymous>)

    console.log
      ­ƒôì Route: ^\/api\/payments\/?(?=\/|$)/create-intent

      at log (server.js:448:17)
          at Array.forEach (<anonymous>)
          at Array.forEach (<anonymous>)

    console.log
      ­ƒôì Route: ^\/api\/payments\/?(?=\/|$)/confirm-payment

      at log (server.js:448:17)
          at Array.forEach (<anonymous>)
          at Array.forEach (<anonymous>)

    console.log
      ­ƒôì Route: ^\/api\/payments\/?(?=\/|$)/public/:id

      at log (server.js:448:17)
          at Array.forEach (<anonymous>)
          at Array.forEach (<anonymous>)

    console.log
      ­ƒôì Route: ^\/api\/payments\/?(?=\/|$)/:id/payment-link

      at log (server.js:448:17)
          at Array.forEach (<anonymous>)
          at Array.forEach (<anonymous>)

    console.log
      ­ƒôì Route: ^\/api\/payments\/?(?=\/|$)/book-event

      at log (server.js:448:17)
          at Array.forEach (<anonymous>)
          at Array.forEach (<anonymous>)

    console.log
      ­ƒôì Route: ^\/api\/payments\/?(?=\/|$)/

      at log (server.js:448:17)
          at Array.forEach (<anonymous>)
          at Array.forEach (<anonymous>)

    console.log
      ­ƒôì Route: ^\/api\/payments\/?(?=\/|$)/assign-player-plan

      at log (server.js:448:17)
          at Array.forEach (<anonymous>)
          at Array.forEach (<anonymous>)

    console.log
      ­ƒôì Route: ^\/api\/payments\/?(?=\/|$)/bulk-assign-plan

      at log (server.js:448:17)
          at Array.forEach (<anonymous>)
          at Array.forEach (<anonymous>)

    console.log
      ­ƒôì Route: ^\/api\/payments\/?(?=\/|$)/cleanup

      at log (server.js:448:17)
          at Array.forEach (<anonymous>)
          at Array.forEach (<anonymous>)

    console.log
      ­ƒôì Route: ^\/api\/stripe-payouts\/?(?=\/|$)/configure-payout/:accountId

      at log (server.js:448:17)
          at Array.forEach (<anonymous>)
          at Array.forEach (<anonymous>)

    console.log
      ­ƒôì Route: ^\/api\/stripe-payouts\/?(?=\/|$)/payout-schedule/:accountId

      at log (server.js:448:17)
          at Array.forEach (<anonymous>)
          at Array.forEach (<anonymous>)

    console.log
      ­ƒôì Route: ^\/api\/stripe-payouts\/?(?=\/|$)/configure-all-payouts

      at log (server.js:448:17)
          at Array.forEach (<anonymous>)
          at Array.forEach (<anonymous>)

    console.log
      ­ƒôì Route: ^\/api\/stripe-payouts\/?(?=\/|$)/manual-payout/:accountId

      at log (server.js:448:17)
          at Array.forEach (<anonymous>)
          at Array.forEach (<anonymous>)

    console.log
      ­ƒôì Route: ^\/api\/dashboard\/?(?=\/|$)/admin

      at log (server.js:448:17)
          at Array.forEach (<anonymous>)
          at Array.forEach (<anonymous>)

    console.log
      ­ƒôì Route: ^\/api\/dashboard\/?(?=\/|$)/player

      at log (server.js:448:17)
          at Array.forEach (<anonymous>)
          at Array.forEach (<anonymous>)

    console.log
      ­ƒôì Route: ^\/api\/dashboard\/?(?=\/|$)/invitations/:orgId/accept

      at log (server.js:448:17)
          at Array.forEach (<anonymous>)
          at Array.forEach (<anonymous>)

    console.log
      ­ƒôì Route: ^\/api\/dashboard\/?(?=\/|$)/invitations/:orgId/decline

      at log (server.js:448:17)
          at Array.forEach (<anonymous>)
          at Array.forEach (<anonymous>)

    console.log
      ­ƒôì Route: ^\/api\/invites\/?(?=\/|$)/generate

      at log (server.js:448:17)
          at Array.forEach (<anonymous>)
          at Array.forEach (<anonymous>)

    console.log
      ­ƒôì Route: ^\/api\/invites\/?(?=\/|$)/details/:token

      at log (server.js:448:17)
          at Array.forEach (<anonymous>)
          at Array.forEach (<anonymous>)

    console.log
      ­ƒôì Route: ^\/api\/invites\/?(?=\/|$)/accept/:token

      at log (server.js:448:17)
          at Array.forEach (<anonymous>)
          at Array.forEach (<anonymous>)

    console.log
      ­ƒôì Route: ^\/api\/invites\/?(?=\/|$)/decline/:token

      at log (server.js:448:17)
          at Array.forEach (<anonymous>)
          at Array.forEach (<anonymous>)

    console.log
      ­ƒôì Route: ^\/api\/invites\/?(?=\/|$)/sent

      at log (server.js:448:17)
          at Array.forEach (<anonymous>)
          at Array.forEach (<anonymous>)

    console.log
      ­ƒôì Route: ^\/api\/products\/?(?=\/|$)/

      at log (server.js:448:17)
          at Array.forEach (<anonymous>)
          at Array.forEach (<anonymous>)

    console.log
      ­ƒôì Route: ^\/api\/products\/?(?=\/|$)/

      at log (server.js:448:17)
          at Array.forEach (<anonymous>)
          at Array.forEach (<anonymous>)

    console.log
      ­ƒôì Route: ^\/api\/products\/?(?=\/|$)/purchase

      at log (server.js:448:17)
          at Array.forEach (<anonymous>)
          at Array.forEach (<anonymous>)

    console.log
      ­ƒôì Route: ^\/api\/products\/?(?=\/|$)/:id

      at log (server.js:448:17)
          at Array.forEach (<anonymous>)
          at Array.forEach (<anonymous>)

    console.log
      ­ƒôì Route: ^\/api\/products\/?(?=\/|$)/:id

      at log (server.js:448:17)
          at Array.forEach (<anonymous>)
          at Array.forEach (<anonymous>)

    console.log
      ­ƒôì Route: ^\/api\/campaigns\/?(?=\/|$)/

      at log (server.js:448:17)
          at Array.forEach (<anonymous>)
          at Array.forEach (<anonymous>)

    console.log
      ­ƒôì Route: ^\/api\/campaigns\/?(?=\/|$)/

      at log (server.js:448:17)
          at Array.forEach (<anonymous>)
          at Array.forEach (<anonymous>)

    console.log
      ­ƒôì Route: ^\/api\/campaigns\/?(?=\/|$)/:id/send

      at log (server.js:448:17)
          at Array.forEach (<anonymous>)
          at Array.forEach (<anonymous>)

    console.log
      ­ƒôì Route: ^\/api\/listings\/?(?=\/|$)/

      at log (server.js:448:17)
          at Array.forEach (<anonymous>)
          at Array.forEach (<anonymous>)

    console.log
      ­ƒôì Route: ^\/api\/listings\/?(?=\/|$)/

      at log (server.js:448:17)
          at Array.forEach (<anonymous>)
          at Array.forEach (<anonymous>)

    console.log
      ­ƒôì Route: ^\/api\/listings\/?(?=\/|$)/:id/applications

      at log (server.js:448:17)
          at Array.forEach (<anonymous>)
          at Array.forEach (<anonymous>)

    console.log
      ­ƒôì Route: ^\/api\/listings\/?(?=\/|$)/applications/:id/status

      at log (server.js:448:17)
          at Array.forEach (<anonymous>)
          at Array.forEach (<anonymous>)

    console.log
      ­ƒôì Route: ^\/api\/listings\/?(?=\/|$)/applications/:id/invite

      at log (server.js:448:17)
          at Array.forEach (<anonymous>)
          at Array.forEach (<anonymous>)

    console.log
      ­ƒôì Route: ^\/api\/listings\/?(?=\/|$)/:id

      at log (server.js:448:17)
          at Array.forEach (<anonymous>)
          at Array.forEach (<anonymous>)

    console.log
      ­ƒôì Route: ^\/api\/notifications\/?(?=\/|$)/

      at log (server.js:448:17)
          at Array.forEach (<anonymous>)
          at Array.forEach (<anonymous>)

    console.log
      ­ƒôì Route: ^\/api\/notifications\/?(?=\/|$)/

      at log (server.js:448:17)
          at Array.forEach (<anonymous>)
          at Array.forEach (<anonymous>)

    console.log
      ­ƒôì Route: ^\/api\/notifications\/?(?=\/|$)/:id/read

      at log (server.js:448:17)
          at Array.forEach (<anonymous>)
          at Array.forEach (<anonymous>)

    console.log
      ­ƒôì Route: ^\/api\/notifications\/?(?=\/|$)/read-all

      at log (server.js:448:17)
          at Array.forEach (<anonymous>)
          at Array.forEach (<anonymous>)

    console.log
      ­ƒôì Route: ^\/api\/debug\/?(?=\/|$)/check-org/:id

      at log (server.js:448:17)
          at Array.forEach (<anonymous>)
          at Array.forEach (<anonymous>)

    console.log
      ­ƒôì Route: ^\/api\/talent-id\/?(?=\/|$)/register

      at log (server.js:448:17)
          at Array.forEach (<anonymous>)
          at Array.forEach (<anonymous>)

    console.log
      ­ƒôì Route: ^\/api\/talent-id\/?(?=\/|$)/events/:id/dashboard

      at log (server.js:448:17)
          at Array.forEach (<anonymous>)
          at Array.forEach (<anonymous>)

    console.log
      ­ƒôì Route: ^\/api\/talent-id\/?(?=\/|$)/events/:id/schedule

      at log (server.js:448:17)
          at Array.forEach (<anonymous>)
          at Array.forEach (<anonymous>)

    console.log
      ­ƒôì Route: ^\/api\/talent-id\/?(?=\/|$)/bibs/batch

      at log (server.js:448:17)
          at Array.forEach (<anonymous>)
          at Array.forEach (<anonymous>)

    console.log
      ­ƒôì Route: ^\/api\/talent-id\/?(?=\/|$)/events/:id/groups

      at log (server.js:448:17)
          at Array.forEach (<anonymous>)
          at Array.forEach (<anonymous>)

    console.log
      ­ƒôì Route: ^\/api\/talent-id\/?(?=\/|$)/events/:id/auto-assign

      at log (server.js:448:17)
          at Array.forEach (<anonymous>)
          at Array.forEach (<anonymous>)

    console.log
      ­ƒôì Route: ^\/api\/talent-id\/?(?=\/|$)/registrations/:id/checkin

      at log (server.js:448:17)
          at Array.forEach (<anonymous>)
          at Array.forEach (<anonymous>)

    console.log
      ­ƒôì Route: ^\/api\/scouting\/?(?=\/|$)/reports

      at log (server.js:448:17)
          at Array.forEach (<anonymous>)
          at Array.forEach (<anonymous>)

    console.log
      ­ƒôì Route: ^\/api\/scouting\/?(?=\/|$)/reports

      at log (server.js:448:17)
          at Array.forEach (<anonymous>)
          at Array.forEach (<anonymous>)

    console.log
      ­ƒôì Route: ^\/api\/scouting\/?(?=\/|$)/assignments

      at log (server.js:448:17)
          at Array.forEach (<anonymous>)
          at Array.forEach (<anonymous>)

    console.log
      ­ƒôì Route: ^\/api\/scouting\/?(?=\/|$)/contact-requests

      at log (server.js:448:17)
          at Array.forEach (<anonymous>)
          at Array.forEach (<anonymous>)

    console.log
      ­ƒôì Route: ^\/api\/scouting\/?(?=\/|$)/analytics

      at log (server.js:448:17)
          at Array.forEach (<anonymous>)
          at Array.forEach (<anonymous>)

    console.log
      ­ƒôì Route: ^\/api\/scouting\/?(?=\/|$)/verify-me

      at log (server.js:448:17)
          at Array.forEach (<anonymous>)
          at Array.forEach (<anonymous>)

    console.log
      ­ƒôì Route: ^\/api\/scouting\/?(?=\/|$)/watchlist

      at log (server.js:448:17)
          at Array.forEach (<anonymous>)
          at Array.forEach (<anonymous>)

    console.log
      ­ƒôì Route: ^\/api\/scouting\/?(?=\/|$)/watchlist

      at log (server.js:448:17)
          at Array.forEach (<anonymous>)
          at Array.forEach (<anonymous>)

    console.log
      ­ƒôì Route: ^\/api\/scouting\/?(?=\/|$)/watchlist/:playerId

      at log (server.js:448:17)
          at Array.forEach (<anonymous>)
          at Array.forEach (<anonymous>)

    console.log
      ­ƒôì Route: ^\/api\/scouting\/?(?=\/|$)/medical/:id

      at log (server.js:448:17)
          at Array.forEach (<anonymous>)
          at Array.forEach (<anonymous>)

    console.log
      ­ƒôì Route: ^\/api\/venues\/?(?=\/|$)/

      at log (server.js:448:17)
          at Array.forEach (<anonymous>)
          at Array.forEach (<anonymous>)

    console.log
      ­ƒôì Route: ^\/api\/venues\/?(?=\/|$)/:id

      at log (server.js:448:17)
          at Array.forEach (<anonymous>)
          at Array.forEach (<anonymous>)

    console.log
      ­ƒôì Route: ^\/api\/venues\/?(?=\/|$)/

      at log (server.js:448:17)
          at Array.forEach (<anonymous>)
          at Array.forEach (<anonymous>)

    console.log
      ­ƒôì Route: ^\/api\/venues\/?(?=\/|$)/:id/availability

      at log (server.js:448:17)
          at Array.forEach (<anonymous>)
          at Array.forEach (<anonymous>)

    console.log
      ­ƒôì Route: ^\/api\/venues\/?(?=\/|$)/:id/documents

      at log (server.js:448:17)
          at Array.forEach (<anonymous>)
          at Array.forEach (<anonymous>)

    console.log
      ­ƒôì Route: ^\/api\/venues\/?(?=\/|$)/:id/book

      at log (server.js:448:17)
          at Array.forEach (<anonymous>)
          at Array.forEach (<anonymous>)

    console.log
      ­ƒôì Route: ^\/api\/venues\/?(?=\/|$)/bookings/my

      at log (server.js:448:17)
          at Array.forEach (<anonymous>)
          at Array.forEach (<anonymous>)

    console.log
      ­ƒôì Route: ^\/api\/venues\/?(?=\/|$)/bookings/:id/status

      at log (server.js:448:17)
          at Array.forEach (<anonymous>)
          at Array.forEach (<anonymous>)

    console.log
      ­ƒôì Route: ^\/api\/leagues\/?(?=\/|$)/

      at log (server.js:448:17)
          at Array.forEach (<anonymous>)
          at Array.forEach (<anonymous>)

    console.log
      ­ƒôì Route: ^\/api\/leagues\/?(?=\/|$)/

      at log (server.js:448:17)
          at Array.forEach (<anonymous>)
          at Array.forEach (<anonymous>)

    console.log
      ­ƒôì Route: ^\/api\/leagues\/?(?=\/|$)/:id

      at log (server.js:448:17)
          at Array.forEach (<anonymous>)
          at Array.forEach (<anonymous>)

    console.log
      ­ƒôì Route: ^\/api\/leagues\/?(?=\/|$)/:id/standings

      at log (server.js:448:17)
          at Array.forEach (<anonymous>)
          at Array.forEach (<anonymous>)

    console.log
      ­ƒôì Route: ^\/api\/leagues\/?(?=\/|$)/:id/teams

      at log (server.js:448:17)
          at Array.forEach (<anonymous>)
          at Array.forEach (<anonymous>)

    console.log
      ­ƒôì Route: ^\/api\/leagues\/?(?=\/|$)/:id/fixtures/generate

      at log (server.js:448:17)
          at Array.forEach (<anonymous>)
          at Array.forEach (<anonymous>)

    console.log
      ­ƒôì Route: ^\/api\/leagues\/?(?=\/|$)/:id/fixtures

      at log (server.js:448:17)
          at Array.forEach (<anonymous>)
          at Array.forEach (<anonymous>)

    console.log
      ­ƒôì Route: ^\/api\/leagues\/?(?=\/|$)/fixtures/:id/score

      at log (server.js:448:17)
          at Array.forEach (<anonymous>)
          at Array.forEach (<anonymous>)

    console.log
      ­ƒôì Route: ^\/api\/leagues\/?(?=\/|$)/fixtures/:id/assign-referee

      at log (server.js:448:17)
          at Array.forEach (<anonymous>)
          at Array.forEach (<anonymous>)

    console.log
      ­ƒôì Route: ^\/api\/tournaments\/?(?=\/|$)/register

      at log (server.js:448:17)
          at Array.forEach (<anonymous>)
          at Array.forEach (<anonymous>)

    console.log
      ­ƒôì Route: ^\/api\/tournaments\/?(?=\/|$)/

      at log (server.js:448:17)
          at Array.forEach (<anonymous>)
          at Array.forEach (<anonymous>)

    console.log
      ­ƒôì Route: ^\/api\/tournaments\/?(?=\/|$)/:id/dashboard

      at log (server.js:448:17)
          at Array.forEach (<anonymous>)
          at Array.forEach (<anonymous>)

    console.log
      ­ƒôì Route: ^\/api\/tournaments\/?(?=\/|$)/:id/groups

      at log (server.js:448:17)
          at Array.forEach (<anonymous>)
          at Array.forEach (<anonymous>)

    console.log
      ­ƒôì Route: ^\/api\/tournaments\/?(?=\/|$)/:id/groups/assign

      at log (server.js:448:17)
          at Array.forEach (<anonymous>)
          at Array.forEach (<anonymous>)

    console.log
      ­ƒôì Route: ^\/api\/tournaments\/?(?=\/|$)/:id/generate-fixtures

      at log (server.js:448:17)
          at Array.forEach (<anonymous>)
          at Array.forEach (<anonymous>)

    console.log
      ­ƒôì Route: ^\/api\/tournaments\/?(?=\/|$)/matches/:id/lineups

      at log (server.js:448:17)
          at Array.forEach (<anonymous>)
          at Array.forEach (<anonymous>)

    console.log
      ­ƒôì Route: ^\/api\/tournaments\/?(?=\/|$)/matches/:id/result

      at log (server.js:448:17)
          at Array.forEach (<anonymous>)
          at Array.forEach (<anonymous>)

    console.log
      ­ƒôì Route: ^\/api\/tournaments\/?(?=\/|$)/:id/pitches

      at log (server.js:448:17)
          at Array.forEach (<anonymous>)
          at Array.forEach (<anonymous>)

    console.log
      ­ƒôì Route: ^\/api\/tournaments\/?(?=\/|$)/:id/pitches/bulk

      at log (server.js:448:17)
          at Array.forEach (<anonymous>)
          at Array.forEach (<anonymous>)

    console.log
      ­ƒôì Route: ^\/api\/tournaments\/?(?=\/|$)/:id/pitches

      at log (server.js:448:17)
          at Array.forEach (<anonymous>)
          at Array.forEach (<anonymous>)

    console.log
      ­ƒôì Route: ^\/api\/tournaments\/?(?=\/|$)/:id/auto-schedule

      at log (server.js:448:17)
          at Array.forEach (<anonymous>)
          at Array.forEach (<anonymous>)

    console.log
      ­ƒôì Route: ^\/api\/tournaments\/?(?=\/|$)/teams/:id/status

      at log (server.js:448:17)
          at Array.forEach (<anonymous>)
          at Array.forEach (<anonymous>)

    console.log
      ­ƒôì Route: ^\/api\/tournaments\/?(?=\/|$)/teams/:id/link

      at log (server.js:448:17)
          at Array.forEach (<anonymous>)
          at Array.forEach (<anonymous>)

    console.log
      ­ƒôì Route: ^\/api\/tournaments\/?(?=\/|$)/matches/:id/assign-team

      at log (server.js:448:17)
          at Array.forEach (<anonymous>)
          at Array.forEach (<anonymous>)

    console.log
      ­ƒôì Route: ^\/api\/tournaments\/?(?=\/|$)/:id/bracket

      at log (server.js:448:17)
          at Array.forEach (<anonymous>)
          at Array.forEach (<anonymous>)

    console.log
      ­ƒôì Route: ^\/api\/tournaments\/?(?=\/|$)/matches/:id/video

      at log (server.js:448:17)
          at Array.forEach (<anonymous>)
          at Array.forEach (<anonymous>)

    console.log
      ­ƒôì Route: ^\/api\/tournaments\/?(?=\/|$)/:id/invite-staff

      at log (server.js:448:17)
          at Array.forEach (<anonymous>)
          at Array.forEach (<anonymous>)

    console.log
      ­ƒôì Route: ^\/api\/tournaments\/?(?=\/|$)/:id/invite-team

      at log (server.js:448:17)
          at Array.forEach (<anonymous>)
          at Array.forEach (<anonymous>)

    console.log
      ­ƒôì Route: ^\/api\/tournaments\/?(?=\/|$)/pitches/:id

      at log (server.js:448:17)
          at Array.forEach (<anonymous>)
          at Array.forEach (<anonymous>)

    console.log
      ­ƒôì Route: ^\/api\/tournaments\/?(?=\/|$)/matches/:id/video

      at log (server.js:448:17)
          at Array.forEach (<anonymous>)
          at Array.forEach (<anonymous>)

    console.log
      ­ƒôì Route: ^\/api\/tournaments\/?(?=\/|$)/matches/:id/video

      at log (server.js:448:17)
          at Array.forEach (<anonymous>)
          at Array.forEach (<anonymous>)

    console.log
      ­ƒôì Route: ^\/api\/tournaments\/?(?=\/|$)/:id/layout

      at log (server.js:448:17)
          at Array.forEach (<anonymous>)
          at Array.forEach (<anonymous>)

    console.log
      ­ƒôì Route: ^\/api\/tournaments\/?(?=\/|$)/:id/invite

      at log (server.js:448:17)
          at Array.forEach (<anonymous>)
          at Array.forEach (<anonymous>)

    console.log
      ­ƒôì Route: ^\/api\/polls\/?(?=\/|$)/

      at log (server.js:448:17)
          at Array.forEach (<anonymous>)
          at Array.forEach (<anonymous>)

    console.log
      ­ƒôì Route: ^\/api\/polls\/?(?=\/|$)/

      at log (server.js:448:17)
          at Array.forEach (<anonymous>)
          at Array.forEach (<anonymous>)

    console.log
      ­ƒôì Route: ^\/api\/polls\/?(?=\/|$)/:id/vote

      at log (server.js:448:17)
          at Array.forEach (<anonymous>)
          at Array.forEach (<anonymous>)

    console.log
      ­ƒôì Route: ^\/api\/email\/?(?=\/|$)/send

      at log (server.js:448:17)
          at Array.forEach (<anonymous>)
          at Array.forEach (<anonymous>)

    console.log
      ­ƒôì Route: ^\/api\/email\/?(?=\/|$)/send-invite

      at log (server.js:448:17)
          at Array.forEach (<anonymous>)
          at Array.forEach (<anonymous>)

    console.log
      ­ƒôì Route: ^\/api\/tactical\/?(?=\/|$)/

      at log (server.js:448:17)
          at Array.forEach (<anonymous>)
          at Array.forEach (<anonymous>)

    console.log
      ­ƒôì Route: ^\/api\/tactical\/?(?=\/|$)/

      at log (server.js:448:17)
          at Array.forEach (<anonymous>)
          at Array.forEach (<anonymous>)

    console.log
      ­ƒôì Route: ^\/api\/tactical\/?(?=\/|$)/:id

      at log (server.js:448:17)
          at Array.forEach (<anonymous>)
          at Array.forEach (<anonymous>)

    console.log
      ­ƒôì Route: ^\/api\/forms\/?(?=\/|$)/

      at log (server.js:448:17)
          at Array.forEach (<anonymous>)
          at Array.forEach (<anonymous>)

    console.log
      ­ƒôì Route: ^\/api\/forms\/?(?=\/|$)/

      at log (server.js:448:17)
          at Array.forEach (<anonymous>)
          at Array.forEach (<anonymous>)

    console.log
      ­ƒôì Route: ^\/api\/forms\/?(?=\/|$)/:id

      at log (server.js:448:17)
          at Array.forEach (<anonymous>)
          at Array.forEach (<anonymous>)

    console.log
      ­ƒôì Route: ^\/api\/forms\/?(?=\/|$)/:id

      at log (server.js:448:17)
          at Array.forEach (<anonymous>)
          at Array.forEach (<anonymous>)

    console.log
      ­ƒôì Route: ^\/api\/forms\/?(?=\/|$)/:id

      at log (server.js:448:17)
          at Array.forEach (<anonymous>)
          at Array.forEach (<anonymous>)

    console.log
      ­ƒôì Route: ^\/api\/forms\/?(?=\/|$)/:id/submit

      at log (server.js:448:17)
          at Array.forEach (<anonymous>)
          at Array.forEach (<anonymous>)

    console.log
      ­ƒôì Route: ^\/api\/forms\/?(?=\/|$)/:id/responses

      at log (server.js:448:17)
          at Array.forEach (<anonymous>)
          at Array.forEach (<anonymous>)

    console.log
      ­ƒôì Route: ^\/api\/training\/?(?=\/|$)/drills

      at log (server.js:448:17)
          at Array.forEach (<anonymous>)
          at Array.forEach (<anonymous>)

    console.log
      ­ƒôì Route: ^\/api\/training\/?(?=\/|$)/drills

      at log (server.js:448:17)
          at Array.forEach (<anonymous>)
          at Array.forEach (<anonymous>)

    console.log
      ­ƒôì Route: ^\/api\/training\/?(?=\/|$)/drills/:id

      at log (server.js:448:17)
          at Array.forEach (<anonymous>)
          at Array.forEach (<anonymous>)

    console.log
      ­ƒôì Route: ^\/api\/training\/?(?=\/|$)/drills/:id

      at log (server.js:448:17)
          at Array.forEach (<anonymous>)
          at Array.forEach (<anonymous>)

    console.log
      ­ƒôì Route: ^\/api\/training\/?(?=\/|$)/drills/:id

      at log (server.js:448:17)
          at Array.forEach (<anonymous>)
          at Array.forEach (<anonymous>)

    console.log
      ­ƒôì Route: ^\/api\/training\/?(?=\/|$)/drills/:id/assign

      at log (server.js:448:17)
          at Array.forEach (<anonymous>)
          at Array.forEach (<anonymous>)

    console.log
      ­ƒôì Route: ^\/api\/training\/?(?=\/|$)/my-drills

      at log (server.js:448:17)
          at Array.forEach (<anonymous>)
          at Array.forEach (<anonymous>)

    console.log
      ­ƒôì Route: ^\/api\/training\/?(?=\/|$)/submissions

      at log (server.js:448:17)
          at Array.forEach (<anonymous>)
          at Array.forEach (<anonymous>)

    console.log
      ­ƒôì Route: ^\/api\/training\/?(?=\/|$)/submissions

      at log (server.js:448:17)
          at Array.forEach (<anonymous>)
          at Array.forEach (<anonymous>)

    console.log
      ­ƒôì Route: ^\/api\/training\/?(?=\/|$)/submissions/:id/review

      at log (server.js:448:17)
          at Array.forEach (<anonymous>)
          at Array.forEach (<anonymous>)

    console.log
      ­ƒôì Route: ^\/api\/training\/?(?=\/|$)/skills/:playerId

      at log (server.js:448:17)
          at Array.forEach (<anonymous>)
          at Array.forEach (<anonymous>)

    console.log
      ­ƒôì Route: ^\/api\/training\/?(?=\/|$)/team-progress/:teamId

      at log (server.js:448:17)
          at Array.forEach (<anonymous>)
          at Array.forEach (<anonymous>)

    console.log
      2026-04-11T15:19:53.232Z - GET /api/payments/stripe/connect/status - ::ffff:127.0.0.1

      at log (server.js:227:11)

    console.log
      Ô£à Token verified for user: owner@test.com

      at log (middleware/auth.js:56:13)

    console.log
      ­ƒöä Auto-syncing plans for newly connected account...

      at log (routes/payments.js:190:17)

    console.log
      Ô£à Auto-sync completed

      at log (routes/payments.js:246:21)

    console.log
      2026-04-11T15:19:53.292Z - PUT /api/payments/plans/plan_1 - ::ffff:127.0.0.1

      at log (server.js:227:11)

    console.log
      Ô£à Token verified for user: owner@test.com

      at log (middleware/auth.js:56:13)

    console.log
      2026-04-11T15:19:53.341Z - DELETE /api/payments/plans/plan_1 - ::ffff:127.0.0.1

      at log (server.js:227:11)

    console.log
      Ô£à Token verified for user: owner@test.com

      at log (middleware/auth.js:56:13)

PASS tests/bracket-generation.test.js
PASS tests/health.test.js
  ÔùÅ Console

    console.log
      ÔÜá´©Å  Payment processing is DISABLED. Set ENABLE_PAYMENT_PROCESSING=true in .env to enable.

      at Object.log (middleware/payment-guard.js:20:11)

    console.log
      ­ƒôì Route: /api/run-temp-migration

      at log (server.js:444:13)
          at Array.forEach (<anonymous>)

    console.log
      ­ƒôì Route: *

      at log (server.js:444:13)
          at Array.forEach (<anonymous>)

    console.log
      ­ƒôì Route: /api/test-now

      at log (server.js:444:13)
          at Array.forEach (<anonymous>)

    console.log
      ­ƒôì Route: /health

      at log (server.js:444:13)
          at Array.forEach (<anonymous>)

    console.log
      ­ƒôì Route: /api/health

      at log (server.js:444:13)
          at Array.forEach (<anonymous>)

    console.log
      ­ƒôì Route: /api/public-debug/:id

      at log (server.js:444:13)
          at Array.forEach (<anonymous>)

    console.log
      ­ƒôì Route: ^\/api\/auth\/?(?=\/|$)/register

      at log (server.js:448:17)
          at Array.forEach (<anonymous>)
          at Array.forEach (<anonymous>)

    console.log
      ­ƒôì Route: ^\/api\/auth\/?(?=\/|$)/login

      at log (server.js:448:17)
          at Array.forEach (<anonymous>)
          at Array.forEach (<anonymous>)

    console.log
      ­ƒôì Route: ^\/api\/auth\/?(?=\/|$)/logout

      at log (server.js:448:17)
          at Array.forEach (<anonymous>)
          at Array.forEach (<anonymous>)

    console.log
      ­ƒôì Route: ^\/api\/auth\/?(?=\/|$)/seed-demo-users

      at log (server.js:448:17)
          at Array.forEach (<anonymous>)
          at Array.forEach (<anonymous>)

    console.log
      ­ƒôì Route: ^\/api\/auth\/?(?=\/|$)/me

      at log (server.js:448:17)
          at Array.forEach (<anonymous>)
          at Array.forEach (<anonymous>)

    console.log
      ­ƒôì Route: ^\/api\/auth\/?(?=\/|$)/find-user

      at log (server.js:448:17)
          at Array.forEach (<anonymous>)
          at Array.forEach (<anonymous>)

    console.log
      ­ƒôì Route: ^\/api\/auth\/?(?=\/|$)/add-child

      at log (server.js:448:17)
          at Array.forEach (<anonymous>)
          at Array.forEach (<anonymous>)

    console.log
      ­ƒôì Route: ^\/api\/auth\/?(?=\/|$)/children

      at log (server.js:448:17)
          at Array.forEach (<anonymous>)
          at Array.forEach (<anonymous>)

    console.log
      ­ƒôì Route: ^\/api\/auth\/?(?=\/|$)/children/:childId

      at log (server.js:448:17)
          at Array.forEach (<anonymous>)
          at Array.forEach (<anonymous>)

    console.log
      ­ƒôì Route: ^\/api\/auth\/?(?=\/|$)/organizations

      at log (server.js:448:17)
          at Array.forEach (<anonymous>)
          at Array.forEach (<anonymous>)

    console.log
      ­ƒôì Route: ^\/api\/auth\/?(?=\/|$)/context

      at log (server.js:448:17)
          at Array.forEach (<anonymous>)
          at Array.forEach (<anonymous>)

    console.log
      ­ƒôì Route: ^\/api\/auth\/?(?=\/|$)/switch-organization

      at log (server.js:448:17)
          at Array.forEach (<anonymous>)
          at Array.forEach (<anonymous>)

    console.log
      ­ƒôì Route: ^\/api\/auth\/?(?=\/|$)/profile

      at log (server.js:448:17)
          at Array.forEach (<anonymous>)
          at Array.forEach (<anonymous>)

    console.log
      ­ƒôì Route: ^\/api\/auth\/?(?=\/|$)/profile

      at log (server.js:448:17)
          at Array.forEach (<anonymous>)
          at Array.forEach (<anonymous>)

    console.log
      ­ƒôì Route: ^\/api\/auth\/?(?=\/|$)/gdpr/export

      at log (server.js:448:17)
          at Array.forEach (<anonymous>)
          at Array.forEach (<anonymous>)

    console.log
      ­ƒôì Route: ^\/api\/auth\/?(?=\/|$)/gdpr/delete

      at log (server.js:448:17)
          at Array.forEach (<anonymous>)
          at Array.forEach (<anonymous>)

    console.log
      ­ƒôì Route: ^\/api\/auth\/?(?=\/|$)/forgot-password

      at log (server.js:448:17)
          at Array.forEach (<anonymous>)
          at Array.forEach (<anonymous>)

    console.log
      ­ƒôì Route: ^\/api\/auth\/?(?=\/|$)/reset-password

      at log (server.js:448:17)
          at Array.forEach (<anonymous>)
          at Array.forEach (<anonymous>)

    console.log
      ­ƒôì Route: ^\/api\/auth\/?(?=\/|$)/profile-personal

      at log (server.js:448:17)
          at Array.forEach (<anonymous>)
          at Array.forEach (<anonymous>)

    console.log
      ­ƒôì Route: ^\/api\/auth\/?(?=\/|$)/change-password

      at log (server.js:448:17)
          at Array.forEach (<anonymous>)
          at Array.forEach (<anonymous>)

    console.log
      ­ƒôì Route: ^\/api\/auth\/?(?=\/|$)/settings

      at log (server.js:448:17)
          at Array.forEach (<anonymous>)
          at Array.forEach (<anonymous>)

    console.log
      ­ƒôì Route: ^\/api\/auth\/?(?=\/|$)/settings

      at log (server.js:448:17)
          at Array.forEach (<anonymous>)
          at Array.forEach (<anonymous>)

    console.log
      ­ƒôì Route: ^\/api\/auth\/?(?=\/|$)/account

      at log (server.js:448:17)
          at Array.forEach (<anonymous>)
          at Array.forEach (<anonymous>)

    console.log
      ­ƒôì Route: ^\/api\/auth\/?(?=\/|$)/tours/complete

      at log (server.js:448:17)
          at Array.forEach (<anonymous>)
          at Array.forEach (<anonymous>)

    console.log
      ­ƒôì Route: ^\/api\/auth\/?(?=\/|$)/switch-organization

      at log (server.js:448:17)
          at Array.forEach (<anonymous>)
          at Array.forEach (<anonymous>)

    console.log
      ­ƒôì Route: ^\/api\/auth\/?(?=\/|$)/context

      at log (server.js:448:17)
          at Array.forEach (<anonymous>)
          at Array.forEach (<anonymous>)

    console.log
      ­ƒôì Route: ^\/api\/auth\/?(?=\/|$)/me

      at log (server.js:448:17)
          at Array.forEach (<anonymous>)
          at Array.forEach (<anonymous>)

    console.log
      ­ƒôì Route: ^\/api\/organizations\/?(?=\/|$)/

      at log (server.js:448:17)
          at Array.forEach (<anonymous>)
          at Array.forEach (<anonymous>)

    console.log
      ­ƒôì Route: ^\/api\/organizations\/?(?=\/|$)/:id

      at log (server.js:448:17)
          at Array.forEach (<anonymous>)
          at Array.forEach (<anonymous>)

    console.log
      ­ƒôì Route: ^\/api\/organizations\/?(?=\/|$)/super/:id

      at log (server.js:448:17)
          at Array.forEach (<anonymous>)
          at Array.forEach (<anonymous>)

    console.log
      ­ƒôì Route: ^\/api\/organizations\/?(?=\/|$)/

      at log (server.js:448:17)
          at Array.forEach (<anonymous>)
          at Array.forEach (<anonymous>)

    console.log
      ­ƒôì Route: ^\/api\/organizations\/?(?=\/|$)/:id

      at log (server.js:448:17)
          at Array.forEach (<anonymous>)
          at Array.forEach (<anonymous>)

    console.log
      ­ƒôì Route: ^\/api\/organizations\/?(?=\/|$)/:id

      at log (server.js:448:17)
          at Array.forEach (<anonymous>)
          at Array.forEach (<anonymous>)

    console.log
      ­ƒôì Route: ^\/api\/organizations\/?(?=\/|$)/:id/members

      at log (server.js:448:17)
          at Array.forEach (<anonymous>)
          at Array.forEach (<anonymous>)

    console.log
      ­ƒôì Route: ^\/api\/organizations\/?(?=\/|$)/:id/images

      at log (server.js:448:17)
          at Array.forEach (<anonymous>)
          at Array.forEach (<anonymous>)

    console.log
      ­ƒôì Route: ^\/api\/organizations\/?(?=\/|$)/:id/logo

      at log (server.js:448:17)
          at Array.forEach (<anonymous>)
          at Array.forEach (<anonymous>)

    console.log
      ­ƒôì Route: ^\/api\/organizations\/?(?=\/|$)/:id/images

      at log (server.js:448:17)
          at Array.forEach (<anonymous>)
          at Array.forEach (<anonymous>)

    console.log
      ­ƒôì Route: ^\/api\/invitations\/?(?=\/|$)/:orgId/invite

      at log (server.js:448:17)
          at Array.forEach (<anonymous>)
          at Array.forEach (<anonymous>)

    console.log
      ­ƒôì Route: ^\/api\/invitations\/?(?=\/|$)/:token

      at log (server.js:448:17)
          at Array.forEach (<anonymous>)
          at Array.forEach (<anonymous>)

    console.log
      ­ƒôì Route: ^\/api\/invitations\/?(?=\/|$)/:token/accept

      at log (server.js:448:17)
          at Array.forEach (<anonymous>)
          at Array.forEach (<anonymous>)

    console.log
      ­ƒôì Route: ^\/api\/invitations\/?(?=\/|$)/:token/decline

      at log (server.js:448:17)
          at Array.forEach (<anonymous>)
          at Array.forEach (<anonymous>)

    console.log
      ­ƒôì Route: ^\/api\/invitations\/?(?=\/|$)/:orgId/invitations

      at log (server.js:448:17)
          at Array.forEach (<anonymous>)
          at Array.forEach (<anonymous>)

    console.log
      ­ƒôì Route: ^\/api\/platform-admin\/?(?=\/|$)/stats

      at log (server.js:448:17)
          at Array.forEach (<anonymous>)
          at Array.forEach (<anonymous>)

    console.log
      ­ƒôì Route: ^\/api\/platform-admin\/?(?=\/|$)/organizations

      at log (server.js:448:17)
          at Array.forEach (<anonymous>)
          at Array.forEach (<anonymous>)

    console.log
      ­ƒôì Route: ^\/api\/platform-admin\/?(?=\/|$)/users

      at log (server.js:448:17)
          at Array.forEach (<anonymous>)
          at Array.forEach (<anonymous>)

    console.log
      ­ƒôì Route: ^\/api\/platform-admin\/?(?=\/|$)/stripe/overview

      at log (server.js:448:17)
          at Array.forEach (<anonymous>)
          at Array.forEach (<anonymous>)

    console.log
      ­ƒôì Route: ^\/api\/platform-admin\/?(?=\/|$)/organization/:id

      at log (server.js:448:17)
          at Array.forEach (<anonymous>)
          at Array.forEach (<anonymous>)

    console.log
      ­ƒôì Route: ^\/api\/platform-admin\/?(?=\/|$)/organizations/:id/status

      at log (server.js:448:17)
          at Array.forEach (<anonymous>)
          at Array.forEach (<anonymous>)

    console.log
      ­ƒôì Route: ^\/api\/platform-admin\/?(?=\/|$)/organizations/:id

      at log (server.js:448:17)
          at Array.forEach (<anonymous>)
          at Array.forEach (<anonymous>)

    console.log
      ­ƒôì Route: ^\/api\/platform-admin\/?(?=\/|$)/set-admin/:userId

      at log (server.js:448:17)
          at Array.forEach (<anonymous>)
          at Array.forEach (<anonymous>)

    console.log
      ­ƒôì Route: ^\/api\/platform-admin\/?(?=\/|$)/activity

      at log (server.js:448:17)
          at Array.forEach (<anonymous>)
          at Array.forEach (<anonymous>)

    console.log
      ­ƒôì Route: ^\/api\/platform-admin\/?(?=\/|$)/users

      at log (server.js:448:17)
          at Array.forEach (<anonymous>)
          at Array.forEach (<anonymous>)

    console.log
      ­ƒôì Route: ^\/api\/platform-admin\/?(?=\/|$)/users/:userId/status

      at log (server.js:448:17)
          at Array.forEach (<anonymous>)
          at Array.forEach (<anonymous>)

    console.log
      ­ƒôì Route: ^\/api\/platform-admin\/?(?=\/|$)/users/:userId

      at log (server.js:448:17)
          at Array.forEach (<anonymous>)
          at Array.forEach (<anonymous>)

    console.log
      ­ƒôì Route: ^\/api\/platform-admin\/?(?=\/|$)/generate-mock-data

      at log (server.js:448:17)
          at Array.forEach (<anonymous>)
          at Array.forEach (<anonymous>)

    console.log
      ­ƒôì Route: ^\/api\/platform-admin\/?(?=\/|$)/onboard-club

      at log (server.js:448:17)
          at Array.forEach (<anonymous>)
          at Array.forEach (<anonymous>)

    console.log
      ­ƒôì Route: ^\/api\/platform-admin\/?(?=\/|$)/scout-verifications

      at log (server.js:448:17)
          at Array.forEach (<anonymous>)
          at Array.forEach (<anonymous>)

    console.log
      ­ƒôì Route: ^\/api\/platform-admin\/?(?=\/|$)/scout-verifications/:id/resolve

      at log (server.js:448:17)
          at Array.forEach (<anonymous>)
          at Array.forEach (<anonymous>)

    console.log
      ­ƒôì Route: ^\/api\/clubs\/?(?=\/|$)/

      at log (server.js:448:17)
          at Array.forEach (<anonymous>)
          at Array.forEach (<anonymous>)

    console.log
      ­ƒôì Route: ^\/api\/clubs\/?(?=\/|$)/:id/public-listings

      at log (server.js:448:17)
          at Array.forEach (<anonymous>)
          at Array.forEach (<anonymous>)

    console.log
      ­ƒôì Route: ^\/api\/clubs\/?(?=\/|$)/:id

      at log (server.js:448:17)
          at Array.forEach (<anonymous>)
          at Array.forEach (<anonymous>)

    console.log
      ­ƒôì Route: ^\/api\/clubs\/?(?=\/|$)/:id/claim

      at log (server.js:448:17)
          at Array.forEach (<anonymous>)
          at Array.forEach (<anonymous>)

    console.log
      ­ƒôì Route: ^\/api\/clubs\/?(?=\/|$)/:id/teams

      at log (server.js:448:17)
          at Array.forEach (<anonymous>)
          at Array.forEach (<anonymous>)

    console.log
      ­ƒôì Route: ^\/api\/clubs\/?(?=\/|$)/

      at log (server.js:448:17)
          at Array.forEach (<anonymous>)
          at Array.forEach (<anonymous>)

    console.log
      ­ƒôì Route: ^\/api\/clubs\/?(?=\/|$)/:id

      at log (server.js:448:17)
          at Array.forEach (<anonymous>)
          at Array.forEach (<anonymous>)

    console.log
      ­ƒôì Route: ^\/api\/clubs\/?(?=\/|$)/:id

      at log (server.js:448:17)
          at Array.forEach (<anonymous>)
          at Array.forEach (<anonymous>)

    console.log
      ­ƒôì Route: ^\/api\/clubs\/?(?=\/|$)/:id/apply

      at log (server.js:448:17)
          at Array.forEach (<anonymous>)
          at Array.forEach (<anonymous>)

    console.log
      ­ƒôì Route: ^\/api\/clubs\/?(?=\/|$)/:id/applications

      at log (server.js:448:17)
          at Array.forEach (<anonymous>)
          at Array.forEach (<anonymous>)

    console.log
      ­ƒôì Route: ^\/api\/clubs\/?(?=\/|$)/applications/:applicationId/review

      at log (server.js:448:17)
          at Array.forEach (<anonymous>)
          at Array.forEach (<anonymous>)

    console.log
      ­ƒôì Route: ^\/api\/clubs\/?(?=\/|$)/:id/stats

      at log (server.js:448:17)
          at Array.forEach (<anonymous>)
          at Array.forEach (<anonymous>)

    console.log
      ­ƒôì Route: ^\/api\/clubs\/?(?=\/|$)/:id/images

      at log (server.js:448:17)
          at Array.forEach (<anonymous>)
          at Array.forEach (<anonymous>)

    console.log
      ­ƒôì Route: ^\/api\/clubs\/?(?=\/|$)/:id/images

      at log (server.js:448:17)
          at Array.forEach (<anonymous>)
          at Array.forEach (<anonymous>)

    console.log
      ­ƒôì Route: ^\/api\/clubs\/?(?=\/|$)/:id/reviews

      at log (server.js:448:17)
          at Array.forEach (<anonymous>)
          at Array.forEach (<anonymous>)

    console.log
      ­ƒôì Route: ^\/api\/clubs\/?(?=\/|$)/:id/reviews

      at log (server.js:448:17)
          at Array.forEach (<anonymous>)
          at Array.forEach (<anonymous>)

    console.log
      ­ƒôì Route: ^\/api\/players\/?(?=\/|$)/family

      at log (server.js:448:17)
          at Array.forEach (<anonymous>)
          at Array.forEach (<anonymous>)

    console.log
      ­ƒôì Route: ^\/api\/players\/?(?=\/|$)/

      at log (server.js:448:17)
          at Array.forEach (<anonymous>)
          at Array.forEach (<anonymous>)

    console.log
      ­ƒôì Route: ^\/api\/players\/?(?=\/|$)/filtered/:filter

      at log (server.js:448:17)
          at Array.forEach (<anonymous>)
          at Array.forEach (<anonymous>)

    console.log
      ­ƒôì Route: ^\/api\/players\/?(?=\/|$)/scout

      at log (server.js:448:17)
          at Array.forEach (<anonymous>)
          at Array.forEach (<anonymous>)

    console.log
      ­ƒôì Route: ^\/api\/players\/?(?=\/|$)/:id

      at log (server.js:448:17)
          at Array.forEach (<anonymous>)
          at Array.forEach (<anonymous>)

    console.log
      ­ƒôì Route: ^\/api\/players\/?(?=\/|$)/filtered/:filter

      at log (server.js:448:17)
          at Array.forEach (<anonymous>)
          at Array.forEach (<anonymous>)

    console.log
      ­ƒôì Route: ^\/api\/players\/?(?=\/|$)/

      at log (server.js:448:17)
          at Array.forEach (<anonymous>)
          at Array.forEach (<anonymous>)

    console.log
      ­ƒôì Route: ^\/api\/players\/?(?=\/|$)/:id

      at log (server.js:448:17)
          at Array.forEach (<anonymous>)
          at Array.forEach (<anonymous>)

    console.log
      ­ƒôì Route: ^\/api\/players\/?(?=\/|$)/:id

      at log (server.js:448:17)
          at Array.forEach (<anonymous>)
          at Array.forEach (<anonymous>)

    console.log
      ­ƒôì Route: ^\/api\/players\/?(?=\/|$)/:id/stats

      at log (server.js:448:17)
          at Array.forEach (<anonymous>)
          at Array.forEach (<anonymous>)

    console.log
      ­ƒôì Route: ^\/api\/players\/?(?=\/|$)/:id/payment-status

      at log (server.js:448:17)
          at Array.forEach (<anonymous>)
          at Array.forEach (<anonymous>)

    console.log
      ­ƒôì Route: ^\/api\/players\/?(?=\/|$)/child

      at log (server.js:448:17)
          at Array.forEach (<anonymous>)
          at Array.forEach (<anonymous>)

    console.log
      ­ƒôì Route: ^\/api\/players\/?(?=\/|$)/child/:id

      at log (server.js:448:17)
          at Array.forEach (<anonymous>)
          at Array.forEach (<anonymous>)

    console.log
      ­ƒôì Route: ^\/api\/players\/?(?=\/|$)/:id/history

      at log (server.js:448:17)
          at Array.forEach (<anonymous>)
          at Array.forEach (<anonymous>)

    console.log
      ­ƒôì Route: ^\/api\/players\/?(?=\/|$)/:id/history

      at log (server.js:448:17)
          at Array.forEach (<anonymous>)
          at Array.forEach (<anonymous>)

    console.log
      ­ƒôì Route: ^\/api\/players\/?(?=\/|$)/history/:historyId

      at log (server.js:448:17)
          at Array.forEach (<anonymous>)
          at Array.forEach (<anonymous>)

    console.log
      ­ƒôì Route: ^\/api\/players\/?(?=\/|$)/:id/history

      at log (server.js:448:17)
          at Array.forEach (<anonymous>)
          at Array.forEach (<anonymous>)

    console.log
      ­ƒôì Route: ^\/api\/players\/?(?=\/|$)/:id/history

      at log (server.js:448:17)
          at Array.forEach (<anonymous>)
          at Array.forEach (<anonymous>)

    console.log
      ­ƒôì Route: ^\/api\/players\/?(?=\/|$)/:id/history/:historyId

      at log (server.js:448:17)
          at Array.forEach (<anonymous>)
          at Array.forEach (<anonymous>)

    console.log
      ­ƒôì Route: ^\/api\/players\/?(?=\/|$)/:id/stats

      at log (server.js:448:17)
          at Array.forEach (<anonymous>)
          at Array.forEach (<anonymous>)

    console.log
      ­ƒôì Route: ^\/api\/players\/?(?=\/|$)/:id/activities

      at log (server.js:448:17)
          at Array.forEach (<anonymous>)
          at Array.forEach (<anonymous>)

    console.log
      ­ƒôì Route: ^\/api\/staff\/?(?=\/|$)/

      at log (server.js:448:17)
          at Array.forEach (<anonymous>)
          at Array.forEach (<anonymous>)

    console.log
      ­ƒôì Route: ^\/api\/staff\/?(?=\/|$)/:id

      at log (server.js:448:17)
          at Array.forEach (<anonymous>)
          at Array.forEach (<anonymous>)

    console.log
      ­ƒôì Route: ^\/api\/staff\/?(?=\/|$)/:id/performance

      at log (server.js:448:17)
          at Array.forEach (<anonymous>)
          at Array.forEach (<anonymous>)

    console.log
      ­ƒôì Route: ^\/api\/staff\/?(?=\/|$)/:id/role

      at log (server.js:448:17)
          at Array.forEach (<anonymous>)
          at Array.forEach (<anonymous>)

    console.log
      ­ƒôì Route: ^\/api\/staff\/?(?=\/|$)/:id/schedule

      at log (server.js:448:17)
          at Array.forEach (<anonymous>)
          at Array.forEach (<anonymous>)

    console.log
      ­ƒôì Route: ^\/api\/staff\/?(?=\/|$)/

      at log (server.js:448:17)
          at Array.forEach (<anonymous>)
          at Array.forEach (<anonymous>)

    console.log
      ­ƒôì Route: ^\/api\/staff\/?(?=\/|$)/:id

      at log (server.js:448:17)
          at Array.forEach (<anonymous>)
          at Array.forEach (<anonymous>)

    console.log
      ­ƒôì Route: ^\/api\/staff\/?(?=\/|$)/:id

      at log (server.js:448:17)
          at Array.forEach (<anonymous>)
          at Array.forEach (<anonymous>)

    console.log
      ­ƒôì Route: ^\/api\/staff\/?(?=\/|$)/club/:clubId

      at log (server.js:448:17)
          at Array.forEach (<anonymous>)
          at Array.forEach (<anonymous>)

    console.log
      ­ƒôì Route: ^\/api\/staff\/?(?=\/|$)/:id/permissions

      at log (server.js:448:17)
          at Array.forEach (<anonymous>)
          at Array.forEach (<anonymous>)

    console.log
      ­ƒôì Route: ^\/api\/staff\/?(?=\/|$)/:id/dashboard

      at log (server.js:448:17)
          at Array.forEach (<anonymous>)
          at Array.forEach (<anonymous>)

    console.log
      ­ƒôì Route: ^\/api\/staff\/?(?=\/|$)/:id/performance

      at log (server.js:448:17)
          at Array.forEach (<anonymous>)
          at Array.forEach (<anonymous>)

    console.log
      ­ƒôì Route: ^\/api\/staff\/?(?=\/|$)/:id/role

      at log (server.js:448:17)
          at Array.forEach (<anonymous>)
          at Array.forEach (<anonymous>)

    console.log
      ­ƒôì Route: ^\/api\/staff\/?(?=\/|$)/:id/schedule

      at log (server.js:448:17)
          at Array.forEach (<anonymous>)
          at Array.forEach (<anonymous>)

    console.log
      ­ƒôì Route: ^\/api\/staff\/?(?=\/|$)/:id/verify-scout

      at log (server.js:448:17)
          at Array.forEach (<anonymous>)
          at Array.forEach (<anonymous>)

    console.log
      ­ƒôì Route: ^\/api\/teams\/?(?=\/|$)/

      at log (server.js:448:17)
          at Array.forEach (<anonymous>)
          at Array.forEach (<anonymous>)

    console.log
      ­ƒôì Route: ^\/api\/teams\/?(?=\/|$)/player/:userId

      at log (server.js:448:17)
          at Array.forEach (<anonymous>)
          at Array.forEach (<anonymous>)

    console.log
      ­ƒôì Route: ^\/api\/teams\/?(?=\/|$)/:id

      at log (server.js:448:17)
          at Array.forEach (<anonymous>)
          at Array.forEach (<anonymous>)

    console.log
      ­ƒôì Route: ^\/api\/teams\/?(?=\/|$)/

      at log (server.js:448:17)
          at Array.forEach (<anonymous>)
          at Array.forEach (<anonymous>)

    console.log
      ­ƒôì Route: ^\/api\/teams\/?(?=\/|$)/:id

      at log (server.js:448:17)
          at Array.forEach (<anonymous>)
          at Array.forEach (<anonymous>)

    console.log
      ­ƒôì Route: ^\/api\/teams\/?(?=\/|$)/:id

      at log (server.js:448:17)
          at Array.forEach (<anonymous>)
          at Array.forEach (<anonymous>)

    console.log
      ­ƒôì Route: ^\/api\/teams\/?(?=\/|$)/:id/players

      at log (server.js:448:17)
          at Array.forEach (<anonymous>)
          at Array.forEach (<anonymous>)

    console.log
      ­ƒôì Route: ^\/api\/teams\/?(?=\/|$)/:id/players/:playerId

      at log (server.js:448:17)
          at Array.forEach (<anonymous>)
          at Array.forEach (<anonymous>)

    console.log
      ­ƒôì Route: ^\/api\/teams\/?(?=\/|$)/:id/stats

      at log (server.js:448:17)
          at Array.forEach (<anonymous>)
          at Array.forEach (<anonymous>)

    console.log
      ­ƒôì Route: ^\/api\/teams\/?(?=\/|$)/:id/availability

      at log (server.js:448:17)
          at Array.forEach (<anonymous>)
          at Array.forEach (<anonymous>)

    console.log
      ­ƒôì Route: ^\/api\/teams\/?(?=\/|$)/:id/dashboard

      at log (server.js:448:17)
          at Array.forEach (<anonymous>)
          at Array.forEach (<anonymous>)

    console.log
      ­ƒôì Route: ^\/api\/events\/?(?=\/|$)/

      at log (server.js:448:17)
          at Array.forEach (<anonymous>)
          at Array.forEach (<anonymous>)

    console.log
      ­ƒôì Route: ^\/api\/events\/?(?=\/|$)/:id

      at log (server.js:448:17)
          at Array.forEach (<anonymous>)
          at Array.forEach (<anonymous>)

    console.log
      ­ƒôì Route: ^\/api\/events\/?(?=\/|$)/

      at log (server.js:448:17)
          at Array.forEach (<anonymous>)
          at Array.forEach (<anonymous>)

    console.log
      ­ƒôì Route: ^\/api\/events\/?(?=\/|$)/:id

      at log (server.js:448:17)
          at Array.forEach (<anonymous>)
          at Array.forEach (<anonymous>)

    console.log
      ­ƒôì Route: ^\/api\/events\/?(?=\/|$)/:id

      at log (server.js:448:17)
          at Array.forEach (<anonymous>)
          at Array.forEach (<anonymous>)

    console.log
      ­ƒôì Route: ^\/api\/events\/?(?=\/|$)/:id/book

      at log (server.js:448:17)
          at Array.forEach (<anonymous>)
          at Array.forEach (<anonymous>)

    console.log
      ­ƒôì Route: ^\/api\/events\/?(?=\/|$)/bookings/:bookingId/cancel

      at log (server.js:448:17)
          at Array.forEach (<anonymous>)
          at Array.forEach (<anonymous>)

    console.log
      ­ƒôì Route: ^\/api\/events\/?(?=\/|$)/:id/bookings

      at log (server.js:448:17)
          at Array.forEach (<anonymous>)
          at Array.forEach (<anonymous>)

    console.log
      ­ƒôì Route: ^\/api\/events\/?(?=\/|$)/bookings/my-bookings

      at log (server.js:448:17)
          at Array.forEach (<anonymous>)
          at Array.forEach (<anonymous>)

    console.log
      ­ƒôì Route: ^\/api\/events\/?(?=\/|$)/:id/roster

      at log (server.js:448:17)
          at Array.forEach (<anonymous>)
          at Array.forEach (<anonymous>)

    console.log
      ­ƒôì Route: ^\/api\/events\/?(?=\/|$)/:id/nudge

      at log (server.js:448:17)
          at Array.forEach (<anonymous>)
          at Array.forEach (<anonymous>)

    console.log
      ­ƒôì Route: ^\/api\/events\/?(?=\/|$)/:id/availability

      at log (server.js:448:17)
          at Array.forEach (<anonymous>)
          at Array.forEach (<anonymous>)

    console.log
      ­ƒôì Route: ^\/api\/events\/?(?=\/|$)/:id/availability/override

      at log (server.js:448:17)
          at Array.forEach (<anonymous>)
          at Array.forEach (<anonymous>)

    console.log
      ­ƒôì Route: ^\/api\/events\/?(?=\/|$)/:id/availability

      at log (server.js:448:17)
          at Array.forEach (<anonymous>)
          at Array.forEach (<anonymous>)

    console.log
      ­ƒôì Route: ^\/api\/events\/?(?=\/|$)/:id/notify

      at log (server.js:448:17)
          at Array.forEach (<anonymous>)
          at Array.forEach (<anonymous>)

    console.log
      ­ƒôì Route: ^\/api\/events\/?(?=\/|$)/:id

      at log (server.js:448:17)
          at Array.forEach (<anonymous>)
          at Array.forEach (<anonymous>)

    console.log
      ­ƒôì Route: ^\/api\/events\/?(?=\/|$)/:id/checkin

      at log (server.js:448:17)
          at Array.forEach (<anonymous>)
          at Array.forEach (<anonymous>)

    console.log
      ­ƒôì Route: ^\/api\/events\/?(?=\/|$)/:id/checkins

      at log (server.js:448:17)
          at Array.forEach (<anonymous>)
          at Array.forEach (<anonymous>)

    console.log
      ­ƒôì Route: ^\/api\/events\/?(?=\/|$)/:id/result

      at log (server.js:448:17)
          at Array.forEach (<anonymous>)
          at Array.forEach (<anonymous>)

    console.log
      ­ƒôì Route: ^\/api\/events\/?(?=\/|$)/:id/groups

      at log (server.js:448:17)
          at Array.forEach (<anonymous>)
          at Array.forEach (<anonymous>)

    console.log
      ­ƒôì Route: ^\/api\/events\/?(?=\/|$)/:id/players

      at log (server.js:448:17)
          at Array.forEach (<anonymous>)
          at Array.forEach (<anonymous>)

    console.log
      ­ƒôì Route: ^\/api\/events\/?(?=\/|$)/:id/groups

      at log (server.js:448:17)
          at Array.forEach (<anonymous>)
          at Array.forEach (<anonymous>)

    console.log
      ­ƒôì Route: ^\/api\/events\/?(?=\/|$)/:id/assign-group

      at log (server.js:448:17)
          at Array.forEach (<anonymous>)
          at Array.forEach (<anonymous>)

    console.log
      ­ƒôì Route: ^\/api\/events\/?(?=\/|$)/:id/bibs

      at log (server.js:448:17)
          at Array.forEach (<anonymous>)
          at Array.forEach (<anonymous>)

    console.log
      ­ƒôì Route: ^\/api\/events\/?(?=\/|$)/:id/export

      at log (server.js:448:17)
          at Array.forEach (<anonymous>)
          at Array.forEach (<anonymous>)

    console.log
      ­ƒôì Route: ^\/api\/events\/?(?=\/|$)/:id/checkin

      at log (server.js:448:17)
          at Array.forEach (<anonymous>)
          at Array.forEach (<anonymous>)

    console.log
      ­ƒôì Route: ^\/api\/events\/?(?=\/|$)/:id/results

      at log (server.js:448:17)
          at Array.forEach (<anonymous>)
          at Array.forEach (<anonymous>)

    console.log
      ­ƒôì Route: ^\/api\/events\/?(?=\/|$)/:id/player-stats

      at log (server.js:448:17)
          at Array.forEach (<anonymous>)
          at Array.forEach (<anonymous>)

    console.log
      ­ƒôì Route: ^\/api\/payments\/?(?=\/|$)/config

      at log (server.js:448:17)
          at Array.forEach (<anonymous>)
          at Array.forEach (<anonymous>)

    console.log
      ­ƒôì Route: ^\/api\/payments\/?(?=\/|$)/stripe/connect/status

      at log (server.js:448:17)
          at Array.forEach (<anonymous>)
          at Array.forEach (<anonymous>)

    console.log
      ­ƒôì Route: ^\/api\/payments\/?(?=\/|$)/stripe/connect/onboard

      at log (server.js:448:17)
          at Array.forEach (<anonymous>)
          at Array.forEach (<anonymous>)

    console.log
      ­ƒôì Route: ^\/api\/payments\/?(?=\/|$)/stripe/connect/manage

      at log (server.js:448:17)
          at Array.forEach (<anonymous>)
          at Array.forEach (<anonymous>)

    console.log
      ­ƒôì Route: ^\/api\/payments\/?(?=\/|$)/health

      at log (server.js:448:17)
          at Array.forEach (<anonymous>)
          at Array.forEach (<anonymous>)

    console.log
      ­ƒôì Route: ^\/api\/payments\/?(?=\/|$)/plans

      at log (server.js:448:17)
          at Array.forEach (<anonymous>)
          at Array.forEach (<anonymous>)

    console.log
      ­ƒôì Route: ^\/api\/payments\/?(?=\/|$)/plans/import

      at log (server.js:448:17)
          at Array.forEach (<anonymous>)
          at Array.forEach (<anonymous>)

    console.log
      ­ƒôì Route: ^\/api\/payments\/?(?=\/|$)/plans

      at log (server.js:448:17)
          at Array.forEach (<anonymous>)
          at Array.forEach (<anonymous>)

    console.log
      ­ƒôì Route: ^\/api\/payments\/?(?=\/|$)/plans/:id

      at log (server.js:448:17)
          at Array.forEach (<anonymous>)
          at Array.forEach (<anonymous>)

    console.log
      ­ƒôì Route: ^\/api\/payments\/?(?=\/|$)/plans/:id

      at log (server.js:448:17)
          at Array.forEach (<anonymous>)
          at Array.forEach (<anonymous>)

    console.log
      ­ƒôì Route: ^\/api\/payments\/?(?=\/|$)/plan/current

      at log (server.js:448:17)
          at Array.forEach (<anonymous>)
          at Array.forEach (<anonymous>)

    console.log
      ­ƒôì Route: ^\/api\/payments\/?(?=\/|$)/plan/assign

      at log (server.js:448:17)
          at Array.forEach (<anonymous>)
          at Array.forEach (<anonymous>)

    console.log
      ­ƒôì Route: ^\/api\/payments\/?(?=\/|$)/bulk-assign-plan-legacy

      at log (server.js:448:17)
          at Array.forEach (<anonymous>)
          at Array.forEach (<anonymous>)

    console.log
      ­ƒôì Route: ^\/api\/payments\/?(?=\/|$)/plan/cancel

      at log (server.js:448:17)
          at Array.forEach (<anonymous>)
          at Array.forEach (<anonymous>)

    console.log
      ­ƒôì Route: ^\/api\/payments\/?(?=\/|$)/

      at log (server.js:448:17)
          at Array.forEach (<anonymous>)
          at Array.forEach (<anonymous>)

    console.log
      ­ƒôì Route: ^\/api\/payments\/?(?=\/|$)/create-intent

      at log (server.js:448:17)
          at Array.forEach (<anonymous>)
          at Array.forEach (<anonymous>)

    console.log
      ­ƒôì Route: ^\/api\/payments\/?(?=\/|$)/confirm-payment

      at log (server.js:448:17)
          at Array.forEach (<anonymous>)
          at Array.forEach (<anonymous>)

    console.log
      ­ƒôì Route: ^\/api\/payments\/?(?=\/|$)/public/:id

      at log (server.js:448:17)
          at Array.forEach (<anonymous>)
          at Array.forEach (<anonymous>)

    console.log
      ­ƒôì Route: ^\/api\/payments\/?(?=\/|$)/:id/payment-link

      at log (server.js:448:17)
          at Array.forEach (<anonymous>)
          at Array.forEach (<anonymous>)

    console.log
      ­ƒôì Route: ^\/api\/payments\/?(?=\/|$)/book-event

      at log (server.js:448:17)
          at Array.forEach (<anonymous>)
          at Array.forEach (<anonymous>)

    console.log
      ­ƒôì Route: ^\/api\/payments\/?(?=\/|$)/

      at log (server.js:448:17)
          at Array.forEach (<anonymous>)
          at Array.forEach (<anonymous>)

    console.log
      ­ƒôì Route: ^\/api\/payments\/?(?=\/|$)/assign-player-plan

      at log (server.js:448:17)
          at Array.forEach (<anonymous>)
          at Array.forEach (<anonymous>)

    console.log
      ­ƒôì Route: ^\/api\/payments\/?(?=\/|$)/bulk-assign-plan

      at log (server.js:448:17)
          at Array.forEach (<anonymous>)
          at Array.forEach (<anonymous>)

    console.log
      ­ƒôì Route: ^\/api\/payments\/?(?=\/|$)/cleanup

      at log (server.js:448:17)
          at Array.forEach (<anonymous>)
          at Array.forEach (<anonymous>)

    console.log
      ­ƒôì Route: ^\/api\/stripe-payouts\/?(?=\/|$)/configure-payout/:accountId

      at log (server.js:448:17)
          at Array.forEach (<anonymous>)
          at Array.forEach (<anonymous>)

    console.log
      ­ƒôì Route: ^\/api\/stripe-payouts\/?(?=\/|$)/payout-schedule/:accountId

      at log (server.js:448:17)
          at Array.forEach (<anonymous>)
          at Array.forEach (<anonymous>)

    console.log
      ­ƒôì Route: ^\/api\/stripe-payouts\/?(?=\/|$)/configure-all-payouts

      at log (server.js:448:17)
          at Array.forEach (<anonymous>)
          at Array.forEach (<anonymous>)

    console.log
      ­ƒôì Route: ^\/api\/stripe-payouts\/?(?=\/|$)/manual-payout/:accountId

      at log (server.js:448:17)
          at Array.forEach (<anonymous>)
          at Array.forEach (<anonymous>)

    console.log
      ­ƒôì Route: ^\/api\/dashboard\/?(?=\/|$)/admin

      at log (server.js:448:17)
          at Array.forEach (<anonymous>)
          at Array.forEach (<anonymous>)

    console.log
      ­ƒôì Route: ^\/api\/dashboard\/?(?=\/|$)/player

      at log (server.js:448:17)
          at Array.forEach (<anonymous>)
          at Array.forEach (<anonymous>)

    console.log
      ­ƒôì Route: ^\/api\/dashboard\/?(?=\/|$)/invitations/:orgId/accept

      at log (server.js:448:17)
          at Array.forEach (<anonymous>)
          at Array.forEach (<anonymous>)

    console.log
      ­ƒôì Route: ^\/api\/dashboard\/?(?=\/|$)/invitations/:orgId/decline

      at log (server.js:448:17)
          at Array.forEach (<anonymous>)
          at Array.forEach (<anonymous>)

    console.log
      ­ƒôì Route: ^\/api\/invites\/?(?=\/|$)/generate

      at log (server.js:448:17)
          at Array.forEach (<anonymous>)
          at Array.forEach (<anonymous>)

    console.log
      ­ƒôì Route: ^\/api\/invites\/?(?=\/|$)/details/:token

      at log (server.js:448:17)
          at Array.forEach (<anonymous>)
          at Array.forEach (<anonymous>)

    console.log
      ­ƒôì Route: ^\/api\/invites\/?(?=\/|$)/accept/:token

      at log (server.js:448:17)
          at Array.forEach (<anonymous>)
          at Array.forEach (<anonymous>)

    console.log
      ­ƒôì Route: ^\/api\/invites\/?(?=\/|$)/decline/:token

      at log (server.js:448:17)
          at Array.forEach (<anonymous>)
          at Array.forEach (<anonymous>)

    console.log
      ­ƒôì Route: ^\/api\/invites\/?(?=\/|$)/sent

      at log (server.js:448:17)
          at Array.forEach (<anonymous>)
          at Array.forEach (<anonymous>)

    console.log
      ­ƒôì Route: ^\/api\/products\/?(?=\/|$)/

      at log (server.js:448:17)
          at Array.forEach (<anonymous>)
          at Array.forEach (<anonymous>)

    console.log
      ­ƒôì Route: ^\/api\/products\/?(?=\/|$)/

      at log (server.js:448:17)
          at Array.forEach (<anonymous>)
          at Array.forEach (<anonymous>)

    console.log
      ­ƒôì Route: ^\/api\/products\/?(?=\/|$)/purchase

      at log (server.js:448:17)
          at Array.forEach (<anonymous>)
          at Array.forEach (<anonymous>)

    console.log
      ­ƒôì Route: ^\/api\/products\/?(?=\/|$)/:id

      at log (server.js:448:17)
          at Array.forEach (<anonymous>)
          at Array.forEach (<anonymous>)

    console.log
      ­ƒôì Route: ^\/api\/products\/?(?=\/|$)/:id

      at log (server.js:448:17)
          at Array.forEach (<anonymous>)
          at Array.forEach (<anonymous>)

    console.log
      ­ƒôì Route: ^\/api\/campaigns\/?(?=\/|$)/

      at log (server.js:448:17)
          at Array.forEach (<anonymous>)
          at Array.forEach (<anonymous>)

    console.log
      ­ƒôì Route: ^\/api\/campaigns\/?(?=\/|$)/

      at log (server.js:448:17)
          at Array.forEach (<anonymous>)
          at Array.forEach (<anonymous>)

    console.log
      ­ƒôì Route: ^\/api\/campaigns\/?(?=\/|$)/:id/send

      at log (server.js:448:17)
          at Array.forEach (<anonymous>)
          at Array.forEach (<anonymous>)

    console.log
      ­ƒôì Route: ^\/api\/listings\/?(?=\/|$)/

      at log (server.js:448:17)
          at Array.forEach (<anonymous>)
          at Array.forEach (<anonymous>)

    console.log
      ­ƒôì Route: ^\/api\/listings\/?(?=\/|$)/

      at log (server.js:448:17)
          at Array.forEach (<anonymous>)
          at Array.forEach (<anonymous>)

    console.log
      ­ƒôì Route: ^\/api\/listings\/?(?=\/|$)/:id/applications

      at log (server.js:448:17)
          at Array.forEach (<anonymous>)
          at Array.forEach (<anonymous>)

    console.log
      ­ƒôì Route: ^\/api\/listings\/?(?=\/|$)/applications/:id/status

      at log (server.js:448:17)
          at Array.forEach (<anonymous>)
          at Array.forEach (<anonymous>)

    console.log
      ­ƒôì Route: ^\/api\/listings\/?(?=\/|$)/applications/:id/invite

      at log (server.js:448:17)
          at Array.forEach (<anonymous>)
          at Array.forEach (<anonymous>)

    console.log
      ­ƒôì Route: ^\/api\/listings\/?(?=\/|$)/:id

      at log (server.js:448:17)
          at Array.forEach (<anonymous>)
          at Array.forEach (<anonymous>)

    console.log
      ­ƒôì Route: ^\/api\/notifications\/?(?=\/|$)/

      at log (server.js:448:17)
          at Array.forEach (<anonymous>)
          at Array.forEach (<anonymous>)

    console.log
      ­ƒôì Route: ^\/api\/notifications\/?(?=\/|$)/

      at log (server.js:448:17)
          at Array.forEach (<anonymous>)
          at Array.forEach (<anonymous>)

    console.log
      ­ƒôì Route: ^\/api\/notifications\/?(?=\/|$)/:id/read

      at log (server.js:448:17)
          at Array.forEach (<anonymous>)
          at Array.forEach (<anonymous>)

    console.log
      ­ƒôì Route: ^\/api\/notifications\/?(?=\/|$)/read-all

      at log (server.js:448:17)
          at Array.forEach (<anonymous>)
          at Array.forEach (<anonymous>)

    console.log
      ­ƒôì Route: ^\/api\/debug\/?(?=\/|$)/check-org/:id

      at log (server.js:448:17)
          at Array.forEach (<anonymous>)
          at Array.forEach (<anonymous>)

    console.log
      ­ƒôì Route: ^\/api\/talent-id\/?(?=\/|$)/register

      at log (server.js:448:17)
          at Array.forEach (<anonymous>)
          at Array.forEach (<anonymous>)

    console.log
      ­ƒôì Route: ^\/api\/talent-id\/?(?=\/|$)/events/:id/dashboard

      at log (server.js:448:17)
          at Array.forEach (<anonymous>)
          at Array.forEach (<anonymous>)

    console.log
      ­ƒôì Route: ^\/api\/talent-id\/?(?=\/|$)/events/:id/schedule

      at log (server.js:448:17)
          at Array.forEach (<anonymous>)
          at Array.forEach (<anonymous>)

    console.log
      ­ƒôì Route: ^\/api\/talent-id\/?(?=\/|$)/bibs/batch

      at log (server.js:448:17)
          at Array.forEach (<anonymous>)
          at Array.forEach (<anonymous>)

    console.log
      ­ƒôì Route: ^\/api\/talent-id\/?(?=\/|$)/events/:id/groups

      at log (server.js:448:17)
          at Array.forEach (<anonymous>)
          at Array.forEach (<anonymous>)

    console.log
      ­ƒôì Route: ^\/api\/talent-id\/?(?=\/|$)/events/:id/auto-assign

      at log (server.js:448:17)
          at Array.forEach (<anonymous>)
          at Array.forEach (<anonymous>)

    console.log
      ­ƒôì Route: ^\/api\/talent-id\/?(?=\/|$)/registrations/:id/checkin

      at log (server.js:448:17)
          at Array.forEach (<anonymous>)
          at Array.forEach (<anonymous>)

    console.log
      ­ƒôì Route: ^\/api\/scouting\/?(?=\/|$)/reports

      at log (server.js:448:17)
          at Array.forEach (<anonymous>)
          at Array.forEach (<anonymous>)

    console.log
      ­ƒôì Route: ^\/api\/scouting\/?(?=\/|$)/reports

      at log (server.js:448:17)
          at Array.forEach (<anonymous>)
          at Array.forEach (<anonymous>)

    console.log
      ­ƒôì Route: ^\/api\/scouting\/?(?=\/|$)/assignments

      at log (server.js:448:17)
          at Array.forEach (<anonymous>)
          at Array.forEach (<anonymous>)

    console.log
      ­ƒôì Route: ^\/api\/scouting\/?(?=\/|$)/contact-requests

      at log (server.js:448:17)
          at Array.forEach (<anonymous>)
          at Array.forEach (<anonymous>)

    console.log
      ­ƒôì Route: ^\/api\/scouting\/?(?=\/|$)/analytics

      at log (server.js:448:17)
          at Array.forEach (<anonymous>)
          at Array.forEach (<anonymous>)

    console.log
      ­ƒôì Route: ^\/api\/scouting\/?(?=\/|$)/verify-me

      at log (server.js:448:17)
          at Array.forEach (<anonymous>)
          at Array.forEach (<anonymous>)

    console.log
      ­ƒôì Route: ^\/api\/scouting\/?(?=\/|$)/watchlist

      at log (server.js:448:17)
          at Array.forEach (<anonymous>)
          at Array.forEach (<anonymous>)

    console.log
      ­ƒôì Route: ^\/api\/scouting\/?(?=\/|$)/watchlist

      at log (server.js:448:17)
          at Array.forEach (<anonymous>)
          at Array.forEach (<anonymous>)

    console.log
      ­ƒôì Route: ^\/api\/scouting\/?(?=\/|$)/watchlist/:playerId

      at log (server.js:448:17)
          at Array.forEach (<anonymous>)
          at Array.forEach (<anonymous>)

    console.log
      ­ƒôì Route: ^\/api\/scouting\/?(?=\/|$)/medical/:id

      at log (server.js:448:17)
          at Array.forEach (<anonymous>)
          at Array.forEach (<anonymous>)

    console.log
      ­ƒôì Route: ^\/api\/venues\/?(?=\/|$)/

      at log (server.js:448:17)
          at Array.forEach (<anonymous>)
          at Array.forEach (<anonymous>)

    console.log
      ­ƒôì Route: ^\/api\/venues\/?(?=\/|$)/:id

      at log (server.js:448:17)
          at Array.forEach (<anonymous>)
          at Array.forEach (<anonymous>)

    console.log
      ­ƒôì Route: ^\/api\/venues\/?(?=\/|$)/

      at log (server.js:448:17)
          at Array.forEach (<anonymous>)
          at Array.forEach (<anonymous>)

    console.log
      ­ƒôì Route: ^\/api\/venues\/?(?=\/|$)/:id/availability

      at log (server.js:448:17)
          at Array.forEach (<anonymous>)
          at Array.forEach (<anonymous>)

    console.log
      ­ƒôì Route: ^\/api\/venues\/?(?=\/|$)/:id/documents

      at log (server.js:448:17)
          at Array.forEach (<anonymous>)
          at Array.forEach (<anonymous>)

    console.log
      ­ƒôì Route: ^\/api\/venues\/?(?=\/|$)/:id/book

      at log (server.js:448:17)
          at Array.forEach (<anonymous>)
          at Array.forEach (<anonymous>)

    console.log
      ­ƒôì Route: ^\/api\/venues\/?(?=\/|$)/bookings/my

      at log (server.js:448:17)
          at Array.forEach (<anonymous>)
          at Array.forEach (<anonymous>)

    console.log
      ­ƒôì Route: ^\/api\/venues\/?(?=\/|$)/bookings/:id/status

      at log (server.js:448:17)
          at Array.forEach (<anonymous>)
          at Array.forEach (<anonymous>)

    console.log
      ­ƒôì Route: ^\/api\/leagues\/?(?=\/|$)/

      at log (server.js:448:17)
          at Array.forEach (<anonymous>)
          at Array.forEach (<anonymous>)

    console.log
      ­ƒôì Route: ^\/api\/leagues\/?(?=\/|$)/

      at log (server.js:448:17)
          at Array.forEach (<anonymous>)
          at Array.forEach (<anonymous>)

    console.log
      ­ƒôì Route: ^\/api\/leagues\/?(?=\/|$)/:id

      at log (server.js:448:17)
          at Array.forEach (<anonymous>)
          at Array.forEach (<anonymous>)

    console.log
      ­ƒôì Route: ^\/api\/leagues\/?(?=\/|$)/:id/standings

      at log (server.js:448:17)
          at Array.forEach (<anonymous>)
          at Array.forEach (<anonymous>)

    console.log
      ­ƒôì Route: ^\/api\/leagues\/?(?=\/|$)/:id/teams

      at log (server.js:448:17)
          at Array.forEach (<anonymous>)
          at Array.forEach (<anonymous>)

    console.log
      ­ƒôì Route: ^\/api\/leagues\/?(?=\/|$)/:id/fixtures/generate

      at log (server.js:448:17)
          at Array.forEach (<anonymous>)
          at Array.forEach (<anonymous>)

    console.log
      ­ƒôì Route: ^\/api\/leagues\/?(?=\/|$)/:id/fixtures

      at log (server.js:448:17)
          at Array.forEach (<anonymous>)
          at Array.forEach (<anonymous>)

    console.log
      ­ƒôì Route: ^\/api\/leagues\/?(?=\/|$)/fixtures/:id/score

      at log (server.js:448:17)
          at Array.forEach (<anonymous>)
          at Array.forEach (<anonymous>)

    console.log
      ­ƒôì Route: ^\/api\/leagues\/?(?=\/|$)/fixtures/:id/assign-referee

      at log (server.js:448:17)
          at Array.forEach (<anonymous>)
          at Array.forEach (<anonymous>)

    console.log
      ­ƒôì Route: ^\/api\/tournaments\/?(?=\/|$)/register

      at log (server.js:448:17)
          at Array.forEach (<anonymous>)
          at Array.forEach (<anonymous>)

    console.log
      ­ƒôì Route: ^\/api\/tournaments\/?(?=\/|$)/

      at log (server.js:448:17)
          at Array.forEach (<anonymous>)
          at Array.forEach (<anonymous>)

    console.log
      ­ƒôì Route: ^\/api\/tournaments\/?(?=\/|$)/:id/dashboard

      at log (server.js:448:17)
          at Array.forEach (<anonymous>)
          at Array.forEach (<anonymous>)

    console.log
      ­ƒôì Route: ^\/api\/tournaments\/?(?=\/|$)/:id/groups

      at log (server.js:448:17)
          at Array.forEach (<anonymous>)
          at Array.forEach (<anonymous>)

    console.log
      ­ƒôì Route: ^\/api\/tournaments\/?(?=\/|$)/:id/groups/assign

      at log (server.js:448:17)
          at Array.forEach (<anonymous>)
          at Array.forEach (<anonymous>)

    console.log
      ­ƒôì Route: ^\/api\/tournaments\/?(?=\/|$)/:id/generate-fixtures

      at log (server.js:448:17)
          at Array.forEach (<anonymous>)
          at Array.forEach (<anonymous>)

    console.log
      ­ƒôì Route: ^\/api\/tournaments\/?(?=\/|$)/matches/:id/lineups

      at log (server.js:448:17)
          at Array.forEach (<anonymous>)
          at Array.forEach (<anonymous>)

    console.log
      ­ƒôì Route: ^\/api\/tournaments\/?(?=\/|$)/matches/:id/result

      at log (server.js:448:17)
          at Array.forEach (<anonymous>)
          at Array.forEach (<anonymous>)

    console.log
      ­ƒôì Route: ^\/api\/tournaments\/?(?=\/|$)/:id/pitches

      at log (server.js:448:17)
          at Array.forEach (<anonymous>)
          at Array.forEach (<anonymous>)

    console.log
      ­ƒôì Route: ^\/api\/tournaments\/?(?=\/|$)/:id/pitches/bulk

      at log (server.js:448:17)
          at Array.forEach (<anonymous>)
          at Array.forEach (<anonymous>)

    console.log
      ­ƒôì Route: ^\/api\/tournaments\/?(?=\/|$)/:id/pitches

      at log (server.js:448:17)
          at Array.forEach (<anonymous>)
          at Array.forEach (<anonymous>)

    console.log
      ­ƒôì Route: ^\/api\/tournaments\/?(?=\/|$)/:id/auto-schedule

      at log (server.js:448:17)
          at Array.forEach (<anonymous>)
          at Array.forEach (<anonymous>)

    console.log
      ­ƒôì Route: ^\/api\/tournaments\/?(?=\/|$)/teams/:id/status

      at log (server.js:448:17)
          at Array.forEach (<anonymous>)
          at Array.forEach (<anonymous>)

    console.log
      ­ƒôì Route: ^\/api\/tournaments\/?(?=\/|$)/teams/:id/link

      at log (server.js:448:17)
          at Array.forEach (<anonymous>)
          at Array.forEach (<anonymous>)

    console.log
      ­ƒôì Route: ^\/api\/tournaments\/?(?=\/|$)/matches/:id/assign-team

      at log (server.js:448:17)
          at Array.forEach (<anonymous>)
          at Array.forEach (<anonymous>)

    console.log
      ­ƒôì Route: ^\/api\/tournaments\/?(?=\/|$)/:id/bracket

      at log (server.js:448:17)
          at Array.forEach (<anonymous>)
          at Array.forEach (<anonymous>)

    console.log
      ­ƒôì Route: ^\/api\/tournaments\/?(?=\/|$)/matches/:id/video

      at log (server.js:448:17)
          at Array.forEach (<anonymous>)
          at Array.forEach (<anonymous>)

    console.log
      ­ƒôì Route: ^\/api\/tournaments\/?(?=\/|$)/:id/invite-staff

      at log (server.js:448:17)
          at Array.forEach (<anonymous>)
          at Array.forEach (<anonymous>)

    console.log
      ­ƒôì Route: ^\/api\/tournaments\/?(?=\/|$)/:id/invite-team

      at log (server.js:448:17)
          at Array.forEach (<anonymous>)
          at Array.forEach (<anonymous>)

    console.log
      ­ƒôì Route: ^\/api\/tournaments\/?(?=\/|$)/pitches/:id

      at log (server.js:448:17)
          at Array.forEach (<anonymous>)
          at Array.forEach (<anonymous>)

    console.log
      ­ƒôì Route: ^\/api\/tournaments\/?(?=\/|$)/matches/:id/video

      at log (server.js:448:17)
          at Array.forEach (<anonymous>)
          at Array.forEach (<anonymous>)

    console.log
      ­ƒôì Route: ^\/api\/tournaments\/?(?=\/|$)/matches/:id/video

      at log (server.js:448:17)
          at Array.forEach (<anonymous>)
          at Array.forEach (<anonymous>)

    console.log
      ­ƒôì Route: ^\/api\/tournaments\/?(?=\/|$)/:id/layout

      at log (server.js:448:17)
          at Array.forEach (<anonymous>)
          at Array.forEach (<anonymous>)

    console.log
      ­ƒôì Route: ^\/api\/tournaments\/?(?=\/|$)/:id/invite

      at log (server.js:448:17)
          at Array.forEach (<anonymous>)
          at Array.forEach (<anonymous>)

    console.log
      ­ƒôì Route: ^\/api\/polls\/?(?=\/|$)/

      at log (server.js:448:17)
          at Array.forEach (<anonymous>)
          at Array.forEach (<anonymous>)

    console.log
      ­ƒôì Route: ^\/api\/polls\/?(?=\/|$)/

      at log (server.js:448:17)
          at Array.forEach (<anonymous>)
          at Array.forEach (<anonymous>)

    console.log
      ­ƒôì Route: ^\/api\/polls\/?(?=\/|$)/:id/vote

      at log (server.js:448:17)
          at Array.forEach (<anonymous>)
          at Array.forEach (<anonymous>)

    console.log
      ­ƒôì Route: ^\/api\/email\/?(?=\/|$)/send

      at log (server.js:448:17)
          at Array.forEach (<anonymous>)
          at Array.forEach (<anonymous>)

    console.log
      ­ƒôì Route: ^\/api\/email\/?(?=\/|$)/send-invite

      at log (server.js:448:17)
          at Array.forEach (<anonymous>)
          at Array.forEach (<anonymous>)

    console.log
      ­ƒôì Route: ^\/api\/tactical\/?(?=\/|$)/

      at log (server.js:448:17)
          at Array.forEach (<anonymous>)
          at Array.forEach (<anonymous>)

    console.log
      ­ƒôì Route: ^\/api\/tactical\/?(?=\/|$)/

      at log (server.js:448:17)
          at Array.forEach (<anonymous>)
          at Array.forEach (<anonymous>)

    console.log
      ­ƒôì Route: ^\/api\/tactical\/?(?=\/|$)/:id

      at log (server.js:448:17)
          at Array.forEach (<anonymous>)
          at Array.forEach (<anonymous>)

    console.log
      ­ƒôì Route: ^\/api\/forms\/?(?=\/|$)/

      at log (server.js:448:17)
          at Array.forEach (<anonymous>)
          at Array.forEach (<anonymous>)

    console.log
      ­ƒôì Route: ^\/api\/forms\/?(?=\/|$)/

      at log (server.js:448:17)
          at Array.forEach (<anonymous>)
          at Array.forEach (<anonymous>)

    console.log
      ­ƒôì Route: ^\/api\/forms\/?(?=\/|$)/:id

      at log (server.js:448:17)
          at Array.forEach (<anonymous>)
          at Array.forEach (<anonymous>)

    console.log
      ­ƒôì Route: ^\/api\/forms\/?(?=\/|$)/:id

      at log (server.js:448:17)
          at Array.forEach (<anonymous>)
          at Array.forEach (<anonymous>)

    console.log
      ­ƒôì Route: ^\/api\/forms\/?(?=\/|$)/:id

      at log (server.js:448:17)
          at Array.forEach (<anonymous>)
          at Array.forEach (<anonymous>)

    console.log
      ­ƒôì Route: ^\/api\/forms\/?(?=\/|$)/:id/submit

      at log (server.js:448:17)
          at Array.forEach (<anonymous>)
          at Array.forEach (<anonymous>)

    console.log
      ­ƒôì Route: ^\/api\/forms\/?(?=\/|$)/:id/responses

      at log (server.js:448:17)
          at Array.forEach (<anonymous>)
          at Array.forEach (<anonymous>)

    console.log
      ­ƒôì Route: ^\/api\/training\/?(?=\/|$)/drills

      at log (server.js:448:17)
          at Array.forEach (<anonymous>)
          at Array.forEach (<anonymous>)

    console.log
      ­ƒôì Route: ^\/api\/training\/?(?=\/|$)/drills

      at log (server.js:448:17)
          at Array.forEach (<anonymous>)
          at Array.forEach (<anonymous>)

    console.log
      ­ƒôì Route: ^\/api\/training\/?(?=\/|$)/drills/:id

      at log (server.js:448:17)
          at Array.forEach (<anonymous>)
          at Array.forEach (<anonymous>)

    console.log
      ­ƒôì Route: ^\/api\/training\/?(?=\/|$)/drills/:id

      at log (server.js:448:17)
          at Array.forEach (<anonymous>)
          at Array.forEach (<anonymous>)

    console.log
      ­ƒôì Route: ^\/api\/training\/?(?=\/|$)/drills/:id

      at log (server.js:448:17)
          at Array.forEach (<anonymous>)
          at Array.forEach (<anonymous>)

    console.log
      ­ƒôì Route: ^\/api\/training\/?(?=\/|$)/drills/:id/assign

      at log (server.js:448:17)
          at Array.forEach (<anonymous>)
          at Array.forEach (<anonymous>)

    console.log
      ­ƒôì Route: ^\/api\/training\/?(?=\/|$)/my-drills

      at log (server.js:448:17)
          at Array.forEach (<anonymous>)
          at Array.forEach (<anonymous>)

    console.log
      ­ƒôì Route: ^\/api\/training\/?(?=\/|$)/submissions

      at log (server.js:448:17)
          at Array.forEach (<anonymous>)
          at Array.forEach (<anonymous>)

    console.log
      ­ƒôì Route: ^\/api\/training\/?(?=\/|$)/submissions

      at log (server.js:448:17)
          at Array.forEach (<anonymous>)
          at Array.forEach (<anonymous>)

    console.log
      ­ƒôì Route: ^\/api\/training\/?(?=\/|$)/submissions/:id/review

      at log (server.js:448:17)
          at Array.forEach (<anonymous>)
          at Array.forEach (<anonymous>)

    console.log
      ­ƒôì Route: ^\/api\/training\/?(?=\/|$)/skills/:playerId

      at log (server.js:448:17)
          at Array.forEach (<anonymous>)
          at Array.forEach (<anonymous>)

    console.log
      ­ƒôì Route: ^\/api\/training\/?(?=\/|$)/team-progress/:teamId

      at log (server.js:448:17)
          at Array.forEach (<anonymous>)
          at Array.forEach (<anonymous>)

    console.log
      2026-04-11T15:19:54.288Z - GET /health - ::ffff:127.0.0.1

      at log (server.js:227:11)

    console.log
      2026-04-11T15:19:54.302Z - GET /api/health - ::ffff:127.0.0.1

      at log (server.js:227:11)

PASS tests/tournaments.test.js
PASS tests/feature-invite-flow.test.js
  ÔùÅ Console

    console.log
      ÔÜá´©Å  Payment processing is DISABLED. Set ENABLE_PAYMENT_PROCESSING=true in .env to enable.

      at Object.log (middleware/payment-guard.js:20:11)

    console.log
      ­ƒôì Route: /api/run-temp-migration

      at log (server.js:444:13)
          at Array.forEach (<anonymous>)

    console.log
      ­ƒôì Route: *

      at log (server.js:444:13)
          at Array.forEach (<anonymous>)

    console.log
      ­ƒôì Route: /api/test-now

      at log (server.js:444:13)
          at Array.forEach (<anonymous>)

    console.log
      ­ƒôì Route: /health

      at log (server.js:444:13)
          at Array.forEach (<anonymous>)

    console.log
      ­ƒôì Route: /api/health

      at log (server.js:444:13)
          at Array.forEach (<anonymous>)

    console.log
      ­ƒôì Route: /api/public-debug/:id

      at log (server.js:444:13)
          at Array.forEach (<anonymous>)

    console.log
      ­ƒôì Route: ^\/api\/auth\/?(?=\/|$)/register

      at log (server.js:448:17)
          at Array.forEach (<anonymous>)
          at Array.forEach (<anonymous>)

    console.log
      ­ƒôì Route: ^\/api\/auth\/?(?=\/|$)/login

      at log (server.js:448:17)
          at Array.forEach (<anonymous>)
          at Array.forEach (<anonymous>)

    console.log
      ­ƒôì Route: ^\/api\/auth\/?(?=\/|$)/logout

      at log (server.js:448:17)
          at Array.forEach (<anonymous>)
          at Array.forEach (<anonymous>)

    console.log
      ­ƒôì Route: ^\/api\/auth\/?(?=\/|$)/seed-demo-users

      at log (server.js:448:17)
          at Array.forEach (<anonymous>)
          at Array.forEach (<anonymous>)

    console.log
      ­ƒôì Route: ^\/api\/auth\/?(?=\/|$)/me

      at log (server.js:448:17)
          at Array.forEach (<anonymous>)
          at Array.forEach (<anonymous>)

    console.log
      ­ƒôì Route: ^\/api\/auth\/?(?=\/|$)/find-user

      at log (server.js:448:17)
          at Array.forEach (<anonymous>)
          at Array.forEach (<anonymous>)

    console.log
      ­ƒôì Route: ^\/api\/auth\/?(?=\/|$)/add-child

      at log (server.js:448:17)
          at Array.forEach (<anonymous>)
          at Array.forEach (<anonymous>)

    console.log
      ­ƒôì Route: ^\/api\/auth\/?(?=\/|$)/children

      at log (server.js:448:17)
          at Array.forEach (<anonymous>)
          at Array.forEach (<anonymous>)

    console.log
      ­ƒôì Route: ^\/api\/auth\/?(?=\/|$)/children/:childId

      at log (server.js:448:17)
          at Array.forEach (<anonymous>)
          at Array.forEach (<anonymous>)

    console.log
      ­ƒôì Route: ^\/api\/auth\/?(?=\/|$)/organizations

      at log (server.js:448:17)
          at Array.forEach (<anonymous>)
          at Array.forEach (<anonymous>)

    console.log
      ­ƒôì Route: ^\/api\/auth\/?(?=\/|$)/context

      at log (server.js:448:17)
          at Array.forEach (<anonymous>)
          at Array.forEach (<anonymous>)

    console.log
      ­ƒôì Route: ^\/api\/auth\/?(?=\/|$)/switch-organization

      at log (server.js:448:17)
          at Array.forEach (<anonymous>)
          at Array.forEach (<anonymous>)

    console.log
      ­ƒôì Route: ^\/api\/auth\/?(?=\/|$)/profile

      at log (server.js:448:17)
          at Array.forEach (<anonymous>)
          at Array.forEach (<anonymous>)

    console.log
      ­ƒôì Route: ^\/api\/auth\/?(?=\/|$)/profile

      at log (server.js:448:17)
          at Array.forEach (<anonymous>)
          at Array.forEach (<anonymous>)

    console.log
      ­ƒôì Route: ^\/api\/auth\/?(?=\/|$)/gdpr/export

      at log (server.js:448:17)
          at Array.forEach (<anonymous>)
          at Array.forEach (<anonymous>)

    console.log
      ­ƒôì Route: ^\/api\/auth\/?(?=\/|$)/gdpr/delete

      at log (server.js:448:17)
          at Array.forEach (<anonymous>)
          at Array.forEach (<anonymous>)

    console.log
      ­ƒôì Route: ^\/api\/auth\/?(?=\/|$)/forgot-password

      at log (server.js:448:17)
          at Array.forEach (<anonymous>)
          at Array.forEach (<anonymous>)

    console.log
      ­ƒôì Route: ^\/api\/auth\/?(?=\/|$)/reset-password

      at log (server.js:448:17)
          at Array.forEach (<anonymous>)
          at Array.forEach (<anonymous>)

    console.log
      ­ƒôì Route: ^\/api\/auth\/?(?=\/|$)/profile-personal

      at log (server.js:448:17)
          at Array.forEach (<anonymous>)
          at Array.forEach (<anonymous>)

    console.log
      ­ƒôì Route: ^\/api\/auth\/?(?=\/|$)/change-password

      at log (server.js:448:17)
          at Array.forEach (<anonymous>)
          at Array.forEach (<anonymous>)

    console.log
      ­ƒôì Route: ^\/api\/auth\/?(?=\/|$)/settings

      at log (server.js:448:17)
          at Array.forEach (<anonymous>)
          at Array.forEach (<anonymous>)

    console.log
      ­ƒôì Route: ^\/api\/auth\/?(?=\/|$)/settings

      at log (server.js:448:17)
          at Array.forEach (<anonymous>)
          at Array.forEach (<anonymous>)

    console.log
      ­ƒôì Route: ^\/api\/auth\/?(?=\/|$)/account

      at log (server.js:448:17)
          at Array.forEach (<anonymous>)
          at Array.forEach (<anonymous>)

    console.log
      ­ƒôì Route: ^\/api\/auth\/?(?=\/|$)/tours/complete

      at log (server.js:448:17)
          at Array.forEach (<anonymous>)
          at Array.forEach (<anonymous>)

    console.log
      ­ƒôì Route: ^\/api\/auth\/?(?=\/|$)/switch-organization

      at log (server.js:448:17)
          at Array.forEach (<anonymous>)
          at Array.forEach (<anonymous>)

    console.log
      ­ƒôì Route: ^\/api\/auth\/?(?=\/|$)/context

      at log (server.js:448:17)
          at Array.forEach (<anonymous>)
          at Array.forEach (<anonymous>)

    console.log
      ­ƒôì Route: ^\/api\/auth\/?(?=\/|$)/me

      at log (server.js:448:17)
          at Array.forEach (<anonymous>)
          at Array.forEach (<anonymous>)

    console.log
      ­ƒôì Route: ^\/api\/organizations\/?(?=\/|$)/

      at log (server.js:448:17)
          at Array.forEach (<anonymous>)
          at Array.forEach (<anonymous>)

    console.log
      ­ƒôì Route: ^\/api\/organizations\/?(?=\/|$)/:id

      at log (server.js:448:17)
          at Array.forEach (<anonymous>)
          at Array.forEach (<anonymous>)

    console.log
      ­ƒôì Route: ^\/api\/organizations\/?(?=\/|$)/super/:id

      at log (server.js:448:17)
          at Array.forEach (<anonymous>)
          at Array.forEach (<anonymous>)

    console.log
      ­ƒôì Route: ^\/api\/organizations\/?(?=\/|$)/

      at log (server.js:448:17)
          at Array.forEach (<anonymous>)
          at Array.forEach (<anonymous>)

    console.log
      ­ƒôì Route: ^\/api\/organizations\/?(?=\/|$)/:id

      at log (server.js:448:17)
          at Array.forEach (<anonymous>)
          at Array.forEach (<anonymous>)

    console.log
      ­ƒôì Route: ^\/api\/organizations\/?(?=\/|$)/:id

      at log (server.js:448:17)
          at Array.forEach (<anonymous>)
          at Array.forEach (<anonymous>)

    console.log
      ­ƒôì Route: ^\/api\/organizations\/?(?=\/|$)/:id/members

      at log (server.js:448:17)
          at Array.forEach (<anonymous>)
          at Array.forEach (<anonymous>)

    console.log
      ­ƒôì Route: ^\/api\/organizations\/?(?=\/|$)/:id/images

      at log (server.js:448:17)
          at Array.forEach (<anonymous>)
          at Array.forEach (<anonymous>)

    console.log
      ­ƒôì Route: ^\/api\/organizations\/?(?=\/|$)/:id/logo

      at log (server.js:448:17)
          at Array.forEach (<anonymous>)
          at Array.forEach (<anonymous>)

    console.log
      ­ƒôì Route: ^\/api\/organizations\/?(?=\/|$)/:id/images

      at log (server.js:448:17)
          at Array.forEach (<anonymous>)
          at Array.forEach (<anonymous>)

    console.log
      ­ƒôì Route: ^\/api\/invitations\/?(?=\/|$)/:orgId/invite

      at log (server.js:448:17)
          at Array.forEach (<anonymous>)
          at Array.forEach (<anonymous>)

    console.log
      ­ƒôì Route: ^\/api\/invitations\/?(?=\/|$)/:token

      at log (server.js:448:17)
          at Array.forEach (<anonymous>)
          at Array.forEach (<anonymous>)

    console.log
      ­ƒôì Route: ^\/api\/invitations\/?(?=\/|$)/:token/accept

      at log (server.js:448:17)
          at Array.forEach (<anonymous>)
          at Array.forEach (<anonymous>)

    console.log
      ­ƒôì Route: ^\/api\/invitations\/?(?=\/|$)/:token/decline

      at log (server.js:448:17)
          at Array.forEach (<anonymous>)
          at Array.forEach (<anonymous>)

    console.log
      ­ƒôì Route: ^\/api\/invitations\/?(?=\/|$)/:orgId/invitations

      at log (server.js:448:17)
          at Array.forEach (<anonymous>)
          at Array.forEach (<anonymous>)

    console.log
      ­ƒôì Route: ^\/api\/platform-admin\/?(?=\/|$)/stats

      at log (server.js:448:17)
          at Array.forEach (<anonymous>)
          at Array.forEach (<anonymous>)

    console.log
      ­ƒôì Route: ^\/api\/platform-admin\/?(?=\/|$)/organizations

      at log (server.js:448:17)
          at Array.forEach (<anonymous>)
          at Array.forEach (<anonymous>)

    console.log
      ­ƒôì Route: ^\/api\/platform-admin\/?(?=\/|$)/users

      at log (server.js:448:17)
          at Array.forEach (<anonymous>)
          at Array.forEach (<anonymous>)

    console.log
      ­ƒôì Route: ^\/api\/platform-admin\/?(?=\/|$)/stripe/overview

      at log (server.js:448:17)
          at Array.forEach (<anonymous>)
          at Array.forEach (<anonymous>)

    console.log
      ­ƒôì Route: ^\/api\/platform-admin\/?(?=\/|$)/organization/:id

      at log (server.js:448:17)
          at Array.forEach (<anonymous>)
          at Array.forEach (<anonymous>)

    console.log
      ­ƒôì Route: ^\/api\/platform-admin\/?(?=\/|$)/organizations/:id/status

      at log (server.js:448:17)
          at Array.forEach (<anonymous>)
          at Array.forEach (<anonymous>)

    console.log
      ­ƒôì Route: ^\/api\/platform-admin\/?(?=\/|$)/organizations/:id

      at log (server.js:448:17)
          at Array.forEach (<anonymous>)
          at Array.forEach (<anonymous>)

    console.log
      ­ƒôì Route: ^\/api\/platform-admin\/?(?=\/|$)/set-admin/:userId

      at log (server.js:448:17)
          at Array.forEach (<anonymous>)
          at Array.forEach (<anonymous>)

    console.log
      ­ƒôì Route: ^\/api\/platform-admin\/?(?=\/|$)/activity

      at log (server.js:448:17)
          at Array.forEach (<anonymous>)
          at Array.forEach (<anonymous>)

    console.log
      ­ƒôì Route: ^\/api\/platform-admin\/?(?=\/|$)/users

      at log (server.js:448:17)
          at Array.forEach (<anonymous>)
          at Array.forEach (<anonymous>)

    console.log
      ­ƒôì Route: ^\/api\/platform-admin\/?(?=\/|$)/users/:userId/status

      at log (server.js:448:17)
          at Array.forEach (<anonymous>)
          at Array.forEach (<anonymous>)

    console.log
      ­ƒôì Route: ^\/api\/platform-admin\/?(?=\/|$)/users/:userId

      at log (server.js:448:17)
          at Array.forEach (<anonymous>)
          at Array.forEach (<anonymous>)

    console.log
      ­ƒôì Route: ^\/api\/platform-admin\/?(?=\/|$)/generate-mock-data

      at log (server.js:448:17)
          at Array.forEach (<anonymous>)
          at Array.forEach (<anonymous>)

    console.log
      ­ƒôì Route: ^\/api\/platform-admin\/?(?=\/|$)/onboard-club

      at log (server.js:448:17)
          at Array.forEach (<anonymous>)
          at Array.forEach (<anonymous>)

    console.log
      ­ƒôì Route: ^\/api\/platform-admin\/?(?=\/|$)/scout-verifications

      at log (server.js:448:17)
          at Array.forEach (<anonymous>)
          at Array.forEach (<anonymous>)

    console.log
      ­ƒôì Route: ^\/api\/platform-admin\/?(?=\/|$)/scout-verifications/:id/resolve

      at log (server.js:448:17)
          at Array.forEach (<anonymous>)
          at Array.forEach (<anonymous>)

    console.log
      ­ƒôì Route: ^\/api\/clubs\/?(?=\/|$)/

      at log (server.js:448:17)
          at Array.forEach (<anonymous>)
          at Array.forEach (<anonymous>)

    console.log
      ­ƒôì Route: ^\/api\/clubs\/?(?=\/|$)/:id/public-listings

      at log (server.js:448:17)
          at Array.forEach (<anonymous>)
          at Array.forEach (<anonymous>)

    console.log
      ­ƒôì Route: ^\/api\/clubs\/?(?=\/|$)/:id

      at log (server.js:448:17)
          at Array.forEach (<anonymous>)
          at Array.forEach (<anonymous>)

    console.log
      ­ƒôì Route: ^\/api\/clubs\/?(?=\/|$)/:id/claim

      at log (server.js:448:17)
          at Array.forEach (<anonymous>)
          at Array.forEach (<anonymous>)

    console.log
      ­ƒôì Route: ^\/api\/clubs\/?(?=\/|$)/:id/teams

      at log (server.js:448:17)
          at Array.forEach (<anonymous>)
          at Array.forEach (<anonymous>)

    console.log
      ­ƒôì Route: ^\/api\/clubs\/?(?=\/|$)/

      at log (server.js:448:17)
          at Array.forEach (<anonymous>)
          at Array.forEach (<anonymous>)

    console.log
      ­ƒôì Route: ^\/api\/clubs\/?(?=\/|$)/:id

      at log (server.js:448:17)
          at Array.forEach (<anonymous>)
          at Array.forEach (<anonymous>)

    console.log
      ­ƒôì Route: ^\/api\/clubs\/?(?=\/|$)/:id

      at log (server.js:448:17)
          at Array.forEach (<anonymous>)
          at Array.forEach (<anonymous>)

    console.log
      ­ƒôì Route: ^\/api\/clubs\/?(?=\/|$)/:id/apply

      at log (server.js:448:17)
          at Array.forEach (<anonymous>)
          at Array.forEach (<anonymous>)

    console.log
      ­ƒôì Route: ^\/api\/clubs\/?(?=\/|$)/:id/applications

      at log (server.js:448:17)
          at Array.forEach (<anonymous>)
          at Array.forEach (<anonymous>)

    console.log
      ­ƒôì Route: ^\/api\/clubs\/?(?=\/|$)/applications/:applicationId/review

      at log (server.js:448:17)
          at Array.forEach (<anonymous>)
          at Array.forEach (<anonymous>)

    console.log
      ­ƒôì Route: ^\/api\/clubs\/?(?=\/|$)/:id/stats

      at log (server.js:448:17)
          at Array.forEach (<anonymous>)
          at Array.forEach (<anonymous>)

    console.log
      ­ƒôì Route: ^\/api\/clubs\/?(?=\/|$)/:id/images

      at log (server.js:448:17)
          at Array.forEach (<anonymous>)
          at Array.forEach (<anonymous>)

    console.log
      ­ƒôì Route: ^\/api\/clubs\/?(?=\/|$)/:id/images

      at log (server.js:448:17)
          at Array.forEach (<anonymous>)
          at Array.forEach (<anonymous>)

    console.log
      ­ƒôì Route: ^\/api\/clubs\/?(?=\/|$)/:id/reviews

      at log (server.js:448:17)
          at Array.forEach (<anonymous>)
          at Array.forEach (<anonymous>)

    console.log
      ­ƒôì Route: ^\/api\/clubs\/?(?=\/|$)/:id/reviews

      at log (server.js:448:17)
          at Array.forEach (<anonymous>)
          at Array.forEach (<anonymous>)

    console.log
      ­ƒôì Route: ^\/api\/players\/?(?=\/|$)/family

      at log (server.js:448:17)
          at Array.forEach (<anonymous>)
          at Array.forEach (<anonymous>)

    console.log
      ­ƒôì Route: ^\/api\/players\/?(?=\/|$)/

      at log (server.js:448:17)
          at Array.forEach (<anonymous>)
          at Array.forEach (<anonymous>)

    console.log
      ­ƒôì Route: ^\/api\/players\/?(?=\/|$)/filtered/:filter

      at log (server.js:448:17)
          at Array.forEach (<anonymous>)
          at Array.forEach (<anonymous>)

    console.log
      ­ƒôì Route: ^\/api\/players\/?(?=\/|$)/scout

      at log (server.js:448:17)
          at Array.forEach (<anonymous>)
          at Array.forEach (<anonymous>)

    console.log
      ­ƒôì Route: ^\/api\/players\/?(?=\/|$)/:id

      at log (server.js:448:17)
          at Array.forEach (<anonymous>)
          at Array.forEach (<anonymous>)

    console.log
      ­ƒôì Route: ^\/api\/players\/?(?=\/|$)/filtered/:filter

      at log (server.js:448:17)
          at Array.forEach (<anonymous>)
          at Array.forEach (<anonymous>)

    console.log
      ­ƒôì Route: ^\/api\/players\/?(?=\/|$)/

      at log (server.js:448:17)
          at Array.forEach (<anonymous>)
          at Array.forEach (<anonymous>)

    console.log
      ­ƒôì Route: ^\/api\/players\/?(?=\/|$)/:id

      at log (server.js:448:17)
          at Array.forEach (<anonymous>)
          at Array.forEach (<anonymous>)

    console.log
      ­ƒôì Route: ^\/api\/players\/?(?=\/|$)/:id

      at log (server.js:448:17)
          at Array.forEach (<anonymous>)
          at Array.forEach (<anonymous>)

    console.log
      ­ƒôì Route: ^\/api\/players\/?(?=\/|$)/:id/stats

      at log (server.js:448:17)
          at Array.forEach (<anonymous>)
          at Array.forEach (<anonymous>)

    console.log
      ­ƒôì Route: ^\/api\/players\/?(?=\/|$)/:id/payment-status

      at log (server.js:448:17)
          at Array.forEach (<anonymous>)
          at Array.forEach (<anonymous>)

    console.log
      ­ƒôì Route: ^\/api\/players\/?(?=\/|$)/child

      at log (server.js:448:17)
          at Array.forEach (<anonymous>)
          at Array.forEach (<anonymous>)

    console.log
      ­ƒôì Route: ^\/api\/players\/?(?=\/|$)/child/:id

      at log (server.js:448:17)
          at Array.forEach (<anonymous>)
          at Array.forEach (<anonymous>)

    console.log
      ­ƒôì Route: ^\/api\/players\/?(?=\/|$)/:id/history

      at log (server.js:448:17)
          at Array.forEach (<anonymous>)
          at Array.forEach (<anonymous>)

    console.log
      ­ƒôì Route: ^\/api\/players\/?(?=\/|$)/:id/history

      at log (server.js:448:17)
          at Array.forEach (<anonymous>)
          at Array.forEach (<anonymous>)

    console.log
      ­ƒôì Route: ^\/api\/players\/?(?=\/|$)/history/:historyId

      at log (server.js:448:17)
          at Array.forEach (<anonymous>)
          at Array.forEach (<anonymous>)

    console.log
      ­ƒôì Route: ^\/api\/players\/?(?=\/|$)/:id/history

      at log (server.js:448:17)
          at Array.forEach (<anonymous>)
          at Array.forEach (<anonymous>)

    console.log
      ­ƒôì Route: ^\/api\/players\/?(?=\/|$)/:id/history

      at log (server.js:448:17)
          at Array.forEach (<anonymous>)
          at Array.forEach (<anonymous>)

    console.log
      ­ƒôì Route: ^\/api\/players\/?(?=\/|$)/:id/history/:historyId

      at log (server.js:448:17)
          at Array.forEach (<anonymous>)
          at Array.forEach (<anonymous>)

    console.log
      ­ƒôì Route: ^\/api\/players\/?(?=\/|$)/:id/stats

      at log (server.js:448:17)
          at Array.forEach (<anonymous>)
          at Array.forEach (<anonymous>)

    console.log
      ­ƒôì Route: ^\/api\/players\/?(?=\/|$)/:id/activities

      at log (server.js:448:17)
          at Array.forEach (<anonymous>)
          at Array.forEach (<anonymous>)

    console.log
      ­ƒôì Route: ^\/api\/staff\/?(?=\/|$)/

      at log (server.js:448:17)
          at Array.forEach (<anonymous>)
          at Array.forEach (<anonymous>)

    console.log
      ­ƒôì Route: ^\/api\/staff\/?(?=\/|$)/:id

      at log (server.js:448:17)
          at Array.forEach (<anonymous>)
          at Array.forEach (<anonymous>)

    console.log
      ­ƒôì Route: ^\/api\/staff\/?(?=\/|$)/:id/performance

      at log (server.js:448:17)
          at Array.forEach (<anonymous>)
          at Array.forEach (<anonymous>)

    console.log
      ­ƒôì Route: ^\/api\/staff\/?(?=\/|$)/:id/role

      at log (server.js:448:17)
          at Array.forEach (<anonymous>)
          at Array.forEach (<anonymous>)

    console.log
      ­ƒôì Route: ^\/api\/staff\/?(?=\/|$)/:id/schedule

      at log (server.js:448:17)
          at Array.forEach (<anonymous>)
          at Array.forEach (<anonymous>)

    console.log
      ­ƒôì Route: ^\/api\/staff\/?(?=\/|$)/

      at log (server.js:448:17)
          at Array.forEach (<anonymous>)
          at Array.forEach (<anonymous>)

    console.log
      ­ƒôì Route: ^\/api\/staff\/?(?=\/|$)/:id

      at log (server.js:448:17)
          at Array.forEach (<anonymous>)
          at Array.forEach (<anonymous>)

    console.log
      ­ƒôì Route: ^\/api\/staff\/?(?=\/|$)/:id

      at log (server.js:448:17)
          at Array.forEach (<anonymous>)
          at Array.forEach (<anonymous>)

    console.log
      ­ƒôì Route: ^\/api\/staff\/?(?=\/|$)/club/:clubId

      at log (server.js:448:17)
          at Array.forEach (<anonymous>)
          at Array.forEach (<anonymous>)

    console.log
      ­ƒôì Route: ^\/api\/staff\/?(?=\/|$)/:id/permissions

      at log (server.js:448:17)
          at Array.forEach (<anonymous>)
          at Array.forEach (<anonymous>)

    console.log
      ­ƒôì Route: ^\/api\/staff\/?(?=\/|$)/:id/dashboard

      at log (server.js:448:17)
          at Array.forEach (<anonymous>)
          at Array.forEach (<anonymous>)

    console.log
      ­ƒôì Route: ^\/api\/staff\/?(?=\/|$)/:id/performance

      at log (server.js:448:17)
          at Array.forEach (<anonymous>)
          at Array.forEach (<anonymous>)

    console.log
      ­ƒôì Route: ^\/api\/staff\/?(?=\/|$)/:id/role

      at log (server.js:448:17)
          at Array.forEach (<anonymous>)
          at Array.forEach (<anonymous>)

    console.log
      ­ƒôì Route: ^\/api\/staff\/?(?=\/|$)/:id/schedule

      at log (server.js:448:17)
          at Array.forEach (<anonymous>)
          at Array.forEach (<anonymous>)

    console.log
      ­ƒôì Route: ^\/api\/staff\/?(?=\/|$)/:id/verify-scout

      at log (server.js:448:17)
          at Array.forEach (<anonymous>)
          at Array.forEach (<anonymous>)

    console.log
      ­ƒôì Route: ^\/api\/teams\/?(?=\/|$)/

      at log (server.js:448:17)
          at Array.forEach (<anonymous>)
          at Array.forEach (<anonymous>)

    console.log
      ­ƒôì Route: ^\/api\/teams\/?(?=\/|$)/player/:userId

      at log (server.js:448:17)
          at Array.forEach (<anonymous>)
          at Array.forEach (<anonymous>)

    console.log
      ­ƒôì Route: ^\/api\/teams\/?(?=\/|$)/:id

      at log (server.js:448:17)
          at Array.forEach (<anonymous>)
          at Array.forEach (<anonymous>)

    console.log
      ­ƒôì Route: ^\/api\/teams\/?(?=\/|$)/

      at log (server.js:448:17)
          at Array.forEach (<anonymous>)
          at Array.forEach (<anonymous>)

    console.log
      ­ƒôì Route: ^\/api\/teams\/?(?=\/|$)/:id

      at log (server.js:448:17)
          at Array.forEach (<anonymous>)
          at Array.forEach (<anonymous>)

    console.log
      ­ƒôì Route: ^\/api\/teams\/?(?=\/|$)/:id

      at log (server.js:448:17)
          at Array.forEach (<anonymous>)
          at Array.forEach (<anonymous>)

    console.log
      ­ƒôì Route: ^\/api\/teams\/?(?=\/|$)/:id/players

      at log (server.js:448:17)
          at Array.forEach (<anonymous>)
          at Array.forEach (<anonymous>)

    console.log
      ­ƒôì Route: ^\/api\/teams\/?(?=\/|$)/:id/players/:playerId

      at log (server.js:448:17)
          at Array.forEach (<anonymous>)
          at Array.forEach (<anonymous>)

    console.log
      ­ƒôì Route: ^\/api\/teams\/?(?=\/|$)/:id/stats

      at log (server.js:448:17)
          at Array.forEach (<anonymous>)
          at Array.forEach (<anonymous>)

    console.log
      ­ƒôì Route: ^\/api\/teams\/?(?=\/|$)/:id/availability

      at log (server.js:448:17)
          at Array.forEach (<anonymous>)
          at Array.forEach (<anonymous>)

    console.log
      ­ƒôì Route: ^\/api\/teams\/?(?=\/|$)/:id/dashboard

      at log (server.js:448:17)
          at Array.forEach (<anonymous>)
          at Array.forEach (<anonymous>)

    console.log
      ­ƒôì Route: ^\/api\/events\/?(?=\/|$)/

      at log (server.js:448:17)
          at Array.forEach (<anonymous>)
          at Array.forEach (<anonymous>)

    console.log
      ­ƒôì Route: ^\/api\/events\/?(?=\/|$)/:id

      at log (server.js:448:17)
          at Array.forEach (<anonymous>)
          at Array.forEach (<anonymous>)

    console.log
      ­ƒôì Route: ^\/api\/events\/?(?=\/|$)/

      at log (server.js:448:17)
          at Array.forEach (<anonymous>)
          at Array.forEach (<anonymous>)

    console.log
      ­ƒôì Route: ^\/api\/events\/?(?=\/|$)/:id

      at log (server.js:448:17)
          at Array.forEach (<anonymous>)
          at Array.forEach (<anonymous>)

    console.log
      ­ƒôì Route: ^\/api\/events\/?(?=\/|$)/:id

      at log (server.js:448:17)
          at Array.forEach (<anonymous>)
          at Array.forEach (<anonymous>)

    console.log
      ­ƒôì Route: ^\/api\/events\/?(?=\/|$)/:id/book

      at log (server.js:448:17)
          at Array.forEach (<anonymous>)
          at Array.forEach (<anonymous>)

    console.log
      ­ƒôì Route: ^\/api\/events\/?(?=\/|$)/bookings/:bookingId/cancel

      at log (server.js:448:17)
          at Array.forEach (<anonymous>)
          at Array.forEach (<anonymous>)

    console.log
      ­ƒôì Route: ^\/api\/events\/?(?=\/|$)/:id/bookings

      at log (server.js:448:17)
          at Array.forEach (<anonymous>)
          at Array.forEach (<anonymous>)

    console.log
      ­ƒôì Route: ^\/api\/events\/?(?=\/|$)/bookings/my-bookings

      at log (server.js:448:17)
          at Array.forEach (<anonymous>)
          at Array.forEach (<anonymous>)

    console.log
      ­ƒôì Route: ^\/api\/events\/?(?=\/|$)/:id/roster

      at log (server.js:448:17)
          at Array.forEach (<anonymous>)
          at Array.forEach (<anonymous>)

    console.log
      ­ƒôì Route: ^\/api\/events\/?(?=\/|$)/:id/nudge

      at log (server.js:448:17)
          at Array.forEach (<anonymous>)
          at Array.forEach (<anonymous>)

    console.log
      ­ƒôì Route: ^\/api\/events\/?(?=\/|$)/:id/availability

      at log (server.js:448:17)
          at Array.forEach (<anonymous>)
          at Array.forEach (<anonymous>)

    console.log
      ­ƒôì Route: ^\/api\/events\/?(?=\/|$)/:id/availability/override

      at log (server.js:448:17)
          at Array.forEach (<anonymous>)
          at Array.forEach (<anonymous>)

    console.log
      ­ƒôì Route: ^\/api\/events\/?(?=\/|$)/:id/availability

      at log (server.js:448:17)
          at Array.forEach (<anonymous>)
          at Array.forEach (<anonymous>)

    console.log
      ­ƒôì Route: ^\/api\/events\/?(?=\/|$)/:id/notify

      at log (server.js:448:17)
          at Array.forEach (<anonymous>)
          at Array.forEach (<anonymous>)

    console.log
      ­ƒôì Route: ^\/api\/events\/?(?=\/|$)/:id

      at log (server.js:448:17)
          at Array.forEach (<anonymous>)
          at Array.forEach (<anonymous>)

    console.log
      ­ƒôì Route: ^\/api\/events\/?(?=\/|$)/:id/checkin

      at log (server.js:448:17)
          at Array.forEach (<anonymous>)
          at Array.forEach (<anonymous>)

    console.log
      ­ƒôì Route: ^\/api\/events\/?(?=\/|$)/:id/checkins

      at log (server.js:448:17)
          at Array.forEach (<anonymous>)
          at Array.forEach (<anonymous>)

    console.log
      ­ƒôì Route: ^\/api\/events\/?(?=\/|$)/:id/result

      at log (server.js:448:17)
          at Array.forEach (<anonymous>)
          at Array.forEach (<anonymous>)

    console.log
      ­ƒôì Route: ^\/api\/events\/?(?=\/|$)/:id/groups

      at log (server.js:448:17)
          at Array.forEach (<anonymous>)
          at Array.forEach (<anonymous>)

    console.log
      ­ƒôì Route: ^\/api\/events\/?(?=\/|$)/:id/players

      at log (server.js:448:17)
          at Array.forEach (<anonymous>)
          at Array.forEach (<anonymous>)

    console.log
      ­ƒôì Route: ^\/api\/events\/?(?=\/|$)/:id/groups

      at log (server.js:448:17)
          at Array.forEach (<anonymous>)
          at Array.forEach (<anonymous>)

    console.log
      ­ƒôì Route: ^\/api\/events\/?(?=\/|$)/:id/assign-group

      at log (server.js:448:17)
          at Array.forEach (<anonymous>)
          at Array.forEach (<anonymous>)

    console.log
      ­ƒôì Route: ^\/api\/events\/?(?=\/|$)/:id/bibs

      at log (server.js:448:17)
          at Array.forEach (<anonymous>)
          at Array.forEach (<anonymous>)

    console.log
      ­ƒôì Route: ^\/api\/events\/?(?=\/|$)/:id/export

      at log (server.js:448:17)
          at Array.forEach (<anonymous>)
          at Array.forEach (<anonymous>)

    console.log
      ­ƒôì Route: ^\/api\/events\/?(?=\/|$)/:id/checkin

      at log (server.js:448:17)
          at Array.forEach (<anonymous>)
          at Array.forEach (<anonymous>)

    console.log
      ­ƒôì Route: ^\/api\/events\/?(?=\/|$)/:id/results

      at log (server.js:448:17)
          at Array.forEach (<anonymous>)
          at Array.forEach (<anonymous>)

    console.log
      ­ƒôì Route: ^\/api\/events\/?(?=\/|$)/:id/player-stats

      at log (server.js:448:17)
          at Array.forEach (<anonymous>)
          at Array.forEach (<anonymous>)

    console.log
      ­ƒôì Route: ^\/api\/payments\/?(?=\/|$)/config

      at log (server.js:448:17)
          at Array.forEach (<anonymous>)
          at Array.forEach (<anonymous>)

    console.log
      ­ƒôì Route: ^\/api\/payments\/?(?=\/|$)/stripe/connect/status

      at log (server.js:448:17)
          at Array.forEach (<anonymous>)
          at Array.forEach (<anonymous>)

    console.log
      ­ƒôì Route: ^\/api\/payments\/?(?=\/|$)/stripe/connect/onboard

      at log (server.js:448:17)
          at Array.forEach (<anonymous>)
          at Array.forEach (<anonymous>)

    console.log
      ­ƒôì Route: ^\/api\/payments\/?(?=\/|$)/stripe/connect/manage

      at log (server.js:448:17)
          at Array.forEach (<anonymous>)
          at Array.forEach (<anonymous>)

    console.log
      ­ƒôì Route: ^\/api\/payments\/?(?=\/|$)/health

      at log (server.js:448:17)
          at Array.forEach (<anonymous>)
          at Array.forEach (<anonymous>)

    console.log
      ­ƒôì Route: ^\/api\/payments\/?(?=\/|$)/plans

      at log (server.js:448:17)
          at Array.forEach (<anonymous>)
          at Array.forEach (<anonymous>)

    console.log
      ­ƒôì Route: ^\/api\/payments\/?(?=\/|$)/plans/import

      at log (server.js:448:17)
          at Array.forEach (<anonymous>)
          at Array.forEach (<anonymous>)

    console.log
      ­ƒôì Route: ^\/api\/payments\/?(?=\/|$)/plans

      at log (server.js:448:17)
          at Array.forEach (<anonymous>)
          at Array.forEach (<anonymous>)

    console.log
      ­ƒôì Route: ^\/api\/payments\/?(?=\/|$)/plans/:id

      at log (server.js:448:17)
          at Array.forEach (<anonymous>)
          at Array.forEach (<anonymous>)

    console.log
      ­ƒôì Route: ^\/api\/payments\/?(?=\/|$)/plans/:id

      at log (server.js:448:17)
          at Array.forEach (<anonymous>)
          at Array.forEach (<anonymous>)

    console.log
      ­ƒôì Route: ^\/api\/payments\/?(?=\/|$)/plan/current

      at log (server.js:448:17)
          at Array.forEach (<anonymous>)
          at Array.forEach (<anonymous>)

    console.log
      ­ƒôì Route: ^\/api\/payments\/?(?=\/|$)/plan/assign

      at log (server.js:448:17)
          at Array.forEach (<anonymous>)
          at Array.forEach (<anonymous>)

    console.log
      ­ƒôì Route: ^\/api\/payments\/?(?=\/|$)/bulk-assign-plan-legacy

      at log (server.js:448:17)
          at Array.forEach (<anonymous>)
          at Array.forEach (<anonymous>)

    console.log
      ­ƒôì Route: ^\/api\/payments\/?(?=\/|$)/plan/cancel

      at log (server.js:448:17)
          at Array.forEach (<anonymous>)
          at Array.forEach (<anonymous>)

    console.log
      ­ƒôì Route: ^\/api\/payments\/?(?=\/|$)/

      at log (server.js:448:17)
          at Array.forEach (<anonymous>)
          at Array.forEach (<anonymous>)

    console.log
      ­ƒôì Route: ^\/api\/payments\/?(?=\/|$)/create-intent

      at log (server.js:448:17)
          at Array.forEach (<anonymous>)
          at Array.forEach (<anonymous>)

    console.log
      ­ƒôì Route: ^\/api\/payments\/?(?=\/|$)/confirm-payment

      at log (server.js:448:17)
          at Array.forEach (<anonymous>)
          at Array.forEach (<anonymous>)

    console.log
      ­ƒôì Route: ^\/api\/payments\/?(?=\/|$)/public/:id

      at log (server.js:448:17)
          at Array.forEach (<anonymous>)
          at Array.forEach (<anonymous>)

    console.log
      ­ƒôì Route: ^\/api\/payments\/?(?=\/|$)/:id/payment-link

      at log (server.js:448:17)
          at Array.forEach (<anonymous>)
          at Array.forEach (<anonymous>)

    console.log
      ­ƒôì Route: ^\/api\/payments\/?(?=\/|$)/book-event

      at log (server.js:448:17)
          at Array.forEach (<anonymous>)
          at Array.forEach (<anonymous>)

    console.log
      ­ƒôì Route: ^\/api\/payments\/?(?=\/|$)/

      at log (server.js:448:17)
          at Array.forEach (<anonymous>)
          at Array.forEach (<anonymous>)

    console.log
      ­ƒôì Route: ^\/api\/payments\/?(?=\/|$)/assign-player-plan

      at log (server.js:448:17)
          at Array.forEach (<anonymous>)
          at Array.forEach (<anonymous>)

    console.log
      ­ƒôì Route: ^\/api\/payments\/?(?=\/|$)/bulk-assign-plan

      at log (server.js:448:17)
          at Array.forEach (<anonymous>)
          at Array.forEach (<anonymous>)

    console.log
      ­ƒôì Route: ^\/api\/payments\/?(?=\/|$)/cleanup

      at log (server.js:448:17)
          at Array.forEach (<anonymous>)
          at Array.forEach (<anonymous>)

    console.log
      ­ƒôì Route: ^\/api\/stripe-payouts\/?(?=\/|$)/configure-payout/:accountId

      at log (server.js:448:17)
          at Array.forEach (<anonymous>)
          at Array.forEach (<anonymous>)

    console.log
      ­ƒôì Route: ^\/api\/stripe-payouts\/?(?=\/|$)/payout-schedule/:accountId

      at log (server.js:448:17)
          at Array.forEach (<anonymous>)
          at Array.forEach (<anonymous>)

    console.log
      ­ƒôì Route: ^\/api\/stripe-payouts\/?(?=\/|$)/configure-all-payouts

      at log (server.js:448:17)
          at Array.forEach (<anonymous>)
          at Array.forEach (<anonymous>)

    console.log
      ­ƒôì Route: ^\/api\/stripe-payouts\/?(?=\/|$)/manual-payout/:accountId

      at log (server.js:448:17)
          at Array.forEach (<anonymous>)
          at Array.forEach (<anonymous>)

    console.log
      ­ƒôì Route: ^\/api\/dashboard\/?(?=\/|$)/admin

      at log (server.js:448:17)
          at Array.forEach (<anonymous>)
          at Array.forEach (<anonymous>)

    console.log
      ­ƒôì Route: ^\/api\/dashboard\/?(?=\/|$)/player

      at log (server.js:448:17)
          at Array.forEach (<anonymous>)
          at Array.forEach (<anonymous>)

    console.log
      ­ƒôì Route: ^\/api\/dashboard\/?(?=\/|$)/invitations/:orgId/accept

      at log (server.js:448:17)
          at Array.forEach (<anonymous>)
          at Array.forEach (<anonymous>)

    console.log
      ­ƒôì Route: ^\/api\/dashboard\/?(?=\/|$)/invitations/:orgId/decline

      at log (server.js:448:17)
          at Array.forEach (<anonymous>)
          at Array.forEach (<anonymous>)

    console.log
      ­ƒôì Route: ^\/api\/invites\/?(?=\/|$)/generate

      at log (server.js:448:17)
          at Array.forEach (<anonymous>)
          at Array.forEach (<anonymous>)

    console.log
      ­ƒôì Route: ^\/api\/invites\/?(?=\/|$)/details/:token

      at log (server.js:448:17)
          at Array.forEach (<anonymous>)
          at Array.forEach (<anonymous>)

    console.log
      ­ƒôì Route: ^\/api\/invites\/?(?=\/|$)/accept/:token

      at log (server.js:448:17)
          at Array.forEach (<anonymous>)
          at Array.forEach (<anonymous>)

    console.log
      ­ƒôì Route: ^\/api\/invites\/?(?=\/|$)/decline/:token

      at log (server.js:448:17)
          at Array.forEach (<anonymous>)
          at Array.forEach (<anonymous>)

    console.log
      ­ƒôì Route: ^\/api\/invites\/?(?=\/|$)/sent

      at log (server.js:448:17)
          at Array.forEach (<anonymous>)
          at Array.forEach (<anonymous>)

    console.log
      ­ƒôì Route: ^\/api\/products\/?(?=\/|$)/

      at log (server.js:448:17)
          at Array.forEach (<anonymous>)
          at Array.forEach (<anonymous>)

    console.log
      ­ƒôì Route: ^\/api\/products\/?(?=\/|$)/

      at log (server.js:448:17)
          at Array.forEach (<anonymous>)
          at Array.forEach (<anonymous>)

    console.log
      ­ƒôì Route: ^\/api\/products\/?(?=\/|$)/purchase

      at log (server.js:448:17)
          at Array.forEach (<anonymous>)
          at Array.forEach (<anonymous>)

    console.log
      ­ƒôì Route: ^\/api\/products\/?(?=\/|$)/:id

      at log (server.js:448:17)
          at Array.forEach (<anonymous>)
          at Array.forEach (<anonymous>)

    console.log
      ­ƒôì Route: ^\/api\/products\/?(?=\/|$)/:id

      at log (server.js:448:17)
          at Array.forEach (<anonymous>)
          at Array.forEach (<anonymous>)

    console.log
      ­ƒôì Route: ^\/api\/campaigns\/?(?=\/|$)/

      at log (server.js:448:17)
          at Array.forEach (<anonymous>)
          at Array.forEach (<anonymous>)

    console.log
      ­ƒôì Route: ^\/api\/campaigns\/?(?=\/|$)/

      at log (server.js:448:17)
          at Array.forEach (<anonymous>)
          at Array.forEach (<anonymous>)

    console.log
      ­ƒôì Route: ^\/api\/campaigns\/?(?=\/|$)/:id/send

      at log (server.js:448:17)
          at Array.forEach (<anonymous>)
          at Array.forEach (<anonymous>)

    console.log
      ­ƒôì Route: ^\/api\/listings\/?(?=\/|$)/

      at log (server.js:448:17)
          at Array.forEach (<anonymous>)
          at Array.forEach (<anonymous>)

    console.log
      ­ƒôì Route: ^\/api\/listings\/?(?=\/|$)/

      at log (server.js:448:17)
          at Array.forEach (<anonymous>)
          at Array.forEach (<anonymous>)

    console.log
      ­ƒôì Route: ^\/api\/listings\/?(?=\/|$)/:id/applications

      at log (server.js:448:17)
          at Array.forEach (<anonymous>)
          at Array.forEach (<anonymous>)

    console.log
      ­ƒôì Route: ^\/api\/listings\/?(?=\/|$)/applications/:id/status

      at log (server.js:448:17)
          at Array.forEach (<anonymous>)
          at Array.forEach (<anonymous>)

    console.log
      ­ƒôì Route: ^\/api\/listings\/?(?=\/|$)/applications/:id/invite

      at log (server.js:448:17)
          at Array.forEach (<anonymous>)
          at Array.forEach (<anonymous>)

    console.log
      ­ƒôì Route: ^\/api\/listings\/?(?=\/|$)/:id

      at log (server.js:448:17)
          at Array.forEach (<anonymous>)
          at Array.forEach (<anonymous>)

    console.log
      ­ƒôì Route: ^\/api\/notifications\/?(?=\/|$)/

      at log (server.js:448:17)
          at Array.forEach (<anonymous>)
          at Array.forEach (<anonymous>)

    console.log
      ­ƒôì Route: ^\/api\/notifications\/?(?=\/|$)/

      at log (server.js:448:17)
          at Array.forEach (<anonymous>)
          at Array.forEach (<anonymous>)

    console.log
      ­ƒôì Route: ^\/api\/notifications\/?(?=\/|$)/:id/read

      at log (server.js:448:17)
          at Array.forEach (<anonymous>)
          at Array.forEach (<anonymous>)

    console.log
      ­ƒôì Route: ^\/api\/notifications\/?(?=\/|$)/read-all

      at log (server.js:448:17)
          at Array.forEach (<anonymous>)
          at Array.forEach (<anonymous>)

    console.log
      ­ƒôì Route: ^\/api\/debug\/?(?=\/|$)/check-org/:id

      at log (server.js:448:17)
          at Array.forEach (<anonymous>)
          at Array.forEach (<anonymous>)

    console.log
      ­ƒôì Route: ^\/api\/talent-id\/?(?=\/|$)/register

      at log (server.js:448:17)
          at Array.forEach (<anonymous>)
          at Array.forEach (<anonymous>)

    console.log
      ­ƒôì Route: ^\/api\/talent-id\/?(?=\/|$)/events/:id/dashboard

      at log (server.js:448:17)
          at Array.forEach (<anonymous>)
          at Array.forEach (<anonymous>)

    console.log
      ­ƒôì Route: ^\/api\/talent-id\/?(?=\/|$)/events/:id/schedule

      at log (server.js:448:17)
          at Array.forEach (<anonymous>)
          at Array.forEach (<anonymous>)

    console.log
      ­ƒôì Route: ^\/api\/talent-id\/?(?=\/|$)/bibs/batch

      at log (server.js:448:17)
          at Array.forEach (<anonymous>)
          at Array.forEach (<anonymous>)

    console.log
      ­ƒôì Route: ^\/api\/talent-id\/?(?=\/|$)/events/:id/groups

      at log (server.js:448:17)
          at Array.forEach (<anonymous>)
          at Array.forEach (<anonymous>)

    console.log
      ­ƒôì Route: ^\/api\/talent-id\/?(?=\/|$)/events/:id/auto-assign

      at log (server.js:448:17)
          at Array.forEach (<anonymous>)
          at Array.forEach (<anonymous>)

    console.log
      ­ƒôì Route: ^\/api\/talent-id\/?(?=\/|$)/registrations/:id/checkin

      at log (server.js:448:17)
          at Array.forEach (<anonymous>)
          at Array.forEach (<anonymous>)

    console.log
      ­ƒôì Route: ^\/api\/scouting\/?(?=\/|$)/reports

      at log (server.js:448:17)
          at Array.forEach (<anonymous>)
          at Array.forEach (<anonymous>)

    console.log
      ­ƒôì Route: ^\/api\/scouting\/?(?=\/|$)/reports

      at log (server.js:448:17)
          at Array.forEach (<anonymous>)
          at Array.forEach (<anonymous>)

    console.log
      ­ƒôì Route: ^\/api\/scouting\/?(?=\/|$)/assignments

      at log (server.js:448:17)
          at Array.forEach (<anonymous>)
          at Array.forEach (<anonymous>)

    console.log
      ­ƒôì Route: ^\/api\/scouting\/?(?=\/|$)/contact-requests

      at log (server.js:448:17)
          at Array.forEach (<anonymous>)
          at Array.forEach (<anonymous>)

    console.log
      ­ƒôì Route: ^\/api\/scouting\/?(?=\/|$)/analytics

      at log (server.js:448:17)
          at Array.forEach (<anonymous>)
          at Array.forEach (<anonymous>)

    console.log
      ­ƒôì Route: ^\/api\/scouting\/?(?=\/|$)/verify-me

      at log (server.js:448:17)
          at Array.forEach (<anonymous>)
          at Array.forEach (<anonymous>)

    console.log
      ­ƒôì Route: ^\/api\/scouting\/?(?=\/|$)/watchlist

      at log (server.js:448:17)
          at Array.forEach (<anonymous>)
          at Array.forEach (<anonymous>)

    console.log
      ­ƒôì Route: ^\/api\/scouting\/?(?=\/|$)/watchlist

      at log (server.js:448:17)
          at Array.forEach (<anonymous>)
          at Array.forEach (<anonymous>)

    console.log
      ­ƒôì Route: ^\/api\/scouting\/?(?=\/|$)/watchlist/:playerId

      at log (server.js:448:17)
          at Array.forEach (<anonymous>)
          at Array.forEach (<anonymous>)

    console.log
      ­ƒôì Route: ^\/api\/scouting\/?(?=\/|$)/medical/:id

      at log (server.js:448:17)
          at Array.forEach (<anonymous>)
          at Array.forEach (<anonymous>)

    console.log
      ­ƒôì Route: ^\/api\/venues\/?(?=\/|$)/

      at log (server.js:448:17)
          at Array.forEach (<anonymous>)
          at Array.forEach (<anonymous>)

    console.log
      ­ƒôì Route: ^\/api\/venues\/?(?=\/|$)/:id

      at log (server.js:448:17)
          at Array.forEach (<anonymous>)
          at Array.forEach (<anonymous>)

    console.log
      ­ƒôì Route: ^\/api\/venues\/?(?=\/|$)/

      at log (server.js:448:17)
          at Array.forEach (<anonymous>)
          at Array.forEach (<anonymous>)

    console.log
      ­ƒôì Route: ^\/api\/venues\/?(?=\/|$)/:id/availability

      at log (server.js:448:17)
          at Array.forEach (<anonymous>)
          at Array.forEach (<anonymous>)

    console.log
      ­ƒôì Route: ^\/api\/venues\/?(?=\/|$)/:id/documents

      at log (server.js:448:17)
          at Array.forEach (<anonymous>)
          at Array.forEach (<anonymous>)

    console.log
      ­ƒôì Route: ^\/api\/venues\/?(?=\/|$)/:id/book

      at log (server.js:448:17)
          at Array.forEach (<anonymous>)
          at Array.forEach (<anonymous>)

    console.log
      ­ƒôì Route: ^\/api\/venues\/?(?=\/|$)/bookings/my

      at log (server.js:448:17)
          at Array.forEach (<anonymous>)
          at Array.forEach (<anonymous>)

    console.log
      ­ƒôì Route: ^\/api\/venues\/?(?=\/|$)/bookings/:id/status

      at log (server.js:448:17)
          at Array.forEach (<anonymous>)
          at Array.forEach (<anonymous>)

    console.log
      ­ƒôì Route: ^\/api\/leagues\/?(?=\/|$)/

      at log (server.js:448:17)
          at Array.forEach (<anonymous>)
          at Array.forEach (<anonymous>)

    console.log
      ­ƒôì Route: ^\/api\/leagues\/?(?=\/|$)/

      at log (server.js:448:17)
          at Array.forEach (<anonymous>)
          at Array.forEach (<anonymous>)

    console.log
      ­ƒôì Route: ^\/api\/leagues\/?(?=\/|$)/:id

      at log (server.js:448:17)
          at Array.forEach (<anonymous>)
          at Array.forEach (<anonymous>)

    console.log
      ­ƒôì Route: ^\/api\/leagues\/?(?=\/|$)/:id/standings

      at log (server.js:448:17)
          at Array.forEach (<anonymous>)
          at Array.forEach (<anonymous>)

    console.log
      ­ƒôì Route: ^\/api\/leagues\/?(?=\/|$)/:id/teams

      at log (server.js:448:17)
          at Array.forEach (<anonymous>)
          at Array.forEach (<anonymous>)

    console.log
      ­ƒôì Route: ^\/api\/leagues\/?(?=\/|$)/:id/fixtures/generate

      at log (server.js:448:17)
          at Array.forEach (<anonymous>)
          at Array.forEach (<anonymous>)

    console.log
      ­ƒôì Route: ^\/api\/leagues\/?(?=\/|$)/:id/fixtures

      at log (server.js:448:17)
          at Array.forEach (<anonymous>)
          at Array.forEach (<anonymous>)

    console.log
      ­ƒôì Route: ^\/api\/leagues\/?(?=\/|$)/fixtures/:id/score

      at log (server.js:448:17)
          at Array.forEach (<anonymous>)
          at Array.forEach (<anonymous>)

    console.log
      ­ƒôì Route: ^\/api\/leagues\/?(?=\/|$)/fixtures/:id/assign-referee

      at log (server.js:448:17)
          at Array.forEach (<anonymous>)
          at Array.forEach (<anonymous>)

    console.log
      ­ƒôì Route: ^\/api\/tournaments\/?(?=\/|$)/register

      at log (server.js:448:17)
          at Array.forEach (<anonymous>)
          at Array.forEach (<anonymous>)

    console.log
      ­ƒôì Route: ^\/api\/tournaments\/?(?=\/|$)/

      at log (server.js:448:17)
          at Array.forEach (<anonymous>)
          at Array.forEach (<anonymous>)

    console.log
      ­ƒôì Route: ^\/api\/tournaments\/?(?=\/|$)/:id/dashboard

      at log (server.js:448:17)
          at Array.forEach (<anonymous>)
          at Array.forEach (<anonymous>)

    console.log
      ­ƒôì Route: ^\/api\/tournaments\/?(?=\/|$)/:id/groups

      at log (server.js:448:17)
          at Array.forEach (<anonymous>)
          at Array.forEach (<anonymous>)

    console.log
      ­ƒôì Route: ^\/api\/tournaments\/?(?=\/|$)/:id/groups/assign

      at log (server.js:448:17)
          at Array.forEach (<anonymous>)
          at Array.forEach (<anonymous>)

    console.log
      ­ƒôì Route: ^\/api\/tournaments\/?(?=\/|$)/:id/generate-fixtures

      at log (server.js:448:17)
          at Array.forEach (<anonymous>)
          at Array.forEach (<anonymous>)

    console.log
      ­ƒôì Route: ^\/api\/tournaments\/?(?=\/|$)/matches/:id/lineups

      at log (server.js:448:17)
          at Array.forEach (<anonymous>)
          at Array.forEach (<anonymous>)

    console.log
      ­ƒôì Route: ^\/api\/tournaments\/?(?=\/|$)/matches/:id/result

      at log (server.js:448:17)
          at Array.forEach (<anonymous>)
          at Array.forEach (<anonymous>)

    console.log
      ­ƒôì Route: ^\/api\/tournaments\/?(?=\/|$)/:id/pitches

      at log (server.js:448:17)
          at Array.forEach (<anonymous>)
          at Array.forEach (<anonymous>)

    console.log
      ­ƒôì Route: ^\/api\/tournaments\/?(?=\/|$)/:id/pitches/bulk

      at log (server.js:448:17)
          at Array.forEach (<anonymous>)
          at Array.forEach (<anonymous>)

    console.log
      ­ƒôì Route: ^\/api\/tournaments\/?(?=\/|$)/:id/pitches

      at log (server.js:448:17)
          at Array.forEach (<anonymous>)
          at Array.forEach (<anonymous>)

    console.log
      ­ƒôì Route: ^\/api\/tournaments\/?(?=\/|$)/:id/auto-schedule

      at log (server.js:448:17)
          at Array.forEach (<anonymous>)
          at Array.forEach (<anonymous>)

    console.log
      ­ƒôì Route: ^\/api\/tournaments\/?(?=\/|$)/teams/:id/status

      at log (server.js:448:17)
          at Array.forEach (<anonymous>)
          at Array.forEach (<anonymous>)

    console.log
      ­ƒôì Route: ^\/api\/tournaments\/?(?=\/|$)/teams/:id/link

      at log (server.js:448:17)
          at Array.forEach (<anonymous>)
          at Array.forEach (<anonymous>)

    console.log
      ­ƒôì Route: ^\/api\/tournaments\/?(?=\/|$)/matches/:id/assign-team

      at log (server.js:448:17)
          at Array.forEach (<anonymous>)
          at Array.forEach (<anonymous>)

    console.log
      ­ƒôì Route: ^\/api\/tournaments\/?(?=\/|$)/:id/bracket

      at log (server.js:448:17)
          at Array.forEach (<anonymous>)
          at Array.forEach (<anonymous>)

    console.log
      ­ƒôì Route: ^\/api\/tournaments\/?(?=\/|$)/matches/:id/video

      at log (server.js:448:17)
          at Array.forEach (<anonymous>)
          at Array.forEach (<anonymous>)

    console.log
      ­ƒôì Route: ^\/api\/tournaments\/?(?=\/|$)/:id/invite-staff

      at log (server.js:448:17)
          at Array.forEach (<anonymous>)
          at Array.forEach (<anonymous>)

    console.log
      ­ƒôì Route: ^\/api\/tournaments\/?(?=\/|$)/:id/invite-team

      at log (server.js:448:17)
          at Array.forEach (<anonymous>)
          at Array.forEach (<anonymous>)

    console.log
      ­ƒôì Route: ^\/api\/tournaments\/?(?=\/|$)/pitches/:id

      at log (server.js:448:17)
          at Array.forEach (<anonymous>)
          at Array.forEach (<anonymous>)

    console.log
      ­ƒôì Route: ^\/api\/tournaments\/?(?=\/|$)/matches/:id/video

      at log (server.js:448:17)
          at Array.forEach (<anonymous>)
          at Array.forEach (<anonymous>)

    console.log
      ­ƒôì Route: ^\/api\/tournaments\/?(?=\/|$)/matches/:id/video

      at log (server.js:448:17)
          at Array.forEach (<anonymous>)
          at Array.forEach (<anonymous>)

    console.log
      ­ƒôì Route: ^\/api\/tournaments\/?(?=\/|$)/:id/layout

      at log (server.js:448:17)
          at Array.forEach (<anonymous>)
          at Array.forEach (<anonymous>)

    console.log
      ­ƒôì Route: ^\/api\/tournaments\/?(?=\/|$)/:id/invite

      at log (server.js:448:17)
          at Array.forEach (<anonymous>)
          at Array.forEach (<anonymous>)

    console.log
      ­ƒôì Route: ^\/api\/polls\/?(?=\/|$)/

      at log (server.js:448:17)
          at Array.forEach (<anonymous>)
          at Array.forEach (<anonymous>)

    console.log
      ­ƒôì Route: ^\/api\/polls\/?(?=\/|$)/

      at log (server.js:448:17)
          at Array.forEach (<anonymous>)
          at Array.forEach (<anonymous>)

    console.log
      ­ƒôì Route: ^\/api\/polls\/?(?=\/|$)/:id/vote

      at log (server.js:448:17)
          at Array.forEach (<anonymous>)
          at Array.forEach (<anonymous>)

    console.log
      ­ƒôì Route: ^\/api\/email\/?(?=\/|$)/send

      at log (server.js:448:17)
          at Array.forEach (<anonymous>)
          at Array.forEach (<anonymous>)

    console.log
      ­ƒôì Route: ^\/api\/email\/?(?=\/|$)/send-invite

      at log (server.js:448:17)
          at Array.forEach (<anonymous>)
          at Array.forEach (<anonymous>)

    console.log
      ­ƒôì Route: ^\/api\/tactical\/?(?=\/|$)/

      at log (server.js:448:17)
          at Array.forEach (<anonymous>)
          at Array.forEach (<anonymous>)

    console.log
      ­ƒôì Route: ^\/api\/tactical\/?(?=\/|$)/

      at log (server.js:448:17)
          at Array.forEach (<anonymous>)
          at Array.forEach (<anonymous>)

    console.log
      ­ƒôì Route: ^\/api\/tactical\/?(?=\/|$)/:id

      at log (server.js:448:17)
          at Array.forEach (<anonymous>)
          at Array.forEach (<anonymous>)

    console.log
      ­ƒôì Route: ^\/api\/forms\/?(?=\/|$)/

      at log (server.js:448:17)
          at Array.forEach (<anonymous>)
          at Array.forEach (<anonymous>)

    console.log
      ­ƒôì Route: ^\/api\/forms\/?(?=\/|$)/

      at log (server.js:448:17)
          at Array.forEach (<anonymous>)
          at Array.forEach (<anonymous>)

    console.log
      ­ƒôì Route: ^\/api\/forms\/?(?=\/|$)/:id

      at log (server.js:448:17)
          at Array.forEach (<anonymous>)
          at Array.forEach (<anonymous>)

    console.log
      ­ƒôì Route: ^\/api\/forms\/?(?=\/|$)/:id

      at log (server.js:448:17)
          at Array.forEach (<anonymous>)
          at Array.forEach (<anonymous>)

    console.log
      ­ƒôì Route: ^\/api\/forms\/?(?=\/|$)/:id

      at log (server.js:448:17)
          at Array.forEach (<anonymous>)
          at Array.forEach (<anonymous>)

    console.log
      ­ƒôì Route: ^\/api\/forms\/?(?=\/|$)/:id/submit

      at log (server.js:448:17)
          at Array.forEach (<anonymous>)
          at Array.forEach (<anonymous>)

    console.log
      ­ƒôì Route: ^\/api\/forms\/?(?=\/|$)/:id/responses

      at log (server.js:448:17)
          at Array.forEach (<anonymous>)
          at Array.forEach (<anonymous>)

    console.log
      ­ƒôì Route: ^\/api\/training\/?(?=\/|$)/drills

      at log (server.js:448:17)
          at Array.forEach (<anonymous>)
          at Array.forEach (<anonymous>)

    console.log
      ­ƒôì Route: ^\/api\/training\/?(?=\/|$)/drills

      at log (server.js:448:17)
          at Array.forEach (<anonymous>)
          at Array.forEach (<anonymous>)

    console.log
      ­ƒôì Route: ^\/api\/training\/?(?=\/|$)/drills/:id

      at log (server.js:448:17)
          at Array.forEach (<anonymous>)
          at Array.forEach (<anonymous>)

    console.log
      ­ƒôì Route: ^\/api\/training\/?(?=\/|$)/drills/:id

      at log (server.js:448:17)
          at Array.forEach (<anonymous>)
          at Array.forEach (<anonymous>)

    console.log
      ­ƒôì Route: ^\/api\/training\/?(?=\/|$)/drills/:id

      at log (server.js:448:17)
          at Array.forEach (<anonymous>)
          at Array.forEach (<anonymous>)

    console.log
      ­ƒôì Route: ^\/api\/training\/?(?=\/|$)/drills/:id/assign

      at log (server.js:448:17)
          at Array.forEach (<anonymous>)
          at Array.forEach (<anonymous>)

    console.log
      ­ƒôì Route: ^\/api\/training\/?(?=\/|$)/my-drills

      at log (server.js:448:17)
          at Array.forEach (<anonymous>)
          at Array.forEach (<anonymous>)

    console.log
      ­ƒôì Route: ^\/api\/training\/?(?=\/|$)/submissions

      at log (server.js:448:17)
          at Array.forEach (<anonymous>)
          at Array.forEach (<anonymous>)

    console.log
      ­ƒôì Route: ^\/api\/training\/?(?=\/|$)/submissions

      at log (server.js:448:17)
          at Array.forEach (<anonymous>)
          at Array.forEach (<anonymous>)

    console.log
      ­ƒôì Route: ^\/api\/training\/?(?=\/|$)/submissions/:id/review

      at log (server.js:448:17)
          at Array.forEach (<anonymous>)
          at Array.forEach (<anonymous>)

    console.log
      ­ƒôì Route: ^\/api\/training\/?(?=\/|$)/skills/:playerId

      at log (server.js:448:17)
          at Array.forEach (<anonymous>)
          at Array.forEach (<anonymous>)

    console.log
      ­ƒôì Route: ^\/api\/training\/?(?=\/|$)/team-progress/:teamId

      at log (server.js:448:17)
          at Array.forEach (<anonymous>)
          at Array.forEach (<anonymous>)

    console.log
      2026-04-11T15:19:55.087Z - POST /api/invites/generate - ::ffff:127.0.0.1

      at log (server.js:227:11)

    console.log
      Ô£à Token verified for user: coach@test.com

      at log (middleware/auth.js:56:13)

    console.log
      ­ƒôº Email invite generated for Test FC

      at log (routes/invites.js:236:15)

    console.log
      ƒöù Invite link: https://clubhubsports-dev.onrender.com//invite.html?token=7a15bc2e9d36de4882520bc70b6b9cf6aefc0f
e61845e8969fa997046e831221

      at log (routes/invites.js:239:15)

    console.error
      ÔØî Failed to send invite email: TypeError: emailService.sendClubInviteEmail is not a function
          at sendClubInviteEmail (C:\Users\Dell\Documents\elitepro\clubhub\backend\routes\invites.js:244:30)
          at processTicksAndRejections (node:internal/process/task_queues:95:5)

    [0m [90m 253 |[39m           console[33m.[39mlog([32m`Ô£à Email sent to ${email}`[39m)[33m;[39m
     [90m 254 |[39m         } [36mcatch[39m (emailError) {
    [31m[1m>[22m[39m[90m 255 |[39m           console[33m.[39merror([32m"ÔØî Failed to send invite 
email:"[39m[33m,[39m emailError)[33m;[39m
     [90m     |[39m                   [31m[1m^[22m[39m
     [90m 256 |[39m           [90m// Don't fail the request if email fails, but return a warning?[39m
     [90m 257 |[39m           [90m// For now, we just log it. The invite is created/token generated regardless.[39m
     [90m 258 |[39m         }[0m

      at error (routes/invites.js:255:19)

    console.log
      2026-04-11T15:19:55.113Z - POST /api/invites/generate - ::ffff:127.0.0.1

      at log (server.js:227:11)

    console.log
      Ô£à Token verified for user: coach@test.com

      at log (middleware/auth.js:56:13)

    console.log
      ­ƒôº Shareable invite generated for Test FC

      at log (routes/invites.js:236:15)

    console.log
      ƒöù Invite link: https://clubhubsports-dev.onrender.com//invite.html?token=4ae90e8cecbc7606a9c87c57cbccee9d3ad65f
21b0dff960bb643b57758acdc8

      at log (routes/invites.js:239:15)

    console.log
      2026-04-11T15:19:55.123Z - GET /api/invites/details/test-token-123 - ::ffff:127.0.0.1

      at log (server.js:227:11)

    console.log
      2026-04-11T15:19:55.132Z - POST /api/invites/generate - ::ffff:127.0.0.1

      at log (server.js:227:11)

    console.log
      ÔØî No token provided

      at log (middleware/auth.js:21:13)

    console.log
      2026-04-11T15:19:55.141Z - POST /api/invites/generate - ::ffff:127.0.0.1

      at log (server.js:227:11)

    console.log
      Ô£à Token verified for user: coach@test.com

      at log (middleware/auth.js:56:13)


Test Suites: 5 failed, 2 skipped, 11 passed, 16 of 18 total
Tests:       18 failed, 4 skipped, 37 passed, 59 total
Snapshots:   0 total
Time:        11.068 s, estimated 13 s
Ran all test suites.
